Original shell held; smoke controller and current child run unchanged
{"running": ["03_execute.py", "--phase", "scientific", "--deadline-epoch", "1789829330.832"], "epoch": 1789827500.7226086}
{"attempt": "scientific-frozen-r3-001", "mode": "frozen", "replicate": 3, "returncode": 0, "elapsed_seconds": 40.96051630098373, "status": "complete", "qualified": true, "loss": {"candidate_graph": 5.83130066301001, "native": 5.83130066301001, "native_graph": 5.83130066301001}}
{"attempt": "scientific-without-pv-r1-001", "mode": "without-pv", "replicate": 1, "returncode": 0, "elapsed_seconds": 42.921004447038285, "status": "complete", "qualified": true, "loss": {"candidate_graph": 5.83130066301001, "native": 5.83130066301001, "native_graph": 5.83130066301001}}
{"attempt": "scientific-off-r3-001", "mode": "off", "replicate": 3, "returncode": 0, "elapsed_seconds": 32.800517005031, "status": "complete", "qualified": true, "loss": {"candidate_graph": 5.83130066301001, "native": 5.83130066301001, "native_graph": 5.83130066301001}}
{"attempt": "scientific-without-a-r2-001", "mode": "without-a", "replicate": 2, "returncode": 0, "elapsed_seconds": 35.50723901297897, "status": "complete", "qualified": true, "loss": {"candidate_graph": 5.83130066301001, "native": 5.83130066301001, "native_graph": 5.83130066301001}}
{"attempt": "scientific-off-r2-001", "mode": "off", "replicate": 2, "returncode": 0, "elapsed_seconds": 32.9424801429268, "status": "complete", "qualified": true, "loss": {"candidate_graph": 5.83130066301001, "native": 5.83130066301001, "native_graph": 5.83130066301001}}
{"attempt": "scientific-without-a-r1-001", "mode": "without-a", "replicate": 1, "returncode": 0, "elapsed_seconds": 44.687628592015244, "status": "complete", "qualified": true, "loss": {"candidate_graph": 5.83130066301001, "native": 5.83130066301001, "native_graph": 5.83130066301001}}
{"attempt": "scientific-without-qk-r2-001", "mode": "without-qk", "replicate": 2, "returncode": 0, "elapsed_seconds": 28.137360568041913, "status": "complete", "qualified": true, "loss": {"candidate_graph": 5.83130066301001, "native": 5.83130066301001, "native_graph": 5.83130066301001}}
{"attempt": "scientific-projection-r2-001", "mode": "projection", "replicate": 2, "returncode": 0, "elapsed_seconds": 30.2868690850446, "status": "complete", "qualified": true, "loss": {"candidate_graph": 5.83130066301001, "native": 5.83130066301001, "native_graph": 5.83130066301001}}
{"attempt": "scientific-without-h-r1-001", "mode": "without-h", "replicate": 1, "returncode": 0, "elapsed_seconds": 44.92645571101457, "status": "complete", "qualified": true, "loss": {"candidate_graph": 5.83130066301001, "native": 5.83130066301001, "native_graph": 5.83130066301001}}
{"attempt": "scientific-full-r3-001", "mode": "full", "replicate": 3, "returncode": 0, "elapsed_seconds": 30.543614260968752, "status": "complete", "qualified": true, "loss": {"candidate_graph": 5.83130066301001, "native": 5.83130066301001, "native_graph": 5.83130066301001}}
{"attempt": "scientific-full-r1-001", "mode": "full", "replicate": 1, "returncode": 0, "elapsed_seconds": 45.02246925490908, "status": "complete", "qualified": true, "loss": {"candidate_graph": 5.83130066301001, "native": 5.83130066301001, "native_graph": 5.83130066301001}}
{"attempt": "scientific-without-qk-r1-001", "mode": "without-qk", "replicate": 1, "returncode": 0, "elapsed_seconds": 44.083912861999124, "status": "complete", "qualified": true, "loss": {"candidate_graph": 5.83130066301001, "native": 5.83130066301001, "native_graph": 5.83130066301001}}
{"attempt": "scientific-without-m-r2-001", "mode": "without-m", "replicate": 2, "returncode": 0, "elapsed_seconds": 31.99980762694031, "status": "complete", "qualified": true, "loss": {"candidate_graph": 5.83130066301001, "native": 5.83130066301001, "native_graph": 5.83130066301001}}
{"attempt": "scientific-full-r2-001", "mode": "full", "replicate": 2, "returncode": 0, "elapsed_seconds": 31.199324713088572, "status": "complete", "qualified": true, "loss": {"candidate_graph": 5.83130066301001, "native": 5.83130066301001, "native_graph": 5.83130066301001}}
{"attempt": "scientific-without-z-r1-001", "mode": "without-z", "replicate": 1, "returncode": 0, "elapsed_seconds": 46.07510654104408, "status": "complete", "qualified": true, "loss": {"candidate_graph": 5.83130066301001, "native": 5.83130066301001, "native_graph": 5.83130066301001}}
{"attempt": "scientific-frozen-r1-001", "mode": "frozen", "replicate": 1, "returncode": 0, "elapsed_seconds": 54.722702317056246, "status": "complete", "qualified": true, "loss": {"candidate_graph": 5.83130066301001, "native": 5.83130066301001, "native_graph": 5.83130066301001}}
{"attempt": "scientific-frozen-r2-001", "mode": "frozen", "replicate": 2, "returncode": 0, "elapsed_seconds": 41.47384121909272, "status": "complete", "qualified": true, "loss": {"candidate_graph": 5.83130066301001, "native": 5.83130066301001, "native_graph": 5.83130066301001}}
{"attempt": "scientific-without-pv-r2-001", "mode": "without-pv", "replicate": 2, "returncode": 0, "elapsed_seconds": 31.400970624992624, "status": "complete", "qualified": true, "loss": {"candidate_graph": 5.83130066301001, "native": 5.83130066301001, "native_graph": 5.83130066301001}}
{"attempt": "scientific-without-h-r2-001", "mode": "without-h", "replicate": 2, "returncode": 0, "elapsed_seconds": 34.448965040035546, "status": "complete", "qualified": true, "loss": {"candidate_graph": 5.83130066301001, "native": 5.83130066301001, "native_graph": 5.83130066301001}}
{"attempt": "scientific-without-h-r3-001", "mode": "without-h", "replicate": 3, "returncode": 0, "elapsed_seconds": 31.748858911101706, "status": "complete", "qualified": true, "loss": {"candidate_graph": 5.83130066301001, "native": 5.83130066301001, "native_graph": 5.83130066301001}}
{"attempt": "scientific-off-r1-001", "mode": "off", "replicate": 1, "returncode": 0, "elapsed_seconds": 42.576588135096245, "status": "complete", "qualified": true, "loss": {"candidate_graph": 5.83130066301001, "native": 5.83130066301001, "native_graph": 5.83130066301001}}
{"attempt": "scientific-projection-r3-001", "mode": "projection", "replicate": 3, "returncode": 0, "elapsed_seconds": 30.690666460082866, "status": "complete", "qualified": true, "loss": {"candidate_graph": 5.83130066301001, "native": 5.83130066301001, "native_graph": 5.83130066301001}}
{"attempt": "scientific-without-z-r2-001", "mode": "without-z", "replicate": 2, "returncode": 0, "elapsed_seconds": 31.39502475701738, "status": "complete", "qualified": true, "loss": {"candidate_graph": 5.83130066301001, "native": 5.83130066301001, "native_graph": 5.83130066301001}}
{"attempt": "scientific-without-m-r1-001", "mode": "without-m", "replicate": 1, "returncode": 0, "elapsed_seconds": 46.8813820281066, "status": "complete", "qualified": true, "loss": {"candidate_graph": 5.83130066301001, "native": 5.83130066301001, "native_graph": 5.83130066301001}}
{"attempt": "scientific-without-a-r3-001", "mode": "without-a", "replicate": 3, "returncode": 0, "elapsed_seconds": 31.393428915995173, "status": "complete", "qualified": true, "loss": {"candidate_graph": 5.83130066301001, "native": 5.83130066301001, "native_graph": 5.83130066301001}}
{"attempt": "scientific-without-pv-r3-001", "mode": "without-pv", "replicate": 3, "returncode": 0, "elapsed_seconds": 28.78965152602177, "status": "complete", "qualified": true, "loss": {"candidate_graph": 5.83130066301001, "native": 5.83130066301001, "native_graph": 5.83130066301001}}
{"attempt": "scientific-without-m-r3-001", "mode": "without-m", "replicate": 3, "returncode": 0, "elapsed_seconds": 31.396083983010612, "status": "complete", "qualified": true, "loss": {"candidate_graph": 5.83130066301001, "native": 5.83130066301001, "native_graph": 5.83130066301001}}
{"attempt": "scientific-without-qk-r3-001", "mode": "without-qk", "replicate": 3, "returncode": 0, "elapsed_seconds": 31.698231680085883, "status": "complete", "qualified": true, "loss": {"candidate_graph": 5.83130066301001, "native": 5.83130066301001, "native_graph": 5.83130066301001}}
{"attempt": "scientific-without-z-r3-001", "mode": "without-z", "replicate": 3, "returncode": 0, "elapsed_seconds": 34.40250714693684, "status": "complete", "qualified": true, "loss": {"candidate_graph": 5.83130066301001, "native": 5.83130066301001, "native_graph": 5.83130066301001}}
{"attempt": "scientific-projection-r1-001", "mode": "projection", "replicate": 1, "returncode": 0, "elapsed_seconds": 46.66777986101806, "status": "complete", "qualified": true, "loss": {"candidate_graph": 5.83130066301001, "native": 5.83130066301001, "native_graph": 5.83130066301001}}
{"running": ["07_reduce.py"], "epoch": 1789828615.06936}
Reduced 30 processes; status=qualified; full/frozen=1.005007
{"running": ["08_collect.py"], "epoch": 1789828618.2505527}
