Collecting uv==0.8.15
  Downloading uv-0.8.15-py3-none-manylinux_2_17_x86_64.manylinux2014_x86_64.whl.metadata (11 kB)
Downloading uv-0.8.15-py3-none-manylinux_2_17_x86_64.manylinux2014_x86_64.whl (21.0 MB)
   ━━━━━━━━━━━━━━━━━━━━━━━━━━━━━━━━━━━━━━━━ 21.0/21.0 MB 88.1 MB/s eta 0:00:00
Installing collected packages: uv
Successfully installed uv-0.8.15
Using CPython 3.12.3 interpreter at: /usr/local/bin/python
Creating virtual environment at: /opt/run056/venv
Activate with: source /opt/run056/venv/bin/activate
Using Python 3.12.3 environment at: /opt/run056/venv
Resolved 58 packages in 321ms
Downloading hf-xet (4.3MiB)
Downloading nvidia-nvshmem-cu12 (132.7MiB)
Downloading numpy (15.9MiB)
Downloading pygments (1.2MiB)
Downloading setuptools (1.1MiB)
Downloading tokenizers (3.1MiB)
Downloading pip (1.7MiB)
Downloading transformers (10.6MiB)
Downloading cuda-bindings (7.3MiB)
Downloading nvidia-cufft-cu12 (184.2MiB)
Downloading nvidia-nvjitlink-cu12 (37.4MiB)
Downloading nvidia-curand-cu12 (60.7MiB)
Downloading nvidia-cublas-cu12 (566.8MiB)
Downloading nvidia-cuda-cupti-cu12 (9.8MiB)
Downloading nvidia-cuda-nvrtc-cu12 (84.0MiB)
Downloading triton (179.5MiB)
Downloading networkx (2.0MiB)
Downloading nvidia-cufile-cu12 (1.1MiB)
Downloading nvidia-cusparse-cu12 (274.9MiB)
Downloading nvidia-cudnn-cu12 (627.4MiB)
Downloading nvidia-cusolver-cu12 (255.1MiB)
Downloading nvidia-cusparselt-cu12 (273.9MiB)
Downloading sympy (6.0MiB)
Downloading nvidia-nccl-cu12 (283.0MiB)
Downloading torch (782.3MiB)
 Downloading setuptools
 Downloading nvidia-cufile-cu12
 Downloading pygments
 Downloading pip
 Downloading networkx
 Downloading tokenizers
 Downloading hf-xet
 Downloading sympy
 Downloading cuda-bindings
 Downloading nvidia-cuda-cupti-cu12
 Downloading transformers
 Downloading numpy
 Downloading nvidia-nvjitlink-cu12
 Downloading torch
 Downloading nvidia-curand-cu12
 Downloading nvidia-cuda-nvrtc-cu12
 Downloading nvidia-nvshmem-cu12
 Downloading triton
 Downloading nvidia-cufft-cu12
 Downloading nvidia-cusolver-cu12
 Downloading nvidia-cusparselt-cu12
 Downloading nvidia-cusparse-cu12
 Downloading nvidia-nccl-cu12
 Downloading nvidia-cublas-cu12
 Downloading nvidia-cudnn-cu12
Prepared 58 packages in 3m 02s
Installed 58 packages in 410ms
 + annotated-doc==0.0.5
 + anyio==4.15.1
 + certifi==2026.7.22
 + click==8.5.0
 + cuda-bindings==12.9.7
 + cuda-pathfinder==1.6.0
 + cuda-toolkit==12.8.1
 + filelock==3.32.3
 + fsspec==2026.7.0
 + h11==0.16.0
 + hf-xet==1.6.0
 + httpcore==1.0.9
 + httpx==0.28.1
 + huggingface-hub==1.30.0
 + idna==3.19
 + iniconfig==2.3.0
 + jinja2==3.1.6
 + markdown-it-py==4.2.0
 + markupsafe==3.0.3
 + mdurl==0.1.2
 + mpmath==1.3.0
 + networkx==3.6.1
 + ninja==1.11.1.4
 + numpy==2.5.0
 + nvidia-cublas-cu12==12.8.4.1
 + nvidia-cuda-cupti-cu12==12.8.90
 + nvidia-cuda-nvrtc-cu12==12.8.93
 + nvidia-cuda-runtime-cu12==12.8.90
 + nvidia-cudnn-cu12==9.19.0.56
 + nvidia-cufft-cu12==11.3.3.83
 + nvidia-cufile-cu12==1.13.1.3
 + nvidia-curand-cu12==10.3.9.90
 + nvidia-cusolver-cu12==11.7.3.90
 + nvidia-cusparse-cu12==12.5.8.93
 + nvidia-cusparselt-cu12==0.7.1
 + nvidia-nccl-cu12==2.28.9
 + nvidia-nvjitlink-cu12==12.8.93
 + nvidia-nvshmem-cu12==3.4.5
 + nvidia-nvtx-cu12==12.8.90
 + packaging==26.3
 + pip==25.2
 + pluggy==1.6.0
 + pygments==2.21.0
 + pytest==9.0.2
 + pyyaml==6.0.2
 + regex==2026.9.3
 + rich==15.0.0
 + safetensors==0.8.0
 + setuptools==80.9.0
 + shellingham==1.5.4
 + sympy==1.14.0
 + tokenizers==0.22.2
 + torch==2.11.0+cu128
 + tqdm==4.70.0
 + transformers==5.12.1
 + triton==3.6.0
 + typer==0.27.2
 + typing-extensions==4.16.0
Using Python 3.12.3 environment at: /opt/run056/venv
Verified 1382 frozen source/input identities and derived control sources
Verified 1382 frozen source/input identities and derived control sources
[1/2] /usr/local/cuda/bin/nvcc -MD -MF joint.cuda.o.d -DTORCH_EXTENSION_NAME=run028_k049_011cb394517d -DTORCH_API_INCLUDE_EXTENSION_H -isystem /opt/run056/venv/lib/python3.12/site-packages/torch/include -isystem /opt/run056/venv/lib/python3.12/site-packages/torch/include/torch/csrc/api/include -isystem /usr/local/cuda/include -isystem /usr/include/python3.12 -D__CUDA_NO_HALF_OPERATORS__ -D__CUDA_NO_HALF_CONVERSIONS__ -D__CUDA_NO_BFLOAT16_CONVERSIONS__ -D__CUDA_NO_HALF2_OPERATORS__ --expt-relaxed-constexpr -gencode=arch=compute_120,code=sm_120 --compiler-options '-fPIC' -O3 -lineinfo -std=c++17 -c /workspace/run056-001/archive/root/runs/028-2026-09-06-pythia14m-all-site-sparse-kernels/candidates/k049/joint.cu -o joint.cuda.o 
[2/2] c++ joint.cuda.o -shared -L/opt/run056/venv/lib/python3.12/site-packages/torch/lib -lc10 -lc10_cuda -ltorch_cpu -ltorch_cuda -ltorch -ltorch_python -L/usr/local/cuda/lib64 -lcudart -o run028_k049_011cb394517d.so
[1/2] /usr/local/cuda/bin/nvcc -MD -MF joint.cuda.o.d -DTORCH_EXTENSION_NAME=run056_joint_b014f1cb250b -DTORCH_API_INCLUDE_EXTENSION_H -isystem /opt/run056/venv/lib/python3.12/site-packages/torch/include -isystem /opt/run056/venv/lib/python3.12/site-packages/torch/include/torch/csrc/api/include -isystem /usr/local/cuda/include -isystem /usr/include/python3.12 -D__CUDA_NO_HALF_OPERATORS__ -D__CUDA_NO_HALF_CONVERSIONS__ -D__CUDA_NO_BFLOAT16_CONVERSIONS__ -D__CUDA_NO_HALF2_OPERATORS__ --expt-relaxed-constexpr -gencode=arch=compute_120,code=sm_120 --compiler-options '-fPIC' -O3 -lineinfo --ptxas-options=-v -DRUN056_TILE=0 -DRUN056_SHORT=0 -std=c++17 -c /workspace/run056-001/candidate/joint.cu -o joint.cuda.o 
ptxas info    : 11 bytes gmem
ptxas info    : Compiling entry function '_Z5jointILb0ELb0EEvPK13__nv_bfloat16S2_S2_S2_S2_S2_S2_S2_S2_PS0_Pxffbbb' for 'sm_120'
ptxas info    : Function properties for _Z5jointILb0ELb0EEvPK13__nv_bfloat16S2_S2_S2_S2_S2_S2_S2_S2_PS0_Pxffbbb
    0 bytes stack frame, 0 bytes spill stores, 0 bytes spill loads
ptxas info    : Used 48 registers, used 0 barriers
ptxas info    : Compile time = 17.809 ms
ptxas info    : Compiling entry function '_Z5jointILb0ELb1EEvPK13__nv_bfloat16S2_S2_S2_S2_S2_S2_S2_S2_PS0_Pxffbbb' for 'sm_120'
ptxas info    : Function properties for _Z5jointILb0ELb1EEvPK13__nv_bfloat16S2_S2_S2_S2_S2_S2_S2_S2_PS0_Pxffbbb
    0 bytes stack frame, 0 bytes spill stores, 0 bytes spill loads
ptxas info    : Used 48 registers, used 0 barriers
ptxas info    : Compile time = 18.739 ms
ptxas info    : Compiling entry function '_Z5jointILb1ELb0EEvPK13__nv_bfloat16S2_S2_S2_S2_S2_S2_S2_S2_PS0_Pxffbbb' for 'sm_120'
ptxas info    : Function properties for _Z5jointILb1ELb0EEvPK13__nv_bfloat16S2_S2_S2_S2_S2_S2_S2_S2_PS0_Pxffbbb
    0 bytes stack frame, 0 bytes spill stores, 0 bytes spill loads
ptxas info    : Used 48 registers, used 0 barriers
ptxas info    : Compile time = 15.867 ms
ptxas info    : Compiling entry function '_Z5jointILb1ELb1EEvPK13__nv_bfloat16S2_S2_S2_S2_S2_S2_S2_S2_PS0_Pxffbbb' for 'sm_120'
ptxas info    : Function properties for _Z5jointILb1ELb1EEvPK13__nv_bfloat16S2_S2_S2_S2_S2_S2_S2_S2_PS0_Pxffbbb
    0 bytes stack frame, 0 bytes spill stores, 0 bytes spill loads
ptxas info    : Used 48 registers, used 0 barriers
ptxas info    : Compile time = 17.423 ms
[2/2] c++ joint.cuda.o -shared -L/opt/run056/venv/lib/python3.12/site-packages/torch/lib -lc10 -lc10_cuda -ltorch_cpu -ltorch_cuda -ltorch -ltorch_python -L/usr/local/cuda/lib64 -lcudart -o run056_joint_b014f1cb250b.so
[1/2] /usr/local/cuda/bin/nvcc -MD -MF joint.cuda.o.d -DTORCH_EXTENSION_NAME=run056_joint_17a0dbd717d2 -DTORCH_API_INCLUDE_EXTENSION_H -isystem /opt/run056/venv/lib/python3.12/site-packages/torch/include -isystem /opt/run056/venv/lib/python3.12/site-packages/torch/include/torch/csrc/api/include -isystem /usr/local/cuda/include -isystem /usr/include/python3.12 -D__CUDA_NO_HALF_OPERATORS__ -D__CUDA_NO_HALF_CONVERSIONS__ -D__CUDA_NO_BFLOAT16_CONVERSIONS__ -D__CUDA_NO_HALF2_OPERATORS__ --expt-relaxed-constexpr -gencode=arch=compute_120,code=sm_120 --compiler-options '-fPIC' -O3 -lineinfo --ptxas-options=-v -DRUN056_TILE=1 -DRUN056_SHORT=0 -std=c++17 -c /workspace/run056-001/candidate/joint.cu -o joint.cuda.o 
ptxas info    : 11 bytes gmem
ptxas info    : Compiling entry function '_Z5jointILb0ELb0EEvPK13__nv_bfloat16S2_S2_S2_S2_S2_S2_S2_S2_PS0_Pxffbbb' for 'sm_120'
ptxas info    : Function properties for _Z5jointILb0ELb0EEvPK13__nv_bfloat16S2_S2_S2_S2_S2_S2_S2_S2_PS0_Pxffbbb
    0 bytes stack frame, 0 bytes spill stores, 0 bytes spill loads
ptxas info    : Used 48 registers, used 0 barriers
ptxas info    : Compile time = 18.370 ms
ptxas info    : Compiling entry function '_Z5jointILb0ELb1EEvPK13__nv_bfloat16S2_S2_S2_S2_S2_S2_S2_S2_PS0_Pxffbbb' for 'sm_120'
ptxas info    : Function properties for _Z5jointILb0ELb1EEvPK13__nv_bfloat16S2_S2_S2_S2_S2_S2_S2_S2_PS0_Pxffbbb
    0 bytes stack frame, 0 bytes spill stores, 0 bytes spill loads
ptxas info    : Used 48 registers, used 0 barriers
ptxas info    : Compile time = 18.426 ms
ptxas info    : Compiling entry function '_Z5jointILb1ELb0EEvPK13__nv_bfloat16S2_S2_S2_S2_S2_S2_S2_S2_PS0_Pxffbbb' for 'sm_120'
ptxas info    : Function properties for _Z5jointILb1ELb0EEvPK13__nv_bfloat16S2_S2_S2_S2_S2_S2_S2_S2_PS0_Pxffbbb
    0 bytes stack frame, 0 bytes spill stores, 0 bytes spill loads
ptxas info    : Used 43 registers, used 1 barriers, 80 bytes smem
ptxas info    : Compile time = 57.493 ms
ptxas info    : Compiling entry function '_Z5jointILb1ELb1EEvPK13__nv_bfloat16S2_S2_S2_S2_S2_S2_S2_S2_PS0_Pxffbbb' for 'sm_120'
ptxas info    : Function properties for _Z5jointILb1ELb1EEvPK13__nv_bfloat16S2_S2_S2_S2_S2_S2_S2_S2_PS0_Pxffbbb
    0 bytes stack frame, 0 bytes spill stores, 0 bytes spill loads
ptxas info    : Used 54 registers, used 1 barriers, 80 bytes smem
ptxas info    : Compile time = 58.922 ms
[2/2] c++ joint.cuda.o -shared -L/opt/run056/venv/lib/python3.12/site-packages/torch/lib -lc10 -lc10_cuda -ltorch_cpu -ltorch_cuda -ltorch -ltorch_python -L/usr/local/cuda/lib64 -lcudart -o run056_joint_17a0dbd717d2.so
[1/2] /usr/local/cuda/bin/nvcc -MD -MF joint.cuda.o.d -DTORCH_EXTENSION_NAME=run056_joint_70a90d54f926 -DTORCH_API_INCLUDE_EXTENSION_H -isystem /opt/run056/venv/lib/python3.12/site-packages/torch/include -isystem /opt/run056/venv/lib/python3.12/site-packages/torch/include/torch/csrc/api/include -isystem /usr/local/cuda/include -isystem /usr/include/python3.12 -D__CUDA_NO_HALF_OPERATORS__ -D__CUDA_NO_HALF_CONVERSIONS__ -D__CUDA_NO_BFLOAT16_CONVERSIONS__ -D__CUDA_NO_HALF2_OPERATORS__ --expt-relaxed-constexpr -gencode=arch=compute_120,code=sm_120 --compiler-options '-fPIC' -O3 -lineinfo --ptxas-options=-v -DRUN056_TILE=0 -DRUN056_SHORT=1 -std=c++17 -c /workspace/run056-001/candidate/joint.cu -o joint.cuda.o 
ptxas info    : 11 bytes gmem
ptxas info    : Compiling entry function '_Z5jointILb0ELb0EEvPK13__nv_bfloat16S2_S2_S2_S2_S2_S2_S2_S2_PS0_Pxffbbb' for 'sm_120'
ptxas info    : Function properties for _Z5jointILb0ELb0EEvPK13__nv_bfloat16S2_S2_S2_S2_S2_S2_S2_S2_PS0_Pxffbbb
    0 bytes stack frame, 0 bytes spill stores, 0 bytes spill loads
ptxas info    : Used 48 registers, used 0 barriers
ptxas info    : Compile time = 18.859 ms
ptxas info    : Compiling entry function '_Z5jointILb0ELb1EEvPK13__nv_bfloat16S2_S2_S2_S2_S2_S2_S2_S2_PS0_Pxffbbb' for 'sm_120'
ptxas info    : Function properties for _Z5jointILb0ELb1EEvPK13__nv_bfloat16S2_S2_S2_S2_S2_S2_S2_S2_PS0_Pxffbbb
    0 bytes stack frame, 0 bytes spill stores, 0 bytes spill loads
ptxas info    : Used 48 registers, used 0 barriers
ptxas info    : Compile time = 18.878 ms
ptxas info    : Compiling entry function '_Z5jointILb1ELb0EEvPK13__nv_bfloat16S2_S2_S2_S2_S2_S2_S2_S2_PS0_Pxffbbb' for 'sm_120'
ptxas info    : Function properties for _Z5jointILb1ELb0EEvPK13__nv_bfloat16S2_S2_S2_S2_S2_S2_S2_S2_PS0_Pxffbbb
    0 bytes stack frame, 0 bytes spill stores, 0 bytes spill loads
ptxas info    : Used 46 registers, used 1 barriers, 4176 bytes smem
ptxas info    : Compile time = 77.263 ms
ptxas info    : Compiling entry function '_Z5jointILb1ELb1EEvPK13__nv_bfloat16S2_S2_S2_S2_S2_S2_S2_S2_PS0_Pxffbbb' for 'sm_120'
ptxas info    : Function properties for _Z5jointILb1ELb1EEvPK13__nv_bfloat16S2_S2_S2_S2_S2_S2_S2_S2_PS0_Pxffbbb
    0 bytes stack frame, 0 bytes spill stores, 0 bytes spill loads
ptxas info    : Used 54 registers, used 1 barriers, 4176 bytes smem
ptxas info    : Compile time = 80.223 ms
[2/2] c++ joint.cuda.o -shared -L/opt/run056/venv/lib/python3.12/site-packages/torch/lib -lc10 -lc10_cuda -ltorch_cpu -ltorch_cuda -ltorch -ltorch_python -L/usr/local/cuda/lib64 -lcudart -o run056_joint_70a90d54f926.so
[1/2] /usr/local/cuda/bin/nvcc -MD -MF joint.cuda.o.d -DTORCH_EXTENSION_NAME=run056_joint_bce80e0120a9 -DTORCH_API_INCLUDE_EXTENSION_H -isystem /opt/run056/venv/lib/python3.12/site-packages/torch/include -isystem /opt/run056/venv/lib/python3.12/site-packages/torch/include/torch/csrc/api/include -isystem /usr/local/cuda/include -isystem /usr/include/python3.12 -D__CUDA_NO_HALF_OPERATORS__ -D__CUDA_NO_HALF_CONVERSIONS__ -D__CUDA_NO_BFLOAT16_CONVERSIONS__ -D__CUDA_NO_HALF2_OPERATORS__ --expt-relaxed-constexpr -gencode=arch=compute_120,code=sm_120 --compiler-options '-fPIC' -O3 -lineinfo --ptxas-options=-v -DRUN056_TILE=1 -DRUN056_SHORT=1 -std=c++17 -c /workspace/run056-001/candidate/joint.cu -o joint.cuda.o 
ptxas info    : 11 bytes gmem
ptxas info    : Compiling entry function '_Z5jointILb0ELb0EEvPK13__nv_bfloat16S2_S2_S2_S2_S2_S2_S2_S2_PS0_Pxffbbb' for 'sm_120'
ptxas info    : Function properties for _Z5jointILb0ELb0EEvPK13__nv_bfloat16S2_S2_S2_S2_S2_S2_S2_S2_PS0_Pxffbbb
    0 bytes stack frame, 0 bytes spill stores, 0 bytes spill loads
ptxas info    : Used 48 registers, used 0 barriers
ptxas info    : Compile time = 17.893 ms
ptxas info    : Compiling entry function '_Z5jointILb0ELb1EEvPK13__nv_bfloat16S2_S2_S2_S2_S2_S2_S2_S2_PS0_Pxffbbb' for 'sm_120'
ptxas info    : Function properties for _Z5jointILb0ELb1EEvPK13__nv_bfloat16S2_S2_S2_S2_S2_S2_S2_S2_PS0_Pxffbbb
    0 bytes stack frame, 0 bytes spill stores, 0 bytes spill loads
ptxas info    : Used 48 registers, used 0 barriers
ptxas info    : Compile time = 18.016 ms
ptxas info    : Compiling entry function '_Z5jointILb1ELb0EEvPK13__nv_bfloat16S2_S2_S2_S2_S2_S2_S2_S2_PS0_Pxffbbb' for 'sm_120'
ptxas info    : Function properties for _Z5jointILb1ELb0EEvPK13__nv_bfloat16S2_S2_S2_S2_S2_S2_S2_S2_PS0_Pxffbbb
    0 bytes stack frame, 0 bytes spill stores, 0 bytes spill loads
ptxas info    : Used 43 registers, used 1 barriers, 4176 bytes smem
ptxas info    : Compile time = 75.475 ms
ptxas info    : Compiling entry function '_Z5jointILb1ELb1EEvPK13__nv_bfloat16S2_S2_S2_S2_S2_S2_S2_S2_PS0_Pxffbbb' for 'sm_120'
ptxas info    : Function properties for _Z5jointILb1ELb1EEvPK13__nv_bfloat16S2_S2_S2_S2_S2_S2_S2_S2_PS0_Pxffbbb
    0 bytes stack frame, 0 bytes spill stores, 0 bytes spill loads
ptxas info    : Used 54 registers, used 1 barriers, 4176 bytes smem
ptxas info    : Compile time = 77.905 ms
[2/2] c++ joint.cuda.o -shared -L/opt/run056/venv/lib/python3.12/site-packages/torch/lib -lc10 -lc10_cuda -ltorch_cpu -ltorch_cuda -ltorch -ltorch_python -L/usr/local/cuda/lib64 -lcudart -o run056_joint_bce80e0120a9.so
Passed 48 synthetic CUDA cases on NVIDIA GeForce RTX 5090; target_qualified=True
ninja: no work to do.
ninja: no work to do.
ninja: no work to do.
ninja: no work to do.
ninja: no work to do.
{"attempt": "smoke-frozen-r1-001", "mode": "frozen", "replicate": 1, "returncode": 0, "elapsed_seconds": 234.92281524301507, "status": "complete", "qualified": true, "loss": {"candidate_graph": 5.075195670302577, "frozen_graph": 5.075195670302577, "native": 5.075195670302577, "native_graph": 5.075195670302577}}
{"attempt": "smoke-t00-r1-001", "mode": "t00", "replicate": 1, "returncode": 0, "elapsed_seconds": 7.5771354580065235, "status": "complete", "qualified": true, "loss": {"candidate_graph": 5.075195670302577, "frozen_graph": 5.075195670302577, "native": 5.075195670302577, "native_graph": 5.075195670302577}}
{"attempt": "smoke-t10-r1-001", "mode": "t10", "replicate": 1, "returncode": 0, "elapsed_seconds": 7.5778960539610125, "status": "complete", "qualified": true, "loss": {"candidate_graph": 5.075195670302577, "frozen_graph": 5.075195670302577, "native": 5.075195670302577, "native_graph": 5.075195670302577}}
{"attempt": "smoke-t01-r1-001", "mode": "t01", "replicate": 1, "returncode": 0, "elapsed_seconds": 7.527095179015305, "status": "complete", "qualified": true, "loss": {"candidate_graph": 5.075195670302577, "frozen_graph": 5.075195670302577, "native": 5.075195670302577, "native_graph": 5.075195670302577}}
{"attempt": "smoke-t11-r1-001", "mode": "t11", "replicate": 1, "returncode": 0, "elapsed_seconds": 7.527712755021639, "status": "complete", "qualified": true, "loss": {"candidate_graph": 5.075195670302577, "frozen_graph": 5.075195670302577, "native": 5.075195670302577, "native_graph": 5.075195670302577}}
{"attempt": "scientific-t01-r1-001", "mode": "t01", "replicate": 1, "returncode": 0, "elapsed_seconds": 35.69428692600923, "status": "complete", "qualified": true, "loss": {"candidate_graph": 5.83130066301001, "frozen_graph": 5.83130066301001, "native": 5.83130066301001, "native_graph": 5.83130066301001}}
{"attempt": "scientific-t10-r2-001", "mode": "t10", "replicate": 2, "returncode": 0, "elapsed_seconds": 22.31481964600971, "status": "complete", "qualified": true, "loss": {"candidate_graph": 5.83130066301001, "frozen_graph": 5.83130066301001, "native": 5.83130066301001, "native_graph": 5.83130066301001}}
{"attempt": "scientific-t11-r2-001", "mode": "t11", "replicate": 2, "returncode": 0, "elapsed_seconds": 22.365296002011746, "status": "complete", "qualified": true, "loss": {"candidate_graph": 5.83130066301001, "frozen_graph": 5.83130066301001, "native": 5.83130066301001, "native_graph": 5.83130066301001}}
{"attempt": "scientific-frozen-r2-001", "mode": "frozen", "replicate": 2, "returncode": 0, "elapsed_seconds": 22.35348846000852, "status": "complete", "qualified": true, "loss": {"candidate_graph": 5.83130066301001, "frozen_graph": 5.83130066301001, "native": 5.83130066301001, "native_graph": 5.83130066301001}}
{"attempt": "scientific-t11-r1-001", "mode": "t11", "replicate": 1, "returncode": 0, "elapsed_seconds": 35.88351431500632, "status": "complete", "qualified": true, "loss": {"candidate_graph": 5.83130066301001, "frozen_graph": 5.83130066301001, "native": 5.83130066301001, "native_graph": 5.83130066301001}}
{"attempt": "scientific-frozen-r1-001", "mode": "frozen", "replicate": 1, "returncode": 0, "elapsed_seconds": 35.293746101961005, "status": "complete", "qualified": true, "loss": {"candidate_graph": 5.83130066301001, "frozen_graph": 5.83130066301001, "native": 5.83130066301001, "native_graph": 5.83130066301001}}
{"attempt": "scientific-t00-r2-001", "mode": "t00", "replicate": 2, "returncode": 0, "elapsed_seconds": 22.365617340023164, "status": "complete", "qualified": true, "loss": {"candidate_graph": 5.83130066301001, "frozen_graph": 5.83130066301001, "native": 5.83130066301001, "native_graph": 5.83130066301001}}
{"attempt": "scientific-t00-r3-001", "mode": "t00", "replicate": 3, "returncode": 0, "elapsed_seconds": 22.515212621015962, "status": "complete", "qualified": true, "loss": {"candidate_graph": 5.83130066301001, "frozen_graph": 5.83130066301001, "native": 5.83130066301001, "native_graph": 5.83130066301001}}
{"attempt": "scientific-frozen-r3-001", "mode": "frozen", "replicate": 3, "returncode": 0, "elapsed_seconds": 22.26402858097572, "status": "complete", "qualified": true, "loss": {"candidate_graph": 5.83130066301001, "frozen_graph": 5.83130066301001, "native": 5.83130066301001, "native_graph": 5.83130066301001}}
{"attempt": "scientific-t01-r2-001", "mode": "t01", "replicate": 2, "returncode": 0, "elapsed_seconds": 22.3144802369643, "status": "complete", "qualified": true, "loss": {"candidate_graph": 5.83130066301001, "frozen_graph": 5.83130066301001, "native": 5.83130066301001, "native_graph": 5.83130066301001}}
{"attempt": "scientific-t10-r1-001", "mode": "t10", "replicate": 1, "returncode": 0, "elapsed_seconds": 36.24164836498676, "status": "complete", "qualified": true, "loss": {"candidate_graph": 5.83130066301001, "frozen_graph": 5.83130066301001, "native": 5.83130066301001, "native_graph": 5.83130066301001}}
{"attempt": "scientific-t11-r3-001", "mode": "t11", "replicate": 3, "returncode": 0, "elapsed_seconds": 22.51483683200786, "status": "complete", "qualified": true, "loss": {"candidate_graph": 5.83130066301001, "frozen_graph": 5.83130066301001, "native": 5.83130066301001, "native_graph": 5.83130066301001}}
{"attempt": "scientific-t10-r3-001", "mode": "t10", "replicate": 3, "returncode": 0, "elapsed_seconds": 22.416585411992855, "status": "complete", "qualified": true, "loss": {"candidate_graph": 5.83130066301001, "frozen_graph": 5.83130066301001, "native": 5.83130066301001, "native_graph": 5.83130066301001}}
{"attempt": "scientific-t01-r3-001", "mode": "t01", "replicate": 3, "returncode": 0, "elapsed_seconds": 22.413862589979544, "status": "complete", "qualified": true, "loss": {"candidate_graph": 5.83130066301001, "frozen_graph": 5.83130066301001, "native": 5.83130066301001, "native_graph": 5.83130066301001}}
{"attempt": "scientific-t00-r1-001", "mode": "t00", "replicate": 1, "returncode": 0, "elapsed_seconds": 35.64465681405272, "status": "complete", "qualified": true, "loss": {"candidate_graph": 5.83130066301001, "frozen_graph": 5.83130066301001, "native": 5.83130066301001, "native_graph": 5.83130066301001}}
Reduced 15 processes; status=qualified; t11/frozen=1.000047
