{"utc": "2026-09-19T14:22:14Z", "stage": "imports", "elapsed_seconds": 0.10591567005030811}
{"utc": "2026-09-19T14:22:15Z", "stage": "loading", "elapsed_seconds": 1.4737645899876952, "mode": "native"}
Loading weights:   0%|          | 0/76 [00:00<?, ?it/s]Loading weights: 100%|██████████| 76/76 [00:00<00:00, 5787.24it/s]
{"utc": "2026-09-19T14:22:17Z", "stage": "capture", "elapsed_seconds": 3.244150619022548, "mode": "native"}
{"utc": "2026-09-19T14:22:17Z", "stage": "loading", "elapsed_seconds": 3.663977134041488, "mode": "candidate"}
Loading weights:   0%|          | 0/76 [00:00<?, ?it/s]Loading weights: 100%|██████████| 76/76 [00:00<00:00, 4394.42it/s]
{"utc": "2026-09-19T14:22:17Z", "stage": "capture", "elapsed_seconds": 3.8548104650108144, "mode": "candidate"}
ninja: no work to do.
ninja: no work to do.
ninja: no work to do.
ninja: no work to do.
ninja: no work to do.
{"utc": "2026-09-19T14:22:28Z", "stage": "timing", "elapsed_seconds": 14.67381899303291, "inputs": 64, "passes": 7}
{"utc": "2026-09-19T14:22:29Z", "stage": "validation", "elapsed_seconds": 15.372412560041994, "target_blocks": 338}
{"utc": "2026-09-19T14:22:29Z", "stage": "validation", "elapsed_seconds": 15.971306118066423, "blocks": 16, "prediction_tokens": 32752, "loss": {"native": 5.433529643704965, "native_graph": 5.433529643704965, "candidate_graph": 5.433529643704965}}
{"utc": "2026-09-19T14:22:30Z", "stage": "validation", "elapsed_seconds": 16.44079566001892, "blocks": 32, "prediction_tokens": 65504, "loss": {"native": 5.4627757032848185, "native_graph": 5.4627757032848185, "candidate_graph": 5.4627757032848185}}
{"utc": "2026-09-19T14:22:30Z", "stage": "validation", "elapsed_seconds": 16.937250780989416, "blocks": 48, "prediction_tokens": 98256, "loss": {"native": 5.8373225488058615, "native_graph": 5.8373225488058615, "candidate_graph": 5.8373225488058615}}
{"utc": "2026-09-19T14:22:31Z", "stage": "validation", "elapsed_seconds": 17.430382949998602, "blocks": 64, "prediction_tokens": 131008, "loss": {"native": 5.963783443061445, "native_graph": 5.963783443061445, "candidate_graph": 5.963783443061445}}
{"utc": "2026-09-19T14:22:31Z", "stage": "validation", "elapsed_seconds": 17.910107191069983, "blocks": 80, "prediction_tokens": 163760, "loss": {"native": 5.932614924398701, "native_graph": 5.932614924398701, "candidate_graph": 5.932614924398701}}
{"utc": "2026-09-19T14:22:32Z", "stage": "validation", "elapsed_seconds": 18.40384266304318, "blocks": 96, "prediction_tokens": 196512, "loss": {"native": 5.941523398042327, "native_graph": 5.941523398042327, "candidate_graph": 5.941523398042327}}
{"utc": "2026-09-19T14:22:32Z", "stage": "validation", "elapsed_seconds": 18.908925221068785, "blocks": 112, "prediction_tokens": 229264, "loss": {"native": 5.928813884542628, "native_graph": 5.928813884542628, "candidate_graph": 5.928813884542628}}
{"utc": "2026-09-19T14:22:33Z", "stage": "validation", "elapsed_seconds": 19.4018463290995, "blocks": 128, "prediction_tokens": 262016, "loss": {"native": 5.831156502832246, "native_graph": 5.831156502832246, "candidate_graph": 5.831156502832246}}
{"utc": "2026-09-19T14:22:33Z", "stage": "validation", "elapsed_seconds": 19.894982277066447, "blocks": 144, "prediction_tokens": 294768, "loss": {"native": 5.849604330977561, "native_graph": 5.849604330977561, "candidate_graph": 5.849604330977561}}
{"utc": "2026-09-19T14:22:34Z", "stage": "validation", "elapsed_seconds": 20.388438628986478, "blocks": 160, "prediction_tokens": 327520, "loss": {"native": 5.855593878033689, "native_graph": 5.855593878033689, "candidate_graph": 5.855593878033689}}
{"utc": "2026-09-19T14:22:34Z", "stage": "validation", "elapsed_seconds": 20.874542131088674, "blocks": 176, "prediction_tokens": 360272, "loss": {"native": 5.82820932078532, "native_graph": 5.82820932078532, "candidate_graph": 5.82820932078532}}
{"utc": "2026-09-19T14:22:35Z", "stage": "validation", "elapsed_seconds": 21.360308691044338, "blocks": 192, "prediction_tokens": 393024, "loss": {"native": 5.827277839038217, "native_graph": 5.827277839038217, "candidate_graph": 5.827277839038217}}
{"utc": "2026-09-19T14:22:35Z", "stage": "validation", "elapsed_seconds": 21.843560805078596, "blocks": 208, "prediction_tokens": 425776, "loss": {"native": 5.853064829303951, "native_graph": 5.853064829303951, "candidate_graph": 5.853064829303951}}
{"utc": "2026-09-19T14:22:36Z", "stage": "validation", "elapsed_seconds": 22.329746258095838, "blocks": 224, "prediction_tokens": 458528, "loss": {"native": 5.860974186903867, "native_graph": 5.860974186903867, "candidate_graph": 5.860974186903867}}
{"utc": "2026-09-19T14:22:36Z", "stage": "validation", "elapsed_seconds": 22.824272176017985, "blocks": 240, "prediction_tokens": 491280, "loss": {"native": 5.845817573123715, "native_graph": 5.845817573123715, "candidate_graph": 5.845817573123715}}
{"utc": "2026-09-19T14:22:37Z", "stage": "validation", "elapsed_seconds": 23.285220332094468, "blocks": 256, "prediction_tokens": 524032, "loss": {"native": 5.860577907105685, "native_graph": 5.860577907105685, "candidate_graph": 5.860577907105685}}
{"utc": "2026-09-19T14:22:37Z", "stage": "validation", "elapsed_seconds": 23.74130925699137, "blocks": 272, "prediction_tokens": 556784, "loss": {"native": 5.871153765243513, "native_graph": 5.871153765243513, "candidate_graph": 5.871153765243513}}
{"utc": "2026-09-19T14:22:38Z", "stage": "validation", "elapsed_seconds": 24.196934606996365, "blocks": 288, "prediction_tokens": 589536, "loss": {"native": 5.85495766628994, "native_graph": 5.85495766628994, "candidate_graph": 5.85495766628994}}
{"utc": "2026-09-19T14:22:38Z", "stage": "validation", "elapsed_seconds": 24.654564141994342, "blocks": 304, "prediction_tokens": 622288, "loss": {"native": 5.859802871463605, "native_graph": 5.859802871463605, "candidate_graph": 5.859802871463605}}
{"utc": "2026-09-19T14:22:39Z", "stage": "validation", "elapsed_seconds": 25.10870484309271, "blocks": 320, "prediction_tokens": 655040, "loss": {"native": 5.835200507197079, "native_graph": 5.835200507197079, "candidate_graph": 5.835200507197079}}
{"utc": "2026-09-19T14:22:39Z", "stage": "validation", "elapsed_seconds": 25.562980805058032, "blocks": 336, "prediction_tokens": 687792, "loss": {"native": 5.828935494539274, "native_graph": 5.828935494539274, "candidate_graph": 5.828935494539274}}
{"utc": "2026-09-19T14:22:39Z", "stage": "complete", "elapsed_seconds": 25.64193501707632, "qualified": true, "loss": {"native": 5.83130066301001, "native_graph": 5.83130066301001, "candidate_graph": 5.83130066301001}, "timing": {"native_graph": {"samples": 448, "median_host_ms": 0.9076210553757846, "paired_geomean_speedup": 1.0, "input_tokens_per_second": null}, "candidate_graph": {"samples": 448, "median_host_ms": 0.5133980303071439, "paired_geomean_speedup": 1.765806536509036, "input_tokens_per_second": null}}}
