{"utc": "2026-09-19T14:28:41Z", "stage": "imports", "elapsed_seconds": 0.13152573001571}
{"utc": "2026-09-19T14:28:42Z", "stage": "loading", "elapsed_seconds": 1.4872677170205861, "mode": "native"}
Loading weights:   0%|          | 0/76 [00:00<?, ?it/s]Loading weights: 100%|██████████| 76/76 [00:00<00:00, 4022.25it/s]
{"utc": "2026-09-19T14:28:44Z", "stage": "capture", "elapsed_seconds": 3.317012303043157, "mode": "native"}
{"utc": "2026-09-19T14:28:44Z", "stage": "loading", "elapsed_seconds": 3.7927436139434576, "mode": "candidate"}
Loading weights:   0%|          | 0/76 [00:00<?, ?it/s]Loading weights: 100%|██████████| 76/76 [00:00<00:00, 3684.02it/s]
{"utc": "2026-09-19T14:28:45Z", "stage": "capture", "elapsed_seconds": 4.009442690992728, "mode": "candidate"}
ninja: no work to do.
ninja: no work to do.
ninja: no work to do.
ninja: no work to do.
ninja: no work to do.
{"utc": "2026-09-19T14:29:09Z", "stage": "timing", "elapsed_seconds": 27.95104314899072, "inputs": 64, "passes": 7}
{"utc": "2026-09-19T14:29:09Z", "stage": "validation", "elapsed_seconds": 28.658759788959287, "target_blocks": 338}
{"utc": "2026-09-19T14:29:10Z", "stage": "validation", "elapsed_seconds": 29.324923504027538, "blocks": 16, "prediction_tokens": 32752, "loss": {"native": 5.433529643704965, "native_graph": 5.433529643704965, "candidate_graph": 5.433529643704965}}
{"utc": "2026-09-19T14:29:10Z", "stage": "validation", "elapsed_seconds": 29.79116126394365, "blocks": 32, "prediction_tokens": 65504, "loss": {"native": 5.4627757032848185, "native_graph": 5.4627757032848185, "candidate_graph": 5.4627757032848185}}
{"utc": "2026-09-19T14:29:11Z", "stage": "validation", "elapsed_seconds": 30.263108400977217, "blocks": 48, "prediction_tokens": 98256, "loss": {"native": 5.8373225488058615, "native_graph": 5.8373225488058615, "candidate_graph": 5.8373225488058615}}
{"utc": "2026-09-19T14:29:11Z", "stage": "validation", "elapsed_seconds": 30.735516850021668, "blocks": 64, "prediction_tokens": 131008, "loss": {"native": 5.963783443061445, "native_graph": 5.963783443061445, "candidate_graph": 5.963783443061445}}
{"utc": "2026-09-19T14:29:12Z", "stage": "validation", "elapsed_seconds": 31.19958040502388, "blocks": 80, "prediction_tokens": 163760, "loss": {"native": 5.932614924398701, "native_graph": 5.932614924398701, "candidate_graph": 5.932614924398701}}
{"utc": "2026-09-19T14:29:12Z", "stage": "validation", "elapsed_seconds": 31.672733069979586, "blocks": 96, "prediction_tokens": 196512, "loss": {"native": 5.941523398042327, "native_graph": 5.941523398042327, "candidate_graph": 5.941523398042327}}
{"utc": "2026-09-19T14:29:13Z", "stage": "validation", "elapsed_seconds": 32.16527550097089, "blocks": 112, "prediction_tokens": 229264, "loss": {"native": 5.928813884542628, "native_graph": 5.928813884542628, "candidate_graph": 5.928813884542628}}
{"utc": "2026-09-19T14:29:13Z", "stage": "validation", "elapsed_seconds": 32.65413460799027, "blocks": 128, "prediction_tokens": 262016, "loss": {"native": 5.831156502832246, "native_graph": 5.831156502832246, "candidate_graph": 5.831156502832246}}
{"utc": "2026-09-19T14:29:14Z", "stage": "validation", "elapsed_seconds": 33.11852020502556, "blocks": 144, "prediction_tokens": 294768, "loss": {"native": 5.849604330977561, "native_graph": 5.849604330977561, "candidate_graph": 5.849604330977561}}
{"utc": "2026-09-19T14:29:14Z", "stage": "validation", "elapsed_seconds": 33.578452302957885, "blocks": 160, "prediction_tokens": 327520, "loss": {"native": 5.855593878033689, "native_graph": 5.855593878033689, "candidate_graph": 5.855593878033689}}
{"utc": "2026-09-19T14:29:15Z", "stage": "validation", "elapsed_seconds": 34.044817653950304, "blocks": 176, "prediction_tokens": 360272, "loss": {"native": 5.82820932078532, "native_graph": 5.82820932078532, "candidate_graph": 5.82820932078532}}
{"utc": "2026-09-19T14:29:15Z", "stage": "validation", "elapsed_seconds": 34.50591127900407, "blocks": 192, "prediction_tokens": 393024, "loss": {"native": 5.827277839038217, "native_graph": 5.827277839038217, "candidate_graph": 5.827277839038217}}
{"utc": "2026-09-19T14:29:16Z", "stage": "validation", "elapsed_seconds": 34.96541128400713, "blocks": 208, "prediction_tokens": 425776, "loss": {"native": 5.853064829303951, "native_graph": 5.853064829303951, "candidate_graph": 5.853064829303951}}
{"utc": "2026-09-19T14:29:16Z", "stage": "validation", "elapsed_seconds": 35.430862477980554, "blocks": 224, "prediction_tokens": 458528, "loss": {"native": 5.860974186903867, "native_graph": 5.860974186903867, "candidate_graph": 5.860974186903867}}
{"utc": "2026-09-19T14:29:17Z", "stage": "validation", "elapsed_seconds": 35.89285761897918, "blocks": 240, "prediction_tokens": 491280, "loss": {"native": 5.845817573123715, "native_graph": 5.845817573123715, "candidate_graph": 5.845817573123715}}
{"utc": "2026-09-19T14:29:17Z", "stage": "validation", "elapsed_seconds": 36.3667979890015, "blocks": 256, "prediction_tokens": 524032, "loss": {"native": 5.860577907105685, "native_graph": 5.860577907105685, "candidate_graph": 5.860577907105685}}
{"utc": "2026-09-19T14:29:17Z", "stage": "validation", "elapsed_seconds": 36.832318273955025, "blocks": 272, "prediction_tokens": 556784, "loss": {"native": 5.871153765243513, "native_graph": 5.871153765243513, "candidate_graph": 5.871153765243513}}
{"utc": "2026-09-19T14:29:18Z", "stage": "validation", "elapsed_seconds": 37.29401850304566, "blocks": 288, "prediction_tokens": 589536, "loss": {"native": 5.85495766628994, "native_graph": 5.85495766628994, "candidate_graph": 5.85495766628994}}
{"utc": "2026-09-19T14:29:18Z", "stage": "validation", "elapsed_seconds": 37.76679800602142, "blocks": 304, "prediction_tokens": 622288, "loss": {"native": 5.859802871463605, "native_graph": 5.859802871463605, "candidate_graph": 5.859802871463605}}
{"utc": "2026-09-19T14:29:19Z", "stage": "validation", "elapsed_seconds": 38.23523546895012, "blocks": 320, "prediction_tokens": 655040, "loss": {"native": 5.835200507197079, "native_graph": 5.835200507197079, "candidate_graph": 5.835200507197079}}
{"utc": "2026-09-19T14:29:19Z", "stage": "validation", "elapsed_seconds": 38.69876526098233, "blocks": 336, "prediction_tokens": 687792, "loss": {"native": 5.828935494539274, "native_graph": 5.828935494539274, "candidate_graph": 5.828935494539274}}
{"utc": "2026-09-19T14:29:19Z", "stage": "complete", "elapsed_seconds": 38.786728726001456, "qualified": true, "loss": {"native": 5.83130066301001, "native_graph": 5.83130066301001, "candidate_graph": 5.83130066301001}, "timing": {"native_graph": {"samples": 448, "median_host_ms": 0.9080465533770621, "paired_geomean_speedup": 1.0, "input_tokens_per_second": null}, "candidate_graph": {"samples": 448, "median_host_ms": 0.5163789610378444, "paired_geomean_speedup": 1.7595113903019979, "input_tokens_per_second": null}}}
