{"utc": "2026-09-19T14:19:48Z", "stage": "imports", "elapsed_seconds": 0.10570812900550663}
{"utc": "2026-09-19T14:19:49Z", "stage": "loading", "elapsed_seconds": 1.7804566769627854, "mode": "native"}
Loading weights:   0%|          | 0/76 [00:00<?, ?it/s]Loading weights: 100%|██████████| 76/76 [00:00<00:00, 6457.09it/s]
{"utc": "2026-09-19T14:19:51Z", "stage": "capture", "elapsed_seconds": 3.612021461012773, "mode": "native"}
{"utc": "2026-09-19T14:19:52Z", "stage": "loading", "elapsed_seconds": 4.473428962985054, "mode": "candidate"}
Loading weights:   0%|          | 0/76 [00:00<?, ?it/s]Loading weights: 100%|██████████| 76/76 [00:00<00:00, 5064.06it/s]
{"utc": "2026-09-19T14:19:52Z", "stage": "capture", "elapsed_seconds": 4.775738921016455, "mode": "candidate"}
ninja: no work to do.
ninja: no work to do.
ninja: no work to do.
ninja: no work to do.
ninja: no work to do.
{"utc": "2026-09-19T14:20:07Z", "stage": "timing", "elapsed_seconds": 19.048814606037922, "inputs": 64, "passes": 7}
{"utc": "2026-09-19T14:20:07Z", "stage": "validation", "elapsed_seconds": 19.830381712061353, "target_blocks": 338}
{"utc": "2026-09-19T14:20:08Z", "stage": "validation", "elapsed_seconds": 20.516782597987913, "blocks": 16, "prediction_tokens": 32752, "loss": {"native": 5.433529643704965, "native_graph": 5.433529643704965, "candidate_graph": 5.433529643704965}}
{"utc": "2026-09-19T14:20:09Z", "stage": "validation", "elapsed_seconds": 20.97909693303518, "blocks": 32, "prediction_tokens": 65504, "loss": {"native": 5.4627757032848185, "native_graph": 5.4627757032848185, "candidate_graph": 5.4627757032848185}}
{"utc": "2026-09-19T14:20:09Z", "stage": "validation", "elapsed_seconds": 21.446654663071968, "blocks": 48, "prediction_tokens": 98256, "loss": {"native": 5.8373225488058615, "native_graph": 5.8373225488058615, "candidate_graph": 5.8373225488058615}}
{"utc": "2026-09-19T14:20:10Z", "stage": "validation", "elapsed_seconds": 21.912114468985237, "blocks": 64, "prediction_tokens": 131008, "loss": {"native": 5.963783443061445, "native_graph": 5.963783443061445, "candidate_graph": 5.963783443061445}}
{"utc": "2026-09-19T14:20:10Z", "stage": "validation", "elapsed_seconds": 22.380733245052397, "blocks": 80, "prediction_tokens": 163760, "loss": {"native": 5.932614924398701, "native_graph": 5.932614924398701, "candidate_graph": 5.932614924398701}}
{"utc": "2026-09-19T14:20:11Z", "stage": "validation", "elapsed_seconds": 22.84921100200154, "blocks": 96, "prediction_tokens": 196512, "loss": {"native": 5.941523398042327, "native_graph": 5.941523398042327, "candidate_graph": 5.941523398042327}}
{"utc": "2026-09-19T14:20:11Z", "stage": "validation", "elapsed_seconds": 23.321090920013376, "blocks": 112, "prediction_tokens": 229264, "loss": {"native": 5.928813884542628, "native_graph": 5.928813884542628, "candidate_graph": 5.928813884542628}}
{"utc": "2026-09-19T14:20:11Z", "stage": "validation", "elapsed_seconds": 23.79450349905528, "blocks": 128, "prediction_tokens": 262016, "loss": {"native": 5.831156502832246, "native_graph": 5.831156502832246, "candidate_graph": 5.831156502832246}}
{"utc": "2026-09-19T14:20:12Z", "stage": "validation", "elapsed_seconds": 24.265802434063517, "blocks": 144, "prediction_tokens": 294768, "loss": {"native": 5.849604330977561, "native_graph": 5.849604330977561, "candidate_graph": 5.849604330977561}}
{"utc": "2026-09-19T14:20:12Z", "stage": "validation", "elapsed_seconds": 24.73235523700714, "blocks": 160, "prediction_tokens": 327520, "loss": {"native": 5.855593878033689, "native_graph": 5.855593878033689, "candidate_graph": 5.855593878033689}}
{"utc": "2026-09-19T14:20:13Z", "stage": "validation", "elapsed_seconds": 25.20522978203371, "blocks": 176, "prediction_tokens": 360272, "loss": {"native": 5.82820932078532, "native_graph": 5.82820932078532, "candidate_graph": 5.82820932078532}}
{"utc": "2026-09-19T14:20:13Z", "stage": "validation", "elapsed_seconds": 25.673720997059718, "blocks": 192, "prediction_tokens": 393024, "loss": {"native": 5.827277839038217, "native_graph": 5.827277839038217, "candidate_graph": 5.827277839038217}}
{"utc": "2026-09-19T14:20:14Z", "stage": "validation", "elapsed_seconds": 26.147063235053793, "blocks": 208, "prediction_tokens": 425776, "loss": {"native": 5.853064829303951, "native_graph": 5.853064829303951, "candidate_graph": 5.853064829303951}}
{"utc": "2026-09-19T14:20:14Z", "stage": "validation", "elapsed_seconds": 26.63659234100487, "blocks": 224, "prediction_tokens": 458528, "loss": {"native": 5.860974186903867, "native_graph": 5.860974186903867, "candidate_graph": 5.860974186903867}}
{"utc": "2026-09-19T14:20:15Z", "stage": "validation", "elapsed_seconds": 27.134644323028624, "blocks": 240, "prediction_tokens": 491280, "loss": {"native": 5.845817573123715, "native_graph": 5.845817573123715, "candidate_graph": 5.845817573123715}}
{"utc": "2026-09-19T14:20:15Z", "stage": "validation", "elapsed_seconds": 27.60671890201047, "blocks": 256, "prediction_tokens": 524032, "loss": {"native": 5.860577907105685, "native_graph": 5.860577907105685, "candidate_graph": 5.860577907105685}}
{"utc": "2026-09-19T14:20:16Z", "stage": "validation", "elapsed_seconds": 28.068244012072682, "blocks": 272, "prediction_tokens": 556784, "loss": {"native": 5.871153765243513, "native_graph": 5.871153765243513, "candidate_graph": 5.871153765243513}}
{"utc": "2026-09-19T14:20:16Z", "stage": "validation", "elapsed_seconds": 28.53774732502643, "blocks": 288, "prediction_tokens": 589536, "loss": {"native": 5.85495766628994, "native_graph": 5.85495766628994, "candidate_graph": 5.85495766628994}}
{"utc": "2026-09-19T14:20:17Z", "stage": "validation", "elapsed_seconds": 29.00275750795845, "blocks": 304, "prediction_tokens": 622288, "loss": {"native": 5.859802871463605, "native_graph": 5.859802871463605, "candidate_graph": 5.859802871463605}}
{"utc": "2026-09-19T14:20:17Z", "stage": "validation", "elapsed_seconds": 29.47116742306389, "blocks": 320, "prediction_tokens": 655040, "loss": {"native": 5.835200507197079, "native_graph": 5.835200507197079, "candidate_graph": 5.835200507197079}}
{"utc": "2026-09-19T14:20:18Z", "stage": "validation", "elapsed_seconds": 29.949501715018414, "blocks": 336, "prediction_tokens": 687792, "loss": {"native": 5.828935494539274, "native_graph": 5.828935494539274, "candidate_graph": 5.828935494539274}}
{"utc": "2026-09-19T14:20:18Z", "stage": "complete", "elapsed_seconds": 30.036346098058857, "qualified": true, "loss": {"native": 5.83130066301001, "native_graph": 5.83130066301001, "candidate_graph": 5.83130066301001}, "timing": {"native_graph": {"samples": 448, "median_host_ms": 0.9083260083571076, "paired_geomean_speedup": 1.0, "input_tokens_per_second": null}, "candidate_graph": {"samples": 448, "median_host_ms": 0.6682099774479866, "paired_geomean_speedup": 1.3666731619790964, "input_tokens_per_second": null}}}
