{"utc": "2026-09-19T14:20:21Z", "stage": "imports", "elapsed_seconds": 0.14397761202417314}
{"utc": "2026-09-19T14:20:23Z", "stage": "loading", "elapsed_seconds": 2.152501165983267, "mode": "native"}
Loading weights:   0%|          | 0/76 [00:00<?, ?it/s]Loading weights: 100%|██████████| 76/76 [00:00<00:00, 4438.66it/s]
{"utc": "2026-09-19T14:20:25Z", "stage": "capture", "elapsed_seconds": 3.9394678650423884, "mode": "native"}
{"utc": "2026-09-19T14:20:26Z", "stage": "loading", "elapsed_seconds": 4.711947520030662, "mode": "candidate"}
Loading weights:   0%|          | 0/76 [00:00<?, ?it/s]Loading weights: 100%|██████████| 76/76 [00:00<00:00, 4229.48it/s]
{"utc": "2026-09-19T14:20:26Z", "stage": "capture", "elapsed_seconds": 4.93506356398575, "mode": "candidate"}
ninja: no work to do.
ninja: no work to do.
ninja: no work to do.
ninja: no work to do.
ninja: no work to do.
{"utc": "2026-09-19T14:20:43Z", "stage": "timing", "elapsed_seconds": 21.453564758063294, "inputs": 64, "passes": 7}
{"utc": "2026-09-19T14:20:43Z", "stage": "validation", "elapsed_seconds": 22.16734271601308, "target_blocks": 338}
{"utc": "2026-09-19T14:20:44Z", "stage": "validation", "elapsed_seconds": 22.74733608798124, "blocks": 16, "prediction_tokens": 32752, "loss": {"native": 5.433529643704965, "native_graph": 5.433529643704965, "candidate_graph": 5.433529643704965}}
{"utc": "2026-09-19T14:20:44Z", "stage": "validation", "elapsed_seconds": 23.217939528054558, "blocks": 32, "prediction_tokens": 65504, "loss": {"native": 5.4627757032848185, "native_graph": 5.4627757032848185, "candidate_graph": 5.4627757032848185}}
{"utc": "2026-09-19T14:20:45Z", "stage": "validation", "elapsed_seconds": 23.679844641010277, "blocks": 48, "prediction_tokens": 98256, "loss": {"native": 5.8373225488058615, "native_graph": 5.8373225488058615, "candidate_graph": 5.8373225488058615}}
{"utc": "2026-09-19T14:20:45Z", "stage": "validation", "elapsed_seconds": 24.137550796032883, "blocks": 64, "prediction_tokens": 131008, "loss": {"native": 5.963783443061445, "native_graph": 5.963783443061445, "candidate_graph": 5.963783443061445}}
{"utc": "2026-09-19T14:20:46Z", "stage": "validation", "elapsed_seconds": 24.602320717065595, "blocks": 80, "prediction_tokens": 163760, "loss": {"native": 5.932614924398701, "native_graph": 5.932614924398701, "candidate_graph": 5.932614924398701}}
{"utc": "2026-09-19T14:20:46Z", "stage": "validation", "elapsed_seconds": 25.07176706905011, "blocks": 96, "prediction_tokens": 196512, "loss": {"native": 5.941523398042327, "native_graph": 5.941523398042327, "candidate_graph": 5.941523398042327}}
{"utc": "2026-09-19T14:20:47Z", "stage": "validation", "elapsed_seconds": 25.533518581069075, "blocks": 112, "prediction_tokens": 229264, "loss": {"native": 5.928813884542628, "native_graph": 5.928813884542628, "candidate_graph": 5.928813884542628}}
{"utc": "2026-09-19T14:20:47Z", "stage": "validation", "elapsed_seconds": 26.009391036001034, "blocks": 128, "prediction_tokens": 262016, "loss": {"native": 5.831156502832246, "native_graph": 5.831156502832246, "candidate_graph": 5.831156502832246}}
{"utc": "2026-09-19T14:20:48Z", "stage": "validation", "elapsed_seconds": 26.481719976989552, "blocks": 144, "prediction_tokens": 294768, "loss": {"native": 5.849604330977561, "native_graph": 5.849604330977561, "candidate_graph": 5.849604330977561}}
{"utc": "2026-09-19T14:20:48Z", "stage": "validation", "elapsed_seconds": 26.94380586105399, "blocks": 160, "prediction_tokens": 327520, "loss": {"native": 5.855593878033689, "native_graph": 5.855593878033689, "candidate_graph": 5.855593878033689}}
{"utc": "2026-09-19T14:20:49Z", "stage": "validation", "elapsed_seconds": 27.42184282001108, "blocks": 176, "prediction_tokens": 360272, "loss": {"native": 5.82820932078532, "native_graph": 5.82820932078532, "candidate_graph": 5.82820932078532}}
{"utc": "2026-09-19T14:20:49Z", "stage": "validation", "elapsed_seconds": 27.894987576059066, "blocks": 192, "prediction_tokens": 393024, "loss": {"native": 5.827277839038217, "native_graph": 5.827277839038217, "candidate_graph": 5.827277839038217}}
{"utc": "2026-09-19T14:20:49Z", "stage": "validation", "elapsed_seconds": 28.3568819090724, "blocks": 208, "prediction_tokens": 425776, "loss": {"native": 5.853064829303951, "native_graph": 5.853064829303951, "candidate_graph": 5.853064829303951}}
{"utc": "2026-09-19T14:20:50Z", "stage": "validation", "elapsed_seconds": 28.815340679022484, "blocks": 224, "prediction_tokens": 458528, "loss": {"native": 5.860974186903867, "native_graph": 5.860974186903867, "candidate_graph": 5.860974186903867}}
{"utc": "2026-09-19T14:20:50Z", "stage": "validation", "elapsed_seconds": 29.281559100025333, "blocks": 240, "prediction_tokens": 491280, "loss": {"native": 5.845817573123715, "native_graph": 5.845817573123715, "candidate_graph": 5.845817573123715}}
{"utc": "2026-09-19T14:20:51Z", "stage": "validation", "elapsed_seconds": 29.737854856066406, "blocks": 256, "prediction_tokens": 524032, "loss": {"native": 5.860577907105685, "native_graph": 5.860577907105685, "candidate_graph": 5.860577907105685}}
{"utc": "2026-09-19T14:20:51Z", "stage": "validation", "elapsed_seconds": 30.2038232650375, "blocks": 272, "prediction_tokens": 556784, "loss": {"native": 5.871153765243513, "native_graph": 5.871153765243513, "candidate_graph": 5.871153765243513}}
{"utc": "2026-09-19T14:20:52Z", "stage": "validation", "elapsed_seconds": 30.660737824975513, "blocks": 288, "prediction_tokens": 589536, "loss": {"native": 5.85495766628994, "native_graph": 5.85495766628994, "candidate_graph": 5.85495766628994}}
{"utc": "2026-09-19T14:20:52Z", "stage": "validation", "elapsed_seconds": 31.139181817066856, "blocks": 304, "prediction_tokens": 622288, "loss": {"native": 5.859802871463605, "native_graph": 5.859802871463605, "candidate_graph": 5.859802871463605}}
{"utc": "2026-09-19T14:20:53Z", "stage": "validation", "elapsed_seconds": 31.606770007056184, "blocks": 320, "prediction_tokens": 655040, "loss": {"native": 5.835200507197079, "native_graph": 5.835200507197079, "candidate_graph": 5.835200507197079}}
{"utc": "2026-09-19T14:20:53Z", "stage": "validation", "elapsed_seconds": 32.070913644041866, "blocks": 336, "prediction_tokens": 687792, "loss": {"native": 5.828935494539274, "native_graph": 5.828935494539274, "candidate_graph": 5.828935494539274}}
{"utc": "2026-09-19T14:20:53Z", "stage": "complete", "elapsed_seconds": 32.14932798198424, "qualified": true, "loss": {"native": 5.83130066301001, "native_graph": 5.83130066301001, "candidate_graph": 5.83130066301001}, "timing": {"native_graph": {"samples": 448, "median_host_ms": 0.9092914406210184, "paired_geomean_speedup": 1.0, "input_tokens_per_second": null}, "candidate_graph": {"samples": 448, "median_host_ms": 0.5170835647732019, "paired_geomean_speedup": 1.7558124813511822, "input_tokens_per_second": null}}}
