{"utc": "2026-09-19T14:19:05Z", "stage": "imports", "elapsed_seconds": 0.11658943106886}
{"utc": "2026-09-19T14:19:07Z", "stage": "loading", "elapsed_seconds": 1.7361257830634713, "mode": "native"}
Loading weights:   0%|          | 0/76 [00:00<?, ?it/s]Loading weights: 100%|██████████| 76/76 [00:00<00:00, 5191.05it/s]
{"utc": "2026-09-19T14:19:08Z", "stage": "capture", "elapsed_seconds": 3.5018347330624238, "mode": "native"}
{"utc": "2026-09-19T14:19:09Z", "stage": "loading", "elapsed_seconds": 3.9877054740209132, "mode": "candidate"}
Loading weights:   0%|          | 0/76 [00:00<?, ?it/s]Loading weights: 100%|██████████| 76/76 [00:00<00:00, 3591.58it/s]
{"utc": "2026-09-19T14:19:09Z", "stage": "capture", "elapsed_seconds": 4.225607055006549, "mode": "candidate"}
ninja: no work to do.
ninja: no work to do.
ninja: no work to do.
ninja: no work to do.
ninja: no work to do.
{"utc": "2026-09-19T14:19:20Z", "stage": "timing", "elapsed_seconds": 15.208989139995538, "inputs": 64, "passes": 7}
{"utc": "2026-09-19T14:19:21Z", "stage": "validation", "elapsed_seconds": 15.907390676089562, "target_blocks": 338}
{"utc": "2026-09-19T14:19:21Z", "stage": "validation", "elapsed_seconds": 16.484705139999278, "blocks": 16, "prediction_tokens": 32752, "loss": {"native": 5.433529643704965, "native_graph": 5.433529643704965, "candidate_graph": 5.433529643704965}}
{"utc": "2026-09-19T14:19:22Z", "stage": "validation", "elapsed_seconds": 16.94862245710101, "blocks": 32, "prediction_tokens": 65504, "loss": {"native": 5.4627757032848185, "native_graph": 5.4627757032848185, "candidate_graph": 5.4627757032848185}}
{"utc": "2026-09-19T14:19:22Z", "stage": "validation", "elapsed_seconds": 17.40525486401748, "blocks": 48, "prediction_tokens": 98256, "loss": {"native": 5.8373225488058615, "native_graph": 5.8373225488058615, "candidate_graph": 5.8373225488058615}}
{"utc": "2026-09-19T14:19:23Z", "stage": "validation", "elapsed_seconds": 17.89347855001688, "blocks": 64, "prediction_tokens": 131008, "loss": {"native": 5.963783443061445, "native_graph": 5.963783443061445, "candidate_graph": 5.963783443061445}}
{"utc": "2026-09-19T14:19:23Z", "stage": "validation", "elapsed_seconds": 18.351976081030443, "blocks": 80, "prediction_tokens": 163760, "loss": {"native": 5.932614924398701, "native_graph": 5.932614924398701, "candidate_graph": 5.932614924398701}}
{"utc": "2026-09-19T14:19:24Z", "stage": "validation", "elapsed_seconds": 18.808766379021108, "blocks": 96, "prediction_tokens": 196512, "loss": {"native": 5.941523398042327, "native_graph": 5.941523398042327, "candidate_graph": 5.941523398042327}}
{"utc": "2026-09-19T14:19:24Z", "stage": "validation", "elapsed_seconds": 19.262384016998112, "blocks": 112, "prediction_tokens": 229264, "loss": {"native": 5.928813884542628, "native_graph": 5.928813884542628, "candidate_graph": 5.928813884542628}}
{"utc": "2026-09-19T14:19:25Z", "stage": "validation", "elapsed_seconds": 19.715343531104736, "blocks": 128, "prediction_tokens": 262016, "loss": {"native": 5.831156502832246, "native_graph": 5.831156502832246, "candidate_graph": 5.831156502832246}}
{"utc": "2026-09-19T14:19:25Z", "stage": "validation", "elapsed_seconds": 20.20800336706452, "blocks": 144, "prediction_tokens": 294768, "loss": {"native": 5.849604330977561, "native_graph": 5.849604330977561, "candidate_graph": 5.849604330977561}}
{"utc": "2026-09-19T14:19:26Z", "stage": "validation", "elapsed_seconds": 20.702265363070183, "blocks": 160, "prediction_tokens": 327520, "loss": {"native": 5.855593878033689, "native_graph": 5.855593878033689, "candidate_graph": 5.855593878033689}}
{"utc": "2026-09-19T14:19:26Z", "stage": "validation", "elapsed_seconds": 21.159447544021532, "blocks": 176, "prediction_tokens": 360272, "loss": {"native": 5.82820932078532, "native_graph": 5.82820932078532, "candidate_graph": 5.82820932078532}}
{"utc": "2026-09-19T14:19:26Z", "stage": "validation", "elapsed_seconds": 21.615316377021372, "blocks": 192, "prediction_tokens": 393024, "loss": {"native": 5.827277839038217, "native_graph": 5.827277839038217, "candidate_graph": 5.827277839038217}}
{"utc": "2026-09-19T14:19:27Z", "stage": "validation", "elapsed_seconds": 22.06870986300055, "blocks": 208, "prediction_tokens": 425776, "loss": {"native": 5.853064829303951, "native_graph": 5.853064829303951, "candidate_graph": 5.853064829303951}}
{"utc": "2026-09-19T14:19:27Z", "stage": "validation", "elapsed_seconds": 22.55498375708703, "blocks": 224, "prediction_tokens": 458528, "loss": {"native": 5.860974186903867, "native_graph": 5.860974186903867, "candidate_graph": 5.860974186903867}}
{"utc": "2026-09-19T14:19:28Z", "stage": "validation", "elapsed_seconds": 23.019939079065807, "blocks": 240, "prediction_tokens": 491280, "loss": {"native": 5.845817573123715, "native_graph": 5.845817573123715, "candidate_graph": 5.845817573123715}}
{"utc": "2026-09-19T14:19:28Z", "stage": "validation", "elapsed_seconds": 23.476026984048076, "blocks": 256, "prediction_tokens": 524032, "loss": {"native": 5.860577907105685, "native_graph": 5.860577907105685, "candidate_graph": 5.860577907105685}}
{"utc": "2026-09-19T14:19:29Z", "stage": "validation", "elapsed_seconds": 23.93286183301825, "blocks": 272, "prediction_tokens": 556784, "loss": {"native": 5.871153765243513, "native_graph": 5.871153765243513, "candidate_graph": 5.871153765243513}}
{"utc": "2026-09-19T14:19:29Z", "stage": "validation", "elapsed_seconds": 24.388756836066023, "blocks": 288, "prediction_tokens": 589536, "loss": {"native": 5.85495766628994, "native_graph": 5.85495766628994, "candidate_graph": 5.85495766628994}}
{"utc": "2026-09-19T14:19:30Z", "stage": "validation", "elapsed_seconds": 24.88057691603899, "blocks": 304, "prediction_tokens": 622288, "loss": {"native": 5.859802871463605, "native_graph": 5.859802871463605, "candidate_graph": 5.859802871463605}}
{"utc": "2026-09-19T14:19:30Z", "stage": "validation", "elapsed_seconds": 25.37452455004677, "blocks": 320, "prediction_tokens": 655040, "loss": {"native": 5.835200507197079, "native_graph": 5.835200507197079, "candidate_graph": 5.835200507197079}}
{"utc": "2026-09-19T14:19:31Z", "stage": "validation", "elapsed_seconds": 25.866158039076254, "blocks": 336, "prediction_tokens": 687792, "loss": {"native": 5.828935494539274, "native_graph": 5.828935494539274, "candidate_graph": 5.828935494539274}}
{"utc": "2026-09-19T14:19:31Z", "stage": "diagnostics", "elapsed_seconds": 25.961904991068877, "loss": {"native": 5.83130066301001, "native_graph": 5.83130066301001, "candidate_graph": 5.83130066301001}}
{"utc": "2026-09-19T14:19:33Z", "stage": "diagnostics", "elapsed_seconds": 27.64575866004452, "blocks": 32, "input_tokens_per_second": 39135.0530801127, "remaining_seconds": 16.0134700396884}
{"utc": "2026-09-19T14:19:34Z", "stage": "diagnostics", "elapsed_seconds": 28.916830710018985, "blocks": 64, "input_tokens_per_second": 44496.07896491098, "remaining_seconds": 12.611268521941383}
{"utc": "2026-09-19T14:19:35Z", "stage": "diagnostics", "elapsed_seconds": 30.173421484068967, "blocks": 96, "input_tokens_per_second": 46785.82903694391, "remaining_seconds": 10.59329310182026}
{"utc": "2026-09-19T14:19:36Z", "stage": "diagnostics", "elapsed_seconds": 31.402988368994556, "blocks": 128, "input_tokens_per_second": 48260.47434074604, "remaining_seconds": 8.911640547985371}
{"utc": "2026-09-19T14:19:38Z", "stage": "diagnostics", "elapsed_seconds": 32.74007686506957, "blocks": 160, "input_tokens_per_second": 48409.2258882894, "remaining_seconds": 7.530465387759614}
{"utc": "2026-09-19T14:19:39Z", "stage": "diagnostics", "elapsed_seconds": 34.08483652304858, "blocks": 192, "input_tokens_per_second": 48463.10914059624, "remaining_seconds": 6.169806380613106}
{"utc": "2026-09-19T14:19:40Z", "stage": "diagnostics", "elapsed_seconds": 35.42021612706594, "blocks": 224, "input_tokens_per_second": 48549.83998996934, "remaining_seconds": 4.808913892367855}
{"utc": "2026-09-19T14:19:42Z", "stage": "diagnostics", "elapsed_seconds": 36.74427435803227, "blocks": 256, "input_tokens_per_second": 48666.142882760585, "remaining_seconds": 3.4507768656449116}
{"utc": "2026-09-19T14:19:43Z", "stage": "diagnostics", "elapsed_seconds": 38.00835305103101, "blocks": 288, "input_tokens_per_second": 48999.98278849829, "remaining_seconds": 2.0897966524191562}
{"utc": "2026-09-19T14:19:44Z", "stage": "diagnostics", "elapsed_seconds": 39.28128965408541, "blocks": 320, "input_tokens_per_second": 49237.54830402962, "remaining_seconds": 0.7486969044919534}
{"utc": "2026-09-19T14:19:45Z", "stage": "complete", "elapsed_seconds": 40.0209643720882, "qualified": true, "loss": {"native": 5.83130066301001, "native_graph": 5.83130066301001, "candidate_graph": 5.83130066301001}, "timing": {"candidate_graph": {"samples": 448, "median_host_ms": 0.5115634994581342, "paired_geomean_speedup": 1.7734371927695105, "input_tokens_per_second": null}, "native_graph": {"samples": 448, "median_host_ms": 0.9075059788301587, "paired_geomean_speedup": 1.0, "input_tokens_per_second": null}}}
