{"utc": "2026-09-19T14:32:45Z", "stage": "imports", "elapsed_seconds": 0.1320535340346396}
{"utc": "2026-09-19T14:32:46Z", "stage": "loading", "elapsed_seconds": 1.651581180980429, "mode": "native"}
Loading weights:   0%|          | 0/76 [00:00<?, ?it/s]Loading weights: 100%|██████████| 76/76 [00:00<00:00, 3448.52it/s]
{"utc": "2026-09-19T14:32:48Z", "stage": "capture", "elapsed_seconds": 3.622773912968114, "mode": "native"}
{"utc": "2026-09-19T14:32:49Z", "stage": "loading", "elapsed_seconds": 4.235276499995962, "mode": "candidate"}
Loading weights:   0%|          | 0/76 [00:00<?, ?it/s]Loading weights: 100%|██████████| 76/76 [00:00<00:00, 4473.42it/s]
{"utc": "2026-09-19T14:32:49Z", "stage": "capture", "elapsed_seconds": 4.614666861016303, "mode": "candidate"}
ninja: no work to do.
ninja: no work to do.
ninja: no work to do.
ninja: no work to do.
ninja: no work to do.
{"utc": "2026-09-19T14:33:04Z", "stage": "timing", "elapsed_seconds": 19.49799508904107, "inputs": 64, "passes": 7}
{"utc": "2026-09-19T14:33:05Z", "stage": "validation", "elapsed_seconds": 20.218200318980962, "target_blocks": 338}
{"utc": "2026-09-19T14:33:05Z", "stage": "validation", "elapsed_seconds": 20.950398107990623, "blocks": 16, "prediction_tokens": 32752, "loss": {"native": 5.433529643704965, "native_graph": 5.433529643704965, "candidate_graph": 5.433529643704965}}
{"utc": "2026-09-19T14:33:06Z", "stage": "validation", "elapsed_seconds": 21.420674422988668, "blocks": 32, "prediction_tokens": 65504, "loss": {"native": 5.4627757032848185, "native_graph": 5.4627757032848185, "candidate_graph": 5.4627757032848185}}
{"utc": "2026-09-19T14:33:06Z", "stage": "validation", "elapsed_seconds": 21.885419282945804, "blocks": 48, "prediction_tokens": 98256, "loss": {"native": 5.8373225488058615, "native_graph": 5.8373225488058615, "candidate_graph": 5.8373225488058615}}
{"utc": "2026-09-19T14:33:07Z", "stage": "validation", "elapsed_seconds": 22.35001062101219, "blocks": 64, "prediction_tokens": 131008, "loss": {"native": 5.963783443061445, "native_graph": 5.963783443061445, "candidate_graph": 5.963783443061445}}
{"utc": "2026-09-19T14:33:07Z", "stage": "validation", "elapsed_seconds": 22.80970728804823, "blocks": 80, "prediction_tokens": 163760, "loss": {"native": 5.932614924398701, "native_graph": 5.932614924398701, "candidate_graph": 5.932614924398701}}
{"utc": "2026-09-19T14:33:08Z", "stage": "validation", "elapsed_seconds": 23.273571480996907, "blocks": 96, "prediction_tokens": 196512, "loss": {"native": 5.941523398042327, "native_graph": 5.941523398042327, "candidate_graph": 5.941523398042327}}
{"utc": "2026-09-19T14:33:08Z", "stage": "validation", "elapsed_seconds": 23.73451354599092, "blocks": 112, "prediction_tokens": 229264, "loss": {"native": 5.928813884542628, "native_graph": 5.928813884542628, "candidate_graph": 5.928813884542628}}
{"utc": "2026-09-19T14:33:09Z", "stage": "validation", "elapsed_seconds": 24.19231337995734, "blocks": 128, "prediction_tokens": 262016, "loss": {"native": 5.831156502832246, "native_graph": 5.831156502832246, "candidate_graph": 5.831156502832246}}
{"utc": "2026-09-19T14:33:09Z", "stage": "validation", "elapsed_seconds": 24.666074348031543, "blocks": 144, "prediction_tokens": 294768, "loss": {"native": 5.849604330977561, "native_graph": 5.849604330977561, "candidate_graph": 5.849604330977561}}
{"utc": "2026-09-19T14:33:10Z", "stage": "validation", "elapsed_seconds": 25.126448130002245, "blocks": 160, "prediction_tokens": 327520, "loss": {"native": 5.855593878033689, "native_graph": 5.855593878033689, "candidate_graph": 5.855593878033689}}
{"utc": "2026-09-19T14:33:10Z", "stage": "validation", "elapsed_seconds": 25.589442727039568, "blocks": 176, "prediction_tokens": 360272, "loss": {"native": 5.82820932078532, "native_graph": 5.82820932078532, "candidate_graph": 5.82820932078532}}
{"utc": "2026-09-19T14:33:10Z", "stage": "validation", "elapsed_seconds": 26.05453955894336, "blocks": 192, "prediction_tokens": 393024, "loss": {"native": 5.827277839038217, "native_graph": 5.827277839038217, "candidate_graph": 5.827277839038217}}
{"utc": "2026-09-19T14:33:11Z", "stage": "validation", "elapsed_seconds": 26.51335522904992, "blocks": 208, "prediction_tokens": 425776, "loss": {"native": 5.853064829303951, "native_graph": 5.853064829303951, "candidate_graph": 5.853064829303951}}
{"utc": "2026-09-19T14:33:11Z", "stage": "validation", "elapsed_seconds": 26.97736213495955, "blocks": 224, "prediction_tokens": 458528, "loss": {"native": 5.860974186903867, "native_graph": 5.860974186903867, "candidate_graph": 5.860974186903867}}
{"utc": "2026-09-19T14:33:12Z", "stage": "validation", "elapsed_seconds": 27.44582271797117, "blocks": 240, "prediction_tokens": 491280, "loss": {"native": 5.845817573123715, "native_graph": 5.845817573123715, "candidate_graph": 5.845817573123715}}
{"utc": "2026-09-19T14:33:12Z", "stage": "validation", "elapsed_seconds": 27.903918175026774, "blocks": 256, "prediction_tokens": 524032, "loss": {"native": 5.860577907105685, "native_graph": 5.860577907105685, "candidate_graph": 5.860577907105685}}
{"utc": "2026-09-19T14:33:13Z", "stage": "validation", "elapsed_seconds": 28.3650229399791, "blocks": 272, "prediction_tokens": 556784, "loss": {"native": 5.871153765243513, "native_graph": 5.871153765243513, "candidate_graph": 5.871153765243513}}
{"utc": "2026-09-19T14:33:13Z", "stage": "validation", "elapsed_seconds": 28.826218605972826, "blocks": 288, "prediction_tokens": 589536, "loss": {"native": 5.85495766628994, "native_graph": 5.85495766628994, "candidate_graph": 5.85495766628994}}
{"utc": "2026-09-19T14:33:14Z", "stage": "validation", "elapsed_seconds": 29.28565019997768, "blocks": 304, "prediction_tokens": 622288, "loss": {"native": 5.859802871463605, "native_graph": 5.859802871463605, "candidate_graph": 5.859802871463605}}
{"utc": "2026-09-19T14:33:14Z", "stage": "validation", "elapsed_seconds": 29.746891687973402, "blocks": 320, "prediction_tokens": 655040, "loss": {"native": 5.835200507197079, "native_graph": 5.835200507197079, "candidate_graph": 5.835200507197079}}
{"utc": "2026-09-19T14:33:15Z", "stage": "validation", "elapsed_seconds": 30.207304188981652, "blocks": 336, "prediction_tokens": 687792, "loss": {"native": 5.828935494539274, "native_graph": 5.828935494539274, "candidate_graph": 5.828935494539274}}
{"utc": "2026-09-19T14:33:15Z", "stage": "diagnostics", "elapsed_seconds": 30.306923359981738, "loss": {"native": 5.83130066301001, "native_graph": 5.83130066301001, "candidate_graph": 5.83130066301001}}
{"utc": "2026-09-19T14:33:16Z", "stage": "diagnostics", "elapsed_seconds": 31.723400513990782, "blocks": 32, "input_tokens_per_second": 46564.33016327723, "remaining_seconds": 13.458542145941465}
{"utc": "2026-09-19T14:33:17Z", "stage": "diagnostics", "elapsed_seconds": 33.00103396002669, "blocks": 64, "input_tokens_per_second": 48815.35828835129, "remaining_seconds": 11.49539857282798}
{"utc": "2026-09-19T14:33:19Z", "stage": "diagnostics", "elapsed_seconds": 34.27796145097818, "blocks": 96, "input_tokens_per_second": 49623.89743590273, "remaining_seconds": 9.98744608160147}
{"utc": "2026-09-19T14:33:20Z", "stage": "diagnostics", "elapsed_seconds": 35.55600860994309, "blocks": 128, "input_tokens_per_second": 50027.1067535997, "remaining_seconds": 8.596939297694917}
{"utc": "2026-09-19T14:33:21Z", "stage": "diagnostics", "elapsed_seconds": 36.81714972795453, "blocks": 160, "input_tokens_per_second": 50403.168674720175, "remaining_seconds": 7.232561158061435}
{"utc": "2026-09-19T14:33:23Z", "stage": "diagnostics", "elapsed_seconds": 38.11709554900881, "blocks": 192, "input_tokens_per_second": 50405.03482774465, "remaining_seconds": 5.932105810894427}
{"utc": "2026-09-19T14:33:24Z", "stage": "diagnostics", "elapsed_seconds": 39.43807657901198, "blocks": 224, "input_tokens_per_second": 50290.33264080247, "remaining_seconds": 4.6424827146713925}
{"utc": "2026-09-19T14:33:25Z", "stage": "diagnostics", "elapsed_seconds": 40.67879567295313, "blocks": 256, "input_tokens_per_second": 50593.15006613481, "remaining_seconds": 3.3193426339430516}
{"utc": "2026-09-19T14:33:27Z", "stage": "diagnostics", "elapsed_seconds": 42.0976703830529, "blocks": 288, "input_tokens_per_second": 50062.77303546798, "remaining_seconds": 2.0454320404395627}
{"utc": "2026-09-19T14:33:28Z", "stage": "diagnostics", "elapsed_seconds": 43.381423008977436, "blocks": 320, "input_tokens_per_second": 50159.78493401121, "remaining_seconds": 0.7349313807564612}
{"utc": "2026-09-19T14:33:29Z", "stage": "complete", "elapsed_seconds": 44.17889629502315, "qualified": true, "loss": {"native": 5.83130066301001, "native_graph": 5.83130066301001, "candidate_graph": 5.83130066301001}, "timing": {"candidate_graph": {"samples": 448, "median_host_ms": 0.5173829849809408, "paired_geomean_speedup": 1.7491398386731896, "input_tokens_per_second": null}, "native_graph": {"samples": 448, "median_host_ms": 0.9098605369217694, "paired_geomean_speedup": 1.0, "input_tokens_per_second": null}}}
