{"utc": "2026-09-19T14:36:10Z", "stage": "imports", "elapsed_seconds": 0.13766061095520854}
{"utc": "2026-09-19T14:36:11Z", "stage": "loading", "elapsed_seconds": 1.7995630089426413, "mode": "native"}
Loading weights:   0%|          | 0/76 [00:00<?, ?it/s]Loading weights: 100%|██████████| 76/76 [00:00<00:00, 5448.45it/s]
{"utc": "2026-09-19T14:36:13Z", "stage": "capture", "elapsed_seconds": 3.4624189839232713, "mode": "native"}
{"utc": "2026-09-19T14:36:13Z", "stage": "loading", "elapsed_seconds": 3.9941930120112374, "mode": "candidate"}
Loading weights:   0%|          | 0/76 [00:00<?, ?it/s]Loading weights: 100%|██████████| 76/76 [00:00<00:00, 3592.43it/s]
{"utc": "2026-09-19T14:36:14Z", "stage": "capture", "elapsed_seconds": 4.187239194987342, "mode": "candidate"}
ninja: no work to do.
ninja: no work to do.
ninja: no work to do.
ninja: no work to do.
ninja: no work to do.
{"utc": "2026-09-19T14:36:29Z", "stage": "timing", "elapsed_seconds": 19.21962716791313, "inputs": 64, "passes": 7}
{"utc": "2026-09-19T14:36:29Z", "stage": "validation", "elapsed_seconds": 19.92712132493034, "target_blocks": 338}
{"utc": "2026-09-19T14:36:30Z", "stage": "validation", "elapsed_seconds": 20.523916107951663, "blocks": 16, "prediction_tokens": 32752, "loss": {"native": 5.433529643704965, "native_graph": 5.433529643704965, "candidate_graph": 5.433529643704965}}
{"utc": "2026-09-19T14:36:30Z", "stage": "validation", "elapsed_seconds": 20.996244777925313, "blocks": 32, "prediction_tokens": 65504, "loss": {"native": 5.4627757032848185, "native_graph": 5.4627757032848185, "candidate_graph": 5.4627757032848185}}
{"utc": "2026-09-19T14:36:31Z", "stage": "validation", "elapsed_seconds": 21.47241375199519, "blocks": 48, "prediction_tokens": 98256, "loss": {"native": 5.8373225488058615, "native_graph": 5.8373225488058615, "candidate_graph": 5.8373225488058615}}
{"utc": "2026-09-19T14:36:31Z", "stage": "validation", "elapsed_seconds": 21.93978164892178, "blocks": 64, "prediction_tokens": 131008, "loss": {"native": 5.963783443061445, "native_graph": 5.963783443061445, "candidate_graph": 5.963783443061445}}
{"utc": "2026-09-19T14:36:32Z", "stage": "validation", "elapsed_seconds": 22.398624848923646, "blocks": 80, "prediction_tokens": 163760, "loss": {"native": 5.932614924398701, "native_graph": 5.932614924398701, "candidate_graph": 5.932614924398701}}
{"utc": "2026-09-19T14:36:32Z", "stage": "validation", "elapsed_seconds": 22.854754041996785, "blocks": 96, "prediction_tokens": 196512, "loss": {"native": 5.941523398042327, "native_graph": 5.941523398042327, "candidate_graph": 5.941523398042327}}
{"utc": "2026-09-19T14:36:33Z", "stage": "validation", "elapsed_seconds": 23.309657546924427, "blocks": 112, "prediction_tokens": 229264, "loss": {"native": 5.928813884542628, "native_graph": 5.928813884542628, "candidate_graph": 5.928813884542628}}
{"utc": "2026-09-19T14:36:33Z", "stage": "validation", "elapsed_seconds": 23.781705983914435, "blocks": 128, "prediction_tokens": 262016, "loss": {"native": 5.831156502832246, "native_graph": 5.831156502832246, "candidate_graph": 5.831156502832246}}
{"utc": "2026-09-19T14:36:34Z", "stage": "validation", "elapsed_seconds": 24.243451624992304, "blocks": 144, "prediction_tokens": 294768, "loss": {"native": 5.849604330977561, "native_graph": 5.849604330977561, "candidate_graph": 5.849604330977561}}
{"utc": "2026-09-19T14:36:34Z", "stage": "validation", "elapsed_seconds": 24.71393792098388, "blocks": 160, "prediction_tokens": 327520, "loss": {"native": 5.855593878033689, "native_graph": 5.855593878033689, "candidate_graph": 5.855593878033689}}
{"utc": "2026-09-19T14:36:35Z", "stage": "validation", "elapsed_seconds": 25.17374282795936, "blocks": 176, "prediction_tokens": 360272, "loss": {"native": 5.82820932078532, "native_graph": 5.82820932078532, "candidate_graph": 5.82820932078532}}
{"utc": "2026-09-19T14:36:35Z", "stage": "validation", "elapsed_seconds": 25.632889150991105, "blocks": 192, "prediction_tokens": 393024, "loss": {"native": 5.827277839038217, "native_graph": 5.827277839038217, "candidate_graph": 5.827277839038217}}
{"utc": "2026-09-19T14:36:35Z", "stage": "validation", "elapsed_seconds": 26.087994557921775, "blocks": 208, "prediction_tokens": 425776, "loss": {"native": 5.853064829303951, "native_graph": 5.853064829303951, "candidate_graph": 5.853064829303951}}
{"utc": "2026-09-19T14:36:36Z", "stage": "validation", "elapsed_seconds": 26.545054637012072, "blocks": 224, "prediction_tokens": 458528, "loss": {"native": 5.860974186903867, "native_graph": 5.860974186903867, "candidate_graph": 5.860974186903867}}
{"utc": "2026-09-19T14:36:36Z", "stage": "validation", "elapsed_seconds": 27.005158775951713, "blocks": 240, "prediction_tokens": 491280, "loss": {"native": 5.845817573123715, "native_graph": 5.845817573123715, "candidate_graph": 5.845817573123715}}
{"utc": "2026-09-19T14:36:37Z", "stage": "validation", "elapsed_seconds": 27.4634246439673, "blocks": 256, "prediction_tokens": 524032, "loss": {"native": 5.860577907105685, "native_graph": 5.860577907105685, "candidate_graph": 5.860577907105685}}
{"utc": "2026-09-19T14:36:37Z", "stage": "validation", "elapsed_seconds": 27.920707343961112, "blocks": 272, "prediction_tokens": 556784, "loss": {"native": 5.871153765243513, "native_graph": 5.871153765243513, "candidate_graph": 5.871153765243513}}
{"utc": "2026-09-19T14:36:38Z", "stage": "validation", "elapsed_seconds": 28.382488874020055, "blocks": 288, "prediction_tokens": 589536, "loss": {"native": 5.85495766628994, "native_graph": 5.85495766628994, "candidate_graph": 5.85495766628994}}
{"utc": "2026-09-19T14:36:38Z", "stage": "validation", "elapsed_seconds": 28.84323690691963, "blocks": 304, "prediction_tokens": 622288, "loss": {"native": 5.859802871463605, "native_graph": 5.859802871463605, "candidate_graph": 5.859802871463605}}
{"utc": "2026-09-19T14:36:39Z", "stage": "validation", "elapsed_seconds": 29.301141441916116, "blocks": 320, "prediction_tokens": 655040, "loss": {"native": 5.835200507197079, "native_graph": 5.835200507197079, "candidate_graph": 5.835200507197079}}
{"utc": "2026-09-19T14:36:39Z", "stage": "validation", "elapsed_seconds": 29.763864928972907, "blocks": 336, "prediction_tokens": 687792, "loss": {"native": 5.828935494539274, "native_graph": 5.828935494539274, "candidate_graph": 5.828935494539274}}
{"utc": "2026-09-19T14:36:39Z", "stage": "diagnostics", "elapsed_seconds": 29.857664531911723, "loss": {"native": 5.83130066301001, "native_graph": 5.83130066301001, "candidate_graph": 5.83130066301001}}
{"utc": "2026-09-19T14:36:41Z", "stage": "diagnostics", "elapsed_seconds": 31.219725588918664, "blocks": 32, "input_tokens_per_second": 48470.2565580961, "remaining_seconds": 12.929331191982783}
{"utc": "2026-09-19T14:36:42Z", "stage": "diagnostics", "elapsed_seconds": 32.525309607968666, "blocks": 64, "input_tokens_per_second": 49318.3093947933, "remaining_seconds": 11.378167801900418}
{"utc": "2026-09-19T14:36:43Z", "stage": "diagnostics", "elapsed_seconds": 33.82228480093181, "blocks": 96, "input_tokens_per_second": 49715.651533868586, "remaining_seconds": 9.969013473802383}
{"utc": "2026-09-19T14:36:44Z", "stage": "diagnostics", "elapsed_seconds": 35.074828012962826, "blocks": 128, "input_tokens_per_second": 50342.67770777727, "remaining_seconds": 8.543049745912867}
{"utc": "2026-09-19T14:36:46Z", "stage": "diagnostics", "elapsed_seconds": 36.350642615929246, "blocks": 160, "input_tokens_per_second": 50544.464600341635, "remaining_seconds": 7.212342694347899}
{"utc": "2026-09-19T14:36:47Z", "stage": "diagnostics", "elapsed_seconds": 37.59630049299449, "blocks": 192, "input_tokens_per_second": 50877.61014052561, "remaining_seconds": 5.877005605690404}
{"utc": "2026-09-19T14:36:48Z", "stage": "diagnostics", "elapsed_seconds": 38.94468448194675, "blocks": 224, "input_tokens_per_second": 50539.81010818026, "remaining_seconds": 4.61956622908266}
{"utc": "2026-09-19T14:36:50Z", "stage": "diagnostics", "elapsed_seconds": 40.56842673197389, "blocks": 256, "input_tokens_per_second": 48995.25672445522, "remaining_seconds": 3.4275971028064305}
{"utc": "2026-09-19T14:36:51Z", "stage": "diagnostics", "elapsed_seconds": 41.808714741957374, "blocks": 288, "input_tokens_per_second": 49394.6658465206, "remaining_seconds": 2.0730983446305293}
{"utc": "2026-09-19T14:36:52Z", "stage": "diagnostics", "elapsed_seconds": 43.00808303698432, "blocks": 320, "input_tokens_per_second": 49873.48935989096, "remaining_seconds": 0.7391502073172888}
{"utc": "2026-09-19T14:36:53Z", "stage": "complete", "elapsed_seconds": 43.68951292394195, "qualified": true, "loss": {"native": 5.83130066301001, "native_graph": 5.83130066301001, "candidate_graph": 5.83130066301001}, "timing": {"candidate_graph": {"samples": 448, "median_host_ms": 0.5124580347910523, "paired_geomean_speedup": 1.772370868903874, "input_tokens_per_second": null}, "native_graph": {"samples": 448, "median_host_ms": 0.909706053789705, "paired_geomean_speedup": 1.0, "input_tokens_per_second": null}}}
