{"utc": "2026-09-19T14:30:28Z", "stage": "imports", "elapsed_seconds": 0.1155788260512054}
{"utc": "2026-09-19T14:30:30Z", "stage": "loading", "elapsed_seconds": 1.7034520410234109, "mode": "native"}
Loading weights:   0%|          | 0/76 [00:00<?, ?it/s]Loading weights: 100%|██████████| 76/76 [00:00<00:00, 4755.23it/s]
{"utc": "2026-09-19T14:30:31Z", "stage": "capture", "elapsed_seconds": 3.2751177890459076, "mode": "native"}
{"utc": "2026-09-19T14:30:32Z", "stage": "loading", "elapsed_seconds": 3.821561592980288, "mode": "candidate"}
Loading weights:   0%|          | 0/76 [00:00<?, ?it/s]Loading weights: 100%|██████████| 76/76 [00:00<00:00, 4841.62it/s]
{"utc": "2026-09-19T14:30:32Z", "stage": "capture", "elapsed_seconds": 4.013147537014447, "mode": "candidate"}
ninja: no work to do.
ninja: no work to do.
ninja: no work to do.
ninja: no work to do.
ninja: no work to do.
{"utc": "2026-09-19T14:30:46Z", "stage": "timing", "elapsed_seconds": 18.32321044499986, "inputs": 64, "passes": 7}
{"utc": "2026-09-19T14:30:47Z", "stage": "validation", "elapsed_seconds": 19.095975078991614, "target_blocks": 338}
{"utc": "2026-09-19T14:30:48Z", "stage": "validation", "elapsed_seconds": 19.68187345098704, "blocks": 16, "prediction_tokens": 32752, "loss": {"native": 5.433529643704965, "native_graph": 5.433529643704965, "candidate_graph": 5.433529643704965}}
{"utc": "2026-09-19T14:30:48Z", "stage": "validation", "elapsed_seconds": 20.143103208043613, "blocks": 32, "prediction_tokens": 65504, "loss": {"native": 5.4627757032848185, "native_graph": 5.4627757032848185, "candidate_graph": 5.4627757032848185}}
{"utc": "2026-09-19T14:30:49Z", "stage": "validation", "elapsed_seconds": 20.606609959038906, "blocks": 48, "prediction_tokens": 98256, "loss": {"native": 5.8373225488058615, "native_graph": 5.8373225488058615, "candidate_graph": 5.8373225488058615}}
{"utc": "2026-09-19T14:30:49Z", "stage": "validation", "elapsed_seconds": 21.068735381006263, "blocks": 64, "prediction_tokens": 131008, "loss": {"native": 5.963783443061445, "native_graph": 5.963783443061445, "candidate_graph": 5.963783443061445}}
{"utc": "2026-09-19T14:30:50Z", "stage": "validation", "elapsed_seconds": 21.536011246964335, "blocks": 80, "prediction_tokens": 163760, "loss": {"native": 5.932614924398701, "native_graph": 5.932614924398701, "candidate_graph": 5.932614924398701}}
{"utc": "2026-09-19T14:30:50Z", "stage": "validation", "elapsed_seconds": 22.002007254981436, "blocks": 96, "prediction_tokens": 196512, "loss": {"native": 5.941523398042327, "native_graph": 5.941523398042327, "candidate_graph": 5.941523398042327}}
{"utc": "2026-09-19T14:30:51Z", "stage": "validation", "elapsed_seconds": 22.479534978047013, "blocks": 112, "prediction_tokens": 229264, "loss": {"native": 5.928813884542628, "native_graph": 5.928813884542628, "candidate_graph": 5.928813884542628}}
{"utc": "2026-09-19T14:30:51Z", "stage": "validation", "elapsed_seconds": 22.950629079015926, "blocks": 128, "prediction_tokens": 262016, "loss": {"native": 5.831156502832246, "native_graph": 5.831156502832246, "candidate_graph": 5.831156502832246}}
{"utc": "2026-09-19T14:30:52Z", "stage": "validation", "elapsed_seconds": 23.42828054295387, "blocks": 144, "prediction_tokens": 294768, "loss": {"native": 5.849604330977561, "native_graph": 5.849604330977561, "candidate_graph": 5.849604330977561}}
{"utc": "2026-09-19T14:30:52Z", "stage": "validation", "elapsed_seconds": 23.903551161056384, "blocks": 160, "prediction_tokens": 327520, "loss": {"native": 5.855593878033689, "native_graph": 5.855593878033689, "candidate_graph": 5.855593878033689}}
{"utc": "2026-09-19T14:30:53Z", "stage": "validation", "elapsed_seconds": 24.37738547998015, "blocks": 176, "prediction_tokens": 360272, "loss": {"native": 5.82820932078532, "native_graph": 5.82820932078532, "candidate_graph": 5.82820932078532}}
{"utc": "2026-09-19T14:30:53Z", "stage": "validation", "elapsed_seconds": 24.84047370904591, "blocks": 192, "prediction_tokens": 393024, "loss": {"native": 5.827277839038217, "native_graph": 5.827277839038217, "candidate_graph": 5.827277839038217}}
{"utc": "2026-09-19T14:30:53Z", "stage": "validation", "elapsed_seconds": 25.301413133041933, "blocks": 208, "prediction_tokens": 425776, "loss": {"native": 5.853064829303951, "native_graph": 5.853064829303951, "candidate_graph": 5.853064829303951}}
{"utc": "2026-09-19T14:30:54Z", "stage": "validation", "elapsed_seconds": 25.761033199029043, "blocks": 224, "prediction_tokens": 458528, "loss": {"native": 5.860974186903867, "native_graph": 5.860974186903867, "candidate_graph": 5.860974186903867}}
{"utc": "2026-09-19T14:30:54Z", "stage": "validation", "elapsed_seconds": 26.222483376972377, "blocks": 240, "prediction_tokens": 491280, "loss": {"native": 5.845817573123715, "native_graph": 5.845817573123715, "candidate_graph": 5.845817573123715}}
{"utc": "2026-09-19T14:30:55Z", "stage": "validation", "elapsed_seconds": 26.68198048195336, "blocks": 256, "prediction_tokens": 524032, "loss": {"native": 5.860577907105685, "native_graph": 5.860577907105685, "candidate_graph": 5.860577907105685}}
{"utc": "2026-09-19T14:30:55Z", "stage": "validation", "elapsed_seconds": 27.148308741976507, "blocks": 272, "prediction_tokens": 556784, "loss": {"native": 5.871153765243513, "native_graph": 5.871153765243513, "candidate_graph": 5.871153765243513}}
{"utc": "2026-09-19T14:30:56Z", "stage": "validation", "elapsed_seconds": 27.623216017964296, "blocks": 288, "prediction_tokens": 589536, "loss": {"native": 5.85495766628994, "native_graph": 5.85495766628994, "candidate_graph": 5.85495766628994}}
{"utc": "2026-09-19T14:30:56Z", "stage": "validation", "elapsed_seconds": 28.090196141973138, "blocks": 304, "prediction_tokens": 622288, "loss": {"native": 5.859802871463605, "native_graph": 5.859802871463605, "candidate_graph": 5.859802871463605}}
{"utc": "2026-09-19T14:30:57Z", "stage": "validation", "elapsed_seconds": 28.551314707961865, "blocks": 320, "prediction_tokens": 655040, "loss": {"native": 5.835200507197079, "native_graph": 5.835200507197079, "candidate_graph": 5.835200507197079}}
{"utc": "2026-09-19T14:30:57Z", "stage": "validation", "elapsed_seconds": 29.01008489797823, "blocks": 336, "prediction_tokens": 687792, "loss": {"native": 5.828935494539274, "native_graph": 5.828935494539274, "candidate_graph": 5.828935494539274}}
{"utc": "2026-09-19T14:30:57Z", "stage": "complete", "elapsed_seconds": 29.088592002051882, "qualified": true, "loss": {"native": 5.83130066301001, "native_graph": 5.83130066301001, "candidate_graph": 5.83130066301001}, "timing": {"native_graph": {"samples": 448, "median_host_ms": 0.9078165167011321, "paired_geomean_speedup": 1.0, "input_tokens_per_second": null}, "candidate_graph": {"samples": 448, "median_host_ms": 0.6661149673163891, "paired_geomean_speedup": 1.3622249421877193, "input_tokens_per_second": null}}}
