{"utc": "2026-09-19T14:23:57Z", "stage": "imports", "elapsed_seconds": 0.11663573095574975}
{"utc": "2026-09-19T14:23:58Z", "stage": "loading", "elapsed_seconds": 1.5069001090014353, "mode": "native"}
Loading weights:   0%|          | 0/76 [00:00<?, ?it/s]Loading weights: 100%|██████████| 76/76 [00:00<00:00, 3756.57it/s]
{"utc": "2026-09-19T14:24:00Z", "stage": "capture", "elapsed_seconds": 3.145871039945632, "mode": "native"}
{"utc": "2026-09-19T14:24:01Z", "stage": "loading", "elapsed_seconds": 3.600103031960316, "mode": "candidate"}
Loading weights:   0%|          | 0/76 [00:00<?, ?it/s]Loading weights: 100%|██████████| 76/76 [00:00<00:00, 4021.44it/s]
{"utc": "2026-09-19T14:24:01Z", "stage": "capture", "elapsed_seconds": 3.790485829929821, "mode": "candidate"}
ninja: no work to do.
ninja: no work to do.
ninja: no work to do.
ninja: no work to do.
ninja: no work to do.
{"utc": "2026-09-19T14:24:14Z", "stage": "timing", "elapsed_seconds": 17.253443500958383, "inputs": 64, "passes": 7}
{"utc": "2026-09-19T14:24:15Z", "stage": "validation", "elapsed_seconds": 17.961903022951446, "target_blocks": 338}
{"utc": "2026-09-19T14:24:15Z", "stage": "validation", "elapsed_seconds": 18.539266798994504, "blocks": 16, "prediction_tokens": 32752, "loss": {"native": 5.433529643704965, "native_graph": 5.433529643704965, "candidate_graph": 5.433529643704965}}
{"utc": "2026-09-19T14:24:16Z", "stage": "validation", "elapsed_seconds": 18.995122580905445, "blocks": 32, "prediction_tokens": 65504, "loss": {"native": 5.4627757032848185, "native_graph": 5.4627757032848185, "candidate_graph": 5.4627757032848185}}
{"utc": "2026-09-19T14:24:16Z", "stage": "validation", "elapsed_seconds": 19.449739634990692, "blocks": 48, "prediction_tokens": 98256, "loss": {"native": 5.8373225488058615, "native_graph": 5.8373225488058615, "candidate_graph": 5.8373225488058615}}
{"utc": "2026-09-19T14:24:17Z", "stage": "validation", "elapsed_seconds": 19.905571967945434, "blocks": 64, "prediction_tokens": 131008, "loss": {"native": 5.963783443061445, "native_graph": 5.963783443061445, "candidate_graph": 5.963783443061445}}
{"utc": "2026-09-19T14:24:17Z", "stage": "validation", "elapsed_seconds": 20.365116034983657, "blocks": 80, "prediction_tokens": 163760, "loss": {"native": 5.932614924398701, "native_graph": 5.932614924398701, "candidate_graph": 5.932614924398701}}
{"utc": "2026-09-19T14:24:18Z", "stage": "validation", "elapsed_seconds": 20.822690438944846, "blocks": 96, "prediction_tokens": 196512, "loss": {"native": 5.941523398042327, "native_graph": 5.941523398042327, "candidate_graph": 5.941523398042327}}
{"utc": "2026-09-19T14:24:18Z", "stage": "validation", "elapsed_seconds": 21.278456410975195, "blocks": 112, "prediction_tokens": 229264, "loss": {"native": 5.928813884542628, "native_graph": 5.928813884542628, "candidate_graph": 5.928813884542628}}
{"utc": "2026-09-19T14:24:19Z", "stage": "validation", "elapsed_seconds": 21.732047837926075, "blocks": 128, "prediction_tokens": 262016, "loss": {"native": 5.831156502832246, "native_graph": 5.831156502832246, "candidate_graph": 5.831156502832246}}
{"utc": "2026-09-19T14:24:19Z", "stage": "validation", "elapsed_seconds": 22.203263202914968, "blocks": 144, "prediction_tokens": 294768, "loss": {"native": 5.849604330977561, "native_graph": 5.849604330977561, "candidate_graph": 5.849604330977561}}
{"utc": "2026-09-19T14:24:20Z", "stage": "validation", "elapsed_seconds": 22.689979388960637, "blocks": 160, "prediction_tokens": 327520, "loss": {"native": 5.855593878033689, "native_graph": 5.855593878033689, "candidate_graph": 5.855593878033689}}
{"utc": "2026-09-19T14:24:20Z", "stage": "validation", "elapsed_seconds": 23.17536511691287, "blocks": 176, "prediction_tokens": 360272, "loss": {"native": 5.82820932078532, "native_graph": 5.82820932078532, "candidate_graph": 5.82820932078532}}
{"utc": "2026-09-19T14:24:21Z", "stage": "validation", "elapsed_seconds": 23.651042929966934, "blocks": 192, "prediction_tokens": 393024, "loss": {"native": 5.827277839038217, "native_graph": 5.827277839038217, "candidate_graph": 5.827277839038217}}
{"utc": "2026-09-19T14:24:21Z", "stage": "validation", "elapsed_seconds": 24.130457537947223, "blocks": 208, "prediction_tokens": 425776, "loss": {"native": 5.853064829303951, "native_graph": 5.853064829303951, "candidate_graph": 5.853064829303951}}
{"utc": "2026-09-19T14:24:22Z", "stage": "validation", "elapsed_seconds": 24.603239472955465, "blocks": 224, "prediction_tokens": 458528, "loss": {"native": 5.860974186903867, "native_graph": 5.860974186903867, "candidate_graph": 5.860974186903867}}
{"utc": "2026-09-19T14:24:22Z", "stage": "validation", "elapsed_seconds": 25.08941222599242, "blocks": 240, "prediction_tokens": 491280, "loss": {"native": 5.845817573123715, "native_graph": 5.845817573123715, "candidate_graph": 5.845817573123715}}
{"utc": "2026-09-19T14:24:23Z", "stage": "validation", "elapsed_seconds": 25.571896994952112, "blocks": 256, "prediction_tokens": 524032, "loss": {"native": 5.860577907105685, "native_graph": 5.860577907105685, "candidate_graph": 5.860577907105685}}
{"utc": "2026-09-19T14:24:23Z", "stage": "validation", "elapsed_seconds": 26.052110457909293, "blocks": 272, "prediction_tokens": 556784, "loss": {"native": 5.871153765243513, "native_graph": 5.871153765243513, "candidate_graph": 5.871153765243513}}
{"utc": "2026-09-19T14:24:23Z", "stage": "validation", "elapsed_seconds": 26.526821224950254, "blocks": 288, "prediction_tokens": 589536, "loss": {"native": 5.85495766628994, "native_graph": 5.85495766628994, "candidate_graph": 5.85495766628994}}
{"utc": "2026-09-19T14:24:24Z", "stage": "validation", "elapsed_seconds": 26.99680451094173, "blocks": 304, "prediction_tokens": 622288, "loss": {"native": 5.859802871463605, "native_graph": 5.859802871463605, "candidate_graph": 5.859802871463605}}
{"utc": "2026-09-19T14:24:24Z", "stage": "validation", "elapsed_seconds": 27.475041300989687, "blocks": 320, "prediction_tokens": 655040, "loss": {"native": 5.835200507197079, "native_graph": 5.835200507197079, "candidate_graph": 5.835200507197079}}
{"utc": "2026-09-19T14:24:25Z", "stage": "validation", "elapsed_seconds": 27.959374641999602, "blocks": 336, "prediction_tokens": 687792, "loss": {"native": 5.828935494539274, "native_graph": 5.828935494539274, "candidate_graph": 5.828935494539274}}
{"utc": "2026-09-19T14:24:25Z", "stage": "complete", "elapsed_seconds": 28.040518038906157, "qualified": true, "loss": {"native": 5.83130066301001, "native_graph": 5.83130066301001, "candidate_graph": 5.83130066301001}, "timing": {"native_graph": {"samples": 448, "median_host_ms": 0.9078709990717471, "paired_geomean_speedup": 1.0, "input_tokens_per_second": null}, "candidate_graph": {"samples": 448, "median_host_ms": 0.5166235496290028, "paired_geomean_speedup": 1.757593707888149, "input_tokens_per_second": null}}}
