{"utc": "2026-09-19T14:34:03Z", "stage": "imports", "elapsed_seconds": 0.10368167806882411}
{"utc": "2026-09-19T14:34:05Z", "stage": "loading", "elapsed_seconds": 1.8711940679932013, "mode": "native"}
Loading weights:   0%|          | 0/76 [00:00<?, ?it/s]Loading weights: 100%|██████████| 76/76 [00:00<00:00, 4050.51it/s]
{"utc": "2026-09-19T14:34:06Z", "stage": "capture", "elapsed_seconds": 3.51604723604396, "mode": "native"}
{"utc": "2026-09-19T14:34:07Z", "stage": "loading", "elapsed_seconds": 4.083234835066833, "mode": "candidate"}
Loading weights:   0%|          | 0/76 [00:00<?, ?it/s]Loading weights: 100%|██████████| 76/76 [00:00<00:00, 3523.77it/s]
{"utc": "2026-09-19T14:34:07Z", "stage": "capture", "elapsed_seconds": 4.297704808064736, "mode": "candidate"}
ninja: no work to do.
ninja: no work to do.
ninja: no work to do.
ninja: no work to do.
ninja: no work to do.
{"utc": "2026-09-19T14:34:19Z", "stage": "timing", "elapsed_seconds": 15.841913508018479, "inputs": 64, "passes": 7}
{"utc": "2026-09-19T14:34:19Z", "stage": "validation", "elapsed_seconds": 16.547884194063954, "target_blocks": 338}
{"utc": "2026-09-19T14:34:20Z", "stage": "validation", "elapsed_seconds": 17.126771670999005, "blocks": 16, "prediction_tokens": 32752, "loss": {"native": 5.433529643704965, "native_graph": 5.433529643704965, "candidate_graph": 5.433529643704965}}
{"utc": "2026-09-19T14:34:20Z", "stage": "validation", "elapsed_seconds": 17.583791139069945, "blocks": 32, "prediction_tokens": 65504, "loss": {"native": 5.4627757032848185, "native_graph": 5.4627757032848185, "candidate_graph": 5.4627757032848185}}
{"utc": "2026-09-19T14:34:21Z", "stage": "validation", "elapsed_seconds": 18.04506236698944, "blocks": 48, "prediction_tokens": 98256, "loss": {"native": 5.8373225488058615, "native_graph": 5.8373225488058615, "candidate_graph": 5.8373225488058615}}
{"utc": "2026-09-19T14:34:21Z", "stage": "validation", "elapsed_seconds": 18.49869276303798, "blocks": 64, "prediction_tokens": 131008, "loss": {"native": 5.963783443061445, "native_graph": 5.963783443061445, "candidate_graph": 5.963783443061445}}
{"utc": "2026-09-19T14:34:22Z", "stage": "validation", "elapsed_seconds": 18.95229572907556, "blocks": 80, "prediction_tokens": 163760, "loss": {"native": 5.932614924398701, "native_graph": 5.932614924398701, "candidate_graph": 5.932614924398701}}
{"utc": "2026-09-19T14:34:22Z", "stage": "validation", "elapsed_seconds": 19.40678309206851, "blocks": 96, "prediction_tokens": 196512, "loss": {"native": 5.941523398042327, "native_graph": 5.941523398042327, "candidate_graph": 5.941523398042327}}
{"utc": "2026-09-19T14:34:23Z", "stage": "validation", "elapsed_seconds": 19.862693184055388, "blocks": 112, "prediction_tokens": 229264, "loss": {"native": 5.928813884542628, "native_graph": 5.928813884542628, "candidate_graph": 5.928813884542628}}
{"utc": "2026-09-19T14:34:23Z", "stage": "validation", "elapsed_seconds": 20.352460497058928, "blocks": 128, "prediction_tokens": 262016, "loss": {"native": 5.831156502832246, "native_graph": 5.831156502832246, "candidate_graph": 5.831156502832246}}
{"utc": "2026-09-19T14:34:24Z", "stage": "validation", "elapsed_seconds": 20.846248756046407, "blocks": 144, "prediction_tokens": 294768, "loss": {"native": 5.849604330977561, "native_graph": 5.849604330977561, "candidate_graph": 5.849604330977561}}
{"utc": "2026-09-19T14:34:24Z", "stage": "validation", "elapsed_seconds": 21.331785312038846, "blocks": 160, "prediction_tokens": 327520, "loss": {"native": 5.855593878033689, "native_graph": 5.855593878033689, "candidate_graph": 5.855593878033689}}
{"utc": "2026-09-19T14:34:24Z", "stage": "validation", "elapsed_seconds": 21.78544246905949, "blocks": 176, "prediction_tokens": 360272, "loss": {"native": 5.82820932078532, "native_graph": 5.82820932078532, "candidate_graph": 5.82820932078532}}
{"utc": "2026-09-19T14:34:25Z", "stage": "validation", "elapsed_seconds": 22.240496805054136, "blocks": 192, "prediction_tokens": 393024, "loss": {"native": 5.827277839038217, "native_graph": 5.827277839038217, "candidate_graph": 5.827277839038217}}
{"utc": "2026-09-19T14:34:25Z", "stage": "validation", "elapsed_seconds": 22.694795964984223, "blocks": 208, "prediction_tokens": 425776, "loss": {"native": 5.853064829303951, "native_graph": 5.853064829303951, "candidate_graph": 5.853064829303951}}
{"utc": "2026-09-19T14:34:26Z", "stage": "validation", "elapsed_seconds": 23.149101127055474, "blocks": 224, "prediction_tokens": 458528, "loss": {"native": 5.860974186903867, "native_graph": 5.860974186903867, "candidate_graph": 5.860974186903867}}
{"utc": "2026-09-19T14:34:26Z", "stage": "validation", "elapsed_seconds": 23.602960054995492, "blocks": 240, "prediction_tokens": 491280, "loss": {"native": 5.845817573123715, "native_graph": 5.845817573123715, "candidate_graph": 5.845817573123715}}
{"utc": "2026-09-19T14:34:27Z", "stage": "validation", "elapsed_seconds": 24.05897145799827, "blocks": 256, "prediction_tokens": 524032, "loss": {"native": 5.860577907105685, "native_graph": 5.860577907105685, "candidate_graph": 5.860577907105685}}
{"utc": "2026-09-19T14:34:27Z", "stage": "validation", "elapsed_seconds": 24.512431433075108, "blocks": 272, "prediction_tokens": 556784, "loss": {"native": 5.871153765243513, "native_graph": 5.871153765243513, "candidate_graph": 5.871153765243513}}
{"utc": "2026-09-19T14:34:28Z", "stage": "validation", "elapsed_seconds": 24.96675026405137, "blocks": 288, "prediction_tokens": 589536, "loss": {"native": 5.85495766628994, "native_graph": 5.85495766628994, "candidate_graph": 5.85495766628994}}
{"utc": "2026-09-19T14:34:28Z", "stage": "validation", "elapsed_seconds": 25.419209353043698, "blocks": 304, "prediction_tokens": 622288, "loss": {"native": 5.859802871463605, "native_graph": 5.859802871463605, "candidate_graph": 5.859802871463605}}
{"utc": "2026-09-19T14:34:29Z", "stage": "validation", "elapsed_seconds": 25.873676546034403, "blocks": 320, "prediction_tokens": 655040, "loss": {"native": 5.835200507197079, "native_graph": 5.835200507197079, "candidate_graph": 5.835200507197079}}
{"utc": "2026-09-19T14:34:29Z", "stage": "validation", "elapsed_seconds": 26.327852886053734, "blocks": 336, "prediction_tokens": 687792, "loss": {"native": 5.828935494539274, "native_graph": 5.828935494539274, "candidate_graph": 5.828935494539274}}
{"utc": "2026-09-19T14:34:29Z", "stage": "complete", "elapsed_seconds": 26.404872828978114, "qualified": true, "loss": {"native": 5.83130066301001, "native_graph": 5.83130066301001, "candidate_graph": 5.83130066301001}, "timing": {"native_graph": {"samples": 448, "median_host_ms": 0.9077814756892622, "paired_geomean_speedup": 1.0, "input_tokens_per_second": null}, "candidate_graph": {"samples": 448, "median_host_ms": 0.5109435296617448, "paired_geomean_speedup": 1.7730390871824575, "input_tokens_per_second": null}}}
