{"utc": "2026-09-19T14:29:22Z", "stage": "imports", "elapsed_seconds": 0.11666589393280447}
{"utc": "2026-09-19T14:29:25Z", "stage": "loading", "elapsed_seconds": 2.671056938939728, "mode": "native"}
Loading weights:   0%|          | 0/76 [00:00<?, ?it/s]Loading weights: 100%|██████████| 76/76 [00:00<00:00, 4477.07it/s]
{"utc": "2026-09-19T14:29:27Z", "stage": "capture", "elapsed_seconds": 4.400886122952215, "mode": "native"}
{"utc": "2026-09-19T14:29:27Z", "stage": "loading", "elapsed_seconds": 4.873911706963554, "mode": "candidate"}
Loading weights:   0%|          | 0/76 [00:00<?, ?it/s]Loading weights: 100%|██████████| 76/76 [00:00<00:00, 4546.15it/s]
{"utc": "2026-09-19T14:29:27Z", "stage": "capture", "elapsed_seconds": 5.118869718979113, "mode": "candidate"}
ninja: no work to do.
ninja: no work to do.
ninja: no work to do.
ninja: no work to do.
ninja: no work to do.
{"utc": "2026-09-19T14:29:40Z", "stage": "timing", "elapsed_seconds": 17.612828659941442, "inputs": 64, "passes": 7}
{"utc": "2026-09-19T14:29:41Z", "stage": "validation", "elapsed_seconds": 18.331957082962617, "target_blocks": 338}
{"utc": "2026-09-19T14:29:41Z", "stage": "validation", "elapsed_seconds": 18.92733469698578, "blocks": 16, "prediction_tokens": 32752, "loss": {"native": 5.433529643704965, "native_graph": 5.433529643704965, "candidate_graph": 5.433529643704965}}
{"utc": "2026-09-19T14:29:42Z", "stage": "validation", "elapsed_seconds": 19.390585516928695, "blocks": 32, "prediction_tokens": 65504, "loss": {"native": 5.4627757032848185, "native_graph": 5.4627757032848185, "candidate_graph": 5.4627757032848185}}
{"utc": "2026-09-19T14:29:42Z", "stage": "validation", "elapsed_seconds": 19.857457189937122, "blocks": 48, "prediction_tokens": 98256, "loss": {"native": 5.8373225488058615, "native_graph": 5.8373225488058615, "candidate_graph": 5.8373225488058615}}
{"utc": "2026-09-19T14:29:43Z", "stage": "validation", "elapsed_seconds": 20.325691572972573, "blocks": 64, "prediction_tokens": 131008, "loss": {"native": 5.963783443061445, "native_graph": 5.963783443061445, "candidate_graph": 5.963783443061445}}
{"utc": "2026-09-19T14:29:43Z", "stage": "validation", "elapsed_seconds": 20.79282654693816, "blocks": 80, "prediction_tokens": 163760, "loss": {"native": 5.932614924398701, "native_graph": 5.932614924398701, "candidate_graph": 5.932614924398701}}
{"utc": "2026-09-19T14:29:44Z", "stage": "validation", "elapsed_seconds": 21.259714380954392, "blocks": 96, "prediction_tokens": 196512, "loss": {"native": 5.941523398042327, "native_graph": 5.941523398042327, "candidate_graph": 5.941523398042327}}
{"utc": "2026-09-19T14:29:44Z", "stage": "validation", "elapsed_seconds": 21.723459063912742, "blocks": 112, "prediction_tokens": 229264, "loss": {"native": 5.928813884542628, "native_graph": 5.928813884542628, "candidate_graph": 5.928813884542628}}
{"utc": "2026-09-19T14:29:45Z", "stage": "validation", "elapsed_seconds": 22.189212719909847, "blocks": 128, "prediction_tokens": 262016, "loss": {"native": 5.831156502832246, "native_graph": 5.831156502832246, "candidate_graph": 5.831156502832246}}
{"utc": "2026-09-19T14:29:45Z", "stage": "validation", "elapsed_seconds": 22.655476499930955, "blocks": 144, "prediction_tokens": 294768, "loss": {"native": 5.849604330977561, "native_graph": 5.849604330977561, "candidate_graph": 5.849604330977561}}
{"utc": "2026-09-19T14:29:45Z", "stage": "validation", "elapsed_seconds": 23.118388406932354, "blocks": 160, "prediction_tokens": 327520, "loss": {"native": 5.855593878033689, "native_graph": 5.855593878033689, "candidate_graph": 5.855593878033689}}
{"utc": "2026-09-19T14:29:46Z", "stage": "validation", "elapsed_seconds": 23.58726817299612, "blocks": 176, "prediction_tokens": 360272, "loss": {"native": 5.82820932078532, "native_graph": 5.82820932078532, "candidate_graph": 5.82820932078532}}
{"utc": "2026-09-19T14:29:46Z", "stage": "validation", "elapsed_seconds": 24.048544619930908, "blocks": 192, "prediction_tokens": 393024, "loss": {"native": 5.827277839038217, "native_graph": 5.827277839038217, "candidate_graph": 5.827277839038217}}
{"utc": "2026-09-19T14:29:47Z", "stage": "validation", "elapsed_seconds": 24.516345979995094, "blocks": 208, "prediction_tokens": 425776, "loss": {"native": 5.853064829303951, "native_graph": 5.853064829303951, "candidate_graph": 5.853064829303951}}
{"utc": "2026-09-19T14:29:47Z", "stage": "validation", "elapsed_seconds": 24.98608700092882, "blocks": 224, "prediction_tokens": 458528, "loss": {"native": 5.860974186903867, "native_graph": 5.860974186903867, "candidate_graph": 5.860974186903867}}
{"utc": "2026-09-19T14:29:48Z", "stage": "validation", "elapsed_seconds": 25.44665682397317, "blocks": 240, "prediction_tokens": 491280, "loss": {"native": 5.845817573123715, "native_graph": 5.845817573123715, "candidate_graph": 5.845817573123715}}
{"utc": "2026-09-19T14:29:48Z", "stage": "validation", "elapsed_seconds": 25.915373658994213, "blocks": 256, "prediction_tokens": 524032, "loss": {"native": 5.860577907105685, "native_graph": 5.860577907105685, "candidate_graph": 5.860577907105685}}
{"utc": "2026-09-19T14:29:49Z", "stage": "validation", "elapsed_seconds": 26.384764688904397, "blocks": 272, "prediction_tokens": 556784, "loss": {"native": 5.871153765243513, "native_graph": 5.871153765243513, "candidate_graph": 5.871153765243513}}
{"utc": "2026-09-19T14:29:49Z", "stage": "validation", "elapsed_seconds": 26.846874870941974, "blocks": 288, "prediction_tokens": 589536, "loss": {"native": 5.85495766628994, "native_graph": 5.85495766628994, "candidate_graph": 5.85495766628994}}
{"utc": "2026-09-19T14:29:50Z", "stage": "validation", "elapsed_seconds": 27.31349831400439, "blocks": 304, "prediction_tokens": 622288, "loss": {"native": 5.859802871463605, "native_graph": 5.859802871463605, "candidate_graph": 5.859802871463605}}
{"utc": "2026-09-19T14:29:50Z", "stage": "validation", "elapsed_seconds": 27.78628309490159, "blocks": 320, "prediction_tokens": 655040, "loss": {"native": 5.835200507197079, "native_graph": 5.835200507197079, "candidate_graph": 5.835200507197079}}
{"utc": "2026-09-19T14:29:51Z", "stage": "validation", "elapsed_seconds": 28.251094914972782, "blocks": 336, "prediction_tokens": 687792, "loss": {"native": 5.828935494539274, "native_graph": 5.828935494539274, "candidate_graph": 5.828935494539274}}
{"utc": "2026-09-19T14:29:51Z", "stage": "complete", "elapsed_seconds": 28.332259225891903, "qualified": true, "loss": {"native": 5.83130066301001, "native_graph": 5.83130066301001, "candidate_graph": 5.83130066301001}, "timing": {"native_graph": {"samples": 448, "median_host_ms": 0.9123604977503419, "paired_geomean_speedup": 1.0, "input_tokens_per_second": null}, "candidate_graph": {"samples": 448, "median_host_ms": 0.5154585232958198, "paired_geomean_speedup": 1.7761707723167137, "input_tokens_per_second": null}}}
