{"utc": "2026-09-19T14:35:35Z", "stage": "imports", "elapsed_seconds": 0.11345007200725377}
{"utc": "2026-09-19T14:35:38Z", "stage": "loading", "elapsed_seconds": 2.357709350064397, "mode": "native"}
Loading weights:   0%|          | 0/76 [00:00<?, ?it/s]Loading weights: 100%|██████████| 76/76 [00:00<00:00, 5800.83it/s]
{"utc": "2026-09-19T14:35:39Z", "stage": "capture", "elapsed_seconds": 4.1685514519922435, "mode": "native"}
{"utc": "2026-09-19T14:35:41Z", "stage": "loading", "elapsed_seconds": 5.570978405070491, "mode": "candidate"}
Loading weights:   0%|          | 0/76 [00:00<?, ?it/s]Loading weights: 100%|██████████| 76/76 [00:00<00:00, 5282.50it/s]
{"utc": "2026-09-19T14:35:41Z", "stage": "capture", "elapsed_seconds": 5.866148454020731, "mode": "candidate"}
ninja: no work to do.
ninja: no work to do.
ninja: no work to do.
ninja: no work to do.
ninja: no work to do.
{"utc": "2026-09-19T14:35:55Z", "stage": "timing", "elapsed_seconds": 20.305657400982454, "inputs": 64, "passes": 7}
{"utc": "2026-09-19T14:35:56Z", "stage": "validation", "elapsed_seconds": 21.05808110104408, "target_blocks": 338}
{"utc": "2026-09-19T14:35:57Z", "stage": "validation", "elapsed_seconds": 21.704532900010236, "blocks": 16, "prediction_tokens": 32752, "loss": {"native": 5.433529643704965, "native_graph": 5.433529643704965, "candidate_graph": 5.433529643704965}}
{"utc": "2026-09-19T14:35:57Z", "stage": "validation", "elapsed_seconds": 22.190453257062472, "blocks": 32, "prediction_tokens": 65504, "loss": {"native": 5.4627757032848185, "native_graph": 5.4627757032848185, "candidate_graph": 5.4627757032848185}}
{"utc": "2026-09-19T14:35:58Z", "stage": "validation", "elapsed_seconds": 22.64890249504242, "blocks": 48, "prediction_tokens": 98256, "loss": {"native": 5.8373225488058615, "native_graph": 5.8373225488058615, "candidate_graph": 5.8373225488058615}}
{"utc": "2026-09-19T14:35:58Z", "stage": "validation", "elapsed_seconds": 23.112306206021458, "blocks": 64, "prediction_tokens": 131008, "loss": {"native": 5.963783443061445, "native_graph": 5.963783443061445, "candidate_graph": 5.963783443061445}}
{"utc": "2026-09-19T14:35:59Z", "stage": "validation", "elapsed_seconds": 23.580108604975976, "blocks": 80, "prediction_tokens": 163760, "loss": {"native": 5.932614924398701, "native_graph": 5.932614924398701, "candidate_graph": 5.932614924398701}}
{"utc": "2026-09-19T14:35:59Z", "stage": "validation", "elapsed_seconds": 24.043103983975016, "blocks": 96, "prediction_tokens": 196512, "loss": {"native": 5.941523398042327, "native_graph": 5.941523398042327, "candidate_graph": 5.941523398042327}}
{"utc": "2026-09-19T14:36:00Z", "stage": "validation", "elapsed_seconds": 24.501600041985512, "blocks": 112, "prediction_tokens": 229264, "loss": {"native": 5.928813884542628, "native_graph": 5.928813884542628, "candidate_graph": 5.928813884542628}}
{"utc": "2026-09-19T14:36:00Z", "stage": "validation", "elapsed_seconds": 24.97485175705515, "blocks": 128, "prediction_tokens": 262016, "loss": {"native": 5.831156502832246, "native_graph": 5.831156502832246, "candidate_graph": 5.831156502832246}}
{"utc": "2026-09-19T14:36:01Z", "stage": "validation", "elapsed_seconds": 25.43700500903651, "blocks": 144, "prediction_tokens": 294768, "loss": {"native": 5.849604330977561, "native_graph": 5.849604330977561, "candidate_graph": 5.849604330977561}}
{"utc": "2026-09-19T14:36:01Z", "stage": "validation", "elapsed_seconds": 25.90416688506957, "blocks": 160, "prediction_tokens": 327520, "loss": {"native": 5.855593878033689, "native_graph": 5.855593878033689, "candidate_graph": 5.855593878033689}}
{"utc": "2026-09-19T14:36:02Z", "stage": "validation", "elapsed_seconds": 26.36414937407244, "blocks": 176, "prediction_tokens": 360272, "loss": {"native": 5.82820932078532, "native_graph": 5.82820932078532, "candidate_graph": 5.82820932078532}}
{"utc": "2026-09-19T14:36:02Z", "stage": "validation", "elapsed_seconds": 26.82895386405289, "blocks": 192, "prediction_tokens": 393024, "loss": {"native": 5.827277839038217, "native_graph": 5.827277839038217, "candidate_graph": 5.827277839038217}}
{"utc": "2026-09-19T14:36:02Z", "stage": "validation", "elapsed_seconds": 27.28986388805788, "blocks": 208, "prediction_tokens": 425776, "loss": {"native": 5.853064829303951, "native_graph": 5.853064829303951, "candidate_graph": 5.853064829303951}}
{"utc": "2026-09-19T14:36:03Z", "stage": "validation", "elapsed_seconds": 27.748711509048007, "blocks": 224, "prediction_tokens": 458528, "loss": {"native": 5.860974186903867, "native_graph": 5.860974186903867, "candidate_graph": 5.860974186903867}}
{"utc": "2026-09-19T14:36:03Z", "stage": "validation", "elapsed_seconds": 28.211375053972006, "blocks": 240, "prediction_tokens": 491280, "loss": {"native": 5.845817573123715, "native_graph": 5.845817573123715, "candidate_graph": 5.845817573123715}}
{"utc": "2026-09-19T14:36:04Z", "stage": "validation", "elapsed_seconds": 28.67436797299888, "blocks": 256, "prediction_tokens": 524032, "loss": {"native": 5.860577907105685, "native_graph": 5.860577907105685, "candidate_graph": 5.860577907105685}}
{"utc": "2026-09-19T14:36:04Z", "stage": "validation", "elapsed_seconds": 29.13522170705255, "blocks": 272, "prediction_tokens": 556784, "loss": {"native": 5.871153765243513, "native_graph": 5.871153765243513, "candidate_graph": 5.871153765243513}}
{"utc": "2026-09-19T14:36:05Z", "stage": "validation", "elapsed_seconds": 29.607309594051912, "blocks": 288, "prediction_tokens": 589536, "loss": {"native": 5.85495766628994, "native_graph": 5.85495766628994, "candidate_graph": 5.85495766628994}}
{"utc": "2026-09-19T14:36:05Z", "stage": "validation", "elapsed_seconds": 30.099370012059808, "blocks": 304, "prediction_tokens": 622288, "loss": {"native": 5.859802871463605, "native_graph": 5.859802871463605, "candidate_graph": 5.859802871463605}}
{"utc": "2026-09-19T14:36:06Z", "stage": "validation", "elapsed_seconds": 30.592263945029117, "blocks": 320, "prediction_tokens": 655040, "loss": {"native": 5.835200507197079, "native_graph": 5.835200507197079, "candidate_graph": 5.835200507197079}}
{"utc": "2026-09-19T14:36:06Z", "stage": "validation", "elapsed_seconds": 31.077295118011534, "blocks": 336, "prediction_tokens": 687792, "loss": {"native": 5.828935494539274, "native_graph": 5.828935494539274, "candidate_graph": 5.828935494539274}}
{"utc": "2026-09-19T14:36:06Z", "stage": "complete", "elapsed_seconds": 31.162244064034894, "qualified": true, "loss": {"native": 5.83130066301001, "native_graph": 5.83130066301001, "candidate_graph": 5.83130066301001}, "timing": {"native_graph": {"samples": 448, "median_host_ms": 0.9101315517909825, "paired_geomean_speedup": 1.0, "input_tokens_per_second": null}, "candidate_graph": {"samples": 448, "median_host_ms": 0.5464840214699507, "paired_geomean_speedup": 1.6648136552205108, "input_tokens_per_second": null}}}
