{"utc": "2026-09-19T14:21:29Z", "stage": "imports", "elapsed_seconds": 0.12667722790502012}
{"utc": "2026-09-19T14:21:31Z", "stage": "loading", "elapsed_seconds": 1.5880314239766449, "mode": "native"}
Loading weights:   0%|          | 0/76 [00:00<?, ?it/s]Loading weights: 100%|██████████| 76/76 [00:00<00:00, 6660.96it/s]
{"utc": "2026-09-19T14:21:32Z", "stage": "capture", "elapsed_seconds": 3.4951565680094063, "mode": "native"}
{"utc": "2026-09-19T14:21:33Z", "stage": "loading", "elapsed_seconds": 3.9115360300056636, "mode": "candidate"}
Loading weights:   0%|          | 0/76 [00:00<?, ?it/s]Loading weights: 100%|██████████| 76/76 [00:00<00:00, 4935.85it/s]
{"utc": "2026-09-19T14:21:33Z", "stage": "capture", "elapsed_seconds": 4.144466968951747, "mode": "candidate"}
ninja: no work to do.
ninja: no work to do.
ninja: no work to do.
ninja: no work to do.
ninja: no work to do.
{"utc": "2026-09-19T14:21:47Z", "stage": "timing", "elapsed_seconds": 18.016335672931746, "inputs": 64, "passes": 7}
{"utc": "2026-09-19T14:21:48Z", "stage": "validation", "elapsed_seconds": 18.74919294496067, "target_blocks": 338}
{"utc": "2026-09-19T14:21:48Z", "stage": "validation", "elapsed_seconds": 19.35961808997672, "blocks": 16, "prediction_tokens": 32752, "loss": {"native": 5.433529643704965, "native_graph": 5.433529643704965, "candidate_graph": 5.433529643704965}}
{"utc": "2026-09-19T14:21:49Z", "stage": "validation", "elapsed_seconds": 19.840647939010523, "blocks": 32, "prediction_tokens": 65504, "loss": {"native": 5.4627757032848185, "native_graph": 5.4627757032848185, "candidate_graph": 5.4627757032848185}}
{"utc": "2026-09-19T14:21:49Z", "stage": "validation", "elapsed_seconds": 20.32121947396081, "blocks": 48, "prediction_tokens": 98256, "loss": {"native": 5.8373225488058615, "native_graph": 5.8373225488058615, "candidate_graph": 5.8373225488058615}}
{"utc": "2026-09-19T14:21:50Z", "stage": "validation", "elapsed_seconds": 20.822201565955766, "blocks": 64, "prediction_tokens": 131008, "loss": {"native": 5.963783443061445, "native_graph": 5.963783443061445, "candidate_graph": 5.963783443061445}}
{"utc": "2026-09-19T14:21:50Z", "stage": "validation", "elapsed_seconds": 21.306679426925257, "blocks": 80, "prediction_tokens": 163760, "loss": {"native": 5.932614924398701, "native_graph": 5.932614924398701, "candidate_graph": 5.932614924398701}}
{"utc": "2026-09-19T14:21:51Z", "stage": "validation", "elapsed_seconds": 21.78518390993122, "blocks": 96, "prediction_tokens": 196512, "loss": {"native": 5.941523398042327, "native_graph": 5.941523398042327, "candidate_graph": 5.941523398042327}}
{"utc": "2026-09-19T14:21:51Z", "stage": "validation", "elapsed_seconds": 22.261777428910136, "blocks": 112, "prediction_tokens": 229264, "loss": {"native": 5.928813884542628, "native_graph": 5.928813884542628, "candidate_graph": 5.928813884542628}}
{"utc": "2026-09-19T14:21:52Z", "stage": "validation", "elapsed_seconds": 22.742535705910996, "blocks": 128, "prediction_tokens": 262016, "loss": {"native": 5.831156502832246, "native_graph": 5.831156502832246, "candidate_graph": 5.831156502832246}}
{"utc": "2026-09-19T14:21:52Z", "stage": "validation", "elapsed_seconds": 23.21305741497781, "blocks": 144, "prediction_tokens": 294768, "loss": {"native": 5.849604330977561, "native_graph": 5.849604330977561, "candidate_graph": 5.849604330977561}}
{"utc": "2026-09-19T14:21:53Z", "stage": "validation", "elapsed_seconds": 23.664958801935427, "blocks": 160, "prediction_tokens": 327520, "loss": {"native": 5.855593878033689, "native_graph": 5.855593878033689, "candidate_graph": 5.855593878033689}}
{"utc": "2026-09-19T14:21:53Z", "stage": "validation", "elapsed_seconds": 24.11966449697502, "blocks": 176, "prediction_tokens": 360272, "loss": {"native": 5.82820932078532, "native_graph": 5.82820932078532, "candidate_graph": 5.82820932078532}}
{"utc": "2026-09-19T14:21:53Z", "stage": "validation", "elapsed_seconds": 24.57659090589732, "blocks": 192, "prediction_tokens": 393024, "loss": {"native": 5.827277839038217, "native_graph": 5.827277839038217, "candidate_graph": 5.827277839038217}}
{"utc": "2026-09-19T14:21:54Z", "stage": "validation", "elapsed_seconds": 25.030448054894805, "blocks": 208, "prediction_tokens": 425776, "loss": {"native": 5.853064829303951, "native_graph": 5.853064829303951, "candidate_graph": 5.853064829303951}}
{"utc": "2026-09-19T14:21:54Z", "stage": "validation", "elapsed_seconds": 25.486388468998484, "blocks": 224, "prediction_tokens": 458528, "loss": {"native": 5.860974186903867, "native_graph": 5.860974186903867, "candidate_graph": 5.860974186903867}}
{"utc": "2026-09-19T14:21:55Z", "stage": "validation", "elapsed_seconds": 25.939258241909556, "blocks": 240, "prediction_tokens": 491280, "loss": {"native": 5.845817573123715, "native_graph": 5.845817573123715, "candidate_graph": 5.845817573123715}}
{"utc": "2026-09-19T14:21:55Z", "stage": "validation", "elapsed_seconds": 26.393801664933562, "blocks": 256, "prediction_tokens": 524032, "loss": {"native": 5.860577907105685, "native_graph": 5.860577907105685, "candidate_graph": 5.860577907105685}}
{"utc": "2026-09-19T14:21:56Z", "stage": "validation", "elapsed_seconds": 26.845105918007903, "blocks": 272, "prediction_tokens": 556784, "loss": {"native": 5.871153765243513, "native_graph": 5.871153765243513, "candidate_graph": 5.871153765243513}}
{"utc": "2026-09-19T14:21:56Z", "stage": "validation", "elapsed_seconds": 27.30026597599499, "blocks": 288, "prediction_tokens": 589536, "loss": {"native": 5.85495766628994, "native_graph": 5.85495766628994, "candidate_graph": 5.85495766628994}}
{"utc": "2026-09-19T14:21:57Z", "stage": "validation", "elapsed_seconds": 27.754324176930822, "blocks": 304, "prediction_tokens": 622288, "loss": {"native": 5.859802871463605, "native_graph": 5.859802871463605, "candidate_graph": 5.859802871463605}}
{"utc": "2026-09-19T14:21:57Z", "stage": "validation", "elapsed_seconds": 28.211247936007567, "blocks": 320, "prediction_tokens": 655040, "loss": {"native": 5.835200507197079, "native_graph": 5.835200507197079, "candidate_graph": 5.835200507197079}}
{"utc": "2026-09-19T14:21:58Z", "stage": "validation", "elapsed_seconds": 28.67315884900745, "blocks": 336, "prediction_tokens": 687792, "loss": {"native": 5.828935494539274, "native_graph": 5.828935494539274, "candidate_graph": 5.828935494539274}}
{"utc": "2026-09-19T14:21:58Z", "stage": "diagnostics", "elapsed_seconds": 28.766936787986197, "loss": {"native": 5.83130066301001, "native_graph": 5.83130066301001, "candidate_graph": 5.83130066301001}}
{"utc": "2026-09-19T14:21:59Z", "stage": "diagnostics", "elapsed_seconds": 30.103599891997874, "blocks": 32, "input_tokens_per_second": 49352.6060290112, "remaining_seconds": 12.698174431388907}
{"utc": "2026-09-19T14:22:00Z", "stage": "diagnostics", "elapsed_seconds": 31.298314726911485, "blocks": 64, "input_tokens_per_second": 51958.45191176926, "remaining_seconds": 10.800013844771456}
{"utc": "2026-09-19T14:22:01Z", "stage": "diagnostics", "elapsed_seconds": 32.53319865791127, "blocks": 96, "input_tokens_per_second": 52324.01520156335, "remaining_seconds": 9.472055959214535}
{"utc": "2026-09-19T14:22:03Z", "stage": "diagnostics", "elapsed_seconds": 33.74434040195774, "blocks": 128, "input_tokens_per_second": 52759.55103962301, "remaining_seconds": 8.151699389500209}
{"utc": "2026-09-19T14:22:04Z", "stage": "diagnostics", "elapsed_seconds": 35.04235438990872, "blocks": 160, "input_tokens_per_second": 52289.56815657355, "remaining_seconds": 6.971639140495972}
{"utc": "2026-09-19T14:22:05Z", "stage": "diagnostics", "elapsed_seconds": 36.2283969479613, "blocks": 192, "input_tokens_per_second": 52761.46835989226, "remaining_seconds": 5.66716600759537}
{"utc": "2026-09-19T14:22:06Z", "stage": "diagnostics", "elapsed_seconds": 37.46606968692504, "blocks": 224, "input_tokens_per_second": 52788.46888715584, "remaining_seconds": 4.422784083756726}
{"utc": "2026-09-19T14:22:08Z", "stage": "diagnostics", "elapsed_seconds": 38.74695470195729, "blocks": 256, "input_tokens_per_second": 52579.870295837216, "remaining_seconds": 3.193921914510611}
{"utc": "2026-09-19T14:22:09Z", "stage": "diagnostics", "elapsed_seconds": 40.04630627890583, "blocks": 288, "input_tokens_per_second": 52332.88385796379, "remaining_seconds": 1.9567047036414604}
{"utc": "2026-09-19T14:22:10Z", "stage": "diagnostics", "elapsed_seconds": 41.35318364598788, "blocks": 320, "input_tokens_per_second": 52105.75238003529, "remaining_seconds": 0.707484266442043}
{"utc": "2026-09-19T14:22:11Z", "stage": "complete", "elapsed_seconds": 42.07479056494776, "qualified": true, "loss": {"native": 5.83130066301001, "native_graph": 5.83130066301001, "candidate_graph": 5.83130066301001}, "timing": {"candidate_graph": {"samples": 448, "median_host_ms": 0.5203880136832595, "paired_geomean_speedup": 1.7565914348002127, "input_tokens_per_second": null}, "native_graph": {"samples": 448, "median_host_ms": 0.9119765018112957, "paired_geomean_speedup": 1.0, "input_tokens_per_second": null}}}
