{"utc": "2026-09-19T14:25:57Z", "stage": "imports", "elapsed_seconds": 0.10592833103146404}
{"utc": "2026-09-19T14:25:59Z", "stage": "loading", "elapsed_seconds": 2.1438088780269027, "mode": "native"}
Loading weights:   0%|          | 0/76 [00:00<?, ?it/s]Loading weights: 100%|██████████| 76/76 [00:00<00:00, 5545.99it/s]
{"utc": "2026-09-19T14:26:01Z", "stage": "capture", "elapsed_seconds": 3.9834909570636228, "mode": "native"}
{"utc": "2026-09-19T14:26:01Z", "stage": "loading", "elapsed_seconds": 4.581489369040355, "mode": "candidate"}
Loading weights:   0%|          | 0/76 [00:00<?, ?it/s]Loading weights: 100%|██████████| 76/76 [00:00<00:00, 4672.43it/s]
{"utc": "2026-09-19T14:26:01Z", "stage": "capture", "elapsed_seconds": 4.783732165000401, "mode": "candidate"}
ninja: no work to do.
ninja: no work to do.
ninja: no work to do.
ninja: no work to do.
ninja: no work to do.
{"utc": "2026-09-19T14:26:15Z", "stage": "timing", "elapsed_seconds": 18.766111840028316, "inputs": 64, "passes": 7}
{"utc": "2026-09-19T14:26:16Z", "stage": "validation", "elapsed_seconds": 19.482157842023298, "target_blocks": 338}
{"utc": "2026-09-19T14:26:17Z", "stage": "validation", "elapsed_seconds": 20.10248103097547, "blocks": 16, "prediction_tokens": 32752, "loss": {"native": 5.433529643704965, "native_graph": 5.433529643704965, "candidate_graph": 5.433529643704965}}
{"utc": "2026-09-19T14:26:17Z", "stage": "validation", "elapsed_seconds": 20.56143980496563, "blocks": 32, "prediction_tokens": 65504, "loss": {"native": 5.4627757032848185, "native_graph": 5.4627757032848185, "candidate_graph": 5.4627757032848185}}
{"utc": "2026-09-19T14:26:18Z", "stage": "validation", "elapsed_seconds": 21.0263227870455, "blocks": 48, "prediction_tokens": 98256, "loss": {"native": 5.8373225488058615, "native_graph": 5.8373225488058615, "candidate_graph": 5.8373225488058615}}
{"utc": "2026-09-19T14:26:18Z", "stage": "validation", "elapsed_seconds": 21.486501547973603, "blocks": 64, "prediction_tokens": 131008, "loss": {"native": 5.963783443061445, "native_graph": 5.963783443061445, "candidate_graph": 5.963783443061445}}
{"utc": "2026-09-19T14:26:19Z", "stage": "validation", "elapsed_seconds": 21.94675984897185, "blocks": 80, "prediction_tokens": 163760, "loss": {"native": 5.932614924398701, "native_graph": 5.932614924398701, "candidate_graph": 5.932614924398701}}
{"utc": "2026-09-19T14:26:19Z", "stage": "validation", "elapsed_seconds": 22.40594643400982, "blocks": 96, "prediction_tokens": 196512, "loss": {"native": 5.941523398042327, "native_graph": 5.941523398042327, "candidate_graph": 5.941523398042327}}
{"utc": "2026-09-19T14:26:19Z", "stage": "validation", "elapsed_seconds": 22.863519837963395, "blocks": 112, "prediction_tokens": 229264, "loss": {"native": 5.928813884542628, "native_graph": 5.928813884542628, "candidate_graph": 5.928813884542628}}
{"utc": "2026-09-19T14:26:20Z", "stage": "validation", "elapsed_seconds": 23.324288213043474, "blocks": 128, "prediction_tokens": 262016, "loss": {"native": 5.831156502832246, "native_graph": 5.831156502832246, "candidate_graph": 5.831156502832246}}
{"utc": "2026-09-19T14:26:20Z", "stage": "validation", "elapsed_seconds": 23.79145454103127, "blocks": 144, "prediction_tokens": 294768, "loss": {"native": 5.849604330977561, "native_graph": 5.849604330977561, "candidate_graph": 5.849604330977561}}
{"utc": "2026-09-19T14:26:21Z", "stage": "validation", "elapsed_seconds": 24.249635608051904, "blocks": 160, "prediction_tokens": 327520, "loss": {"native": 5.855593878033689, "native_graph": 5.855593878033689, "candidate_graph": 5.855593878033689}}
{"utc": "2026-09-19T14:26:21Z", "stage": "validation", "elapsed_seconds": 24.71335190301761, "blocks": 176, "prediction_tokens": 360272, "loss": {"native": 5.82820932078532, "native_graph": 5.82820932078532, "candidate_graph": 5.82820932078532}}
{"utc": "2026-09-19T14:26:22Z", "stage": "validation", "elapsed_seconds": 25.17917557095643, "blocks": 192, "prediction_tokens": 393024, "loss": {"native": 5.827277839038217, "native_graph": 5.827277839038217, "candidate_graph": 5.827277839038217}}
{"utc": "2026-09-19T14:26:22Z", "stage": "validation", "elapsed_seconds": 25.6458236949984, "blocks": 208, "prediction_tokens": 425776, "loss": {"native": 5.853064829303951, "native_graph": 5.853064829303951, "candidate_graph": 5.853064829303951}}
{"utc": "2026-09-19T14:26:23Z", "stage": "validation", "elapsed_seconds": 26.101372356060892, "blocks": 224, "prediction_tokens": 458528, "loss": {"native": 5.860974186903867, "native_graph": 5.860974186903867, "candidate_graph": 5.860974186903867}}
{"utc": "2026-09-19T14:26:23Z", "stage": "validation", "elapsed_seconds": 26.56165551696904, "blocks": 240, "prediction_tokens": 491280, "loss": {"native": 5.845817573123715, "native_graph": 5.845817573123715, "candidate_graph": 5.845817573123715}}
{"utc": "2026-09-19T14:26:24Z", "stage": "validation", "elapsed_seconds": 27.02990135201253, "blocks": 256, "prediction_tokens": 524032, "loss": {"native": 5.860577907105685, "native_graph": 5.860577907105685, "candidate_graph": 5.860577907105685}}
{"utc": "2026-09-19T14:26:24Z", "stage": "validation", "elapsed_seconds": 27.503741382970475, "blocks": 272, "prediction_tokens": 556784, "loss": {"native": 5.871153765243513, "native_graph": 5.871153765243513, "candidate_graph": 5.871153765243513}}
{"utc": "2026-09-19T14:26:25Z", "stage": "validation", "elapsed_seconds": 27.966426161001436, "blocks": 288, "prediction_tokens": 589536, "loss": {"native": 5.85495766628994, "native_graph": 5.85495766628994, "candidate_graph": 5.85495766628994}}
{"utc": "2026-09-19T14:26:25Z", "stage": "validation", "elapsed_seconds": 28.42536402400583, "blocks": 304, "prediction_tokens": 622288, "loss": {"native": 5.859802871463605, "native_graph": 5.859802871463605, "candidate_graph": 5.859802871463605}}
{"utc": "2026-09-19T14:26:25Z", "stage": "validation", "elapsed_seconds": 28.887976741068996, "blocks": 320, "prediction_tokens": 655040, "loss": {"native": 5.835200507197079, "native_graph": 5.835200507197079, "candidate_graph": 5.835200507197079}}
{"utc": "2026-09-19T14:26:26Z", "stage": "validation", "elapsed_seconds": 29.35156207496766, "blocks": 336, "prediction_tokens": 687792, "loss": {"native": 5.828935494539274, "native_graph": 5.828935494539274, "candidate_graph": 5.828935494539274}}
{"utc": "2026-09-19T14:26:26Z", "stage": "complete", "elapsed_seconds": 29.431066230055876, "qualified": true, "loss": {"native": 5.83130066301001, "native_graph": 5.83130066301001, "candidate_graph": 5.83130066301001}, "timing": {"native_graph": {"samples": 448, "median_host_ms": 0.9074114495888352, "paired_geomean_speedup": 1.0, "input_tokens_per_second": null}, "candidate_graph": {"samples": 448, "median_host_ms": 0.5146629991941154, "paired_geomean_speedup": 1.767340907330464, "input_tokens_per_second": null}}}
