{"utc": "2026-09-19T14:33:32Z", "stage": "imports", "elapsed_seconds": 0.10651866695843637}
{"utc": "2026-09-19T14:33:33Z", "stage": "loading", "elapsed_seconds": 1.5551789399469271, "mode": "native"}
Loading weights:   0%|          | 0/76 [00:00<?, ?it/s]Loading weights: 100%|██████████| 76/76 [00:00<00:00, 3963.58it/s]
{"utc": "2026-09-19T14:33:35Z", "stage": "capture", "elapsed_seconds": 3.1664703290443867, "mode": "native"}
{"utc": "2026-09-19T14:33:35Z", "stage": "loading", "elapsed_seconds": 3.600869858986698, "mode": "candidate"}
Loading weights:   0%|          | 0/76 [00:00<?, ?it/s]Loading weights: 100%|██████████| 76/76 [00:00<00:00, 3106.98it/s]
{"utc": "2026-09-19T14:33:35Z", "stage": "capture", "elapsed_seconds": 3.8146794179920107, "mode": "candidate"}
ninja: no work to do.
ninja: no work to do.
ninja: no work to do.
ninja: no work to do.
ninja: no work to do.
{"utc": "2026-09-19T14:33:50Z", "stage": "timing", "elapsed_seconds": 18.209552312036976, "inputs": 64, "passes": 7}
{"utc": "2026-09-19T14:33:50Z", "stage": "validation", "elapsed_seconds": 18.912177926977165, "target_blocks": 338}
{"utc": "2026-09-19T14:33:51Z", "stage": "validation", "elapsed_seconds": 19.50716740800999, "blocks": 16, "prediction_tokens": 32752, "loss": {"native": 5.433529643704965, "native_graph": 5.433529643704965, "candidate_graph": 5.433529643704965}}
{"utc": "2026-09-19T14:33:51Z", "stage": "validation", "elapsed_seconds": 19.959882459021173, "blocks": 32, "prediction_tokens": 65504, "loss": {"native": 5.4627757032848185, "native_graph": 5.4627757032848185, "candidate_graph": 5.4627757032848185}}
{"utc": "2026-09-19T14:33:52Z", "stage": "validation", "elapsed_seconds": 20.417390521033667, "blocks": 48, "prediction_tokens": 98256, "loss": {"native": 5.8373225488058615, "native_graph": 5.8373225488058615, "candidate_graph": 5.8373225488058615}}
{"utc": "2026-09-19T14:33:52Z", "stage": "validation", "elapsed_seconds": 20.872078494983725, "blocks": 64, "prediction_tokens": 131008, "loss": {"native": 5.963783443061445, "native_graph": 5.963783443061445, "candidate_graph": 5.963783443061445}}
{"utc": "2026-09-19T14:33:53Z", "stage": "validation", "elapsed_seconds": 21.32431382301729, "blocks": 80, "prediction_tokens": 163760, "loss": {"native": 5.932614924398701, "native_graph": 5.932614924398701, "candidate_graph": 5.932614924398701}}
{"utc": "2026-09-19T14:33:53Z", "stage": "validation", "elapsed_seconds": 21.77866496401839, "blocks": 96, "prediction_tokens": 196512, "loss": {"native": 5.941523398042327, "native_graph": 5.941523398042327, "candidate_graph": 5.941523398042327}}
{"utc": "2026-09-19T14:33:54Z", "stage": "validation", "elapsed_seconds": 22.23342618800234, "blocks": 112, "prediction_tokens": 229264, "loss": {"native": 5.928813884542628, "native_graph": 5.928813884542628, "candidate_graph": 5.928813884542628}}
{"utc": "2026-09-19T14:33:54Z", "stage": "validation", "elapsed_seconds": 22.689303740044124, "blocks": 128, "prediction_tokens": 262016, "loss": {"native": 5.831156502832246, "native_graph": 5.831156502832246, "candidate_graph": 5.831156502832246}}
{"utc": "2026-09-19T14:33:55Z", "stage": "validation", "elapsed_seconds": 23.142297551967204, "blocks": 144, "prediction_tokens": 294768, "loss": {"native": 5.849604330977561, "native_graph": 5.849604330977561, "candidate_graph": 5.849604330977561}}
{"utc": "2026-09-19T14:33:55Z", "stage": "validation", "elapsed_seconds": 23.59648114303127, "blocks": 160, "prediction_tokens": 327520, "loss": {"native": 5.855593878033689, "native_graph": 5.855593878033689, "candidate_graph": 5.855593878033689}}
{"utc": "2026-09-19T14:33:56Z", "stage": "validation", "elapsed_seconds": 24.04728187096771, "blocks": 176, "prediction_tokens": 360272, "loss": {"native": 5.82820932078532, "native_graph": 5.82820932078532, "candidate_graph": 5.82820932078532}}
{"utc": "2026-09-19T14:33:56Z", "stage": "validation", "elapsed_seconds": 24.503360845032148, "blocks": 192, "prediction_tokens": 393024, "loss": {"native": 5.827277839038217, "native_graph": 5.827277839038217, "candidate_graph": 5.827277839038217}}
{"utc": "2026-09-19T14:33:56Z", "stage": "validation", "elapsed_seconds": 24.95643146696966, "blocks": 208, "prediction_tokens": 425776, "loss": {"native": 5.853064829303951, "native_graph": 5.853064829303951, "candidate_graph": 5.853064829303951}}
{"utc": "2026-09-19T14:33:57Z", "stage": "validation", "elapsed_seconds": 25.41480190504808, "blocks": 224, "prediction_tokens": 458528, "loss": {"native": 5.860974186903867, "native_graph": 5.860974186903867, "candidate_graph": 5.860974186903867}}
{"utc": "2026-09-19T14:33:57Z", "stage": "validation", "elapsed_seconds": 25.868089428986423, "blocks": 240, "prediction_tokens": 491280, "loss": {"native": 5.845817573123715, "native_graph": 5.845817573123715, "candidate_graph": 5.845817573123715}}
{"utc": "2026-09-19T14:33:58Z", "stage": "validation", "elapsed_seconds": 26.323206795961596, "blocks": 256, "prediction_tokens": 524032, "loss": {"native": 5.860577907105685, "native_graph": 5.860577907105685, "candidate_graph": 5.860577907105685}}
{"utc": "2026-09-19T14:33:58Z", "stage": "validation", "elapsed_seconds": 26.776817161939107, "blocks": 272, "prediction_tokens": 556784, "loss": {"native": 5.871153765243513, "native_graph": 5.871153765243513, "candidate_graph": 5.871153765243513}}
{"utc": "2026-09-19T14:33:59Z", "stage": "validation", "elapsed_seconds": 27.23042559903115, "blocks": 288, "prediction_tokens": 589536, "loss": {"native": 5.85495766628994, "native_graph": 5.85495766628994, "candidate_graph": 5.85495766628994}}
{"utc": "2026-09-19T14:33:59Z", "stage": "validation", "elapsed_seconds": 27.682721766992472, "blocks": 304, "prediction_tokens": 622288, "loss": {"native": 5.859802871463605, "native_graph": 5.859802871463605, "candidate_graph": 5.859802871463605}}
{"utc": "2026-09-19T14:34:00Z", "stage": "validation", "elapsed_seconds": 28.138405118021183, "blocks": 320, "prediction_tokens": 655040, "loss": {"native": 5.835200507197079, "native_graph": 5.835200507197079, "candidate_graph": 5.835200507197079}}
{"utc": "2026-09-19T14:34:00Z", "stage": "validation", "elapsed_seconds": 28.593921685940586, "blocks": 336, "prediction_tokens": 687792, "loss": {"native": 5.828935494539274, "native_graph": 5.828935494539274, "candidate_graph": 5.828935494539274}}
{"utc": "2026-09-19T14:34:00Z", "stage": "complete", "elapsed_seconds": 28.674211581004784, "qualified": true, "loss": {"native": 5.83130066301001, "native_graph": 5.83130066301001, "candidate_graph": 5.83130066301001}, "timing": {"native_graph": {"samples": 448, "median_host_ms": 0.9069899679161608, "paired_geomean_speedup": 1.0, "input_tokens_per_second": null}, "candidate_graph": {"samples": 448, "median_host_ms": 0.5146830226294696, "paired_geomean_speedup": 1.760118758901269, "input_tokens_per_second": null}}}
