/usr/local/cuda/bin/nvcc
/usr/bin/g++
/usr/bin/timeout
/usr/bin/setsid
Using CPython 3.12.3 interpreter at: /usr/local/bin/python
Creating virtual environment at: /workspace/sparsity-spillover/runs/025-2026-09-05-pythia-agentic-sparse-kernel-search/artifacts/runtime/venv-pythia
Activate with: source /workspace/sparsity-spillover/runs/025-2026-09-05-pythia-agentic-sparse-kernel-search/artifacts/runtime/venv-pythia/bin/activate
Using Python 3.12.3 environment at: /workspace/sparsity-spillover/runs/025-2026-09-05-pythia-agentic-sparse-kernel-search/artifacts/runtime/venv-pythia
Resolved 29 packages in 1.00s
Downloading networkx (2.0MiB)
Downloading nvidia-nccl-cu12 (283.0MiB)
Downloading setuptools (1.2MiB)
Downloading sympy (6.0MiB)
Downloading cuda-bindings (7.3MiB)
Downloading nvidia-cuda-nvrtc-cu12 (84.0MiB)
Downloading triton (179.6MiB)
Downloading nvidia-cusparse-cu12 (274.9MiB)
Downloading nvidia-cublas-cu12 (566.8MiB)
Downloading nvidia-cufile-cu12 (1.1MiB)
Downloading nvidia-cusparselt-cu12 (273.9MiB)
Downloading nvidia-nvjitlink-cu12 (37.4MiB)
Downloading nvidia-cudnn-cu12 (627.4MiB)
Downloading nvidia-cufft-cu12 (184.2MiB)
Downloading nvidia-nvshmem-cu12 (132.7MiB)
Downloading torch (782.3MiB)
Downloading nvidia-cuda-cupti-cu12 (9.8MiB)
Downloading nvidia-cusolver-cu12 (255.1MiB)
Downloading nvidia-curand-cu12 (60.7MiB)
 Downloading nvidia-cufile-cu12
 Downloading nvidia-cuda-cupti-cu12
 Downloading setuptools
 Downloading networkx
 Downloading nvidia-nvjitlink-cu12
 Downloading triton
 Downloading cuda-bindings
 Downloading nvidia-cuda-nvrtc-cu12
 Downloading sympy
 Downloading nvidia-curand-cu12
 Downloading nvidia-nccl-cu12
 Downloading nvidia-nvshmem-cu12
 Downloading nvidia-cusparse-cu12
 Downloading nvidia-cufft-cu12
 Downloading nvidia-cusparselt-cu12
 Downloading nvidia-cusolver-cu12
 Downloading nvidia-cublas-cu12
 Downloading nvidia-cudnn-cu12
 Downloading torch
Prepared 29 packages in 16.42s
Installed 29 packages in 184ms
 + cuda-bindings==12.9.7
 + cuda-pathfinder==1.6.0
 + cuda-toolkit==12.8.1
 + filelock==3.32.3
 + fsspec==2026.7.0
 + jinja2==3.1.6
 + markupsafe==3.0.3
 + mpmath==1.3.0
 + networkx==3.6.1
 + nvidia-cublas-cu12==12.8.4.1
 + nvidia-cuda-cupti-cu12==12.8.90
 + nvidia-cuda-nvrtc-cu12==12.8.93
 + nvidia-cuda-runtime-cu12==12.8.90
 + nvidia-cudnn-cu12==9.19.0.56
 + nvidia-cufft-cu12==11.3.3.83
 + nvidia-cufile-cu12==1.13.1.3
 + nvidia-curand-cu12==10.3.9.90
 + nvidia-cusolver-cu12==11.7.3.90
 + nvidia-cusparse-cu12==12.5.8.93
 + nvidia-cusparselt-cu12==0.7.1
 + nvidia-nccl-cu12==2.28.9
 + nvidia-nvjitlink-cu12==12.8.93
 + nvidia-nvshmem-cu12==3.4.5
 + nvidia-nvtx-cu12==12.8.90
 + setuptools==78.1.0
 + sympy==1.14.0
 + torch==2.11.0+cu128
 + triton==3.6.0
 + typing-extensions==4.16.0
Using Python 3.12.3 environment at: /workspace/sparsity-spillover/runs/025-2026-09-05-pythia-agentic-sparse-kernel-search/artifacts/runtime/venv-pythia
Resolved 30 packages in 172ms
Downloading pygments (1.2MiB)
Downloading tokenizers (3.1MiB)
Downloading hf-xet (4.3MiB)
Downloading pip (1.7MiB)
Downloading transformers (10.6MiB)
Downloading setuptools (1.1MiB)
Downloading numpy (15.9MiB)
 Downloading tokenizers
 Downloading hf-xet
 Downloading pygments
 Downloading pip
 Downloading setuptools
 Downloading numpy
 Downloading transformers
Prepared 27 packages in 486ms
Uninstalled 1 package in 7ms
Installed 27 packages in 47ms
 + annotated-doc==0.0.5
 + anyio==4.15.1
 + certifi==2026.7.22
 + click==8.5.0
 + h11==0.16.0
 + hf-xet==1.6.0
 + httpcore==1.0.9
 + httpx==0.28.1
 + huggingface-hub==1.30.0
 + idna==3.19
 + markdown-it-py==4.2.0
 + mdurl==0.1.2
 + ninja==1.11.1.4
 + numpy==2.5.0
 + packaging==26.3
 + pip==25.2
 + pygments==2.21.0
 + pyyaml==6.0.2
 + regex==2026.9.3
 + rich==15.0.0
 + safetensors==0.8.0
 - setuptools==78.1.0
 + setuptools==80.9.0
 + shellingham==1.5.4
 + tokenizers==0.22.2
 + tqdm==4.70.0
 + transformers==5.12.1
 + typer==0.27.2
Verified 32 allowlisted file hashes
2.11.0+cu128 NVIDIA GeForce RTX 5090 (12, 0)
Ready: /workspace/sparsity-spillover/runs/025-2026-09-05-pythia-agentic-sparse-kernel-search/artifacts/runtime/venv-pythia/bin/python
========= COMPUTE-SANITIZER
{"utc": "2026-09-05T15:10:57Z", "stage": "compiling", "elapsed_seconds": 0.23646651953458786, "conditions": 0}
{"utc": "2026-09-05T15:10:57Z", "stage": "failed_or_incomplete", "elapsed_seconds": 0.365222230553627, "error_type": "RuntimeError", "error": "Ninja is required to load C++ extensions (pip install ninja to get it)"}
Traceback (most recent call last):
  File "/workspace/sparsity-spillover/runs/025-2026-09-05-pythia-agentic-sparse-kernel-search/01_calibrate.py", line 264, in <module>
    main()
  File "/workspace/sparsity-spillover/runs/025-2026-09-05-pythia-agentic-sparse-kernel-search/01_calibrate.py", line 215, in main
    extension()
  File "/workspace/sparsity-spillover/runs/025-2026-09-05-pythia-agentic-sparse-kernel-search/p0.py", line 54, in extension
    return load(name=f"run025_p0_{identity}_sm{major}{minor}", sources=[str(source)],
           ^^^^^^^^^^^^^^^^^^^^^^^^^^^^^^^^^^^^^^^^^^^^^^^^^^^^^^^^^^^^^^^^^^^^^^^^^^
  File "/workspace/sparsity-spillover/runs/025-2026-09-05-pythia-agentic-sparse-kernel-search/artifacts/runtime/venv-pythia/lib/python3.12/site-packages/torch/utils/cpp_extension.py", line 1818, in load
    return _jit_compile(
           ^^^^^^^^^^^^^
  File "/workspace/sparsity-spillover/runs/025-2026-09-05-pythia-agentic-sparse-kernel-search/artifacts/runtime/venv-pythia/lib/python3.12/site-packages/torch/utils/cpp_extension.py", line 2268, in _jit_compile
    _write_ninja_file_and_build_library(
  File "/workspace/sparsity-spillover/runs/025-2026-09-05-pythia-agentic-sparse-kernel-search/artifacts/runtime/venv-pythia/lib/python3.12/site-packages/torch/utils/cpp_extension.py", line 2382, in _write_ninja_file_and_build_library
    verify_ninja_availability()
  File "/workspace/sparsity-spillover/runs/025-2026-09-05-pythia-agentic-sparse-kernel-search/artifacts/runtime/venv-pythia/lib/python3.12/site-packages/torch/utils/cpp_extension.py", line 2448, in verify_ninja_availability
    raise RuntimeError("Ninja is required to load C++ extensions (pip install ninja to get it)")
RuntimeError: Ninja is required to load C++ extensions (pip install ninja to get it)
========= Target application returned an error
========= ERROR SUMMARY: 0 errors
