{"utc": "2026-09-25T13:29:41Z", "stage": "imports", "elapsed_seconds": 0.004907360998913646}
{"utc": "2026-09-25T13:29:43Z", "stage": "loading", "elapsed_seconds": 2.044324510032311, "mode": "native"}
Loading weights:   0%|          | 0/76 [00:00<?, ?it/s]Loading weights: 100%|██████████| 76/76 [00:00<00:00, 8853.66it/s]
{"utc": "2026-09-25T13:29:44Z", "stage": "capture", "elapsed_seconds": 3.352992925036233, "mode": "native"}
{"utc": "2026-09-25T13:29:44Z", "stage": "loading", "elapsed_seconds": 3.7427225800347514, "mode": "candidate"}
Loading weights:   0%|          | 0/76 [00:00<?, ?it/s]Loading weights: 100%|██████████| 76/76 [00:00<00:00, 8076.19it/s]
{"utc": "2026-09-25T13:29:45Z", "stage": "capture", "elapsed_seconds": 3.835971368011087, "mode": "candidate"}
ninja: no work to do.
ninja: no work to do.
ninja: no work to do.
ninja: no work to do.
ninja: no work to do.
{"utc": "2026-09-25T13:29:46Z", "stage": "loading", "elapsed_seconds": 4.898980821017176, "mode": "frozen"}
Loading weights:   0%|          | 0/76 [00:00<?, ?it/s]Loading weights: 100%|██████████| 76/76 [00:00<00:00, 7741.58it/s]
{"utc": "2026-09-25T13:29:46Z", "stage": "capture", "elapsed_seconds": 4.955050705000758, "mode": "frozen"}
ninja: no work to do.
{"utc": "2026-09-25T13:29:47Z", "stage": "timing", "elapsed_seconds": 6.241136241005734, "inputs": 64, "passes": 7}
{"utc": "2026-09-25T13:29:48Z", "stage": "validation", "elapsed_seconds": 6.922945228987373, "target_blocks": 338}
{"utc": "2026-09-25T13:29:48Z", "stage": "validation", "elapsed_seconds": 7.632371046987828, "blocks": 16, "prediction_tokens": 32752, "loss": {"native": 5.433529643704965, "native_graph": 5.433529643704965, "candidate_graph": 5.433529643704965, "frozen_graph": 5.433529643704965}}
{"utc": "2026-09-25T13:29:49Z", "stage": "validation", "elapsed_seconds": 8.238721013010945, "blocks": 32, "prediction_tokens": 65504, "loss": {"native": 5.4627757032848185, "native_graph": 5.4627757032848185, "candidate_graph": 5.4627757032848185, "frozen_graph": 5.4627757032848185}}
{"utc": "2026-09-25T13:29:50Z", "stage": "validation", "elapsed_seconds": 8.854034267016686, "blocks": 48, "prediction_tokens": 98256, "loss": {"native": 5.8373225488058615, "native_graph": 5.8373225488058615, "candidate_graph": 5.8373225488058615, "frozen_graph": 5.8373225488058615}}
{"utc": "2026-09-25T13:29:50Z", "stage": "validation", "elapsed_seconds": 9.462257453007624, "blocks": 64, "prediction_tokens": 131008, "loss": {"native": 5.963783443061445, "native_graph": 5.963783443061445, "candidate_graph": 5.963783443061445, "frozen_graph": 5.963783443061445}}
{"utc": "2026-09-25T13:29:51Z", "stage": "validation", "elapsed_seconds": 10.06853933003731, "blocks": 80, "prediction_tokens": 163760, "loss": {"native": 5.932614924398701, "native_graph": 5.932614924398701, "candidate_graph": 5.932614924398701, "frozen_graph": 5.932614924398701}}
{"utc": "2026-09-25T13:29:51Z", "stage": "validation", "elapsed_seconds": 10.674319388985168, "blocks": 96, "prediction_tokens": 196512, "loss": {"native": 5.941523398042327, "native_graph": 5.941523398042327, "candidate_graph": 5.941523398042327, "frozen_graph": 5.941523398042327}}
{"utc": "2026-09-25T13:29:52Z", "stage": "validation", "elapsed_seconds": 11.280275287979748, "blocks": 112, "prediction_tokens": 229264, "loss": {"native": 5.928813884542628, "native_graph": 5.928813884542628, "candidate_graph": 5.928813884542628, "frozen_graph": 5.928813884542628}}
{"utc": "2026-09-25T13:29:53Z", "stage": "validation", "elapsed_seconds": 11.886775113991462, "blocks": 128, "prediction_tokens": 262016, "loss": {"native": 5.831156502832246, "native_graph": 5.831156502832246, "candidate_graph": 5.831156502832246, "frozen_graph": 5.831156502832246}}
{"utc": "2026-09-25T13:29:53Z", "stage": "validation", "elapsed_seconds": 12.492719753005076, "blocks": 144, "prediction_tokens": 294768, "loss": {"native": 5.849604330977561, "native_graph": 5.849604330977561, "candidate_graph": 5.849604330977561, "frozen_graph": 5.849604330977561}}
{"utc": "2026-09-25T13:29:54Z", "stage": "validation", "elapsed_seconds": 13.098913140012883, "blocks": 160, "prediction_tokens": 327520, "loss": {"native": 5.855593878033689, "native_graph": 5.855593878033689, "candidate_graph": 5.855593878033689, "frozen_graph": 5.855593878033689}}
{"utc": "2026-09-25T13:29:54Z", "stage": "validation", "elapsed_seconds": 13.705126257031225, "blocks": 176, "prediction_tokens": 360272, "loss": {"native": 5.82820932078532, "native_graph": 5.82820932078532, "candidate_graph": 5.82820932078532, "frozen_graph": 5.82820932078532}}
{"utc": "2026-09-25T13:29:55Z", "stage": "validation", "elapsed_seconds": 14.311025095987134, "blocks": 192, "prediction_tokens": 393024, "loss": {"native": 5.827277839038217, "native_graph": 5.827277839038217, "candidate_graph": 5.827277839038217, "frozen_graph": 5.827277839038217}}
{"utc": "2026-09-25T13:29:56Z", "stage": "validation", "elapsed_seconds": 14.917085453984328, "blocks": 208, "prediction_tokens": 425776, "loss": {"native": 5.853064829303951, "native_graph": 5.853064829303951, "candidate_graph": 5.853064829303951, "frozen_graph": 5.853064829303951}}
{"utc": "2026-09-25T13:29:56Z", "stage": "validation", "elapsed_seconds": 15.523313441022765, "blocks": 224, "prediction_tokens": 458528, "loss": {"native": 5.860974186903867, "native_graph": 5.860974186903867, "candidate_graph": 5.860974186903867, "frozen_graph": 5.860974186903867}}
{"utc": "2026-09-25T13:29:57Z", "stage": "validation", "elapsed_seconds": 16.129500879033003, "blocks": 240, "prediction_tokens": 491280, "loss": {"native": 5.845817573123715, "native_graph": 5.845817573123715, "candidate_graph": 5.845817573123715, "frozen_graph": 5.845817573123715}}
{"utc": "2026-09-25T13:29:57Z", "stage": "validation", "elapsed_seconds": 16.73565826599952, "blocks": 256, "prediction_tokens": 524032, "loss": {"native": 5.860577907105685, "native_graph": 5.860577907105685, "candidate_graph": 5.860577907105685, "frozen_graph": 5.860577907105685}}
{"utc": "2026-09-25T13:29:58Z", "stage": "validation", "elapsed_seconds": 17.34219002100872, "blocks": 272, "prediction_tokens": 556784, "loss": {"native": 5.871153765243513, "native_graph": 5.871153765243513, "candidate_graph": 5.871153765243513, "frozen_graph": 5.871153765243513}}
{"utc": "2026-09-25T13:29:59Z", "stage": "validation", "elapsed_seconds": 17.948218339995947, "blocks": 288, "prediction_tokens": 589536, "loss": {"native": 5.85495766628994, "native_graph": 5.85495766628994, "candidate_graph": 5.85495766628994, "frozen_graph": 5.85495766628994}}
{"utc": "2026-09-25T13:29:59Z", "stage": "validation", "elapsed_seconds": 18.554437757004052, "blocks": 304, "prediction_tokens": 622288, "loss": {"native": 5.859802871463605, "native_graph": 5.859802871463605, "candidate_graph": 5.859802871463605, "frozen_graph": 5.859802871463605}}
{"utc": "2026-09-25T13:30:00Z", "stage": "validation", "elapsed_seconds": 19.160916802997235, "blocks": 320, "prediction_tokens": 655040, "loss": {"native": 5.835200507197079, "native_graph": 5.835200507197079, "candidate_graph": 5.835200507197079, "frozen_graph": 5.835200507197079}}
{"utc": "2026-09-25T13:30:01Z", "stage": "validation", "elapsed_seconds": 19.767002481035888, "blocks": 336, "prediction_tokens": 687792, "loss": {"native": 5.828935494539274, "native_graph": 5.828935494539274, "candidate_graph": 5.828935494539274, "frozen_graph": 5.828935494539274}}
{"utc": "2026-09-25T13:30:01Z", "stage": "diagnostics", "elapsed_seconds": 19.85196444700705, "loss": {"native": 5.83130066301001, "native_graph": 5.83130066301001, "candidate_graph": 5.83130066301001, "frozen_graph": 5.83130066301001}}
{"utc": "2026-09-25T13:30:01Z", "stage": "diagnostics", "elapsed_seconds": 20.01271836302476, "blocks": 32, "input_tokens_per_second": 408390.4292693589, "remaining_seconds": 1.53453155383977}
{"utc": "2026-09-25T13:30:01Z", "stage": "diagnostics", "elapsed_seconds": 20.172381195006892, "blocks": 64, "input_tokens_per_second": 409425.0603777281, "remaining_seconds": 1.3705853752144321}
{"utc": "2026-09-25T13:30:01Z", "stage": "diagnostics", "elapsed_seconds": 20.3290118650184, "blocks": 96, "input_tokens_per_second": 412376.87715874246, "remaining_seconds": 1.2018520616741928}
{"utc": "2026-09-25T13:30:01Z", "stage": "diagnostics", "elapsed_seconds": 20.485704274033196, "blocks": 128, "input_tokens_per_second": 413828.4871985952, "remaining_seconds": 1.03927113116697}
{"utc": "2026-09-25T13:30:01Z", "stage": "diagnostics", "elapsed_seconds": 20.64289303100668, "blocks": 160, "input_tokens_per_second": 414444.43269588455, "remaining_seconds": 0.8795968077763974}
{"utc": "2026-09-25T13:30:02Z", "stage": "diagnostics", "elapsed_seconds": 20.80004998802906, "blocks": 192, "input_tokens_per_second": 414869.7258235613, "remaining_seconds": 0.720727451024383}
{"utc": "2026-09-25T13:30:02Z", "stage": "diagnostics", "elapsed_seconds": 20.95738680299837, "blocks": 224, "input_tokens_per_second": 415106.4583320088, "remaining_seconds": 0.562438852284166}
{"utc": "2026-09-25T13:30:02Z", "stage": "diagnostics", "elapsed_seconds": 21.11520488600945, "blocks": 256, "input_tokens_per_second": 415126.00462889345, "remaining_seconds": 0.40454223085862395}
{"utc": "2026-09-25T13:30:02Z", "stage": "diagnostics", "elapsed_seconds": 21.271756366011687, "blocks": 288, "input_tokens_per_second": 415511.7801330338, "remaining_seconds": 0.24644307308739777}
{"utc": "2026-09-25T13:30:02Z", "stage": "diagnostics", "elapsed_seconds": 21.428325705986936, "blocks": 320, "input_tokens_per_second": 415816.0175403178, "remaining_seconds": 0.08865459348598961}
{"utc": "2026-09-25T13:30:02Z", "stage": "complete", "elapsed_seconds": 21.54014451702824, "qualified": true, "loss": {"native": 5.83130066301001, "native_graph": 5.83130066301001, "candidate_graph": 5.83130066301001, "frozen_graph": 5.83130066301001}, "timing": {"native_graph": {"samples": 448, "median_host_ms": 0.8589150093030185, "paired_geomean_speedup": 1.0, "input_tokens_per_second": null}, "candidate_graph": {"samples": 448, "median_host_ms": 0.5814819887746125, "paired_geomean_speedup": 1.4826831526892783, "input_tokens_per_second": null}}}
