{"utc": "2026-09-25T13:27:58Z", "stage": "imports", "elapsed_seconds": 0.004900382016785443}
{"utc": "2026-09-25T13:28:00Z", "stage": "loading", "elapsed_seconds": 2.137513359019067, "mode": "native"}
Loading weights:   0%|          | 0/76 [00:00<?, ?it/s]Loading weights: 100%|██████████| 76/76 [00:00<00:00, 9504.65it/s]
{"utc": "2026-09-25T13:28:02Z", "stage": "capture", "elapsed_seconds": 3.4570890800096095, "mode": "native"}
{"utc": "2026-09-25T13:28:02Z", "stage": "loading", "elapsed_seconds": 3.846883335034363, "mode": "candidate"}
Loading weights:   0%|          | 0/76 [00:00<?, ?it/s]Loading weights: 100%|██████████| 76/76 [00:00<00:00, 7581.75it/s]
{"utc": "2026-09-25T13:28:02Z", "stage": "capture", "elapsed_seconds": 3.936683353036642, "mode": "candidate"}
ninja: no work to do.
ninja: no work to do.
ninja: no work to do.
ninja: no work to do.
ninja: no work to do.
{"utc": "2026-09-25T13:28:03Z", "stage": "loading", "elapsed_seconds": 5.001676164043602, "mode": "frozen"}
Loading weights:   0%|          | 0/76 [00:00<?, ?it/s]Loading weights: 100%|██████████| 76/76 [00:00<00:00, 7648.33it/s]
{"utc": "2026-09-25T13:28:03Z", "stage": "capture", "elapsed_seconds": 5.056850734050386, "mode": "frozen"}
{"utc": "2026-09-25T13:28:05Z", "stage": "timing", "elapsed_seconds": 6.279931596014649, "inputs": 64, "passes": 7}
{"utc": "2026-09-25T13:28:05Z", "stage": "validation", "elapsed_seconds": 6.921809196006507, "target_blocks": 338}
{"utc": "2026-09-25T13:28:06Z", "stage": "validation", "elapsed_seconds": 7.629039796011057, "blocks": 16, "prediction_tokens": 32752, "loss": {"native": 5.433529643704965, "native_graph": 5.433529643704965, "candidate_graph": 5.433529643704965, "frozen_graph": 5.433529643704965}}
{"utc": "2026-09-25T13:28:07Z", "stage": "validation", "elapsed_seconds": 8.234053060004953, "blocks": 32, "prediction_tokens": 65504, "loss": {"native": 5.4627757032848185, "native_graph": 5.4627757032848185, "candidate_graph": 5.4627757032848185, "frozen_graph": 5.4627757032848185}}
{"utc": "2026-09-25T13:28:07Z", "stage": "validation", "elapsed_seconds": 8.838522048026789, "blocks": 48, "prediction_tokens": 98256, "loss": {"native": 5.8373225488058615, "native_graph": 5.8373225488058615, "candidate_graph": 5.8373225488058615, "frozen_graph": 5.8373225488058615}}
{"utc": "2026-09-25T13:28:08Z", "stage": "validation", "elapsed_seconds": 9.443164154014084, "blocks": 64, "prediction_tokens": 131008, "loss": {"native": 5.963783443061445, "native_graph": 5.963783443061445, "candidate_graph": 5.963783443061445, "frozen_graph": 5.963783443061445}}
{"utc": "2026-09-25T13:28:08Z", "stage": "validation", "elapsed_seconds": 10.047895910043735, "blocks": 80, "prediction_tokens": 163760, "loss": {"native": 5.932614924398701, "native_graph": 5.932614924398701, "candidate_graph": 5.932614924398701, "frozen_graph": 5.932614924398701}}
{"utc": "2026-09-25T13:28:09Z", "stage": "validation", "elapsed_seconds": 10.652348638046533, "blocks": 96, "prediction_tokens": 196512, "loss": {"native": 5.941523398042327, "native_graph": 5.941523398042327, "candidate_graph": 5.941523398042327, "frozen_graph": 5.941523398042327}}
{"utc": "2026-09-25T13:28:10Z", "stage": "validation", "elapsed_seconds": 11.2568496450549, "blocks": 112, "prediction_tokens": 229264, "loss": {"native": 5.928813884542628, "native_graph": 5.928813884542628, "candidate_graph": 5.928813884542628, "frozen_graph": 5.928813884542628}}
{"utc": "2026-09-25T13:28:10Z", "stage": "validation", "elapsed_seconds": 11.862087538000196, "blocks": 128, "prediction_tokens": 262016, "loss": {"native": 5.831156502832246, "native_graph": 5.831156502832246, "candidate_graph": 5.831156502832246, "frozen_graph": 5.831156502832246}}
{"utc": "2026-09-25T13:28:11Z", "stage": "validation", "elapsed_seconds": 12.467080672038719, "blocks": 144, "prediction_tokens": 294768, "loss": {"native": 5.849604330977561, "native_graph": 5.849604330977561, "candidate_graph": 5.849604330977561, "frozen_graph": 5.849604330977561}}
{"utc": "2026-09-25T13:28:11Z", "stage": "validation", "elapsed_seconds": 13.072456754045561, "blocks": 160, "prediction_tokens": 327520, "loss": {"native": 5.855593878033689, "native_graph": 5.855593878033689, "candidate_graph": 5.855593878033689, "frozen_graph": 5.855593878033689}}
{"utc": "2026-09-25T13:28:12Z", "stage": "validation", "elapsed_seconds": 13.67758593702456, "blocks": 176, "prediction_tokens": 360272, "loss": {"native": 5.82820932078532, "native_graph": 5.82820932078532, "candidate_graph": 5.82820932078532, "frozen_graph": 5.82820932078532}}
{"utc": "2026-09-25T13:28:13Z", "stage": "validation", "elapsed_seconds": 14.282064635015558, "blocks": 192, "prediction_tokens": 393024, "loss": {"native": 5.827277839038217, "native_graph": 5.827277839038217, "candidate_graph": 5.827277839038217, "frozen_graph": 5.827277839038217}}
{"utc": "2026-09-25T13:28:13Z", "stage": "validation", "elapsed_seconds": 14.88673198100878, "blocks": 208, "prediction_tokens": 425776, "loss": {"native": 5.853064829303951, "native_graph": 5.853064829303951, "candidate_graph": 5.853064829303951, "frozen_graph": 5.853064829303951}}
{"utc": "2026-09-25T13:28:14Z", "stage": "validation", "elapsed_seconds": 15.491557646018919, "blocks": 224, "prediction_tokens": 458528, "loss": {"native": 5.860974186903867, "native_graph": 5.860974186903867, "candidate_graph": 5.860974186903867, "frozen_graph": 5.860974186903867}}
{"utc": "2026-09-25T13:28:14Z", "stage": "validation", "elapsed_seconds": 16.096678850008175, "blocks": 240, "prediction_tokens": 491280, "loss": {"native": 5.845817573123715, "native_graph": 5.845817573123715, "candidate_graph": 5.845817573123715, "frozen_graph": 5.845817573123715}}
{"utc": "2026-09-25T13:28:15Z", "stage": "validation", "elapsed_seconds": 16.701801173039712, "blocks": 256, "prediction_tokens": 524032, "loss": {"native": 5.860577907105685, "native_graph": 5.860577907105685, "candidate_graph": 5.860577907105685, "frozen_graph": 5.860577907105685}}
{"utc": "2026-09-25T13:28:16Z", "stage": "validation", "elapsed_seconds": 17.306388390017673, "blocks": 272, "prediction_tokens": 556784, "loss": {"native": 5.871153765243513, "native_graph": 5.871153765243513, "candidate_graph": 5.871153765243513, "frozen_graph": 5.871153765243513}}
{"utc": "2026-09-25T13:28:16Z", "stage": "validation", "elapsed_seconds": 17.91178118204698, "blocks": 288, "prediction_tokens": 589536, "loss": {"native": 5.85495766628994, "native_graph": 5.85495766628994, "candidate_graph": 5.85495766628994, "frozen_graph": 5.85495766628994}}
{"utc": "2026-09-25T13:28:17Z", "stage": "validation", "elapsed_seconds": 18.516145660018083, "blocks": 304, "prediction_tokens": 622288, "loss": {"native": 5.859802871463605, "native_graph": 5.859802871463605, "candidate_graph": 5.859802871463605, "frozen_graph": 5.859802871463605}}
{"utc": "2026-09-25T13:28:17Z", "stage": "validation", "elapsed_seconds": 19.120881996001117, "blocks": 320, "prediction_tokens": 655040, "loss": {"native": 5.835200507197079, "native_graph": 5.835200507197079, "candidate_graph": 5.835200507197079, "frozen_graph": 5.835200507197079}}
{"utc": "2026-09-25T13:28:18Z", "stage": "validation", "elapsed_seconds": 19.725642161036376, "blocks": 336, "prediction_tokens": 687792, "loss": {"native": 5.828935494539274, "native_graph": 5.828935494539274, "candidate_graph": 5.828935494539274, "frozen_graph": 5.828935494539274}}
{"utc": "2026-09-25T13:28:18Z", "stage": "diagnostics", "elapsed_seconds": 19.810337339004036, "loss": {"native": 5.83130066301001, "native_graph": 5.83130066301001, "candidate_graph": 5.83130066301001, "frozen_graph": 5.83130066301001}}
{"utc": "2026-09-25T13:28:20Z", "stage": "diagnostics", "elapsed_seconds": 21.306066127028316, "blocks": 32, "input_tokens_per_second": 43823.7222058431, "remaining_seconds": 14.300200175977807}
{"utc": "2026-09-25T13:28:21Z", "stage": "diagnostics", "elapsed_seconds": 22.680777138040867, "blocks": 64, "input_tokens_per_second": 45667.11057878018, "remaining_seconds": 12.287880553159994}
{"utc": "2026-09-25T13:28:22Z", "stage": "diagnostics", "elapsed_seconds": 24.05509111203719, "blocks": 96, "input_tokens_per_second": 46320.91331485876, "remaining_seconds": 10.69961631868379}
{"utc": "2026-09-25T13:28:24Z", "stage": "diagnostics", "elapsed_seconds": 25.42842735099839, "blocks": 128, "input_tokens_per_second": 46662.99131260907, "remaining_seconds": 9.216725887090433}
{"utc": "2026-09-25T13:28:25Z", "stage": "diagnostics", "elapsed_seconds": 26.80141714203637, "blocks": 160, "input_tokens_per_second": 46873.049053274364, "remaining_seconds": 7.777262357856671}
{"utc": "2026-09-25T13:28:26Z", "stage": "diagnostics", "elapsed_seconds": 28.19231887999922, "blocks": 192, "input_tokens_per_second": 46913.644841715, "remaining_seconds": 6.373582803230117}
{"utc": "2026-09-25T13:28:28Z", "stage": "diagnostics", "elapsed_seconds": 29.591873557015788, "blocks": 224, "input_tokens_per_second": 46901.145677146575, "remaining_seconds": 4.977959421442522}
{"utc": "2026-09-25T13:28:29Z", "stage": "diagnostics", "elapsed_seconds": 30.96818902902305, "blocks": 256, "input_tokens_per_second": 46989.43086220484, "remaining_seconds": 3.5739100669779873}
{"utc": "2026-09-25T13:28:31Z", "stage": "diagnostics", "elapsed_seconds": 32.3473966740421, "blocks": 288, "input_tokens_per_second": 47047.48121689033, "remaining_seconds": 2.1765245949710437}
{"utc": "2026-09-25T13:28:32Z", "stage": "diagnostics", "elapsed_seconds": 33.721267350018024, "blocks": 320, "input_tokens_per_second": 47112.09841072363, "remaining_seconds": 0.782474167858527}
{"utc": "2026-09-25T13:28:33Z", "stage": "complete", "elapsed_seconds": 34.52265529305441, "qualified": true, "loss": {"native": 5.83130066301001, "native_graph": 5.83130066301001, "candidate_graph": 5.83130066301001, "frozen_graph": 5.83130066301001}, "timing": {"candidate_graph": {"samples": 448, "median_host_ms": 0.4956419870723039, "paired_geomean_speedup": 1.7271361422457463, "input_tokens_per_second": null}, "native_graph": {"samples": 448, "median_host_ms": 0.8564050076529384, "paired_geomean_speedup": 1.0, "input_tokens_per_second": null}}}
