{"utc": "2026-09-25T13:26:15Z", "stage": "imports", "elapsed_seconds": 0.0050187609740532935}
{"utc": "2026-09-25T13:26:17Z", "stage": "loading", "elapsed_seconds": 2.0656581969815306, "mode": "native"}
Loading weights:   0%|          | 0/76 [00:00<?, ?it/s]Loading weights: 100%|██████████| 76/76 [00:00<00:00, 8184.64it/s]
{"utc": "2026-09-25T13:26:19Z", "stage": "capture", "elapsed_seconds": 3.386453380982857, "mode": "native"}
{"utc": "2026-09-25T13:26:19Z", "stage": "loading", "elapsed_seconds": 3.781210777000524, "mode": "candidate"}
Loading weights:   0%|          | 0/76 [00:00<?, ?it/s]Loading weights: 100%|██████████| 76/76 [00:00<00:00, 7267.83it/s]
{"utc": "2026-09-25T13:26:19Z", "stage": "capture", "elapsed_seconds": 3.8748255129903555, "mode": "candidate"}
ninja: no work to do.
ninja: no work to do.
ninja: no work to do.
ninja: no work to do.
ninja: no work to do.
{"utc": "2026-09-25T13:26:20Z", "stage": "loading", "elapsed_seconds": 4.947167652018834, "mode": "frozen"}
Loading weights:   0%|          | 0/76 [00:00<?, ?it/s]Loading weights: 100%|██████████| 76/76 [00:00<00:00, 7630.21it/s]
{"utc": "2026-09-25T13:26:20Z", "stage": "capture", "elapsed_seconds": 5.010027245967649, "mode": "frozen"}
ninja: no work to do.
{"utc": "2026-09-25T13:26:22Z", "stage": "timing", "elapsed_seconds": 6.309990611975081, "inputs": 64, "passes": 7}
{"utc": "2026-09-25T13:26:22Z", "stage": "validation", "elapsed_seconds": 6.951633952965494, "target_blocks": 338}
{"utc": "2026-09-25T13:26:23Z", "stage": "validation", "elapsed_seconds": 7.6610710410168394, "blocks": 16, "prediction_tokens": 32752, "loss": {"native": 5.433529643704965, "native_graph": 5.433529643704965, "candidate_graph": 5.433529643704965, "frozen_graph": 5.433529643704965}}
{"utc": "2026-09-25T13:26:24Z", "stage": "validation", "elapsed_seconds": 8.266914559993893, "blocks": 32, "prediction_tokens": 65504, "loss": {"native": 5.4627757032848185, "native_graph": 5.4627757032848185, "candidate_graph": 5.4627757032848185, "frozen_graph": 5.4627757032848185}}
{"utc": "2026-09-25T13:26:24Z", "stage": "validation", "elapsed_seconds": 8.872537950985134, "blocks": 48, "prediction_tokens": 98256, "loss": {"native": 5.8373225488058615, "native_graph": 5.8373225488058615, "candidate_graph": 5.8373225488058615, "frozen_graph": 5.8373225488058615}}
{"utc": "2026-09-25T13:26:25Z", "stage": "validation", "elapsed_seconds": 9.478149831003975, "blocks": 64, "prediction_tokens": 131008, "loss": {"native": 5.963783443061445, "native_graph": 5.963783443061445, "candidate_graph": 5.963783443061445, "frozen_graph": 5.963783443061445}}
{"utc": "2026-09-25T13:26:25Z", "stage": "validation", "elapsed_seconds": 10.083895060990471, "blocks": 80, "prediction_tokens": 163760, "loss": {"native": 5.932614924398701, "native_graph": 5.932614924398701, "candidate_graph": 5.932614924398701, "frozen_graph": 5.932614924398701}}
{"utc": "2026-09-25T13:26:26Z", "stage": "validation", "elapsed_seconds": 10.690548255981412, "blocks": 96, "prediction_tokens": 196512, "loss": {"native": 5.941523398042327, "native_graph": 5.941523398042327, "candidate_graph": 5.941523398042327, "frozen_graph": 5.941523398042327}}
{"utc": "2026-09-25T13:26:27Z", "stage": "validation", "elapsed_seconds": 11.2963046960067, "blocks": 112, "prediction_tokens": 229264, "loss": {"native": 5.928813884542628, "native_graph": 5.928813884542628, "candidate_graph": 5.928813884542628, "frozen_graph": 5.928813884542628}}
{"utc": "2026-09-25T13:26:27Z", "stage": "validation", "elapsed_seconds": 11.901913566980511, "blocks": 128, "prediction_tokens": 262016, "loss": {"native": 5.831156502832246, "native_graph": 5.831156502832246, "candidate_graph": 5.831156502832246, "frozen_graph": 5.831156502832246}}
{"utc": "2026-09-25T13:26:28Z", "stage": "validation", "elapsed_seconds": 12.50701411999762, "blocks": 144, "prediction_tokens": 294768, "loss": {"native": 5.849604330977561, "native_graph": 5.849604330977561, "candidate_graph": 5.849604330977561, "frozen_graph": 5.849604330977561}}
{"utc": "2026-09-25T13:26:28Z", "stage": "validation", "elapsed_seconds": 13.112140193989035, "blocks": 160, "prediction_tokens": 327520, "loss": {"native": 5.855593878033689, "native_graph": 5.855593878033689, "candidate_graph": 5.855593878033689, "frozen_graph": 5.855593878033689}}
{"utc": "2026-09-25T13:26:29Z", "stage": "validation", "elapsed_seconds": 13.717551985988393, "blocks": 176, "prediction_tokens": 360272, "loss": {"native": 5.82820932078532, "native_graph": 5.82820932078532, "candidate_graph": 5.82820932078532, "frozen_graph": 5.82820932078532}}
{"utc": "2026-09-25T13:26:30Z", "stage": "validation", "elapsed_seconds": 14.32277545897523, "blocks": 192, "prediction_tokens": 393024, "loss": {"native": 5.827277839038217, "native_graph": 5.827277839038217, "candidate_graph": 5.827277839038217, "frozen_graph": 5.827277839038217}}
{"utc": "2026-09-25T13:26:30Z", "stage": "validation", "elapsed_seconds": 14.928523138980381, "blocks": 208, "prediction_tokens": 425776, "loss": {"native": 5.853064829303951, "native_graph": 5.853064829303951, "candidate_graph": 5.853064829303951, "frozen_graph": 5.853064829303951}}
{"utc": "2026-09-25T13:26:31Z", "stage": "validation", "elapsed_seconds": 15.533385624003131, "blocks": 224, "prediction_tokens": 458528, "loss": {"native": 5.860974186903867, "native_graph": 5.860974186903867, "candidate_graph": 5.860974186903867, "frozen_graph": 5.860974186903867}}
{"utc": "2026-09-25T13:26:32Z", "stage": "validation", "elapsed_seconds": 16.138683305995073, "blocks": 240, "prediction_tokens": 491280, "loss": {"native": 5.845817573123715, "native_graph": 5.845817573123715, "candidate_graph": 5.845817573123715, "frozen_graph": 5.845817573123715}}
{"utc": "2026-09-25T13:26:32Z", "stage": "validation", "elapsed_seconds": 16.744030667992774, "blocks": 256, "prediction_tokens": 524032, "loss": {"native": 5.860577907105685, "native_graph": 5.860577907105685, "candidate_graph": 5.860577907105685, "frozen_graph": 5.860577907105685}}
{"utc": "2026-09-25T13:26:33Z", "stage": "validation", "elapsed_seconds": 17.34914848196786, "blocks": 272, "prediction_tokens": 556784, "loss": {"native": 5.871153765243513, "native_graph": 5.871153765243513, "candidate_graph": 5.871153765243513, "frozen_graph": 5.871153765243513}}
{"utc": "2026-09-25T13:26:33Z", "stage": "validation", "elapsed_seconds": 17.954637612972874, "blocks": 288, "prediction_tokens": 589536, "loss": {"native": 5.85495766628994, "native_graph": 5.85495766628994, "candidate_graph": 5.85495766628994, "frozen_graph": 5.85495766628994}}
{"utc": "2026-09-25T13:26:34Z", "stage": "validation", "elapsed_seconds": 18.559750576969236, "blocks": 304, "prediction_tokens": 622288, "loss": {"native": 5.859802871463605, "native_graph": 5.859802871463605, "candidate_graph": 5.859802871463605, "frozen_graph": 5.859802871463605}}
{"utc": "2026-09-25T13:26:35Z", "stage": "validation", "elapsed_seconds": 19.165003029978834, "blocks": 320, "prediction_tokens": 655040, "loss": {"native": 5.835200507197079, "native_graph": 5.835200507197079, "candidate_graph": 5.835200507197079, "frozen_graph": 5.835200507197079}}
{"utc": "2026-09-25T13:26:35Z", "stage": "validation", "elapsed_seconds": 19.77012206299696, "blocks": 336, "prediction_tokens": 687792, "loss": {"native": 5.828935494539274, "native_graph": 5.828935494539274, "candidate_graph": 5.828935494539274, "frozen_graph": 5.828935494539274}}
{"utc": "2026-09-25T13:26:35Z", "stage": "diagnostics", "elapsed_seconds": 19.855457616969943, "loss": {"native": 5.83130066301001, "native_graph": 5.83130066301001, "candidate_graph": 5.83130066301001, "frozen_graph": 5.83130066301001}}
{"utc": "2026-09-25T13:26:35Z", "stage": "diagnostics", "elapsed_seconds": 20.01435814402066, "blocks": 32, "input_tokens_per_second": 413152.10625481314, "remaining_seconds": 1.5168457101208332}
{"utc": "2026-09-25T13:26:36Z", "stage": "diagnostics", "elapsed_seconds": 20.171441190992482, "blocks": 64, "input_tokens_per_second": 415169.7552894028, "remaining_seconds": 1.351620615063439}
{"utc": "2026-09-25T13:26:36Z", "stage": "diagnostics", "elapsed_seconds": 20.328749916981906, "blocks": 96, "input_tokens_per_second": 415647.40036428603, "remaining_seconds": 1.1923952839970298}
{"utc": "2026-09-25T13:26:36Z", "stage": "diagnostics", "elapsed_seconds": 20.48578146501677, "blocks": 128, "input_tokens_per_second": 416069.8543977325, "remaining_seconds": 1.033672580347229}
{"utc": "2026-09-25T13:26:36Z", "stage": "diagnostics", "elapsed_seconds": 20.642976000963245, "blocks": 160, "input_tokens_per_second": 416237.7723786903, "remaining_seconds": 0.8758071087991993}
{"utc": "2026-09-25T13:26:36Z", "stage": "diagnostics", "elapsed_seconds": 20.80072072398616, "blocks": 192, "input_tokens_per_second": 416107.2992156912, "remaining_seconds": 0.7185838858476927}
{"utc": "2026-09-25T13:26:36Z", "stage": "diagnostics", "elapsed_seconds": 20.959432661999017, "blocks": 224, "input_tokens_per_second": 415649.6560494681, "remaining_seconds": 0.5617038209992253}
{"utc": "2026-09-25T13:26:36Z", "stage": "diagnostics", "elapsed_seconds": 21.116871706966776, "blocks": 256, "input_tokens_per_second": 415726.0840424612, "remaining_seconds": 0.4039582947671079}
{"utc": "2026-09-25T13:26:37Z", "stage": "diagnostics", "elapsed_seconds": 21.27420980297029, "blocks": 288, "input_tokens_per_second": 415815.1670684797, "remaining_seconds": 0.2462632633675336}
{"utc": "2026-09-25T13:26:37Z", "stage": "diagnostics", "elapsed_seconds": 21.43178295699181, "blocks": 320, "input_tokens_per_second": 415824.45522005827, "remaining_seconds": 0.0886527945560374}
{"utc": "2026-09-25T13:26:37Z", "stage": "complete", "elapsed_seconds": 21.543727807002142, "qualified": true, "loss": {"native": 5.83130066301001, "native_graph": 5.83130066301001, "candidate_graph": 5.83130066301001, "frozen_graph": 5.83130066301001}, "timing": {"native_graph": {"samples": 448, "median_host_ms": 0.8557550027035177, "paired_geomean_speedup": 1.0, "input_tokens_per_second": null}, "candidate_graph": {"samples": 448, "median_host_ms": 0.49344750004820526, "paired_geomean_speedup": 1.733124778839612, "input_tokens_per_second": null}}}
