{"utc": "2026-09-25T13:25:40Z", "stage": "imports", "elapsed_seconds": 0.004940521030221134}
{"utc": "2026-09-25T13:25:42Z", "stage": "loading", "elapsed_seconds": 2.0670124380267225, "mode": "native"}
Loading weights:   0%|          | 0/76 [00:00<?, ?it/s]Loading weights: 100%|██████████| 76/76 [00:00<00:00, 8471.31it/s]
{"utc": "2026-09-25T13:25:43Z", "stage": "capture", "elapsed_seconds": 3.3845218820497394, "mode": "native"}
{"utc": "2026-09-25T13:25:43Z", "stage": "loading", "elapsed_seconds": 3.7775106379995123, "mode": "candidate"}
Loading weights:   0%|          | 0/76 [00:00<?, ?it/s]Loading weights: 100%|██████████| 76/76 [00:00<00:00, 7307.82it/s]
{"utc": "2026-09-25T13:25:44Z", "stage": "capture", "elapsed_seconds": 3.8710798850515857, "mode": "candidate"}
ninja: no work to do.
ninja: no work to do.
ninja: no work to do.
ninja: no work to do.
ninja: no work to do.
{"utc": "2026-09-25T13:25:45Z", "stage": "loading", "elapsed_seconds": 4.93947071605362, "mode": "frozen"}
Loading weights:   0%|          | 0/76 [00:00<?, ?it/s]Loading weights: 100%|██████████| 76/76 [00:00<00:00, 7691.70it/s]
{"utc": "2026-09-25T13:25:45Z", "stage": "capture", "elapsed_seconds": 4.9946341450558975, "mode": "frozen"}
ninja: no work to do.
{"utc": "2026-09-25T13:25:46Z", "stage": "timing", "elapsed_seconds": 6.292158085037954, "inputs": 64, "passes": 7}
{"utc": "2026-09-25T13:25:47Z", "stage": "validation", "elapsed_seconds": 6.971095790038817, "target_blocks": 338}
{"utc": "2026-09-25T13:25:47Z", "stage": "validation", "elapsed_seconds": 7.698773781012278, "blocks": 16, "prediction_tokens": 32752, "loss": {"native": 5.433529643704965, "native_graph": 5.433529643704965, "candidate_graph": 5.433529643704965, "frozen_graph": 5.433529643704965}}
{"utc": "2026-09-25T13:25:48Z", "stage": "validation", "elapsed_seconds": 8.306542330014054, "blocks": 32, "prediction_tokens": 65504, "loss": {"native": 5.4627757032848185, "native_graph": 5.4627757032848185, "candidate_graph": 5.4627757032848185, "frozen_graph": 5.4627757032848185}}
{"utc": "2026-09-25T13:25:49Z", "stage": "validation", "elapsed_seconds": 8.913938700046856, "blocks": 48, "prediction_tokens": 98256, "loss": {"native": 5.8373225488058615, "native_graph": 5.8373225488058615, "candidate_graph": 5.8373225488058615, "frozen_graph": 5.8373225488058615}}
{"utc": "2026-09-25T13:25:49Z", "stage": "validation", "elapsed_seconds": 9.52114916103892, "blocks": 64, "prediction_tokens": 131008, "loss": {"native": 5.963783443061445, "native_graph": 5.963783443061445, "candidate_graph": 5.963783443061445, "frozen_graph": 5.963783443061445}}
{"utc": "2026-09-25T13:25:50Z", "stage": "validation", "elapsed_seconds": 10.129085498047061, "blocks": 80, "prediction_tokens": 163760, "loss": {"native": 5.932614924398701, "native_graph": 5.932614924398701, "candidate_graph": 5.932614924398701, "frozen_graph": 5.932614924398701}}
{"utc": "2026-09-25T13:25:50Z", "stage": "validation", "elapsed_seconds": 10.73703702603234, "blocks": 96, "prediction_tokens": 196512, "loss": {"native": 5.941523398042327, "native_graph": 5.941523398042327, "candidate_graph": 5.941523398042327, "frozen_graph": 5.941523398042327}}
{"utc": "2026-09-25T13:25:51Z", "stage": "validation", "elapsed_seconds": 11.344718224019744, "blocks": 112, "prediction_tokens": 229264, "loss": {"native": 5.928813884542628, "native_graph": 5.928813884542628, "candidate_graph": 5.928813884542628, "frozen_graph": 5.928813884542628}}
{"utc": "2026-09-25T13:25:52Z", "stage": "validation", "elapsed_seconds": 11.952436593011953, "blocks": 128, "prediction_tokens": 262016, "loss": {"native": 5.831156502832246, "native_graph": 5.831156502832246, "candidate_graph": 5.831156502832246, "frozen_graph": 5.831156502832246}}
{"utc": "2026-09-25T13:25:52Z", "stage": "validation", "elapsed_seconds": 12.55993736203527, "blocks": 144, "prediction_tokens": 294768, "loss": {"native": 5.849604330977561, "native_graph": 5.849604330977561, "candidate_graph": 5.849604330977561, "frozen_graph": 5.849604330977561}}
{"utc": "2026-09-25T13:25:53Z", "stage": "validation", "elapsed_seconds": 13.167689061025158, "blocks": 160, "prediction_tokens": 327520, "loss": {"native": 5.855593878033689, "native_graph": 5.855593878033689, "candidate_graph": 5.855593878033689, "frozen_graph": 5.855593878033689}}
{"utc": "2026-09-25T13:25:53Z", "stage": "validation", "elapsed_seconds": 13.775650988041889, "blocks": 176, "prediction_tokens": 360272, "loss": {"native": 5.82820932078532, "native_graph": 5.82820932078532, "candidate_graph": 5.82820932078532, "frozen_graph": 5.82820932078532}}
{"utc": "2026-09-25T13:25:54Z", "stage": "validation", "elapsed_seconds": 14.382856889045797, "blocks": 192, "prediction_tokens": 393024, "loss": {"native": 5.827277839038217, "native_graph": 5.827277839038217, "candidate_graph": 5.827277839038217, "frozen_graph": 5.827277839038217}}
{"utc": "2026-09-25T13:25:55Z", "stage": "validation", "elapsed_seconds": 14.990621447039302, "blocks": 208, "prediction_tokens": 425776, "loss": {"native": 5.853064829303951, "native_graph": 5.853064829303951, "candidate_graph": 5.853064829303951, "frozen_graph": 5.853064829303951}}
{"utc": "2026-09-25T13:25:55Z", "stage": "validation", "elapsed_seconds": 15.598177107051015, "blocks": 224, "prediction_tokens": 458528, "loss": {"native": 5.860974186903867, "native_graph": 5.860974186903867, "candidate_graph": 5.860974186903867, "frozen_graph": 5.860974186903867}}
{"utc": "2026-09-25T13:25:56Z", "stage": "validation", "elapsed_seconds": 16.20568967604777, "blocks": 240, "prediction_tokens": 491280, "loss": {"native": 5.845817573123715, "native_graph": 5.845817573123715, "candidate_graph": 5.845817573123715, "frozen_graph": 5.845817573123715}}
{"utc": "2026-09-25T13:25:57Z", "stage": "validation", "elapsed_seconds": 16.81301749701379, "blocks": 256, "prediction_tokens": 524032, "loss": {"native": 5.860577907105685, "native_graph": 5.860577907105685, "candidate_graph": 5.860577907105685, "frozen_graph": 5.860577907105685}}
{"utc": "2026-09-25T13:25:57Z", "stage": "validation", "elapsed_seconds": 17.42061912600184, "blocks": 272, "prediction_tokens": 556784, "loss": {"native": 5.871153765243513, "native_graph": 5.871153765243513, "candidate_graph": 5.871153765243513, "frozen_graph": 5.871153765243513}}
{"utc": "2026-09-25T13:25:58Z", "stage": "validation", "elapsed_seconds": 18.02822074503638, "blocks": 288, "prediction_tokens": 589536, "loss": {"native": 5.85495766628994, "native_graph": 5.85495766628994, "candidate_graph": 5.85495766628994, "frozen_graph": 5.85495766628994}}
{"utc": "2026-09-25T13:25:58Z", "stage": "validation", "elapsed_seconds": 18.6358066550456, "blocks": 304, "prediction_tokens": 622288, "loss": {"native": 5.859802871463605, "native_graph": 5.859802871463605, "candidate_graph": 5.859802871463605, "frozen_graph": 5.859802871463605}}
{"utc": "2026-09-25T13:25:59Z", "stage": "validation", "elapsed_seconds": 19.243682062020525, "blocks": 320, "prediction_tokens": 655040, "loss": {"native": 5.835200507197079, "native_graph": 5.835200507197079, "candidate_graph": 5.835200507197079, "frozen_graph": 5.835200507197079}}
{"utc": "2026-09-25T13:26:00Z", "stage": "validation", "elapsed_seconds": 19.85089969402179, "blocks": 336, "prediction_tokens": 687792, "loss": {"native": 5.828935494539274, "native_graph": 5.828935494539274, "candidate_graph": 5.828935494539274, "frozen_graph": 5.828935494539274}}
{"utc": "2026-09-25T13:26:00Z", "stage": "diagnostics", "elapsed_seconds": 19.936200818046927, "loss": {"native": 5.83130066301001, "native_graph": 5.83130066301001, "candidate_graph": 5.83130066301001, "frozen_graph": 5.83130066301001}}
{"utc": "2026-09-25T13:26:01Z", "stage": "diagnostics", "elapsed_seconds": 21.471815454016905, "blocks": 32, "input_tokens_per_second": 42685.14666744193, "remaining_seconds": 14.681641013969056}
{"utc": "2026-09-25T13:26:03Z", "stage": "diagnostics", "elapsed_seconds": 22.874715131998528, "blocks": 64, "input_tokens_per_second": 44609.03030535706, "remaining_seconds": 12.579336429391333}
{"utc": "2026-09-25T13:26:04Z", "stage": "diagnostics", "elapsed_seconds": 24.27900146105094, "blocks": 96, "input_tokens_per_second": 45275.02277554093, "remaining_seconds": 10.946786320950196}
{"utc": "2026-09-25T13:26:05Z", "stage": "diagnostics", "elapsed_seconds": 25.682313496014103, "blocks": 128, "input_tokens_per_second": 45623.28117545939, "remaining_seconds": 9.42676609220598}
{"utc": "2026-09-25T13:26:07Z", "stage": "diagnostics", "elapsed_seconds": 27.08449431799818, "blocks": 160, "input_tokens_per_second": 45842.074192535416, "remaining_seconds": 7.952170716990804}
{"utc": "2026-09-25T13:26:08Z", "stage": "diagnostics", "elapsed_seconds": 28.487246376054827, "blocks": 192, "input_tokens_per_second": 45986.027493629896, "remaining_seconds": 6.502148941684936}
{"utc": "2026-09-25T13:26:10Z", "stage": "diagnostics", "elapsed_seconds": 29.891027299046982, "blocks": 224, "input_tokens_per_second": 46084.643908939615, "remaining_seconds": 5.0661561031333155}
{"utc": "2026-09-25T13:26:11Z", "stage": "diagnostics", "elapsed_seconds": 31.30016981001245, "blocks": 256, "input_tokens_per_second": 46137.10526677437, "remaining_seconds": 3.6399336072117876}
{"utc": "2026-09-25T13:26:12Z", "stage": "diagnostics", "elapsed_seconds": 32.7031111070537, "blocks": 288, "input_tokens_per_second": 46200.42815850559, "remaining_seconds": 2.216429675687929}
{"utc": "2026-09-25T13:26:14Z", "stage": "diagnostics", "elapsed_seconds": 34.118146425054874, "blocks": 320, "input_tokens_per_second": 46211.77872448744, "remaining_seconds": 0.7977186989442998}
{"utc": "2026-09-25T13:26:15Z", "stage": "complete", "elapsed_seconds": 34.92950235999888, "qualified": true, "loss": {"native": 5.83130066301001, "native_graph": 5.83130066301001, "candidate_graph": 5.83130066301001, "frozen_graph": 5.83130066301001}, "timing": {"candidate_graph": {"samples": 448, "median_host_ms": 0.5799420177936554, "paired_geomean_speedup": 1.4813336848663194, "input_tokens_per_second": null}, "native_graph": {"samples": 448, "median_host_ms": 0.8560449932701886, "paired_geomean_speedup": 1.0, "input_tokens_per_second": null}}}
