{"utc": "2026-09-25T13:31:24Z", "stage": "imports", "elapsed_seconds": 0.0050704110180959105}
{"utc": "2026-09-25T13:31:26Z", "stage": "loading", "elapsed_seconds": 2.0647282510180958, "mode": "native"}
Loading weights:   0%|          | 0/76 [00:00<?, ?it/s]Loading weights: 100%|██████████| 76/76 [00:00<00:00, 8773.73it/s]
{"utc": "2026-09-25T13:31:28Z", "stage": "capture", "elapsed_seconds": 3.3896500120172277, "mode": "native"}
{"utc": "2026-09-25T13:31:28Z", "stage": "loading", "elapsed_seconds": 3.776917651994154, "mode": "candidate"}
Loading weights:   0%|          | 0/76 [00:00<?, ?it/s]Loading weights: 100%|██████████| 76/76 [00:00<00:00, 7204.75it/s]
{"utc": "2026-09-25T13:31:28Z", "stage": "capture", "elapsed_seconds": 3.8712459939997643, "mode": "candidate"}
ninja: no work to do.
ninja: no work to do.
ninja: no work to do.
ninja: no work to do.
ninja: no work to do.
{"utc": "2026-09-25T13:31:29Z", "stage": "loading", "elapsed_seconds": 4.957317841995973, "mode": "frozen"}
Loading weights:   0%|          | 0/76 [00:00<?, ?it/s]Loading weights: 100%|██████████| 76/76 [00:00<00:00, 7211.76it/s]
{"utc": "2026-09-25T13:31:29Z", "stage": "capture", "elapsed_seconds": 5.012993409007322, "mode": "frozen"}
ninja: no work to do.
{"utc": "2026-09-25T13:31:31Z", "stage": "timing", "elapsed_seconds": 6.318615192023572, "inputs": 64, "passes": 7}
{"utc": "2026-09-25T13:31:31Z", "stage": "validation", "elapsed_seconds": 7.001039496040903, "target_blocks": 338}
{"utc": "2026-09-25T13:31:32Z", "stage": "validation", "elapsed_seconds": 7.718150289030746, "blocks": 16, "prediction_tokens": 32752, "loss": {"native": 5.433529643704965, "native_graph": 5.433529643704965, "candidate_graph": 5.433529643704965, "frozen_graph": 5.433529643704965}}
{"utc": "2026-09-25T13:31:33Z", "stage": "validation", "elapsed_seconds": 8.326095556025393, "blocks": 32, "prediction_tokens": 65504, "loss": {"native": 5.4627757032848185, "native_graph": 5.4627757032848185, "candidate_graph": 5.4627757032848185, "frozen_graph": 5.4627757032848185}}
{"utc": "2026-09-25T13:31:33Z", "stage": "validation", "elapsed_seconds": 8.932969349029008, "blocks": 48, "prediction_tokens": 98256, "loss": {"native": 5.8373225488058615, "native_graph": 5.8373225488058615, "candidate_graph": 5.8373225488058615, "frozen_graph": 5.8373225488058615}}
{"utc": "2026-09-25T13:31:34Z", "stage": "validation", "elapsed_seconds": 9.54011638101656, "blocks": 64, "prediction_tokens": 131008, "loss": {"native": 5.963783443061445, "native_graph": 5.963783443061445, "candidate_graph": 5.963783443061445, "frozen_graph": 5.963783443061445}}
{"utc": "2026-09-25T13:31:34Z", "stage": "validation", "elapsed_seconds": 10.147554880997632, "blocks": 80, "prediction_tokens": 163760, "loss": {"native": 5.932614924398701, "native_graph": 5.932614924398701, "candidate_graph": 5.932614924398701, "frozen_graph": 5.932614924398701}}
{"utc": "2026-09-25T13:31:35Z", "stage": "validation", "elapsed_seconds": 10.755232660041656, "blocks": 96, "prediction_tokens": 196512, "loss": {"native": 5.941523398042327, "native_graph": 5.941523398042327, "candidate_graph": 5.941523398042327, "frozen_graph": 5.941523398042327}}
{"utc": "2026-09-25T13:31:36Z", "stage": "validation", "elapsed_seconds": 11.375758184003644, "blocks": 112, "prediction_tokens": 229264, "loss": {"native": 5.928813884542628, "native_graph": 5.928813884542628, "candidate_graph": 5.928813884542628, "frozen_graph": 5.928813884542628}}
{"utc": "2026-09-25T13:31:36Z", "stage": "validation", "elapsed_seconds": 11.983933340001386, "blocks": 128, "prediction_tokens": 262016, "loss": {"native": 5.831156502832246, "native_graph": 5.831156502832246, "candidate_graph": 5.831156502832246, "frozen_graph": 5.831156502832246}}
{"utc": "2026-09-25T13:31:37Z", "stage": "validation", "elapsed_seconds": 12.591561919020023, "blocks": 144, "prediction_tokens": 294768, "loss": {"native": 5.849604330977561, "native_graph": 5.849604330977561, "candidate_graph": 5.849604330977561, "frozen_graph": 5.849604330977561}}
{"utc": "2026-09-25T13:31:37Z", "stage": "validation", "elapsed_seconds": 13.19848538201768, "blocks": 160, "prediction_tokens": 327520, "loss": {"native": 5.855593878033689, "native_graph": 5.855593878033689, "candidate_graph": 5.855593878033689, "frozen_graph": 5.855593878033689}}
{"utc": "2026-09-25T13:31:38Z", "stage": "validation", "elapsed_seconds": 13.805390044988599, "blocks": 176, "prediction_tokens": 360272, "loss": {"native": 5.82820932078532, "native_graph": 5.82820932078532, "candidate_graph": 5.82820932078532, "frozen_graph": 5.82820932078532}}
{"utc": "2026-09-25T13:31:39Z", "stage": "validation", "elapsed_seconds": 14.412185889028478, "blocks": 192, "prediction_tokens": 393024, "loss": {"native": 5.827277839038217, "native_graph": 5.827277839038217, "candidate_graph": 5.827277839038217, "frozen_graph": 5.827277839038217}}
{"utc": "2026-09-25T13:31:39Z", "stage": "validation", "elapsed_seconds": 15.01933696999913, "blocks": 208, "prediction_tokens": 425776, "loss": {"native": 5.853064829303951, "native_graph": 5.853064829303951, "candidate_graph": 5.853064829303951, "frozen_graph": 5.853064829303951}}
{"utc": "2026-09-25T13:31:40Z", "stage": "validation", "elapsed_seconds": 15.626377223001327, "blocks": 224, "prediction_tokens": 458528, "loss": {"native": 5.860974186903867, "native_graph": 5.860974186903867, "candidate_graph": 5.860974186903867, "frozen_graph": 5.860974186903867}}
{"utc": "2026-09-25T13:31:40Z", "stage": "validation", "elapsed_seconds": 16.23361598403426, "blocks": 240, "prediction_tokens": 491280, "loss": {"native": 5.845817573123715, "native_graph": 5.845817573123715, "candidate_graph": 5.845817573123715, "frozen_graph": 5.845817573123715}}
{"utc": "2026-09-25T13:31:41Z", "stage": "validation", "elapsed_seconds": 16.84105795400683, "blocks": 256, "prediction_tokens": 524032, "loss": {"native": 5.860577907105685, "native_graph": 5.860577907105685, "candidate_graph": 5.860577907105685, "frozen_graph": 5.860577907105685}}
{"utc": "2026-09-25T13:31:42Z", "stage": "validation", "elapsed_seconds": 17.44790541799739, "blocks": 272, "prediction_tokens": 556784, "loss": {"native": 5.871153765243513, "native_graph": 5.871153765243513, "candidate_graph": 5.871153765243513, "frozen_graph": 5.871153765243513}}
{"utc": "2026-09-25T13:31:42Z", "stage": "validation", "elapsed_seconds": 18.054903670039494, "blocks": 288, "prediction_tokens": 589536, "loss": {"native": 5.85495766628994, "native_graph": 5.85495766628994, "candidate_graph": 5.85495766628994, "frozen_graph": 5.85495766628994}}
{"utc": "2026-09-25T13:31:43Z", "stage": "validation", "elapsed_seconds": 18.66223976103356, "blocks": 304, "prediction_tokens": 622288, "loss": {"native": 5.859802871463605, "native_graph": 5.859802871463605, "candidate_graph": 5.859802871463605, "frozen_graph": 5.859802871463605}}
{"utc": "2026-09-25T13:31:44Z", "stage": "validation", "elapsed_seconds": 19.269545462040696, "blocks": 320, "prediction_tokens": 655040, "loss": {"native": 5.835200507197079, "native_graph": 5.835200507197079, "candidate_graph": 5.835200507197079, "frozen_graph": 5.835200507197079}}
{"utc": "2026-09-25T13:31:44Z", "stage": "validation", "elapsed_seconds": 19.876288356026635, "blocks": 336, "prediction_tokens": 687792, "loss": {"native": 5.828935494539274, "native_graph": 5.828935494539274, "candidate_graph": 5.828935494539274, "frozen_graph": 5.828935494539274}}
{"utc": "2026-09-25T13:31:44Z", "stage": "diagnostics", "elapsed_seconds": 19.961829909007065, "loss": {"native": 5.83130066301001, "native_graph": 5.83130066301001, "candidate_graph": 5.83130066301001, "frozen_graph": 5.83130066301001}}
{"utc": "2026-09-25T13:31:44Z", "stage": "diagnostics", "elapsed_seconds": 20.121815858990885, "blocks": 32, "input_tokens_per_second": 410361.54884933314, "remaining_seconds": 1.5271606264213915}
{"utc": "2026-09-25T13:31:45Z", "stage": "diagnostics", "elapsed_seconds": 20.280949764011893, "blocks": 64, "input_tokens_per_second": 411093.2228456658, "remaining_seconds": 1.3650237192323402}
{"utc": "2026-09-25T13:31:45Z", "stage": "diagnostics", "elapsed_seconds": 20.439255253993906, "blocks": 96, "input_tokens_per_second": 412052.07294722175, "remaining_seconds": 1.2027994337101215}
{"utc": "2026-09-25T13:31:45Z", "stage": "diagnostics", "elapsed_seconds": 20.597769323037937, "blocks": 128, "input_tokens_per_second": 412398.04598285386, "remaining_seconds": 1.0428759403430377}
{"utc": "2026-09-25T13:31:45Z", "stage": "diagnostics", "elapsed_seconds": 20.75633803202072, "blocks": 160, "input_tokens_per_second": 412577.8086880871, "remaining_seconds": 0.8835763638358912}
{"utc": "2026-09-25T13:31:45Z", "stage": "diagnostics", "elapsed_seconds": 20.914631152001675, "blocks": 192, "input_tokens_per_second": 412817.00767237775, "remaining_seconds": 0.7243112430999948}
{"utc": "2026-09-25T13:31:45Z", "stage": "diagnostics", "elapsed_seconds": 21.072866193018854, "blocks": 224, "input_tokens_per_second": 413009.3791501778, "remaining_seconds": 0.565294668320608}
{"utc": "2026-09-25T13:31:45Z", "stage": "diagnostics", "elapsed_seconds": 21.230986814014614, "blocks": 256, "input_tokens_per_second": 413191.1810883712, "remaining_seconds": 0.4064365545209512}
{"utc": "2026-09-25T13:31:46Z", "stage": "diagnostics", "elapsed_seconds": 21.389280004019383, "blocks": 288, "input_tokens_per_second": 413282.8938774016, "remaining_seconds": 0.24777217135528595}
{"utc": "2026-09-25T13:31:46Z", "stage": "diagnostics", "elapsed_seconds": 21.54736883501755, "blocks": 320, "input_tokens_per_second": 413409.4575512977, "remaining_seconds": 0.08917067407783179}
{"utc": "2026-09-25T13:31:46Z", "stage": "complete", "elapsed_seconds": 21.65972169203451, "qualified": true, "loss": {"native": 5.83130066301001, "native_graph": 5.83130066301001, "candidate_graph": 5.83130066301001, "frozen_graph": 5.83130066301001}, "timing": {"native_graph": {"samples": 448, "median_host_ms": 0.8593450183980167, "paired_geomean_speedup": 1.0, "input_tokens_per_second": null}, "candidate_graph": {"samples": 448, "median_host_ms": 0.5825714615639299, "paired_geomean_speedup": 1.4800077305122685, "input_tokens_per_second": null}}}
