{"utc": "2026-09-25T13:30:03Z", "stage": "imports", "elapsed_seconds": 0.004886101989541203}
{"utc": "2026-09-25T13:30:05Z", "stage": "loading", "elapsed_seconds": 2.0409031299641356, "mode": "native"}
Loading weights:   0%|          | 0/76 [00:00<?, ?it/s]Loading weights: 100%|██████████| 76/76 [00:00<00:00, 10097.47it/s]
{"utc": "2026-09-25T13:30:06Z", "stage": "capture", "elapsed_seconds": 3.355839758994989, "mode": "native"}
{"utc": "2026-09-25T13:30:07Z", "stage": "loading", "elapsed_seconds": 3.7470310159842484, "mode": "candidate"}
Loading weights:   0%|          | 0/76 [00:00<?, ?it/s]Loading weights: 100%|██████████| 76/76 [00:00<00:00, 7519.69it/s]
{"utc": "2026-09-25T13:30:07Z", "stage": "capture", "elapsed_seconds": 3.840467092988547, "mode": "candidate"}
ninja: no work to do.
ninja: no work to do.
ninja: no work to do.
ninja: no work to do.
ninja: no work to do.
{"utc": "2026-09-25T13:30:08Z", "stage": "loading", "elapsed_seconds": 4.890209252946079, "mode": "frozen"}
Loading weights:   0%|          | 0/76 [00:00<?, ?it/s]Loading weights: 100%|██████████| 76/76 [00:00<00:00, 7722.07it/s]
{"utc": "2026-09-25T13:30:08Z", "stage": "capture", "elapsed_seconds": 4.945179632981308, "mode": "frozen"}
ninja: no work to do.
{"utc": "2026-09-25T13:30:09Z", "stage": "timing", "elapsed_seconds": 6.239578940963838, "inputs": 64, "passes": 7}
{"utc": "2026-09-25T13:30:10Z", "stage": "validation", "elapsed_seconds": 6.88242892496055, "target_blocks": 338}
{"utc": "2026-09-25T13:30:11Z", "stage": "validation", "elapsed_seconds": 7.590235091978684, "blocks": 16, "prediction_tokens": 32752, "loss": {"native": 5.433529643704965, "native_graph": 5.433529643704965, "candidate_graph": 5.433529643704965, "frozen_graph": 5.433529643704965}}
{"utc": "2026-09-25T13:30:11Z", "stage": "validation", "elapsed_seconds": 8.195649213972501, "blocks": 32, "prediction_tokens": 65504, "loss": {"native": 5.4627757032848185, "native_graph": 5.4627757032848185, "candidate_graph": 5.4627757032848185, "frozen_graph": 5.4627757032848185}}
{"utc": "2026-09-25T13:30:12Z", "stage": "validation", "elapsed_seconds": 8.80080171796726, "blocks": 48, "prediction_tokens": 98256, "loss": {"native": 5.8373225488058615, "native_graph": 5.8373225488058615, "candidate_graph": 5.8373225488058615, "frozen_graph": 5.8373225488058615}}
{"utc": "2026-09-25T13:30:12Z", "stage": "validation", "elapsed_seconds": 9.406036219967064, "blocks": 64, "prediction_tokens": 131008, "loss": {"native": 5.963783443061445, "native_graph": 5.963783443061445, "candidate_graph": 5.963783443061445, "frozen_graph": 5.963783443061445}}
{"utc": "2026-09-25T13:30:13Z", "stage": "validation", "elapsed_seconds": 10.011047784995753, "blocks": 80, "prediction_tokens": 163760, "loss": {"native": 5.932614924398701, "native_graph": 5.932614924398701, "candidate_graph": 5.932614924398701, "frozen_graph": 5.932614924398701}}
{"utc": "2026-09-25T13:30:14Z", "stage": "validation", "elapsed_seconds": 10.61616217799019, "blocks": 96, "prediction_tokens": 196512, "loss": {"native": 5.941523398042327, "native_graph": 5.941523398042327, "candidate_graph": 5.941523398042327, "frozen_graph": 5.941523398042327}}
{"utc": "2026-09-25T13:30:14Z", "stage": "validation", "elapsed_seconds": 11.221431621001102, "blocks": 112, "prediction_tokens": 229264, "loss": {"native": 5.928813884542628, "native_graph": 5.928813884542628, "candidate_graph": 5.928813884542628, "frozen_graph": 5.928813884542628}}
{"utc": "2026-09-25T13:30:15Z", "stage": "validation", "elapsed_seconds": 11.826995501993224, "blocks": 128, "prediction_tokens": 262016, "loss": {"native": 5.831156502832246, "native_graph": 5.831156502832246, "candidate_graph": 5.831156502832246, "frozen_graph": 5.831156502832246}}
{"utc": "2026-09-25T13:30:15Z", "stage": "validation", "elapsed_seconds": 12.432007505965885, "blocks": 144, "prediction_tokens": 294768, "loss": {"native": 5.849604330977561, "native_graph": 5.849604330977561, "candidate_graph": 5.849604330977561, "frozen_graph": 5.849604330977561}}
{"utc": "2026-09-25T13:30:16Z", "stage": "validation", "elapsed_seconds": 13.03848789195763, "blocks": 160, "prediction_tokens": 327520, "loss": {"native": 5.855593878033689, "native_graph": 5.855593878033689, "candidate_graph": 5.855593878033689, "frozen_graph": 5.855593878033689}}
{"utc": "2026-09-25T13:30:17Z", "stage": "validation", "elapsed_seconds": 13.64389476395445, "blocks": 176, "prediction_tokens": 360272, "loss": {"native": 5.82820932078532, "native_graph": 5.82820932078532, "candidate_graph": 5.82820932078532, "frozen_graph": 5.82820932078532}}
{"utc": "2026-09-25T13:30:17Z", "stage": "validation", "elapsed_seconds": 14.258211553969886, "blocks": 192, "prediction_tokens": 393024, "loss": {"native": 5.827277839038217, "native_graph": 5.827277839038217, "candidate_graph": 5.827277839038217, "frozen_graph": 5.827277839038217}}
{"utc": "2026-09-25T13:30:18Z", "stage": "validation", "elapsed_seconds": 14.8663900999818, "blocks": 208, "prediction_tokens": 425776, "loss": {"native": 5.853064829303951, "native_graph": 5.853064829303951, "candidate_graph": 5.853064829303951, "frozen_graph": 5.853064829303951}}
{"utc": "2026-09-25T13:30:19Z", "stage": "validation", "elapsed_seconds": 15.473833229974844, "blocks": 224, "prediction_tokens": 458528, "loss": {"native": 5.860974186903867, "native_graph": 5.860974186903867, "candidate_graph": 5.860974186903867, "frozen_graph": 5.860974186903867}}
{"utc": "2026-09-25T13:30:19Z", "stage": "validation", "elapsed_seconds": 16.078508405946195, "blocks": 240, "prediction_tokens": 491280, "loss": {"native": 5.845817573123715, "native_graph": 5.845817573123715, "candidate_graph": 5.845817573123715, "frozen_graph": 5.845817573123715}}
{"utc": "2026-09-25T13:30:20Z", "stage": "validation", "elapsed_seconds": 16.682368956971914, "blocks": 256, "prediction_tokens": 524032, "loss": {"native": 5.860577907105685, "native_graph": 5.860577907105685, "candidate_graph": 5.860577907105685, "frozen_graph": 5.860577907105685}}
{"utc": "2026-09-25T13:30:20Z", "stage": "validation", "elapsed_seconds": 17.286641254962888, "blocks": 272, "prediction_tokens": 556784, "loss": {"native": 5.871153765243513, "native_graph": 5.871153765243513, "candidate_graph": 5.871153765243513, "frozen_graph": 5.871153765243513}}
{"utc": "2026-09-25T13:30:21Z", "stage": "validation", "elapsed_seconds": 17.89049725595396, "blocks": 288, "prediction_tokens": 589536, "loss": {"native": 5.85495766628994, "native_graph": 5.85495766628994, "candidate_graph": 5.85495766628994, "frozen_graph": 5.85495766628994}}
{"utc": "2026-09-25T13:30:22Z", "stage": "validation", "elapsed_seconds": 18.494108647981193, "blocks": 304, "prediction_tokens": 622288, "loss": {"native": 5.859802871463605, "native_graph": 5.859802871463605, "candidate_graph": 5.859802871463605, "frozen_graph": 5.859802871463605}}
{"utc": "2026-09-25T13:30:22Z", "stage": "validation", "elapsed_seconds": 19.098337367002387, "blocks": 320, "prediction_tokens": 655040, "loss": {"native": 5.835200507197079, "native_graph": 5.835200507197079, "candidate_graph": 5.835200507197079, "frozen_graph": 5.835200507197079}}
{"utc": "2026-09-25T13:30:23Z", "stage": "validation", "elapsed_seconds": 19.701917709957343, "blocks": 336, "prediction_tokens": 687792, "loss": {"native": 5.828935494539274, "native_graph": 5.828935494539274, "candidate_graph": 5.828935494539274, "frozen_graph": 5.828935494539274}}
{"utc": "2026-09-25T13:30:23Z", "stage": "diagnostics", "elapsed_seconds": 19.786669286957476, "loss": {"native": 5.83130066301001, "native_graph": 5.83130066301001, "candidate_graph": 5.83130066301001, "frozen_graph": 5.83130066301001}}
{"utc": "2026-09-25T13:30:24Z", "stage": "diagnostics", "elapsed_seconds": 21.290230339975096, "blocks": 32, "input_tokens_per_second": 43595.25745702032, "remaining_seconds": 14.37514162217849}
{"utc": "2026-09-25T13:30:26Z", "stage": "diagnostics", "elapsed_seconds": 22.66712653799914, "blocks": 64, "input_tokens_per_second": 45508.20929860722, "remaining_seconds": 12.330786217447894}
{"utc": "2026-09-25T13:30:27Z", "stage": "diagnostics", "elapsed_seconds": 24.157145529985428, "blocks": 96, "input_tokens_per_second": 44988.323629969425, "remaining_seconds": 11.016547406310565}
{"utc": "2026-09-25T13:30:29Z", "stage": "diagnostics", "elapsed_seconds": 25.64928717899602, "blocks": 128, "input_tokens_per_second": 44716.619192114376, "remaining_seconds": 9.617900632251803}
{"utc": "2026-09-25T13:30:30Z", "stage": "diagnostics", "elapsed_seconds": 27.133165275969077, "blocks": 160, "input_tokens_per_second": 44605.23582885671, "remaining_seconds": 8.172672853893165}
{"utc": "2026-09-25T13:30:32Z", "stage": "diagnostics", "elapsed_seconds": 28.622235081973486, "blocks": 192, "input_tokens_per_second": 44505.14662187068, "remaining_seconds": 6.71850387418029}
{"utc": "2026-09-25T13:30:33Z", "stage": "diagnostics", "elapsed_seconds": 30.106336977973115, "blocks": 224, "input_tokens_per_second": 44455.31725181701, "remaining_seconds": 5.251835200668991}
{"utc": "2026-09-25T13:30:35Z", "stage": "diagnostics", "elapsed_seconds": 31.598156158986967, "blocks": 256, "input_tokens_per_second": 44389.01832910602, "remaining_seconds": 3.7832780791613914}
{"utc": "2026-09-25T13:30:36Z", "stage": "diagnostics", "elapsed_seconds": 33.08323944895528, "blocks": 288, "input_tokens_per_second": 44360.03480611982, "remaining_seconds": 2.308384122049271}
{"utc": "2026-09-25T13:30:38Z", "stage": "diagnostics", "elapsed_seconds": 34.56786872097291, "blocks": 320, "input_tokens_per_second": 44338.224136431236, "remaining_seconds": 0.8314270748996933}
{"utc": "2026-09-25T13:30:38Z", "stage": "complete", "elapsed_seconds": 35.43269593594596, "qualified": true, "loss": {"native": 5.83130066301001, "native_graph": 5.83130066301001, "candidate_graph": 5.83130066301001, "frozen_graph": 5.83130066301001}, "timing": {"candidate_graph": {"samples": 448, "median_host_ms": 0.49501698231324553, "paired_geomean_speedup": 1.7331469099420524, "input_tokens_per_second": null}, "native_graph": {"samples": 448, "median_host_ms": 0.858520477777347, "paired_geomean_speedup": 1.0, "input_tokens_per_second": null}}}
