{"utc": "2026-09-25T13:28:34Z", "stage": "imports", "elapsed_seconds": 0.00499680096982047}
{"utc": "2026-09-25T13:28:36Z", "stage": "loading", "elapsed_seconds": 2.0554548060172237, "mode": "native"}
Loading weights:   0%|          | 0/76 [00:00<?, ?it/s]Loading weights: 100%|██████████| 76/76 [00:00<00:00, 9455.60it/s]
{"utc": "2026-09-25T13:28:37Z", "stage": "capture", "elapsed_seconds": 3.3712455190252513, "mode": "native"}
{"utc": "2026-09-25T13:28:37Z", "stage": "loading", "elapsed_seconds": 3.760741475969553, "mode": "candidate"}
Loading weights:   0%|          | 0/76 [00:00<?, ?it/s]Loading weights: 100%|██████████| 76/76 [00:00<00:00, 7652.37it/s]
{"utc": "2026-09-25T13:28:37Z", "stage": "capture", "elapsed_seconds": 3.8547629399690777, "mode": "candidate"}
ninja: no work to do.
ninja: no work to do.
ninja: no work to do.
ninja: no work to do.
ninja: no work to do.
{"utc": "2026-09-25T13:28:39Z", "stage": "loading", "elapsed_seconds": 4.925528746971395, "mode": "frozen"}
Loading weights:   0%|          | 0/76 [00:00<?, ?it/s]Loading weights: 100%|██████████| 76/76 [00:00<00:00, 7643.20it/s]
{"utc": "2026-09-25T13:28:39Z", "stage": "capture", "elapsed_seconds": 4.981076653988566, "mode": "frozen"}
ninja: no work to do.
{"utc": "2026-09-25T13:28:40Z", "stage": "timing", "elapsed_seconds": 6.260209480999038, "inputs": 64, "passes": 7}
{"utc": "2026-09-25T13:28:41Z", "stage": "validation", "elapsed_seconds": 6.977385814010631, "target_blocks": 338}
{"utc": "2026-09-25T13:28:41Z", "stage": "validation", "elapsed_seconds": 7.685551167989615, "blocks": 16, "prediction_tokens": 32752, "loss": {"native": 5.433529643704965, "native_graph": 5.433529643704965, "candidate_graph": 5.433529643704965, "frozen_graph": 5.433529643704965}}
{"utc": "2026-09-25T13:28:42Z", "stage": "validation", "elapsed_seconds": 8.292376221972518, "blocks": 32, "prediction_tokens": 65504, "loss": {"native": 5.4627757032848185, "native_graph": 5.4627757032848185, "candidate_graph": 5.4627757032848185, "frozen_graph": 5.4627757032848185}}
{"utc": "2026-09-25T13:28:42Z", "stage": "validation", "elapsed_seconds": 8.899155436025467, "blocks": 48, "prediction_tokens": 98256, "loss": {"native": 5.8373225488058615, "native_graph": 5.8373225488058615, "candidate_graph": 5.8373225488058615, "frozen_graph": 5.8373225488058615}}
{"utc": "2026-09-25T13:28:43Z", "stage": "validation", "elapsed_seconds": 9.505630771978758, "blocks": 64, "prediction_tokens": 131008, "loss": {"native": 5.963783443061445, "native_graph": 5.963783443061445, "candidate_graph": 5.963783443061445, "frozen_graph": 5.963783443061445}}
{"utc": "2026-09-25T13:28:44Z", "stage": "validation", "elapsed_seconds": 10.112065806984901, "blocks": 80, "prediction_tokens": 163760, "loss": {"native": 5.932614924398701, "native_graph": 5.932614924398701, "candidate_graph": 5.932614924398701, "frozen_graph": 5.932614924398701}}
{"utc": "2026-09-25T13:28:44Z", "stage": "validation", "elapsed_seconds": 10.719081059971359, "blocks": 96, "prediction_tokens": 196512, "loss": {"native": 5.941523398042327, "native_graph": 5.941523398042327, "candidate_graph": 5.941523398042327, "frozen_graph": 5.941523398042327}}
{"utc": "2026-09-25T13:28:45Z", "stage": "validation", "elapsed_seconds": 11.325471695978194, "blocks": 112, "prediction_tokens": 229264, "loss": {"native": 5.928813884542628, "native_graph": 5.928813884542628, "candidate_graph": 5.928813884542628, "frozen_graph": 5.928813884542628}}
{"utc": "2026-09-25T13:28:46Z", "stage": "validation", "elapsed_seconds": 11.932600588013884, "blocks": 128, "prediction_tokens": 262016, "loss": {"native": 5.831156502832246, "native_graph": 5.831156502832246, "candidate_graph": 5.831156502832246, "frozen_graph": 5.831156502832246}}
{"utc": "2026-09-25T13:28:46Z", "stage": "validation", "elapsed_seconds": 12.539508001005743, "blocks": 144, "prediction_tokens": 294768, "loss": {"native": 5.849604330977561, "native_graph": 5.849604330977561, "candidate_graph": 5.849604330977561, "frozen_graph": 5.849604330977561}}
{"utc": "2026-09-25T13:28:47Z", "stage": "validation", "elapsed_seconds": 13.146552993974183, "blocks": 160, "prediction_tokens": 327520, "loss": {"native": 5.855593878033689, "native_graph": 5.855593878033689, "candidate_graph": 5.855593878033689, "frozen_graph": 5.855593878033689}}
{"utc": "2026-09-25T13:28:47Z", "stage": "validation", "elapsed_seconds": 13.753223118023016, "blocks": 176, "prediction_tokens": 360272, "loss": {"native": 5.82820932078532, "native_graph": 5.82820932078532, "candidate_graph": 5.82820932078532, "frozen_graph": 5.82820932078532}}
{"utc": "2026-09-25T13:28:48Z", "stage": "validation", "elapsed_seconds": 14.359766002977267, "blocks": 192, "prediction_tokens": 393024, "loss": {"native": 5.827277839038217, "native_graph": 5.827277839038217, "candidate_graph": 5.827277839038217, "frozen_graph": 5.827277839038217}}
{"utc": "2026-09-25T13:28:49Z", "stage": "validation", "elapsed_seconds": 14.966553516977001, "blocks": 208, "prediction_tokens": 425776, "loss": {"native": 5.853064829303951, "native_graph": 5.853064829303951, "candidate_graph": 5.853064829303951, "frozen_graph": 5.853064829303951}}
{"utc": "2026-09-25T13:28:49Z", "stage": "validation", "elapsed_seconds": 15.572957183001563, "blocks": 224, "prediction_tokens": 458528, "loss": {"native": 5.860974186903867, "native_graph": 5.860974186903867, "candidate_graph": 5.860974186903867, "frozen_graph": 5.860974186903867}}
{"utc": "2026-09-25T13:28:50Z", "stage": "validation", "elapsed_seconds": 16.17964645801112, "blocks": 240, "prediction_tokens": 491280, "loss": {"native": 5.845817573123715, "native_graph": 5.845817573123715, "candidate_graph": 5.845817573123715, "frozen_graph": 5.845817573123715}}
{"utc": "2026-09-25T13:28:50Z", "stage": "validation", "elapsed_seconds": 16.786700700002257, "blocks": 256, "prediction_tokens": 524032, "loss": {"native": 5.860577907105685, "native_graph": 5.860577907105685, "candidate_graph": 5.860577907105685, "frozen_graph": 5.860577907105685}}
{"utc": "2026-09-25T13:28:51Z", "stage": "validation", "elapsed_seconds": 17.393391184974462, "blocks": 272, "prediction_tokens": 556784, "loss": {"native": 5.871153765243513, "native_graph": 5.871153765243513, "candidate_graph": 5.871153765243513, "frozen_graph": 5.871153765243513}}
{"utc": "2026-09-25T13:28:52Z", "stage": "validation", "elapsed_seconds": 18.00017424899852, "blocks": 288, "prediction_tokens": 589536, "loss": {"native": 5.85495766628994, "native_graph": 5.85495766628994, "candidate_graph": 5.85495766628994, "frozen_graph": 5.85495766628994}}
{"utc": "2026-09-25T13:28:52Z", "stage": "validation", "elapsed_seconds": 18.60676188400248, "blocks": 304, "prediction_tokens": 622288, "loss": {"native": 5.859802871463605, "native_graph": 5.859802871463605, "candidate_graph": 5.859802871463605, "frozen_graph": 5.859802871463605}}
{"utc": "2026-09-25T13:28:53Z", "stage": "validation", "elapsed_seconds": 19.213655347004533, "blocks": 320, "prediction_tokens": 655040, "loss": {"native": 5.835200507197079, "native_graph": 5.835200507197079, "candidate_graph": 5.835200507197079, "frozen_graph": 5.835200507197079}}
{"utc": "2026-09-25T13:28:53Z", "stage": "validation", "elapsed_seconds": 19.820474740001373, "blocks": 336, "prediction_tokens": 687792, "loss": {"native": 5.828935494539274, "native_graph": 5.828935494539274, "candidate_graph": 5.828935494539274, "frozen_graph": 5.828935494539274}}
{"utc": "2026-09-25T13:28:54Z", "stage": "diagnostics", "elapsed_seconds": 19.905541715968866, "loss": {"native": 5.83130066301001, "native_graph": 5.83130066301001, "candidate_graph": 5.83130066301001, "frozen_graph": 5.83130066301001}}
{"utc": "2026-09-25T13:28:54Z", "stage": "diagnostics", "elapsed_seconds": 20.0629370919778, "blocks": 32, "input_tokens_per_second": 417109.4641468861, "remaining_seconds": 1.5024545206179027}
{"utc": "2026-09-25T13:28:54Z", "stage": "diagnostics", "elapsed_seconds": 20.21891711500939, "blocks": 64, "input_tokens_per_second": 418626.99785361474, "remaining_seconds": 1.3404582190760266}
{"utc": "2026-09-25T13:28:54Z", "stage": "diagnostics", "elapsed_seconds": 20.37478072900558, "blocks": 96, "input_tokens_per_second": 419239.18757539854, "remaining_seconds": 1.1821795640486623}
{"utc": "2026-09-25T13:28:54Z", "stage": "diagnostics", "elapsed_seconds": 20.539636221015826, "blocks": 128, "input_tokens_per_second": 413594.32793430594, "remaining_seconds": 1.0398595216429385}
{"utc": "2026-09-25T13:28:54Z", "stage": "diagnostics", "elapsed_seconds": 20.708561760024168, "blocks": 160, "input_tokens_per_second": 408199.8515578648, "remaining_seconds": 0.8930527500408061}
{"utc": "2026-09-25T13:28:54Z", "stage": "diagnostics", "elapsed_seconds": 20.870035241008736, "blocks": 192, "input_tokens_per_second": 407808.4143897021, "remaining_seconds": 0.7332070390148147}
{"utc": "2026-09-25T13:28:55Z", "stage": "diagnostics", "elapsed_seconds": 21.027787084982265, "blocks": 224, "input_tokens_per_second": 408880.73133728857, "remaining_seconds": 0.5710026961564186}
{"utc": "2026-09-25T13:28:55Z", "stage": "diagnostics", "elapsed_seconds": 21.184343734988943, "blocks": 256, "input_tokens_per_second": 410071.9960720971, "remaining_seconds": 0.40952808679594455}
{"utc": "2026-09-25T13:28:55Z", "stage": "diagnostics", "elapsed_seconds": 21.341790799982846, "blocks": 288, "input_tokens_per_second": 410748.39976815245, "remaining_seconds": 0.24930103211065419}
{"utc": "2026-09-25T13:28:55Z", "stage": "diagnostics", "elapsed_seconds": 21.498540159023833, "blocks": 320, "input_tokens_per_second": 411471.5025259622, "remaining_seconds": 0.08959065153649134}
{"utc": "2026-09-25T13:28:55Z", "stage": "complete", "elapsed_seconds": 21.611085244978312, "qualified": true, "loss": {"native": 5.83130066301001, "native_graph": 5.83130066301001, "candidate_graph": 5.83130066301001, "frozen_graph": 5.83130066301001}, "timing": {"native_graph": {"samples": 448, "median_host_ms": 0.8568600169382989, "paired_geomean_speedup": 1.0, "input_tokens_per_second": null}, "candidate_graph": {"samples": 448, "median_host_ms": 0.6610810232814401, "paired_geomean_speedup": 1.2969549795120936, "input_tokens_per_second": null}}}
