{"utc": "2026-09-25T13:30:39Z", "stage": "imports", "elapsed_seconds": 0.005033101013395935}
{"utc": "2026-09-25T13:30:41Z", "stage": "loading", "elapsed_seconds": 2.047597962024156, "mode": "native"}
Loading weights:   0%|          | 0/76 [00:00<?, ?it/s]Loading weights: 100%|██████████| 76/76 [00:00<00:00, 9450.27it/s]
{"utc": "2026-09-25T13:30:43Z", "stage": "capture", "elapsed_seconds": 3.369729958008975, "mode": "native"}
{"utc": "2026-09-25T13:30:43Z", "stage": "loading", "elapsed_seconds": 3.757825603010133, "mode": "candidate"}
Loading weights:   0%|          | 0/76 [00:00<?, ?it/s]Loading weights: 100%|██████████| 76/76 [00:00<00:00, 7843.49it/s]
{"utc": "2026-09-25T13:30:43Z", "stage": "capture", "elapsed_seconds": 3.8515438590548, "mode": "candidate"}
ninja: no work to do.
ninja: no work to do.
ninja: no work to do.
ninja: no work to do.
ninja: no work to do.
{"utc": "2026-09-25T13:30:44Z", "stage": "loading", "elapsed_seconds": 4.914464122033678, "mode": "frozen"}
Loading weights:   0%|          | 0/76 [00:00<?, ?it/s]Loading weights: 100%|██████████| 76/76 [00:00<00:00, 7869.24it/s]
{"utc": "2026-09-25T13:30:44Z", "stage": "capture", "elapsed_seconds": 4.969843550003134, "mode": "frozen"}
ninja: no work to do.
{"utc": "2026-09-25T13:30:46Z", "stage": "timing", "elapsed_seconds": 6.265725429053418, "inputs": 64, "passes": 7}
{"utc": "2026-09-25T13:30:46Z", "stage": "validation", "elapsed_seconds": 6.909704717050772, "target_blocks": 338}
{"utc": "2026-09-25T13:30:47Z", "stage": "validation", "elapsed_seconds": 7.6208554050535895, "blocks": 16, "prediction_tokens": 32752, "loss": {"native": 5.433529643704965, "native_graph": 5.433529643704965, "candidate_graph": 5.433529643704965, "frozen_graph": 5.433529643704965}}
{"utc": "2026-09-25T13:30:48Z", "stage": "validation", "elapsed_seconds": 8.226710474002175, "blocks": 32, "prediction_tokens": 65504, "loss": {"native": 5.4627757032848185, "native_graph": 5.4627757032848185, "candidate_graph": 5.4627757032848185, "frozen_graph": 5.4627757032848185}}
{"utc": "2026-09-25T13:30:48Z", "stage": "validation", "elapsed_seconds": 8.832568473007996, "blocks": 48, "prediction_tokens": 98256, "loss": {"native": 5.8373225488058615, "native_graph": 5.8373225488058615, "candidate_graph": 5.8373225488058615, "frozen_graph": 5.8373225488058615}}
{"utc": "2026-09-25T13:30:49Z", "stage": "validation", "elapsed_seconds": 9.438343023008201, "blocks": 64, "prediction_tokens": 131008, "loss": {"native": 5.963783443061445, "native_graph": 5.963783443061445, "candidate_graph": 5.963783443061445, "frozen_graph": 5.963783443061445}}
{"utc": "2026-09-25T13:30:49Z", "stage": "validation", "elapsed_seconds": 10.043829284026287, "blocks": 80, "prediction_tokens": 163760, "loss": {"native": 5.932614924398701, "native_graph": 5.932614924398701, "candidate_graph": 5.932614924398701, "frozen_graph": 5.932614924398701}}
{"utc": "2026-09-25T13:30:50Z", "stage": "validation", "elapsed_seconds": 10.650513409054838, "blocks": 96, "prediction_tokens": 196512, "loss": {"native": 5.941523398042327, "native_graph": 5.941523398042327, "candidate_graph": 5.941523398042327, "frozen_graph": 5.941523398042327}}
{"utc": "2026-09-25T13:30:51Z", "stage": "validation", "elapsed_seconds": 11.257223223045003, "blocks": 112, "prediction_tokens": 229264, "loss": {"native": 5.928813884542628, "native_graph": 5.928813884542628, "candidate_graph": 5.928813884542628, "frozen_graph": 5.928813884542628}}
{"utc": "2026-09-25T13:30:51Z", "stage": "validation", "elapsed_seconds": 11.86391908704536, "blocks": 128, "prediction_tokens": 262016, "loss": {"native": 5.831156502832246, "native_graph": 5.831156502832246, "candidate_graph": 5.831156502832246, "frozen_graph": 5.831156502832246}}
{"utc": "2026-09-25T13:30:52Z", "stage": "validation", "elapsed_seconds": 12.469836846052203, "blocks": 144, "prediction_tokens": 294768, "loss": {"native": 5.849604330977561, "native_graph": 5.849604330977561, "candidate_graph": 5.849604330977561, "frozen_graph": 5.849604330977561}}
{"utc": "2026-09-25T13:30:52Z", "stage": "validation", "elapsed_seconds": 13.075652356026694, "blocks": 160, "prediction_tokens": 327520, "loss": {"native": 5.855593878033689, "native_graph": 5.855593878033689, "candidate_graph": 5.855593878033689, "frozen_graph": 5.855593878033689}}
{"utc": "2026-09-25T13:30:53Z", "stage": "validation", "elapsed_seconds": 13.68194612301886, "blocks": 176, "prediction_tokens": 360272, "loss": {"native": 5.82820932078532, "native_graph": 5.82820932078532, "candidate_graph": 5.82820932078532, "frozen_graph": 5.82820932078532}}
{"utc": "2026-09-25T13:30:54Z", "stage": "validation", "elapsed_seconds": 14.287411654018797, "blocks": 192, "prediction_tokens": 393024, "loss": {"native": 5.827277839038217, "native_graph": 5.827277839038217, "candidate_graph": 5.827277839038217, "frozen_graph": 5.827277839038217}}
{"utc": "2026-09-25T13:30:54Z", "stage": "validation", "elapsed_seconds": 14.893475592019968, "blocks": 208, "prediction_tokens": 425776, "loss": {"native": 5.853064829303951, "native_graph": 5.853064829303951, "candidate_graph": 5.853064829303951, "frozen_graph": 5.853064829303951}}
{"utc": "2026-09-25T13:30:55Z", "stage": "validation", "elapsed_seconds": 15.49956884002313, "blocks": 224, "prediction_tokens": 458528, "loss": {"native": 5.860974186903867, "native_graph": 5.860974186903867, "candidate_graph": 5.860974186903867, "frozen_graph": 5.860974186903867}}
{"utc": "2026-09-25T13:30:55Z", "stage": "validation", "elapsed_seconds": 16.106651272042654, "blocks": 240, "prediction_tokens": 491280, "loss": {"native": 5.845817573123715, "native_graph": 5.845817573123715, "candidate_graph": 5.845817573123715, "frozen_graph": 5.845817573123715}}
{"utc": "2026-09-25T13:30:56Z", "stage": "validation", "elapsed_seconds": 16.71372074499959, "blocks": 256, "prediction_tokens": 524032, "loss": {"native": 5.860577907105685, "native_graph": 5.860577907105685, "candidate_graph": 5.860577907105685, "frozen_graph": 5.860577907105685}}
{"utc": "2026-09-25T13:30:57Z", "stage": "validation", "elapsed_seconds": 17.3216404520208, "blocks": 272, "prediction_tokens": 556784, "loss": {"native": 5.871153765243513, "native_graph": 5.871153765243513, "candidate_graph": 5.871153765243513, "frozen_graph": 5.871153765243513}}
{"utc": "2026-09-25T13:30:57Z", "stage": "validation", "elapsed_seconds": 17.930771042010747, "blocks": 288, "prediction_tokens": 589536, "loss": {"native": 5.85495766628994, "native_graph": 5.85495766628994, "candidate_graph": 5.85495766628994, "frozen_graph": 5.85495766628994}}
{"utc": "2026-09-25T13:30:58Z", "stage": "validation", "elapsed_seconds": 18.53985748201376, "blocks": 304, "prediction_tokens": 622288, "loss": {"native": 5.859802871463605, "native_graph": 5.859802871463605, "candidate_graph": 5.859802871463605, "frozen_graph": 5.859802871463605}}
{"utc": "2026-09-25T13:30:58Z", "stage": "validation", "elapsed_seconds": 19.147294262016658, "blocks": 320, "prediction_tokens": 655040, "loss": {"native": 5.835200507197079, "native_graph": 5.835200507197079, "candidate_graph": 5.835200507197079, "frozen_graph": 5.835200507197079}}
{"utc": "2026-09-25T13:30:59Z", "stage": "validation", "elapsed_seconds": 19.752966583007947, "blocks": 336, "prediction_tokens": 687792, "loss": {"native": 5.828935494539274, "native_graph": 5.828935494539274, "candidate_graph": 5.828935494539274, "frozen_graph": 5.828935494539274}}
{"utc": "2026-09-25T13:30:59Z", "stage": "diagnostics", "elapsed_seconds": 19.838194278010633, "loss": {"native": 5.83130066301001, "native_graph": 5.83130066301001, "candidate_graph": 5.83130066301001, "frozen_graph": 5.83130066301001}}
{"utc": "2026-09-25T13:30:59Z", "stage": "diagnostics", "elapsed_seconds": 19.999136262049433, "blocks": 32, "input_tokens_per_second": 407889.0685316373, "remaining_seconds": 1.5364177379306057}
{"utc": "2026-09-25T13:30:59Z", "stage": "diagnostics", "elapsed_seconds": 20.158927594020497, "blocks": 64, "input_tokens_per_second": 409009.2526178227, "remaining_seconds": 1.3719787423106027}
{"utc": "2026-09-25T13:31:00Z", "stage": "diagnostics", "elapsed_seconds": 20.325697435007896, "blocks": 96, "input_tokens_per_second": 403519.8643850337, "remaining_seconds": 1.2282319750362756}
{"utc": "2026-09-25T13:31:00Z", "stage": "diagnostics", "elapsed_seconds": 20.49702369904844, "blocks": 128, "input_tokens_per_second": 398057.3669457144, "remaining_seconds": 1.0804472815061672}
{"utc": "2026-09-25T13:31:00Z", "stage": "diagnostics", "elapsed_seconds": 20.66655795404222, "blocks": 160, "input_tokens_per_second": 395708.4003704384, "remaining_seconds": 0.9212440263050666}
{"utc": "2026-09-25T13:31:00Z", "stage": "diagnostics", "elapsed_seconds": 20.82847948302515, "blocks": 192, "input_tokens_per_second": 397182.0707051308, "remaining_seconds": 0.7528235085464985}
{"utc": "2026-09-25T13:31:00Z", "stage": "diagnostics", "elapsed_seconds": 20.98975801601773, "blocks": 224, "input_tokens_per_second": 398466.88504636515, "remaining_seconds": 0.585925728741131}
{"utc": "2026-09-25T13:31:00Z", "stage": "diagnostics", "elapsed_seconds": 21.15397419204237, "blocks": 256, "input_tokens_per_second": 398543.8469242033, "remaining_seconds": 0.4213739624788104}
{"utc": "2026-09-25T13:31:01Z", "stage": "diagnostics", "elapsed_seconds": 21.3210241010529, "blocks": 288, "input_tokens_per_second": 397843.9985482669, "remaining_seconds": 0.25738731858129743}
{"utc": "2026-09-25T13:31:01Z", "stage": "diagnostics", "elapsed_seconds": 21.487733282032423, "blocks": 320, "input_tokens_per_second": 397365.68282463506, "remaining_seconds": 0.09277097040176159}
{"utc": "2026-09-25T13:31:01Z", "stage": "complete", "elapsed_seconds": 21.60563046700554, "qualified": true, "loss": {"native": 5.83130066301001, "native_graph": 5.83130066301001, "candidate_graph": 5.83130066301001, "frozen_graph": 5.83130066301001}, "timing": {"native_graph": {"samples": 448, "median_host_ms": 0.8581799920648336, "paired_geomean_speedup": 1.0, "input_tokens_per_second": null}, "candidate_graph": {"samples": 448, "median_host_ms": 0.4967070126440376, "paired_geomean_speedup": 1.7272613133264505, "input_tokens_per_second": null}}}
