{"utc": "2026-09-25T13:28:56Z", "stage": "imports", "elapsed_seconds": 0.004932782030664384}
{"utc": "2026-09-25T13:28:58Z", "stage": "loading", "elapsed_seconds": 2.0263080750009976, "mode": "native"}
Loading weights:   0%|          | 0/76 [00:00<?, ?it/s]Loading weights: 100%|██████████| 76/76 [00:00<00:00, 7951.49it/s]
{"utc": "2026-09-25T13:28:59Z", "stage": "capture", "elapsed_seconds": 3.336026124015916, "mode": "native"}
{"utc": "2026-09-25T13:29:00Z", "stage": "loading", "elapsed_seconds": 3.7268969930009916, "mode": "candidate"}
Loading weights:   0%|          | 0/76 [00:00<?, ?it/s]Loading weights: 100%|██████████| 76/76 [00:00<00:00, 7414.91it/s]
{"utc": "2026-09-25T13:29:00Z", "stage": "capture", "elapsed_seconds": 3.820500649046153, "mode": "candidate"}
ninja: no work to do.
ninja: no work to do.
ninja: no work to do.
ninja: no work to do.
ninja: no work to do.
{"utc": "2026-09-25T13:29:01Z", "stage": "loading", "elapsed_seconds": 4.900110325019341, "mode": "frozen"}
Loading weights:   0%|          | 0/76 [00:00<?, ?it/s]Loading weights: 100%|██████████| 76/76 [00:00<00:00, 7362.34it/s]
{"utc": "2026-09-25T13:29:01Z", "stage": "capture", "elapsed_seconds": 4.955705642001703, "mode": "frozen"}
ninja: no work to do.
{"utc": "2026-09-25T13:29:02Z", "stage": "timing", "elapsed_seconds": 6.26370837102877, "inputs": 64, "passes": 7}
{"utc": "2026-09-25T13:29:03Z", "stage": "validation", "elapsed_seconds": 6.980718753999099, "target_blocks": 338}
{"utc": "2026-09-25T13:29:04Z", "stage": "validation", "elapsed_seconds": 7.69514300301671, "blocks": 16, "prediction_tokens": 32752, "loss": {"native": 5.433529643704965, "native_graph": 5.433529643704965, "candidate_graph": 5.433529643704965, "frozen_graph": 5.433529643704965}}
{"utc": "2026-09-25T13:29:04Z", "stage": "validation", "elapsed_seconds": 8.304770650051069, "blocks": 32, "prediction_tokens": 65504, "loss": {"native": 5.4627757032848185, "native_graph": 5.4627757032848185, "candidate_graph": 5.4627757032848185, "frozen_graph": 5.4627757032848185}}
{"utc": "2026-09-25T13:29:05Z", "stage": "validation", "elapsed_seconds": 8.914422277011909, "blocks": 48, "prediction_tokens": 98256, "loss": {"native": 5.8373225488058615, "native_graph": 5.8373225488058615, "candidate_graph": 5.8373225488058615, "frozen_graph": 5.8373225488058615}}
{"utc": "2026-09-25T13:29:05Z", "stage": "validation", "elapsed_seconds": 9.524593981041107, "blocks": 64, "prediction_tokens": 131008, "loss": {"native": 5.963783443061445, "native_graph": 5.963783443061445, "candidate_graph": 5.963783443061445, "frozen_graph": 5.963783443061445}}
{"utc": "2026-09-25T13:29:06Z", "stage": "validation", "elapsed_seconds": 10.1349637840176, "blocks": 80, "prediction_tokens": 163760, "loss": {"native": 5.932614924398701, "native_graph": 5.932614924398701, "candidate_graph": 5.932614924398701, "frozen_graph": 5.932614924398701}}
{"utc": "2026-09-25T13:29:07Z", "stage": "validation", "elapsed_seconds": 10.745429777016398, "blocks": 96, "prediction_tokens": 196512, "loss": {"native": 5.941523398042327, "native_graph": 5.941523398042327, "candidate_graph": 5.941523398042327, "frozen_graph": 5.941523398042327}}
{"utc": "2026-09-25T13:29:07Z", "stage": "validation", "elapsed_seconds": 11.355146764020901, "blocks": 112, "prediction_tokens": 229264, "loss": {"native": 5.928813884542628, "native_graph": 5.928813884542628, "candidate_graph": 5.928813884542628, "frozen_graph": 5.928813884542628}}
{"utc": "2026-09-25T13:29:08Z", "stage": "validation", "elapsed_seconds": 11.9643980130204, "blocks": 128, "prediction_tokens": 262016, "loss": {"native": 5.831156502832246, "native_graph": 5.831156502832246, "candidate_graph": 5.831156502832246, "frozen_graph": 5.831156502832246}}
{"utc": "2026-09-25T13:29:09Z", "stage": "validation", "elapsed_seconds": 12.573171756055672, "blocks": 144, "prediction_tokens": 294768, "loss": {"native": 5.849604330977561, "native_graph": 5.849604330977561, "candidate_graph": 5.849604330977561, "frozen_graph": 5.849604330977561}}
{"utc": "2026-09-25T13:29:09Z", "stage": "validation", "elapsed_seconds": 13.18208538700128, "blocks": 160, "prediction_tokens": 327520, "loss": {"native": 5.855593878033689, "native_graph": 5.855593878033689, "candidate_graph": 5.855593878033689, "frozen_graph": 5.855593878033689}}
{"utc": "2026-09-25T13:29:10Z", "stage": "validation", "elapsed_seconds": 13.791616655013058, "blocks": 176, "prediction_tokens": 360272, "loss": {"native": 5.82820932078532, "native_graph": 5.82820932078532, "candidate_graph": 5.82820932078532, "frozen_graph": 5.82820932078532}}
{"utc": "2026-09-25T13:29:10Z", "stage": "validation", "elapsed_seconds": 14.400752025016118, "blocks": 192, "prediction_tokens": 393024, "loss": {"native": 5.827277839038217, "native_graph": 5.827277839038217, "candidate_graph": 5.827277839038217, "frozen_graph": 5.827277839038217}}
{"utc": "2026-09-25T13:29:11Z", "stage": "validation", "elapsed_seconds": 15.009908845007885, "blocks": 208, "prediction_tokens": 425776, "loss": {"native": 5.853064829303951, "native_graph": 5.853064829303951, "candidate_graph": 5.853064829303951, "frozen_graph": 5.853064829303951}}
{"utc": "2026-09-25T13:29:12Z", "stage": "validation", "elapsed_seconds": 15.61896351602627, "blocks": 224, "prediction_tokens": 458528, "loss": {"native": 5.860974186903867, "native_graph": 5.860974186903867, "candidate_graph": 5.860974186903867, "frozen_graph": 5.860974186903867}}
{"utc": "2026-09-25T13:29:12Z", "stage": "validation", "elapsed_seconds": 16.227920797013212, "blocks": 240, "prediction_tokens": 491280, "loss": {"native": 5.845817573123715, "native_graph": 5.845817573123715, "candidate_graph": 5.845817573123715, "frozen_graph": 5.845817573123715}}
{"utc": "2026-09-25T13:29:13Z", "stage": "validation", "elapsed_seconds": 16.8368596790242, "blocks": 256, "prediction_tokens": 524032, "loss": {"native": 5.860577907105685, "native_graph": 5.860577907105685, "candidate_graph": 5.860577907105685, "frozen_graph": 5.860577907105685}}
{"utc": "2026-09-25T13:29:13Z", "stage": "validation", "elapsed_seconds": 17.446267807041295, "blocks": 272, "prediction_tokens": 556784, "loss": {"native": 5.871153765243513, "native_graph": 5.871153765243513, "candidate_graph": 5.871153765243513, "frozen_graph": 5.871153765243513}}
{"utc": "2026-09-25T13:29:14Z", "stage": "validation", "elapsed_seconds": 18.05506520002382, "blocks": 288, "prediction_tokens": 589536, "loss": {"native": 5.85495766628994, "native_graph": 5.85495766628994, "candidate_graph": 5.85495766628994, "frozen_graph": 5.85495766628994}}
{"utc": "2026-09-25T13:29:15Z", "stage": "validation", "elapsed_seconds": 18.664051981002558, "blocks": 304, "prediction_tokens": 622288, "loss": {"native": 5.859802871463605, "native_graph": 5.859802871463605, "candidate_graph": 5.859802871463605, "frozen_graph": 5.859802871463605}}
{"utc": "2026-09-25T13:29:15Z", "stage": "validation", "elapsed_seconds": 19.272985832009, "blocks": 320, "prediction_tokens": 655040, "loss": {"native": 5.835200507197079, "native_graph": 5.835200507197079, "candidate_graph": 5.835200507197079, "frozen_graph": 5.835200507197079}}
{"utc": "2026-09-25T13:29:16Z", "stage": "validation", "elapsed_seconds": 19.88176687405212, "blocks": 336, "prediction_tokens": 687792, "loss": {"native": 5.828935494539274, "native_graph": 5.828935494539274, "candidate_graph": 5.828935494539274, "frozen_graph": 5.828935494539274}}
{"utc": "2026-09-25T13:29:16Z", "stage": "diagnostics", "elapsed_seconds": 19.967195048055146, "loss": {"native": 5.83130066301001, "native_graph": 5.83130066301001, "candidate_graph": 5.83130066301001, "frozen_graph": 5.83130066301001}}
{"utc": "2026-09-25T13:29:16Z", "stage": "diagnostics", "elapsed_seconds": 20.132899565040134, "blocks": 32, "input_tokens_per_second": 396147.0706830566, "remaining_seconds": 1.5819579302187776}
{"utc": "2026-09-25T13:29:16Z", "stage": "diagnostics", "elapsed_seconds": 20.29707137105288, "blocks": 64, "input_tokens_per_second": 397663.200807055, "remaining_seconds": 1.4111237822889962}
{"utc": "2026-09-25T13:29:16Z", "stage": "diagnostics", "elapsed_seconds": 20.459244389028754, "blocks": 96, "input_tokens_per_second": 399789.35819663387, "remaining_seconds": 1.2396928278321866}
{"utc": "2026-09-25T13:29:17Z", "stage": "diagnostics", "elapsed_seconds": 20.624747637019027, "blocks": 128, "input_tokens_per_second": 398830.50390760973, "remaining_seconds": 1.0783528235333506}
{"utc": "2026-09-25T13:29:17Z", "stage": "diagnostics", "elapsed_seconds": 20.78894004301401, "blocks": 160, "input_tokens_per_second": 398892.7526907351, "remaining_seconds": 0.9138897549302782}
{"utc": "2026-09-25T13:29:17Z", "stage": "diagnostics", "elapsed_seconds": 20.95254362199921, "blocks": 192, "input_tokens_per_second": 399172.74469298596, "remaining_seconds": 0.7490691786333628}
{"utc": "2026-09-25T13:29:17Z", "stage": "diagnostics", "elapsed_seconds": 21.11482616903959, "blocks": 224, "input_tokens_per_second": 399832.3829690681, "remaining_seconds": 0.5839246893067737}
{"utc": "2026-09-25T13:29:17Z", "stage": "diagnostics", "elapsed_seconds": 21.277173295035027, "blocks": 256, "input_tokens_per_second": 400309.2079536062, "remaining_seconds": 0.4195157060175916}
{"utc": "2026-09-25T13:29:17Z", "stage": "diagnostics", "elapsed_seconds": 21.439191534009296, "blocks": 288, "input_tokens_per_second": 400770.5848365268, "remaining_seconds": 0.25550777395943036}
{"utc": "2026-09-25T13:29:18Z", "stage": "diagnostics", "elapsed_seconds": 21.60128165205242, "blocks": 320, "input_tokens_per_second": 401122.2398385162, "remaining_seconds": 0.09190215933886066}
{"utc": "2026-09-25T13:29:18Z", "stage": "complete", "elapsed_seconds": 21.716992730041966, "qualified": true, "loss": {"native": 5.83130066301001, "native_graph": 5.83130066301001, "candidate_graph": 5.83130066301001, "frozen_graph": 5.83130066301001}, "timing": {"native_graph": {"samples": 448, "median_host_ms": 0.857379985973239, "paired_geomean_speedup": 1.0, "input_tokens_per_second": null}, "candidate_graph": {"samples": 448, "median_host_ms": 0.6621360080316663, "paired_geomean_speedup": 1.2954551824458467, "input_tokens_per_second": null}}}
