{"utc": "2026-09-25T13:27:00Z", "stage": "imports", "elapsed_seconds": 0.004970690992195159}
{"utc": "2026-09-25T13:27:02Z", "stage": "loading", "elapsed_seconds": 2.050889732025098, "mode": "native"}
Loading weights:   0%|          | 0/76 [00:00<?, ?it/s]Loading weights: 100%|██████████| 76/76 [00:00<00:00, 9270.53it/s]
{"utc": "2026-09-25T13:27:03Z", "stage": "capture", "elapsed_seconds": 3.365946249978151, "mode": "native"}
{"utc": "2026-09-25T13:27:04Z", "stage": "loading", "elapsed_seconds": 3.7578253929968923, "mode": "candidate"}
Loading weights:   0%|          | 0/76 [00:00<?, ?it/s]Loading weights: 100%|██████████| 76/76 [00:00<00:00, 7668.02it/s]
{"utc": "2026-09-25T13:27:04Z", "stage": "capture", "elapsed_seconds": 3.8472941429936327, "mode": "candidate"}
ninja: no work to do.
ninja: no work to do.
ninja: no work to do.
ninja: no work to do.
ninja: no work to do.
{"utc": "2026-09-25T13:27:05Z", "stage": "loading", "elapsed_seconds": 4.908034839027096, "mode": "frozen"}
Loading weights:   0%|          | 0/76 [00:00<?, ?it/s]Loading weights: 100%|██████████| 76/76 [00:00<00:00, 7453.93it/s]
{"utc": "2026-09-25T13:27:05Z", "stage": "capture", "elapsed_seconds": 4.9629693499882706, "mode": "frozen"}
{"utc": "2026-09-25T13:27:06Z", "stage": "timing", "elapsed_seconds": 6.1976865750039, "inputs": 64, "passes": 7}
{"utc": "2026-09-25T13:27:07Z", "stage": "validation", "elapsed_seconds": 6.83982506301254, "target_blocks": 338}
{"utc": "2026-09-25T13:27:08Z", "stage": "validation", "elapsed_seconds": 7.549110580992419, "blocks": 16, "prediction_tokens": 32752, "loss": {"native": 5.433529643704965, "native_graph": 5.433529643704965, "candidate_graph": 5.433529643704965, "frozen_graph": 5.433529643704965}}
{"utc": "2026-09-25T13:27:08Z", "stage": "validation", "elapsed_seconds": 8.158304331009276, "blocks": 32, "prediction_tokens": 65504, "loss": {"native": 5.4627757032848185, "native_graph": 5.4627757032848185, "candidate_graph": 5.4627757032848185, "frozen_graph": 5.4627757032848185}}
{"utc": "2026-09-25T13:27:09Z", "stage": "validation", "elapsed_seconds": 8.765175084990915, "blocks": 48, "prediction_tokens": 98256, "loss": {"native": 5.8373225488058615, "native_graph": 5.8373225488058615, "candidate_graph": 5.8373225488058615, "frozen_graph": 5.8373225488058615}}
{"utc": "2026-09-25T13:27:09Z", "stage": "validation", "elapsed_seconds": 9.371588740032166, "blocks": 64, "prediction_tokens": 131008, "loss": {"native": 5.963783443061445, "native_graph": 5.963783443061445, "candidate_graph": 5.963783443061445, "frozen_graph": 5.963783443061445}}
{"utc": "2026-09-25T13:27:10Z", "stage": "validation", "elapsed_seconds": 9.978564843011554, "blocks": 80, "prediction_tokens": 163760, "loss": {"native": 5.932614924398701, "native_graph": 5.932614924398701, "candidate_graph": 5.932614924398701, "frozen_graph": 5.932614924398701}}
{"utc": "2026-09-25T13:27:11Z", "stage": "validation", "elapsed_seconds": 10.58569570502732, "blocks": 96, "prediction_tokens": 196512, "loss": {"native": 5.941523398042327, "native_graph": 5.941523398042327, "candidate_graph": 5.941523398042327, "frozen_graph": 5.941523398042327}}
{"utc": "2026-09-25T13:27:11Z", "stage": "validation", "elapsed_seconds": 11.19206391100306, "blocks": 112, "prediction_tokens": 229264, "loss": {"native": 5.928813884542628, "native_graph": 5.928813884542628, "candidate_graph": 5.928813884542628, "frozen_graph": 5.928813884542628}}
{"utc": "2026-09-25T13:27:12Z", "stage": "validation", "elapsed_seconds": 11.798873435007408, "blocks": 128, "prediction_tokens": 262016, "loss": {"native": 5.831156502832246, "native_graph": 5.831156502832246, "candidate_graph": 5.831156502832246, "frozen_graph": 5.831156502832246}}
{"utc": "2026-09-25T13:27:12Z", "stage": "validation", "elapsed_seconds": 12.406387694994919, "blocks": 144, "prediction_tokens": 294768, "loss": {"native": 5.849604330977561, "native_graph": 5.849604330977561, "candidate_graph": 5.849604330977561, "frozen_graph": 5.849604330977561}}
{"utc": "2026-09-25T13:27:13Z", "stage": "validation", "elapsed_seconds": 13.013296897988766, "blocks": 160, "prediction_tokens": 327520, "loss": {"native": 5.855593878033689, "native_graph": 5.855593878033689, "candidate_graph": 5.855593878033689, "frozen_graph": 5.855593878033689}}
{"utc": "2026-09-25T13:27:14Z", "stage": "validation", "elapsed_seconds": 13.622070509998593, "blocks": 176, "prediction_tokens": 360272, "loss": {"native": 5.82820932078532, "native_graph": 5.82820932078532, "candidate_graph": 5.82820932078532, "frozen_graph": 5.82820932078532}}
{"utc": "2026-09-25T13:27:14Z", "stage": "validation", "elapsed_seconds": 14.22873825498391, "blocks": 192, "prediction_tokens": 393024, "loss": {"native": 5.827277839038217, "native_graph": 5.827277839038217, "candidate_graph": 5.827277839038217, "frozen_graph": 5.827277839038217}}
{"utc": "2026-09-25T13:27:15Z", "stage": "validation", "elapsed_seconds": 14.835334060015157, "blocks": 208, "prediction_tokens": 425776, "loss": {"native": 5.853064829303951, "native_graph": 5.853064829303951, "candidate_graph": 5.853064829303951, "frozen_graph": 5.853064829303951}}
{"utc": "2026-09-25T13:27:16Z", "stage": "validation", "elapsed_seconds": 15.441913714981638, "blocks": 224, "prediction_tokens": 458528, "loss": {"native": 5.860974186903867, "native_graph": 5.860974186903867, "candidate_graph": 5.860974186903867, "frozen_graph": 5.860974186903867}}
{"utc": "2026-09-25T13:27:16Z", "stage": "validation", "elapsed_seconds": 16.049231506010983, "blocks": 240, "prediction_tokens": 491280, "loss": {"native": 5.845817573123715, "native_graph": 5.845817573123715, "candidate_graph": 5.845817573123715, "frozen_graph": 5.845817573123715}}
{"utc": "2026-09-25T13:27:17Z", "stage": "validation", "elapsed_seconds": 16.65601048001554, "blocks": 256, "prediction_tokens": 524032, "loss": {"native": 5.860577907105685, "native_graph": 5.860577907105685, "candidate_graph": 5.860577907105685, "frozen_graph": 5.860577907105685}}
{"utc": "2026-09-25T13:27:17Z", "stage": "validation", "elapsed_seconds": 17.262409125978593, "blocks": 272, "prediction_tokens": 556784, "loss": {"native": 5.871153765243513, "native_graph": 5.871153765243513, "candidate_graph": 5.871153765243513, "frozen_graph": 5.871153765243513}}
{"utc": "2026-09-25T13:27:18Z", "stage": "validation", "elapsed_seconds": 17.869266338995658, "blocks": 288, "prediction_tokens": 589536, "loss": {"native": 5.85495766628994, "native_graph": 5.85495766628994, "candidate_graph": 5.85495766628994, "frozen_graph": 5.85495766628994}}
{"utc": "2026-09-25T13:27:19Z", "stage": "validation", "elapsed_seconds": 18.47597368399147, "blocks": 304, "prediction_tokens": 622288, "loss": {"native": 5.859802871463605, "native_graph": 5.859802871463605, "candidate_graph": 5.859802871463605, "frozen_graph": 5.859802871463605}}
{"utc": "2026-09-25T13:27:19Z", "stage": "validation", "elapsed_seconds": 19.08546260203002, "blocks": 320, "prediction_tokens": 655040, "loss": {"native": 5.835200507197079, "native_graph": 5.835200507197079, "candidate_graph": 5.835200507197079, "frozen_graph": 5.835200507197079}}
{"utc": "2026-09-25T13:27:20Z", "stage": "validation", "elapsed_seconds": 19.693980994983576, "blocks": 336, "prediction_tokens": 687792, "loss": {"native": 5.828935494539274, "native_graph": 5.828935494539274, "candidate_graph": 5.828935494539274, "frozen_graph": 5.828935494539274}}
{"utc": "2026-09-25T13:27:20Z", "stage": "diagnostics", "elapsed_seconds": 19.779767956992146, "loss": {"native": 5.83130066301001, "native_graph": 5.83130066301001, "candidate_graph": 5.83130066301001, "frozen_graph": 5.83130066301001}}
{"utc": "2026-09-25T13:27:20Z", "stage": "diagnostics", "elapsed_seconds": 19.94694959599292, "blocks": 32, "input_tokens_per_second": 392658.3128881958, "remaining_seconds": 1.5960135808418272}
{"utc": "2026-09-25T13:27:20Z", "stage": "diagnostics", "elapsed_seconds": 20.113596237031743, "blocks": 64, "input_tokens_per_second": 392960.4672303707, "remaining_seconds": 1.428011331407106}
{"utc": "2026-09-25T13:27:20Z", "stage": "diagnostics", "elapsed_seconds": 20.280317638011184, "blocks": 96, "input_tokens_per_second": 393002.37728746736, "remaining_seconds": 1.2611017862557976}
{"utc": "2026-09-25T13:27:21Z", "stage": "diagnostics", "elapsed_seconds": 20.44682852103142, "blocks": 128, "input_tokens_per_second": 393147.3922483953, "remaining_seconds": 1.0939408692001962}
{"utc": "2026-09-25T13:27:21Z", "stage": "diagnostics", "elapsed_seconds": 20.613714320992585, "blocks": 160, "input_tokens_per_second": 393057.97999867646, "remaining_seconds": 0.9274560460551584}
{"utc": "2026-09-25T13:27:21Z", "stage": "diagnostics", "elapsed_seconds": 20.780481631984003, "blocks": 192, "input_tokens_per_second": 393044.7123038252, "remaining_seconds": 0.7607480539487975}
{"utc": "2026-09-25T13:27:21Z", "stage": "diagnostics", "elapsed_seconds": 20.947759560018312, "blocks": 224, "input_tokens_per_second": 392863.71966734406, "remaining_seconds": 0.5942824147714418}
{"utc": "2026-09-25T13:27:21Z", "stage": "diagnostics", "elapsed_seconds": 21.115853623021394, "blocks": 256, "input_tokens_per_second": 392488.8041998743, "remaining_seconds": 0.4278746252198289}
{"utc": "2026-09-25T13:27:21Z", "stage": "diagnostics", "elapsed_seconds": 21.279699811013415, "blocks": 288, "input_tokens_per_second": 393308.8455410247, "remaining_seconds": 0.260355192009835}
{"utc": "2026-09-25T13:27:22Z", "stage": "diagnostics", "elapsed_seconds": 21.44530948798638, "blocks": 320, "input_tokens_per_second": 393549.4372033955, "remaining_seconds": 0.09367056973060243}
{"utc": "2026-09-25T13:27:22Z", "stage": "complete", "elapsed_seconds": 21.56840942299459, "qualified": true, "loss": {"native": 5.83130066301001, "native_graph": 5.83130066301001, "candidate_graph": 5.83130066301001, "frozen_graph": 5.83130066301001}, "timing": {"native_graph": {"samples": 448, "median_host_ms": 0.8564599847886711, "paired_geomean_speedup": 1.0, "input_tokens_per_second": null}, "candidate_graph": {"samples": 448, "median_host_ms": 0.49576201126910746, "paired_geomean_speedup": 1.7267704830453587, "input_tokens_per_second": null}}}
