{"utc": "2026-09-25T13:21:15Z", "stage": "imports", "elapsed_seconds": 0.005055360030382872}
{"utc": "2026-09-25T13:21:17Z", "stage": "loading", "elapsed_seconds": 2.143157329002861, "mode": "native"}
Loading weights:   0%|          | 0/76 [00:00<?, ?it/s]Loading weights: 100%|██████████| 76/76 [00:00<00:00, 9232.94it/s]
{"utc": "2026-09-25T13:21:21Z", "stage": "capture", "elapsed_seconds": 6.092595595982857, "mode": "native"}
{"utc": "2026-09-25T13:21:21Z", "stage": "loading", "elapsed_seconds": 6.505266730033327, "mode": "candidate"}
Loading weights:   0%|          | 0/76 [00:00<?, ?it/s]Loading weights: 100%|██████████| 76/76 [00:00<00:00, 7491.94it/s]
{"utc": "2026-09-25T13:21:21Z", "stage": "capture", "elapsed_seconds": 6.602345586987212, "mode": "candidate"}
[1/2] /usr/local/cuda/bin/nvcc -MD -MF norm.cuda.o.d -DTORCH_EXTENSION_NAME=run028_k050_a78415cba25b -DTORCH_API_INCLUDE_EXTENSION_H -isystem /opt/run056/venv/lib/python3.12/site-packages/torch/include -isystem /opt/run056/venv/lib/python3.12/site-packages/torch/include/torch/csrc/api/include -isystem /usr/local/cuda/include -isystem /usr/include/python3.12 -D__CUDA_NO_HALF_OPERATORS__ -D__CUDA_NO_HALF_CONVERSIONS__ -D__CUDA_NO_BFLOAT16_CONVERSIONS__ -D__CUDA_NO_HALF2_OPERATORS__ --expt-relaxed-constexpr -gencode=arch=compute_120,code=sm_120 --compiler-options '-fPIC' -O3 -lineinfo -std=c++17 -c /workspace/run056-001/archive/root/runs/028-2026-09-06-pythia14m-all-site-sparse-kernels/candidates/k050/norm.cu -o norm.cuda.o 
[2/2] c++ norm.cuda.o -shared -L/opt/run056/venv/lib/python3.12/site-packages/torch/lib -lc10 -lc10_cuda -ltorch_cpu -ltorch_cuda -ltorch -ltorch_python -L/usr/local/cuda/lib64 -lcudart -o run028_k050_a78415cba25b.so
[1/2] /usr/local/cuda/bin/nvcc -MD -MF projection.cuda.o.d -DTORCH_EXTENSION_NAME=run028_k042_d356a72e5dcf -DTORCH_API_INCLUDE_EXTENSION_H -I/workspace/run056-001/archive/root/runs/028-2026-09-06-pythia14m-all-site-sparse-kernels/runtime/vendor/cutlass/include -isystem /opt/run056/venv/lib/python3.12/site-packages/torch/include -isystem /opt/run056/venv/lib/python3.12/site-packages/torch/include/torch/csrc/api/include -isystem /usr/local/cuda/include -isystem /usr/include/python3.12 -D__CUDA_NO_HALF_OPERATORS__ -D__CUDA_NO_HALF_CONVERSIONS__ -D__CUDA_NO_BFLOAT16_CONVERSIONS__ -D__CUDA_NO_HALF2_OPERATORS__ --expt-relaxed-constexpr -gencode=arch=compute_120,code=sm_120 --compiler-options '-fPIC' -O3 -lineinfo --expt-relaxed-constexpr -std=c++17 -c /workspace/run056-001/archive/root/runs/028-2026-09-06-pythia14m-all-site-sparse-kernels/candidates/k042/projection.cu -o projection.cuda.o 
[2/2] c++ projection.cuda.o -shared -L/opt/run056/venv/lib/python3.12/site-packages/torch/lib -lc10 -lc10_cuda -ltorch_cpu -ltorch_cuda -ltorch -ltorch_python -L/usr/local/cuda/lib64 -lcudart -o run028_k042_d356a72e5dcf.so
[1/2] /usr/local/cuda/bin/nvcc -MD -MF kernel.cuda.o.d -DTORCH_EXTENSION_NAME=run026_k019_a5cca086b065 -DTORCH_API_INCLUDE_EXTENSION_H -isystem /opt/run056/venv/lib/python3.12/site-packages/torch/include -isystem /opt/run056/venv/lib/python3.12/site-packages/torch/include/torch/csrc/api/include -isystem /usr/local/cuda/include -isystem /usr/include/python3.12 -D__CUDA_NO_HALF_OPERATORS__ -D__CUDA_NO_HALF_CONVERSIONS__ -D__CUDA_NO_BFLOAT16_CONVERSIONS__ -D__CUDA_NO_HALF2_OPERATORS__ --expt-relaxed-constexpr -gencode=arch=compute_120,code=sm_120 --compiler-options '-fPIC' -O3 -lineinfo -std=c++17 -c /workspace/run056-001/archive/root/runs/026-2026-09-06-pythia14m-fused-sparse-kernel/autoresearch/candidates/k019/kernel.cu -o kernel.cuda.o 
[2/2] c++ kernel.cuda.o -shared -L/opt/run056/venv/lib/python3.12/site-packages/torch/lib -lc10 -lc10_cuda -ltorch_cpu -ltorch_cuda -ltorch -ltorch_python -L/usr/local/cuda/lib64 -lcudart -o run026_k019_a5cca086b065.so
[1/2] /usr/local/cuda/bin/nvcc -MD -MF kernel.cuda.o.d -DTORCH_EXTENSION_NAME=run028_k035_984b3e1ed7e6 -DTORCH_API_INCLUDE_EXTENSION_H -I/workspace/run056-001/archive/root/runs/028-2026-09-06-pythia14m-all-site-sparse-kernels/candidates/k035 -I/workspace/run056-001/archive/root/runs/028-2026-09-06-pythia14m-all-site-sparse-kernels/runtime/vendor/flash/csrc/flash_attn/src -I/workspace/run056-001/archive/root/runs/028-2026-09-06-pythia14m-all-site-sparse-kernels/runtime/vendor/cutlass/include -isystem /opt/run056/venv/lib/python3.12/site-packages/torch/include -isystem /opt/run056/venv/lib/python3.12/site-packages/torch/include/torch/csrc/api/include -isystem /usr/local/cuda/include -isystem /usr/include/python3.12 -D__CUDA_NO_HALF_OPERATORS__ -D__CUDA_NO_HALF_CONVERSIONS__ -D__CUDA_NO_BFLOAT16_CONVERSIONS__ -D__CUDA_NO_HALF2_OPERATORS__ --expt-relaxed-constexpr -gencode=arch=compute_120,code=sm_120 --compiler-options '-fPIC' -O3 -lineinfo --expt-relaxed-constexpr --expt-extended-lambda -std=c++17 -c /workspace/run056-001/archive/root/runs/028-2026-09-06-pythia14m-all-site-sparse-kernels/candidates/k035/kernel.cu -o kernel.cuda.o 
[2/2] c++ kernel.cuda.o -shared -L/opt/run056/venv/lib/python3.12/site-packages/torch/lib -lc10 -lc10_cuda -ltorch_cpu -ltorch_cuda -ltorch -ltorch_python -L/usr/local/cuda/lib64 -lcudart -o run028_k035_984b3e1ed7e6.so
ninja: no work to do.
{"utc": "2026-09-25T13:25:07Z", "stage": "loading", "elapsed_seconds": 232.33462623303058, "mode": "frozen"}
Loading weights:   0%|          | 0/76 [00:00<?, ?it/s]Loading weights: 100%|██████████| 76/76 [00:00<00:00, 8256.93it/s]
{"utc": "2026-09-25T13:25:07Z", "stage": "capture", "elapsed_seconds": 232.3895030390122, "mode": "frozen"}
{"utc": "2026-09-25T13:25:08Z", "stage": "timing", "elapsed_seconds": 233.18871053302428, "inputs": 4, "passes": 2}
{"utc": "2026-09-25T13:25:08Z", "stage": "validation", "elapsed_seconds": 233.20084010303253, "target_blocks": 8}
{"utc": "2026-09-25T13:25:08Z", "stage": "diagnostics", "elapsed_seconds": 233.62342487700516, "loss": {"native": 5.075195670302577, "native_graph": 5.075195670302577, "candidate_graph": 5.075195670302577, "frozen_graph": 5.075195670302577}}
{"utc": "2026-09-25T13:25:09Z", "stage": "complete", "elapsed_seconds": 234.09916771302233, "qualified": true, "loss": {"native": 5.075195670302577, "native_graph": 5.075195670302577, "candidate_graph": 5.075195670302577, "frozen_graph": 5.075195670302577}, "timing": {"candidate_graph": {"samples": 8, "median_host_ms": 0.49293701886199415, "paired_geomean_speedup": 1.7307918595985416, "input_tokens_per_second": null}, "native_graph": {"samples": 8, "median_host_ms": 0.854245008667931, "paired_geomean_speedup": 1.0, "input_tokens_per_second": null}}}
