{"utc": "2026-09-25T13:25:32Z", "stage": "imports", "elapsed_seconds": 0.005097279965411872}
{"utc": "2026-09-25T13:25:34Z", "stage": "loading", "elapsed_seconds": 2.0457832709653303, "mode": "native"}
Loading weights:   0%|          | 0/76 [00:00<?, ?it/s]Loading weights: 100%|██████████| 76/76 [00:00<00:00, 9695.75it/s]
{"utc": "2026-09-25T13:25:35Z", "stage": "capture", "elapsed_seconds": 3.363938040973153, "mode": "native"}
{"utc": "2026-09-25T13:25:36Z", "stage": "loading", "elapsed_seconds": 3.756223341973964, "mode": "candidate"}
Loading weights:   0%|          | 0/76 [00:00<?, ?it/s]Loading weights: 100%|██████████| 76/76 [00:00<00:00, 7232.54it/s]
{"utc": "2026-09-25T13:25:36Z", "stage": "capture", "elapsed_seconds": 3.8495204799692146, "mode": "candidate"}
ninja: no work to do.
ninja: no work to do.
ninja: no work to do.
ninja: no work to do.
ninja: no work to do.
{"utc": "2026-09-25T13:25:37Z", "stage": "loading", "elapsed_seconds": 4.901825994020328, "mode": "frozen"}
Loading weights:   0%|          | 0/76 [00:00<?, ?it/s]Loading weights: 100%|██████████| 76/76 [00:00<00:00, 8011.44it/s]
{"utc": "2026-09-25T13:25:37Z", "stage": "capture", "elapsed_seconds": 4.957411510986276, "mode": "frozen"}
ninja: no work to do.
{"utc": "2026-09-25T13:25:38Z", "stage": "timing", "elapsed_seconds": 5.828549769008532, "inputs": 4, "passes": 2}
{"utc": "2026-09-25T13:25:38Z", "stage": "validation", "elapsed_seconds": 5.840836148010567, "target_blocks": 8}
{"utc": "2026-09-25T13:25:38Z", "stage": "diagnostics", "elapsed_seconds": 6.248304069973528, "loss": {"native": 5.075195670302577, "native_graph": 5.075195670302577, "candidate_graph": 5.075195670302577, "frozen_graph": 5.075195670302577}}
{"utc": "2026-09-25T13:25:39Z", "stage": "complete", "elapsed_seconds": 6.724392483010888, "qualified": true, "loss": {"native": 5.075195670302577, "native_graph": 5.075195670302577, "candidate_graph": 5.075195670302577, "frozen_graph": 5.075195670302577}, "timing": {"candidate_graph": {"samples": 8, "median_host_ms": 0.4936674959026277, "paired_geomean_speedup": 1.7302473114182424, "input_tokens_per_second": null}, "native_graph": {"samples": 8, "median_host_ms": 0.8562199946027249, "paired_geomean_speedup": 1.0, "input_tokens_per_second": null}}}
