{"utc": "2026-09-25T13:25:25Z", "stage": "imports", "elapsed_seconds": 0.004940091981552541}
{"utc": "2026-09-25T13:25:27Z", "stage": "loading", "elapsed_seconds": 2.0494830710231327, "mode": "native"}
Loading weights:   0%|          | 0/76 [00:00<?, ?it/s]Loading weights: 100%|██████████| 76/76 [00:00<00:00, 9389.03it/s]
{"utc": "2026-09-25T13:25:28Z", "stage": "capture", "elapsed_seconds": 3.3540371090057306, "mode": "native"}
{"utc": "2026-09-25T13:25:28Z", "stage": "loading", "elapsed_seconds": 3.748213739017956, "mode": "candidate"}
Loading weights:   0%|          | 0/76 [00:00<?, ?it/s]Loading weights: 100%|██████████| 76/76 [00:00<00:00, 7436.88it/s]
{"utc": "2026-09-25T13:25:28Z", "stage": "capture", "elapsed_seconds": 3.841423036996275, "mode": "candidate"}
ninja: no work to do.
ninja: no work to do.
ninja: no work to do.
ninja: no work to do.
ninja: no work to do.
{"utc": "2026-09-25T13:25:29Z", "stage": "loading", "elapsed_seconds": 4.899862466030754, "mode": "frozen"}
Loading weights:   0%|          | 0/76 [00:00<?, ?it/s]Loading weights: 100%|██████████| 76/76 [00:00<00:00, 7763.26it/s]
{"utc": "2026-09-25T13:25:30Z", "stage": "capture", "elapsed_seconds": 4.9556327820173465, "mode": "frozen"}
ninja: no work to do.
{"utc": "2026-09-25T13:25:30Z", "stage": "timing", "elapsed_seconds": 5.829003047023434, "inputs": 4, "passes": 2}
{"utc": "2026-09-25T13:25:30Z", "stage": "validation", "elapsed_seconds": 5.841754082997795, "target_blocks": 8}
{"utc": "2026-09-25T13:25:31Z", "stage": "diagnostics", "elapsed_seconds": 6.251757030026056, "loss": {"native": 5.075195670302577, "native_graph": 5.075195670302577, "candidate_graph": 5.075195670302577, "frozen_graph": 5.075195670302577}}
{"utc": "2026-09-25T13:25:31Z", "stage": "complete", "elapsed_seconds": 6.726532950997353, "qualified": true, "loss": {"native": 5.075195670302577, "native_graph": 5.075195670302577, "candidate_graph": 5.075195670302577, "frozen_graph": 5.075195670302577}, "timing": {"candidate_graph": {"samples": 8, "median_host_ms": 0.5614820111077279, "paired_geomean_speedup": 1.499550765070921, "input_tokens_per_second": null}, "native_graph": {"samples": 8, "median_host_ms": 0.8541004790458828, "paired_geomean_speedup": 1.0, "input_tokens_per_second": null}}}
