{"utc": "2026-09-25T13:25:17Z", "stage": "imports", "elapsed_seconds": 0.004927420988678932}
{"utc": "2026-09-25T13:25:19Z", "stage": "loading", "elapsed_seconds": 2.0987852530088276, "mode": "native"}
Loading weights:   0%|          | 0/76 [00:00<?, ?it/s]Loading weights: 100%|██████████| 76/76 [00:00<00:00, 8945.09it/s]
{"utc": "2026-09-25T13:25:20Z", "stage": "capture", "elapsed_seconds": 3.417046193033457, "mode": "native"}
{"utc": "2026-09-25T13:25:21Z", "stage": "loading", "elapsed_seconds": 3.810101888026111, "mode": "candidate"}
Loading weights:   0%|          | 0/76 [00:00<?, ?it/s]Loading weights: 100%|██████████| 76/76 [00:00<00:00, 7626.55it/s]
{"utc": "2026-09-25T13:25:21Z", "stage": "capture", "elapsed_seconds": 3.9029770790366456, "mode": "candidate"}
ninja: no work to do.
ninja: no work to do.
ninja: no work to do.
ninja: no work to do.
ninja: no work to do.
{"utc": "2026-09-25T13:25:22Z", "stage": "loading", "elapsed_seconds": 4.9683263979968615, "mode": "frozen"}
Loading weights:   0%|          | 0/76 [00:00<?, ?it/s]Loading weights: 100%|██████████| 76/76 [00:00<00:00, 7691.89it/s]
{"utc": "2026-09-25T13:25:22Z", "stage": "capture", "elapsed_seconds": 5.023926725029014, "mode": "frozen"}
ninja: no work to do.
{"utc": "2026-09-25T13:25:23Z", "stage": "timing", "elapsed_seconds": 5.891312243998982, "inputs": 4, "passes": 2}
{"utc": "2026-09-25T13:25:23Z", "stage": "validation", "elapsed_seconds": 5.903601713012904, "target_blocks": 8}
{"utc": "2026-09-25T13:25:23Z", "stage": "diagnostics", "elapsed_seconds": 6.313181623001583, "loss": {"native": 5.075195670302577, "native_graph": 5.075195670302577, "candidate_graph": 5.075195670302577, "frozen_graph": 5.075195670302577}}
{"utc": "2026-09-25T13:25:24Z", "stage": "complete", "elapsed_seconds": 6.798773651011288, "qualified": true, "loss": {"native": 5.075195670302577, "native_graph": 5.075195670302577, "candidate_graph": 5.075195670302577, "frozen_graph": 5.075195670302577}, "timing": {"candidate_graph": {"samples": 8, "median_host_ms": 0.49304700223729014, "paired_geomean_speedup": 1.715994420166998, "input_tokens_per_second": null}, "native_graph": {"samples": 8, "median_host_ms": 0.8554400410503149, "paired_geomean_speedup": 1.0, "input_tokens_per_second": null}}}
