Verified 1382 frozen source/input identities and derived control sources
Traceback (most recent call last):
  File "/workspace/run037/06_cuda_checks.py", line 60, in <module>
    if __name__ == '__main__': main()
                               ^^^^^^
  File "/workspace/run037/06_cuda_checks.py", line 39, in main
    reference, _ = evaluate(base_joint.extension(), False)
                            ^^^^^^^^^^^^^^^^^^^^^^
  File "/workspace/run037/archive/root/runs/028-2026-09-06-pythia14m-all-site-sparse-kernels/candidates/k049/candidate.py", line 14, in extension
    return load(name='run028_k049_'+sha256(source)[:12],sources=[str(source)],extra_cuda_cflags=['-O3','-lineinfo'],verbose=True)
           ^^^^^^^^^^^^^^^^^^^^^^^^^^^^^^^^^^^^^^^^^^^^^^^^^^^^^^^^^^^^^^^^^^^^^^^^^^^^^^^^^^^^^^^^^^^^^^^^^^^^^^^^^^^^^^^^^^^^^^
  File "/workspace/run037/runtime/venv/lib/python3.12/site-packages/torch/utils/cpp_extension.py", line 1818, in load
    return _jit_compile(
           ^^^^^^^^^^^^^
  File "/workspace/run037/runtime/venv/lib/python3.12/site-packages/torch/utils/cpp_extension.py", line 2268, in _jit_compile
    _write_ninja_file_and_build_library(
  File "/workspace/run037/runtime/venv/lib/python3.12/site-packages/torch/utils/cpp_extension.py", line 2382, in _write_ninja_file_and_build_library
    verify_ninja_availability()
  File "/workspace/run037/runtime/venv/lib/python3.12/site-packages/torch/utils/cpp_extension.py", line 2448, in verify_ninja_availability
    raise RuntimeError("Ninja is required to load C++ extensions (pip install ninja to get it)")
RuntimeError: Ninja is required to load C++ extensions (pip install ninja to get it)
