Requirement already satisfied: pytest==9.1.1 in /workspace/run019-venv/lib/python3.12/site-packages (9.1.1)
Requirement already satisfied: iniconfig>=1.0.1 in /workspace/run019-venv/lib/python3.12/site-packages (from pytest==9.1.1) (2.3.0)
Requirement already satisfied: packaging>=22 in /workspace/run019-venv/lib/python3.12/site-packages (from pytest==9.1.1) (26.3)
Requirement already satisfied: pluggy<2,>=1.5 in /workspace/run019-venv/lib/python3.12/site-packages (from pytest==9.1.1) (1.6.0)
Requirement already satisfied: pygments>=2.7.2 in /workspace/run019-venv/lib/python3.12/site-packages (from pytest==9.1.1) (2.21.0)

[notice] A new release of pip is available: 25.0.1 -> 26.2.1
[notice] To update, run: python -m pip install --upgrade pip
============================= test session starts ==============================
platform linux -- Python 3.12.3, pytest-9.1.1, pluggy-1.6.0
rootdir: /workspace/sparsity-spillover
configfile: pyproject.toml
plugins: anyio-4.14.2
collected 23 items

runs/019-2026-09-01-pythia410m-selected-ladder-canonical-init/test_run019.py . [  4%]
......................                                                   [100%]

======================== 23 passed in 140.65s (0:02:20) ========================
[transformers] `torch_dtype` is deprecated! Use `dtype` instead!
{
  "independent_strict_loads": 2,
  "kind": "canonical_initialization_identity_check",
  "model_artifact": {
    "bytes": 1621370392,
    "path": "prelaunch/initialization/pythia410m-seed1234.safetensors",
    "sha256": "edba25fa7535bef6469228afe7d60db741a1a4ecd6c0c4362989e0b45a8cac51"
  },
  "parameter_sha256": "76217bf2ef13de2377c7750515a559cb71f574c274476e08408a5f7749ea9cff",
  "post_initialization_rng_probe": {
    "numpy_rng_probe": "2f6b0731d3e2667f2685429f35dc5dd1",
    "parameter_sha256": "76217bf2ef13de2377c7750515a559cb71f574c274476e08408a5f7749ea9cff",
    "python_rng_probe": 14354624986284130233,
    "recipe": {
      "artifact_sha256": "edba25fa7535bef6469228afe7d60db741a1a4ecd6c0c4362989e0b45a8cac51",
      "bias_elements_zeroed": 221184,
      "normalization_elements_initialized": 100352,
      "ordinary": "small_init",
      "ordinary_weight_elements": 279183360,
      "parameter_sha256": "76217bf2ef13de2377c7750515a559cb71f574c274476e08408a5f7749ea9cff",
      "realization": "hash_pinned_generated_artifact",
      "released_weights_loaded": false,
      "residual_output": "wang_init",
      "residual_output_weight_elements": 125829120,
      "rng_artifact_sha256": "38c9f36a2e259018c183039771c5732d8aa5a5f63b4363d9e6403e6683a9ef43",
      "rng_note": "Transformers module traversal; not GPT-NeoX-bitwise draw order",
      "small_init_std": 0.01976423537605237,
      "wang_init_std": 0.0026041666666666665
    },
    "torch_cpu_rng_probe": [
      9782689,
      266959932,
      1407635543,
      1267861897,
      1039150560,
      1455463176,
      522573583,
      1887771333
    ]
  },
  "rng_artifact": {
    "bytes": 14830,
    "path": "prelaunch/initialization/pythia410m-seed1234-rng.pt",
    "sha256": "38c9f36a2e259018c183039771c5732d8aa5a5f63b4363d9e6403e6683a9ef43"
  },
  "runtime": {
    "python": "3.12.3",
    "torch": "2.11.0+cu128",
    "transformers": "5.12.1"
  },
  "schema_version": 1,
  "status": "verified",
  "verified_at": "2026-09-02T11:34:31.624997+00:00"
}
