{"utc": "2026-09-19T16:06:04Z", "stage": "imports", "elapsed_seconds": 0.13099820504430681}
{"utc": "2026-09-19T16:06:06Z", "stage": "loading", "elapsed_seconds": 3.006260175956413, "mode": "native"}
Loading weights:   0%|          | 0/76 [00:00<?, ?it/s]Loading weights: 100%|██████████| 76/76 [00:00<00:00, 4592.79it/s]
{"utc": "2026-09-19T16:06:08Z", "stage": "capture", "elapsed_seconds": 4.594710492994636, "mode": "native"}
{"utc": "2026-09-19T16:06:08Z", "stage": "loading", "elapsed_seconds": 5.036167716956697, "mode": "candidate"}
Loading weights:   0%|          | 0/76 [00:00<?, ?it/s]Loading weights: 100%|██████████| 76/76 [00:00<00:00, 4005.62it/s]
{"utc": "2026-09-19T16:06:09Z", "stage": "capture", "elapsed_seconds": 5.2267934050178155, "mode": "candidate"}
ninja: no work to do.
ninja: no work to do.
ninja: no work to do.
ninja: no work to do.
ninja: no work to do.
ninja: no work to do.
{"utc": "2026-09-19T16:06:28Z", "stage": "timing", "elapsed_seconds": 24.159338079974987, "inputs": 64, "passes": 7}
{"utc": "2026-09-19T16:06:28Z", "stage": "validation", "elapsed_seconds": 24.871996683999896, "target_blocks": 338}
{"utc": "2026-09-19T16:06:29Z", "stage": "validation", "elapsed_seconds": 25.462739174021408, "blocks": 16, "prediction_tokens": 32752, "loss": {"native": 5.433529643704965, "native_graph": 5.433529643704965, "candidate_graph": 5.433529643704965}}
{"utc": "2026-09-19T16:06:29Z", "stage": "validation", "elapsed_seconds": 25.91856405697763, "blocks": 32, "prediction_tokens": 65504, "loss": {"native": 5.4627757032848185, "native_graph": 5.4627757032848185, "candidate_graph": 5.4627757032848185}}
{"utc": "2026-09-19T16:06:30Z", "stage": "validation", "elapsed_seconds": 26.393172055017203, "blocks": 48, "prediction_tokens": 98256, "loss": {"native": 5.8373225488058615, "native_graph": 5.8373225488058615, "candidate_graph": 5.8373225488058615}}
{"utc": "2026-09-19T16:06:30Z", "stage": "validation", "elapsed_seconds": 26.855491718044505, "blocks": 64, "prediction_tokens": 131008, "loss": {"native": 5.963783443061445, "native_graph": 5.963783443061445, "candidate_graph": 5.963783443061445}}
{"utc": "2026-09-19T16:06:31Z", "stage": "validation", "elapsed_seconds": 27.31920851697214, "blocks": 80, "prediction_tokens": 163760, "loss": {"native": 5.932614924398701, "native_graph": 5.932614924398701, "candidate_graph": 5.932614924398701}}
{"utc": "2026-09-19T16:06:31Z", "stage": "validation", "elapsed_seconds": 27.774848137050867, "blocks": 96, "prediction_tokens": 196512, "loss": {"native": 5.941523398042327, "native_graph": 5.941523398042327, "candidate_graph": 5.941523398042327}}
{"utc": "2026-09-19T16:06:32Z", "stage": "validation", "elapsed_seconds": 28.232995045022108, "blocks": 112, "prediction_tokens": 229264, "loss": {"native": 5.928813884542628, "native_graph": 5.928813884542628, "candidate_graph": 5.928813884542628}}
{"utc": "2026-09-19T16:06:32Z", "stage": "validation", "elapsed_seconds": 28.68669309397228, "blocks": 128, "prediction_tokens": 262016, "loss": {"native": 5.831156502832246, "native_graph": 5.831156502832246, "candidate_graph": 5.831156502832246}}
{"utc": "2026-09-19T16:06:33Z", "stage": "validation", "elapsed_seconds": 29.13937419105787, "blocks": 144, "prediction_tokens": 294768, "loss": {"native": 5.849604330977561, "native_graph": 5.849604330977561, "candidate_graph": 5.849604330977561}}
{"utc": "2026-09-19T16:06:33Z", "stage": "validation", "elapsed_seconds": 29.591006178990938, "blocks": 160, "prediction_tokens": 327520, "loss": {"native": 5.855593878033689, "native_graph": 5.855593878033689, "candidate_graph": 5.855593878033689}}
{"utc": "2026-09-19T16:06:33Z", "stage": "validation", "elapsed_seconds": 30.047343206009828, "blocks": 176, "prediction_tokens": 360272, "loss": {"native": 5.82820932078532, "native_graph": 5.82820932078532, "candidate_graph": 5.82820932078532}}
{"utc": "2026-09-19T16:06:34Z", "stage": "validation", "elapsed_seconds": 30.49941775703337, "blocks": 192, "prediction_tokens": 393024, "loss": {"native": 5.827277839038217, "native_graph": 5.827277839038217, "candidate_graph": 5.827277839038217}}
{"utc": "2026-09-19T16:06:34Z", "stage": "validation", "elapsed_seconds": 30.954137976979837, "blocks": 208, "prediction_tokens": 425776, "loss": {"native": 5.853064829303951, "native_graph": 5.853064829303951, "candidate_graph": 5.853064829303951}}
{"utc": "2026-09-19T16:06:35Z", "stage": "validation", "elapsed_seconds": 31.409032269963063, "blocks": 224, "prediction_tokens": 458528, "loss": {"native": 5.860974186903867, "native_graph": 5.860974186903867, "candidate_graph": 5.860974186903867}}
{"utc": "2026-09-19T16:06:35Z", "stage": "validation", "elapsed_seconds": 31.866726272040978, "blocks": 240, "prediction_tokens": 491280, "loss": {"native": 5.845817573123715, "native_graph": 5.845817573123715, "candidate_graph": 5.845817573123715}}
{"utc": "2026-09-19T16:06:36Z", "stage": "validation", "elapsed_seconds": 32.320628984016366, "blocks": 256, "prediction_tokens": 524032, "loss": {"native": 5.860577907105685, "native_graph": 5.860577907105685, "candidate_graph": 5.860577907105685}}
{"utc": "2026-09-19T16:06:36Z", "stage": "validation", "elapsed_seconds": 32.775987360975705, "blocks": 272, "prediction_tokens": 556784, "loss": {"native": 5.871153765243513, "native_graph": 5.871153765243513, "candidate_graph": 5.871153765243513}}
{"utc": "2026-09-19T16:06:37Z", "stage": "validation", "elapsed_seconds": 33.23040237801615, "blocks": 288, "prediction_tokens": 589536, "loss": {"native": 5.85495766628994, "native_graph": 5.85495766628994, "candidate_graph": 5.85495766628994}}
{"utc": "2026-09-19T16:06:37Z", "stage": "validation", "elapsed_seconds": 33.69733793102205, "blocks": 304, "prediction_tokens": 622288, "loss": {"native": 5.859802871463605, "native_graph": 5.859802871463605, "candidate_graph": 5.859802871463605}}
{"utc": "2026-09-19T16:06:38Z", "stage": "validation", "elapsed_seconds": 34.16258607804775, "blocks": 320, "prediction_tokens": 655040, "loss": {"native": 5.835200507197079, "native_graph": 5.835200507197079, "candidate_graph": 5.835200507197079}}
{"utc": "2026-09-19T16:06:38Z", "stage": "validation", "elapsed_seconds": 34.61661996005569, "blocks": 336, "prediction_tokens": 687792, "loss": {"native": 5.828935494539274, "native_graph": 5.828935494539274, "candidate_graph": 5.828935494539274}}
{"utc": "2026-09-19T16:06:38Z", "stage": "diagnostics", "elapsed_seconds": 34.70748594496399, "loss": {"native": 5.83130066301001, "native_graph": 5.83130066301001, "candidate_graph": 5.83130066301001}}
{"utc": "2026-09-19T16:06:40Z", "stage": "diagnostics", "elapsed_seconds": 36.1164127959637, "blocks": 32, "input_tokens_per_second": 46782.06537328168, "remaining_seconds": 13.39590278880496}
{"utc": "2026-09-19T16:06:41Z", "stage": "diagnostics", "elapsed_seconds": 37.38941614795476, "blocks": 64, "input_tokens_per_second": 49019.49445550148, "remaining_seconds": 11.447527279364294}
{"utc": "2026-09-19T16:06:42Z", "stage": "diagnostics", "elapsed_seconds": 38.672958006034605, "blocks": 96, "input_tokens_per_second": 49681.1353526596, "remaining_seconds": 9.975939488538037}
{"utc": "2026-09-19T16:06:43Z", "stage": "diagnostics", "elapsed_seconds": 39.961431317962706, "blocks": 128, "input_tokens_per_second": 49971.27634321342, "remaining_seconds": 8.60654422845073}
{"utc": "2026-09-19T16:06:45Z", "stage": "diagnostics", "elapsed_seconds": 41.2610537110595, "blocks": 160, "input_tokens_per_second": 50061.7129012845, "remaining_seconds": 7.281892266028445}
{"utc": "2026-09-19T16:06:46Z", "stage": "diagnostics", "elapsed_seconds": 42.548912825994194, "blocks": 192, "input_tokens_per_second": 50197.777437860444, "remaining_seconds": 5.956598384662357}
{"utc": "2026-09-19T16:06:47Z", "stage": "diagnostics", "elapsed_seconds": 43.82317934196908, "blocks": 224, "input_tokens_per_second": 50370.015040326856, "remaining_seconds": 4.635138580226339}
{"utc": "2026-09-19T16:06:49Z", "stage": "diagnostics", "elapsed_seconds": 45.11572244798299, "blocks": 256, "input_tokens_per_second": 50411.390374640716, "remaining_seconds": 3.3313106175401117}
{"utc": "2026-09-19T16:06:50Z", "stage": "diagnostics", "elapsed_seconds": 46.42278850404546, "blocks": 288, "input_tokens_per_second": 50381.092338502065, "remaining_seconds": 2.032508531414755}
{"utc": "2026-09-19T16:06:51Z", "stage": "diagnostics", "elapsed_seconds": 47.732160093961284, "blocks": 320, "input_tokens_per_second": 50348.00577169406, "remaining_seconds": 0.7321839154297777}
{"utc": "2026-09-19T16:06:52Z", "stage": "complete", "elapsed_seconds": 48.46254346403293, "qualified": true, "loss": {"native": 5.83130066301001, "native_graph": 5.83130066301001, "candidate_graph": 5.83130066301001}, "timing": {"candidate_graph": {"samples": 448, "median_host_ms": 0.5770260468125343, "paired_geomean_speedup": 1.5043462074650809, "input_tokens_per_second": null}, "native_graph": {"samples": 448, "median_host_ms": 0.8691500406712294, "paired_geomean_speedup": 1.0, "input_tokens_per_second": null}}}
