{"utc": "2026-09-19T16:05:36Z", "stage": "imports", "elapsed_seconds": 0.12694035994354635}
{"utc": "2026-09-19T16:05:40Z", "stage": "loading", "elapsed_seconds": 3.4394499799236655, "mode": "native"}
Loading weights:   0%|          | 0/76 [00:00<?, ?it/s]Loading weights: 100%|██████████| 76/76 [00:00<00:00, 4812.96it/s]
{"utc": "2026-09-19T16:05:41Z", "stage": "capture", "elapsed_seconds": 5.139566939906217, "mode": "native"}
{"utc": "2026-09-19T16:05:42Z", "stage": "loading", "elapsed_seconds": 5.5862841019406915, "mode": "candidate"}
Loading weights:   0%|          | 0/76 [00:00<?, ?it/s]Loading weights: 100%|██████████| 76/76 [00:00<00:00, 4252.38it/s]
{"utc": "2026-09-19T16:05:42Z", "stage": "capture", "elapsed_seconds": 5.773742894991301, "mode": "candidate"}
ninja: no work to do.
ninja: no work to do.
ninja: no work to do.
ninja: no work to do.
ninja: no work to do.
{"utc": "2026-09-19T16:05:52Z", "stage": "timing", "elapsed_seconds": 15.29738493997138, "inputs": 64, "passes": 7}
{"utc": "2026-09-19T16:05:52Z", "stage": "validation", "elapsed_seconds": 16.071009462932125, "target_blocks": 338}
{"utc": "2026-09-19T16:05:53Z", "stage": "validation", "elapsed_seconds": 16.6600030339323, "blocks": 16, "prediction_tokens": 32752, "loss": {"native": 5.433529643704965, "native_graph": 5.433529643704965, "candidate_graph": 5.433529643704965}}
{"utc": "2026-09-19T16:05:53Z", "stage": "validation", "elapsed_seconds": 17.117081008967943, "blocks": 32, "prediction_tokens": 65504, "loss": {"native": 5.4627757032848185, "native_graph": 5.4627757032848185, "candidate_graph": 5.4627757032848185}}
{"utc": "2026-09-19T16:05:54Z", "stage": "validation", "elapsed_seconds": 17.57471250195522, "blocks": 48, "prediction_tokens": 98256, "loss": {"native": 5.8373225488058615, "native_graph": 5.8373225488058615, "candidate_graph": 5.8373225488058615}}
{"utc": "2026-09-19T16:05:54Z", "stage": "validation", "elapsed_seconds": 18.033047430915758, "blocks": 64, "prediction_tokens": 131008, "loss": {"native": 5.963783443061445, "native_graph": 5.963783443061445, "candidate_graph": 5.963783443061445}}
{"utc": "2026-09-19T16:05:55Z", "stage": "validation", "elapsed_seconds": 18.491373980999924, "blocks": 80, "prediction_tokens": 163760, "loss": {"native": 5.932614924398701, "native_graph": 5.932614924398701, "candidate_graph": 5.932614924398701}}
{"utc": "2026-09-19T16:05:55Z", "stage": "validation", "elapsed_seconds": 18.963622362934984, "blocks": 96, "prediction_tokens": 196512, "loss": {"native": 5.941523398042327, "native_graph": 5.941523398042327, "candidate_graph": 5.941523398042327}}
{"utc": "2026-09-19T16:05:56Z", "stage": "validation", "elapsed_seconds": 19.436672454001382, "blocks": 112, "prediction_tokens": 229264, "loss": {"native": 5.928813884542628, "native_graph": 5.928813884542628, "candidate_graph": 5.928813884542628}}
{"utc": "2026-09-19T16:05:56Z", "stage": "validation", "elapsed_seconds": 19.894285026937723, "blocks": 128, "prediction_tokens": 262016, "loss": {"native": 5.831156502832246, "native_graph": 5.831156502832246, "candidate_graph": 5.831156502832246}}
{"utc": "2026-09-19T16:05:57Z", "stage": "validation", "elapsed_seconds": 20.351037808926776, "blocks": 144, "prediction_tokens": 294768, "loss": {"native": 5.849604330977561, "native_graph": 5.849604330977561, "candidate_graph": 5.849604330977561}}
{"utc": "2026-09-19T16:05:57Z", "stage": "validation", "elapsed_seconds": 20.808080824906938, "blocks": 160, "prediction_tokens": 327520, "loss": {"native": 5.855593878033689, "native_graph": 5.855593878033689, "candidate_graph": 5.855593878033689}}
{"utc": "2026-09-19T16:05:58Z", "stage": "validation", "elapsed_seconds": 21.26906134292949, "blocks": 176, "prediction_tokens": 360272, "loss": {"native": 5.82820932078532, "native_graph": 5.82820932078532, "candidate_graph": 5.82820932078532}}
{"utc": "2026-09-19T16:05:58Z", "stage": "validation", "elapsed_seconds": 21.726011286955327, "blocks": 192, "prediction_tokens": 393024, "loss": {"native": 5.827277839038217, "native_graph": 5.827277839038217, "candidate_graph": 5.827277839038217}}
{"utc": "2026-09-19T16:05:59Z", "stage": "validation", "elapsed_seconds": 22.19483130192384, "blocks": 208, "prediction_tokens": 425776, "loss": {"native": 5.853064829303951, "native_graph": 5.853064829303951, "candidate_graph": 5.853064829303951}}
{"utc": "2026-09-19T16:05:59Z", "stage": "validation", "elapsed_seconds": 22.663393653929234, "blocks": 224, "prediction_tokens": 458528, "loss": {"native": 5.860974186903867, "native_graph": 5.860974186903867, "candidate_graph": 5.860974186903867}}
{"utc": "2026-09-19T16:05:59Z", "stage": "validation", "elapsed_seconds": 23.146608546958305, "blocks": 240, "prediction_tokens": 491280, "loss": {"native": 5.845817573123715, "native_graph": 5.845817573123715, "candidate_graph": 5.845817573123715}}
{"utc": "2026-09-19T16:06:00Z", "stage": "validation", "elapsed_seconds": 23.621201073983684, "blocks": 256, "prediction_tokens": 524032, "loss": {"native": 5.860577907105685, "native_graph": 5.860577907105685, "candidate_graph": 5.860577907105685}}
{"utc": "2026-09-19T16:06:00Z", "stage": "validation", "elapsed_seconds": 24.091581625980325, "blocks": 272, "prediction_tokens": 556784, "loss": {"native": 5.871153765243513, "native_graph": 5.871153765243513, "candidate_graph": 5.871153765243513}}
{"utc": "2026-09-19T16:06:01Z", "stage": "validation", "elapsed_seconds": 24.564726307988167, "blocks": 288, "prediction_tokens": 589536, "loss": {"native": 5.85495766628994, "native_graph": 5.85495766628994, "candidate_graph": 5.85495766628994}}
{"utc": "2026-09-19T16:06:01Z", "stage": "validation", "elapsed_seconds": 25.03803561197128, "blocks": 304, "prediction_tokens": 622288, "loss": {"native": 5.859802871463605, "native_graph": 5.859802871463605, "candidate_graph": 5.859802871463605}}
{"utc": "2026-09-19T16:06:02Z", "stage": "validation", "elapsed_seconds": 25.507506432943046, "blocks": 320, "prediction_tokens": 655040, "loss": {"native": 5.835200507197079, "native_graph": 5.835200507197079, "candidate_graph": 5.835200507197079}}
{"utc": "2026-09-19T16:06:02Z", "stage": "validation", "elapsed_seconds": 25.968265539966524, "blocks": 336, "prediction_tokens": 687792, "loss": {"native": 5.828935494539274, "native_graph": 5.828935494539274, "candidate_graph": 5.828935494539274}}
{"utc": "2026-09-19T16:06:02Z", "stage": "complete", "elapsed_seconds": 26.0454317239346, "qualified": true, "loss": {"native": 5.83130066301001, "native_graph": 5.83130066301001, "candidate_graph": 5.83130066301001}, "timing": {"native_graph": {"samples": 448, "median_host_ms": 0.8689800160937011, "paired_geomean_speedup": 1.0, "input_tokens_per_second": null}, "candidate_graph": {"samples": 448, "median_host_ms": 0.7122975075617433, "paired_geomean_speedup": 1.2206559068375715, "input_tokens_per_second": null}}}
