{"utc": "2026-09-19T15:58:57Z", "stage": "imports", "elapsed_seconds": 0.12156962300650775}
{"utc": "2026-09-19T15:59:00Z", "stage": "loading", "elapsed_seconds": 3.050537814036943, "mode": "native"}
Loading weights:   0%|          | 0/76 [00:00<?, ?it/s]Loading weights: 100%|██████████| 76/76 [00:00<00:00, 4686.92it/s]
{"utc": "2026-09-19T15:59:02Z", "stage": "capture", "elapsed_seconds": 4.650188497966155, "mode": "native"}
{"utc": "2026-09-19T15:59:02Z", "stage": "loading", "elapsed_seconds": 5.077378420042805, "mode": "candidate"}
Loading weights:   0%|          | 0/76 [00:00<?, ?it/s]Loading weights: 100%|██████████| 76/76 [00:00<00:00, 5122.48it/s]
{"utc": "2026-09-19T15:59:02Z", "stage": "capture", "elapsed_seconds": 5.272962852031924, "mode": "candidate"}
ninja: no work to do.
ninja: no work to do.
ninja: no work to do.
ninja: no work to do.
ninja: no work to do.
{"utc": "2026-09-19T15:59:12Z", "stage": "timing", "elapsed_seconds": 15.142512890975922, "inputs": 64, "passes": 7}
{"utc": "2026-09-19T15:59:13Z", "stage": "validation", "elapsed_seconds": 15.918983484967612, "target_blocks": 338}
{"utc": "2026-09-19T15:59:14Z", "stage": "validation", "elapsed_seconds": 16.526956696994603, "blocks": 16, "prediction_tokens": 32752, "loss": {"native": 5.433529643704965, "native_graph": 5.433529643704965, "candidate_graph": 5.433529643704965}}
{"utc": "2026-09-19T15:59:14Z", "stage": "validation", "elapsed_seconds": 16.992472733021714, "blocks": 32, "prediction_tokens": 65504, "loss": {"native": 5.4627757032848185, "native_graph": 5.4627757032848185, "candidate_graph": 5.4627757032848185}}
{"utc": "2026-09-19T15:59:15Z", "stage": "validation", "elapsed_seconds": 17.456488571944647, "blocks": 48, "prediction_tokens": 98256, "loss": {"native": 5.8373225488058615, "native_graph": 5.8373225488058615, "candidate_graph": 5.8373225488058615}}
{"utc": "2026-09-19T15:59:15Z", "stage": "validation", "elapsed_seconds": 17.917119104997255, "blocks": 64, "prediction_tokens": 131008, "loss": {"native": 5.963783443061445, "native_graph": 5.963783443061445, "candidate_graph": 5.963783443061445}}
{"utc": "2026-09-19T15:59:16Z", "stage": "validation", "elapsed_seconds": 18.375971848028712, "blocks": 80, "prediction_tokens": 163760, "loss": {"native": 5.932614924398701, "native_graph": 5.932614924398701, "candidate_graph": 5.932614924398701}}
{"utc": "2026-09-19T15:59:16Z", "stage": "validation", "elapsed_seconds": 18.84919760900084, "blocks": 96, "prediction_tokens": 196512, "loss": {"native": 5.941523398042327, "native_graph": 5.941523398042327, "candidate_graph": 5.941523398042327}}
{"utc": "2026-09-19T15:59:16Z", "stage": "validation", "elapsed_seconds": 19.320687011932023, "blocks": 112, "prediction_tokens": 229264, "loss": {"native": 5.928813884542628, "native_graph": 5.928813884542628, "candidate_graph": 5.928813884542628}}
{"utc": "2026-09-19T15:59:17Z", "stage": "validation", "elapsed_seconds": 19.796887835953385, "blocks": 128, "prediction_tokens": 262016, "loss": {"native": 5.831156502832246, "native_graph": 5.831156502832246, "candidate_graph": 5.831156502832246}}
{"utc": "2026-09-19T15:59:17Z", "stage": "validation", "elapsed_seconds": 20.267773351981305, "blocks": 144, "prediction_tokens": 294768, "loss": {"native": 5.849604330977561, "native_graph": 5.849604330977561, "candidate_graph": 5.849604330977561}}
{"utc": "2026-09-19T15:59:18Z", "stage": "validation", "elapsed_seconds": 20.73779233195819, "blocks": 160, "prediction_tokens": 327520, "loss": {"native": 5.855593878033689, "native_graph": 5.855593878033689, "candidate_graph": 5.855593878033689}}
{"utc": "2026-09-19T15:59:18Z", "stage": "validation", "elapsed_seconds": 21.24498745694291, "blocks": 176, "prediction_tokens": 360272, "loss": {"native": 5.82820932078532, "native_graph": 5.82820932078532, "candidate_graph": 5.82820932078532}}
{"utc": "2026-09-19T15:59:19Z", "stage": "validation", "elapsed_seconds": 21.707905026967637, "blocks": 192, "prediction_tokens": 393024, "loss": {"native": 5.827277839038217, "native_graph": 5.827277839038217, "candidate_graph": 5.827277839038217}}
{"utc": "2026-09-19T15:59:19Z", "stage": "validation", "elapsed_seconds": 22.180551843950525, "blocks": 208, "prediction_tokens": 425776, "loss": {"native": 5.853064829303951, "native_graph": 5.853064829303951, "candidate_graph": 5.853064829303951}}
{"utc": "2026-09-19T15:59:20Z", "stage": "validation", "elapsed_seconds": 22.650336878024973, "blocks": 224, "prediction_tokens": 458528, "loss": {"native": 5.860974186903867, "native_graph": 5.860974186903867, "candidate_graph": 5.860974186903867}}
{"utc": "2026-09-19T15:59:20Z", "stage": "validation", "elapsed_seconds": 23.126559513970278, "blocks": 240, "prediction_tokens": 491280, "loss": {"native": 5.845817573123715, "native_graph": 5.845817573123715, "candidate_graph": 5.845817573123715}}
{"utc": "2026-09-19T15:59:21Z", "stage": "validation", "elapsed_seconds": 23.627028335933574, "blocks": 256, "prediction_tokens": 524032, "loss": {"native": 5.860577907105685, "native_graph": 5.860577907105685, "candidate_graph": 5.860577907105685}}
{"utc": "2026-09-19T15:59:21Z", "stage": "validation", "elapsed_seconds": 24.100135916960426, "blocks": 272, "prediction_tokens": 556784, "loss": {"native": 5.871153765243513, "native_graph": 5.871153765243513, "candidate_graph": 5.871153765243513}}
{"utc": "2026-09-19T15:59:22Z", "stage": "validation", "elapsed_seconds": 24.57324062893167, "blocks": 288, "prediction_tokens": 589536, "loss": {"native": 5.85495766628994, "native_graph": 5.85495766628994, "candidate_graph": 5.85495766628994}}
{"utc": "2026-09-19T15:59:22Z", "stage": "validation", "elapsed_seconds": 25.043480608961545, "blocks": 304, "prediction_tokens": 622288, "loss": {"native": 5.859802871463605, "native_graph": 5.859802871463605, "candidate_graph": 5.859802871463605}}
{"utc": "2026-09-19T15:59:23Z", "stage": "validation", "elapsed_seconds": 25.518146557966247, "blocks": 320, "prediction_tokens": 655040, "loss": {"native": 5.835200507197079, "native_graph": 5.835200507197079, "candidate_graph": 5.835200507197079}}
{"utc": "2026-09-19T15:59:23Z", "stage": "validation", "elapsed_seconds": 25.989341957960278, "blocks": 336, "prediction_tokens": 687792, "loss": {"native": 5.828935494539274, "native_graph": 5.828935494539274, "candidate_graph": 5.828935494539274}}
{"utc": "2026-09-19T15:59:23Z", "stage": "complete", "elapsed_seconds": 26.067885327967815, "qualified": true, "loss": {"native": 5.83130066301001, "native_graph": 5.83130066301001, "candidate_graph": 5.83130066301001}, "timing": {"native_graph": {"samples": 448, "median_host_ms": 0.8695644792169333, "paired_geomean_speedup": 1.0, "input_tokens_per_second": null}, "candidate_graph": {"samples": 448, "median_host_ms": 0.7065724930725992, "paired_geomean_speedup": 1.2309027069466754, "input_tokens_per_second": null}}}
