{"utc": "2026-09-19T16:02:41Z", "stage": "imports", "elapsed_seconds": 0.123079867917113}
{"utc": "2026-09-19T16:02:44Z", "stage": "loading", "elapsed_seconds": 3.2345398559700698, "mode": "native"}
Loading weights:   0%|          | 0/76 [00:00<?, ?it/s]Loading weights: 100%|██████████| 76/76 [00:00<00:00, 4075.16it/s]
{"utc": "2026-09-19T16:02:46Z", "stage": "capture", "elapsed_seconds": 5.023466787999496, "mode": "native"}
{"utc": "2026-09-19T16:02:46Z", "stage": "loading", "elapsed_seconds": 5.478094856953248, "mode": "candidate"}
Loading weights:   0%|          | 0/76 [00:00<?, ?it/s]Loading weights: 100%|██████████| 76/76 [00:00<00:00, 3687.21it/s]
{"utc": "2026-09-19T16:02:46Z", "stage": "capture", "elapsed_seconds": 5.693377605988644, "mode": "candidate"}
ninja: no work to do.
ninja: no work to do.
ninja: no work to do.
ninja: no work to do.
ninja: no work to do.
{"utc": "2026-09-19T16:03:04Z", "stage": "timing", "elapsed_seconds": 23.290367450914346, "inputs": 64, "passes": 7}
{"utc": "2026-09-19T16:03:05Z", "stage": "validation", "elapsed_seconds": 23.97259930393193, "target_blocks": 338}
{"utc": "2026-09-19T16:03:05Z", "stage": "validation", "elapsed_seconds": 24.65308255702257, "blocks": 16, "prediction_tokens": 32752, "loss": {"native": 5.433529643704965, "native_graph": 5.433529643704965, "candidate_graph": 5.433529643704965}}
{"utc": "2026-09-19T16:03:06Z", "stage": "validation", "elapsed_seconds": 25.20181474694982, "blocks": 32, "prediction_tokens": 65504, "loss": {"native": 5.4627757032848185, "native_graph": 5.4627757032848185, "candidate_graph": 5.4627757032848185}}
{"utc": "2026-09-19T16:03:06Z", "stage": "validation", "elapsed_seconds": 25.68482820596546, "blocks": 48, "prediction_tokens": 98256, "loss": {"native": 5.8373225488058615, "native_graph": 5.8373225488058615, "candidate_graph": 5.8373225488058615}}
{"utc": "2026-09-19T16:03:07Z", "stage": "validation", "elapsed_seconds": 26.191872429917566, "blocks": 64, "prediction_tokens": 131008, "loss": {"native": 5.963783443061445, "native_graph": 5.963783443061445, "candidate_graph": 5.963783443061445}}
{"utc": "2026-09-19T16:03:07Z", "stage": "validation", "elapsed_seconds": 26.65697165299207, "blocks": 80, "prediction_tokens": 163760, "loss": {"native": 5.932614924398701, "native_graph": 5.932614924398701, "candidate_graph": 5.932614924398701}}
{"utc": "2026-09-19T16:03:08Z", "stage": "validation", "elapsed_seconds": 27.17541214101948, "blocks": 96, "prediction_tokens": 196512, "loss": {"native": 5.941523398042327, "native_graph": 5.941523398042327, "candidate_graph": 5.941523398042327}}
{"utc": "2026-09-19T16:03:08Z", "stage": "validation", "elapsed_seconds": 27.66183539899066, "blocks": 112, "prediction_tokens": 229264, "loss": {"native": 5.928813884542628, "native_graph": 5.928813884542628, "candidate_graph": 5.928813884542628}}
{"utc": "2026-09-19T16:03:09Z", "stage": "validation", "elapsed_seconds": 28.137070594006218, "blocks": 128, "prediction_tokens": 262016, "loss": {"native": 5.831156502832246, "native_graph": 5.831156502832246, "candidate_graph": 5.831156502832246}}
{"utc": "2026-09-19T16:03:09Z", "stage": "validation", "elapsed_seconds": 28.60771296801977, "blocks": 144, "prediction_tokens": 294768, "loss": {"native": 5.849604330977561, "native_graph": 5.849604330977561, "candidate_graph": 5.849604330977561}}
{"utc": "2026-09-19T16:03:10Z", "stage": "validation", "elapsed_seconds": 29.071869571926072, "blocks": 160, "prediction_tokens": 327520, "loss": {"native": 5.855593878033689, "native_graph": 5.855593878033689, "candidate_graph": 5.855593878033689}}
{"utc": "2026-09-19T16:03:10Z", "stage": "validation", "elapsed_seconds": 29.539809006964788, "blocks": 176, "prediction_tokens": 360272, "loss": {"native": 5.82820932078532, "native_graph": 5.82820932078532, "candidate_graph": 5.82820932078532}}
{"utc": "2026-09-19T16:03:11Z", "stage": "validation", "elapsed_seconds": 30.00859302096069, "blocks": 192, "prediction_tokens": 393024, "loss": {"native": 5.827277839038217, "native_graph": 5.827277839038217, "candidate_graph": 5.827277839038217}}
{"utc": "2026-09-19T16:03:11Z", "stage": "validation", "elapsed_seconds": 30.489364197012037, "blocks": 208, "prediction_tokens": 425776, "loss": {"native": 5.853064829303951, "native_graph": 5.853064829303951, "candidate_graph": 5.853064829303951}}
{"utc": "2026-09-19T16:03:12Z", "stage": "validation", "elapsed_seconds": 30.96098595194053, "blocks": 224, "prediction_tokens": 458528, "loss": {"native": 5.860974186903867, "native_graph": 5.860974186903867, "candidate_graph": 5.860974186903867}}
{"utc": "2026-09-19T16:03:12Z", "stage": "validation", "elapsed_seconds": 31.43745811097324, "blocks": 240, "prediction_tokens": 491280, "loss": {"native": 5.845817573123715, "native_graph": 5.845817573123715, "candidate_graph": 5.845817573123715}}
{"utc": "2026-09-19T16:03:13Z", "stage": "validation", "elapsed_seconds": 31.91561654699035, "blocks": 256, "prediction_tokens": 524032, "loss": {"native": 5.860577907105685, "native_graph": 5.860577907105685, "candidate_graph": 5.860577907105685}}
{"utc": "2026-09-19T16:03:13Z", "stage": "validation", "elapsed_seconds": 32.38317671790719, "blocks": 272, "prediction_tokens": 556784, "loss": {"native": 5.871153765243513, "native_graph": 5.871153765243513, "candidate_graph": 5.871153765243513}}
{"utc": "2026-09-19T16:03:14Z", "stage": "validation", "elapsed_seconds": 32.84554721193854, "blocks": 288, "prediction_tokens": 589536, "loss": {"native": 5.85495766628994, "native_graph": 5.85495766628994, "candidate_graph": 5.85495766628994}}
{"utc": "2026-09-19T16:03:14Z", "stage": "validation", "elapsed_seconds": 33.306493410957046, "blocks": 304, "prediction_tokens": 622288, "loss": {"native": 5.859802871463605, "native_graph": 5.859802871463605, "candidate_graph": 5.859802871463605}}
{"utc": "2026-09-19T16:03:15Z", "stage": "validation", "elapsed_seconds": 33.77265981596429, "blocks": 320, "prediction_tokens": 655040, "loss": {"native": 5.835200507197079, "native_graph": 5.835200507197079, "candidate_graph": 5.835200507197079}}
{"utc": "2026-09-19T16:03:15Z", "stage": "validation", "elapsed_seconds": 34.2383092159871, "blocks": 336, "prediction_tokens": 687792, "loss": {"native": 5.828935494539274, "native_graph": 5.828935494539274, "candidate_graph": 5.828935494539274}}
{"utc": "2026-09-19T16:03:15Z", "stage": "complete", "elapsed_seconds": 34.31850322394166, "qualified": true, "loss": {"native": 5.83130066301001, "native_graph": 5.83130066301001, "candidate_graph": 5.83130066301001}, "timing": {"native_graph": {"samples": 448, "median_host_ms": 0.8713594870641828, "paired_geomean_speedup": 1.0, "input_tokens_per_second": null}, "candidate_graph": {"samples": 448, "median_host_ms": 0.4951499868184328, "paired_geomean_speedup": 1.7551534130363027, "input_tokens_per_second": null}}}
