{"utc": "2026-09-19T16:00:01Z", "stage": "imports", "elapsed_seconds": 0.12348827207461}
{"utc": "2026-09-19T16:00:04Z", "stage": "loading", "elapsed_seconds": 3.5226265800883994, "mode": "native"}
Loading weights:   0%|          | 0/76 [00:00<?, ?it/s]Loading weights: 100%|██████████| 76/76 [00:00<00:00, 5359.23it/s]
{"utc": "2026-09-19T16:00:06Z", "stage": "capture", "elapsed_seconds": 5.264504798105918, "mode": "native"}
{"utc": "2026-09-19T16:00:06Z", "stage": "loading", "elapsed_seconds": 5.688506591017358, "mode": "candidate"}
Loading weights:   0%|          | 0/76 [00:00<?, ?it/s]Loading weights: 100%|██████████| 76/76 [00:00<00:00, 4248.36it/s]
{"utc": "2026-09-19T16:00:06Z", "stage": "capture", "elapsed_seconds": 5.888679684023373, "mode": "candidate"}
ninja: no work to do.
ninja: no work to do.
ninja: no work to do.
ninja: no work to do.
ninja: no work to do.
{"utc": "2026-09-19T16:00:15Z", "stage": "timing", "elapsed_seconds": 14.752300630090758, "inputs": 64, "passes": 7}
{"utc": "2026-09-19T16:00:16Z", "stage": "validation", "elapsed_seconds": 15.526630281005055, "target_blocks": 338}
{"utc": "2026-09-19T16:00:16Z", "stage": "validation", "elapsed_seconds": 16.106089447042905, "blocks": 16, "prediction_tokens": 32752, "loss": {"native": 5.433529643704965, "native_graph": 5.433529643704965, "candidate_graph": 5.433529643704965}}
{"utc": "2026-09-19T16:00:17Z", "stage": "validation", "elapsed_seconds": 16.57181724801194, "blocks": 32, "prediction_tokens": 65504, "loss": {"native": 5.4627757032848185, "native_graph": 5.4627757032848185, "candidate_graph": 5.4627757032848185}}
{"utc": "2026-09-19T16:00:17Z", "stage": "validation", "elapsed_seconds": 17.034119821037166, "blocks": 48, "prediction_tokens": 98256, "loss": {"native": 5.8373225488058615, "native_graph": 5.8373225488058615, "candidate_graph": 5.8373225488058615}}
{"utc": "2026-09-19T16:00:18Z", "stage": "validation", "elapsed_seconds": 17.492080937023275, "blocks": 64, "prediction_tokens": 131008, "loss": {"native": 5.963783443061445, "native_graph": 5.963783443061445, "candidate_graph": 5.963783443061445}}
{"utc": "2026-09-19T16:00:18Z", "stage": "validation", "elapsed_seconds": 17.95535311102867, "blocks": 80, "prediction_tokens": 163760, "loss": {"native": 5.932614924398701, "native_graph": 5.932614924398701, "candidate_graph": 5.932614924398701}}
{"utc": "2026-09-19T16:00:19Z", "stage": "validation", "elapsed_seconds": 18.42906933906488, "blocks": 96, "prediction_tokens": 196512, "loss": {"native": 5.941523398042327, "native_graph": 5.941523398042327, "candidate_graph": 5.941523398042327}}
{"utc": "2026-09-19T16:00:19Z", "stage": "validation", "elapsed_seconds": 18.886219945037737, "blocks": 112, "prediction_tokens": 229264, "loss": {"native": 5.928813884542628, "native_graph": 5.928813884542628, "candidate_graph": 5.928813884542628}}
{"utc": "2026-09-19T16:00:20Z", "stage": "validation", "elapsed_seconds": 19.347971123061143, "blocks": 128, "prediction_tokens": 262016, "loss": {"native": 5.831156502832246, "native_graph": 5.831156502832246, "candidate_graph": 5.831156502832246}}
{"utc": "2026-09-19T16:00:20Z", "stage": "validation", "elapsed_seconds": 19.813289968995377, "blocks": 144, "prediction_tokens": 294768, "loss": {"native": 5.849604330977561, "native_graph": 5.849604330977561, "candidate_graph": 5.849604330977561}}
{"utc": "2026-09-19T16:00:21Z", "stage": "validation", "elapsed_seconds": 20.269978101016022, "blocks": 160, "prediction_tokens": 327520, "loss": {"native": 5.855593878033689, "native_graph": 5.855593878033689, "candidate_graph": 5.855593878033689}}
{"utc": "2026-09-19T16:00:21Z", "stage": "validation", "elapsed_seconds": 20.73016290203668, "blocks": 176, "prediction_tokens": 360272, "loss": {"native": 5.82820932078532, "native_graph": 5.82820932078532, "candidate_graph": 5.82820932078532}}
{"utc": "2026-09-19T16:00:22Z", "stage": "validation", "elapsed_seconds": 21.194363015005365, "blocks": 192, "prediction_tokens": 393024, "loss": {"native": 5.827277839038217, "native_graph": 5.827277839038217, "candidate_graph": 5.827277839038217}}
{"utc": "2026-09-19T16:00:22Z", "stage": "validation", "elapsed_seconds": 21.65260081400629, "blocks": 208, "prediction_tokens": 425776, "loss": {"native": 5.853064829303951, "native_graph": 5.853064829303951, "candidate_graph": 5.853064829303951}}
{"utc": "2026-09-19T16:00:23Z", "stage": "validation", "elapsed_seconds": 22.116978750098497, "blocks": 224, "prediction_tokens": 458528, "loss": {"native": 5.860974186903867, "native_graph": 5.860974186903867, "candidate_graph": 5.860974186903867}}
{"utc": "2026-09-19T16:00:23Z", "stage": "validation", "elapsed_seconds": 22.57784427702427, "blocks": 240, "prediction_tokens": 491280, "loss": {"native": 5.845817573123715, "native_graph": 5.845817573123715, "candidate_graph": 5.845817573123715}}
{"utc": "2026-09-19T16:00:23Z", "stage": "validation", "elapsed_seconds": 23.036392570007592, "blocks": 256, "prediction_tokens": 524032, "loss": {"native": 5.860577907105685, "native_graph": 5.860577907105685, "candidate_graph": 5.860577907105685}}
{"utc": "2026-09-19T16:00:24Z", "stage": "validation", "elapsed_seconds": 23.497855454101227, "blocks": 272, "prediction_tokens": 556784, "loss": {"native": 5.871153765243513, "native_graph": 5.871153765243513, "candidate_graph": 5.871153765243513}}
{"utc": "2026-09-19T16:00:24Z", "stage": "validation", "elapsed_seconds": 23.959034304018132, "blocks": 288, "prediction_tokens": 589536, "loss": {"native": 5.85495766628994, "native_graph": 5.85495766628994, "candidate_graph": 5.85495766628994}}
{"utc": "2026-09-19T16:00:25Z", "stage": "validation", "elapsed_seconds": 24.417242093011737, "blocks": 304, "prediction_tokens": 622288, "loss": {"native": 5.859802871463605, "native_graph": 5.859802871463605, "candidate_graph": 5.859802871463605}}
{"utc": "2026-09-19T16:00:25Z", "stage": "validation", "elapsed_seconds": 24.876681085093878, "blocks": 320, "prediction_tokens": 655040, "loss": {"native": 5.835200507197079, "native_graph": 5.835200507197079, "candidate_graph": 5.835200507197079}}
{"utc": "2026-09-19T16:00:26Z", "stage": "validation", "elapsed_seconds": 25.338172390009277, "blocks": 336, "prediction_tokens": 687792, "loss": {"native": 5.828935494539274, "native_graph": 5.828935494539274, "candidate_graph": 5.828935494539274}}
{"utc": "2026-09-19T16:00:26Z", "stage": "diagnostics", "elapsed_seconds": 25.430985246086493, "loss": {"native": 5.83130066301001, "native_graph": 5.83130066301001, "candidate_graph": 5.83130066301001}}
{"utc": "2026-09-19T16:00:27Z", "stage": "diagnostics", "elapsed_seconds": 26.99222241505049, "blocks": 32, "input_tokens_per_second": 42218.19343250213, "remaining_seconds": 14.844026924125501}
{"utc": "2026-09-19T16:00:29Z", "stage": "diagnostics", "elapsed_seconds": 28.299180689034984, "blocks": 64, "input_tokens_per_second": 45841.38001168833, "remaining_seconds": 12.241167256677727}
{"utc": "2026-09-19T16:00:30Z", "stage": "diagnostics", "elapsed_seconds": 29.63637474400457, "blocks": 96, "input_tokens_per_second": 46850.7013837681, "remaining_seconds": 10.578624980237995}
{"utc": "2026-09-19T16:00:31Z", "stage": "diagnostics", "elapsed_seconds": 30.937038509058766, "blocks": 128, "input_tokens_per_second": 47687.609662553376, "remaining_seconds": 9.018694856868024}
{"utc": "2026-09-19T16:00:33Z", "stage": "diagnostics", "elapsed_seconds": 32.27723359805532, "blocks": 160, "input_tokens_per_second": 47925.145380074915, "remaining_seconds": 7.606528829676972}
{"utc": "2026-09-19T16:00:34Z", "stage": "diagnostics", "elapsed_seconds": 33.577663500094786, "blocks": 192, "input_tokens_per_second": 48320.27318228695, "remaining_seconds": 6.188044485427478}
{"utc": "2026-09-19T16:00:35Z", "stage": "diagnostics", "elapsed_seconds": 34.92579662508797, "blocks": 224, "input_tokens_per_second": 48361.617014905474, "remaining_seconds": 4.827630141648115}
{"utc": "2026-09-19T16:00:37Z", "stage": "diagnostics", "elapsed_seconds": 36.23980190709699, "blocks": 256, "input_tokens_per_second": 48545.65152442259, "remaining_seconds": 3.4593417685518943}
{"utc": "2026-09-19T16:00:38Z", "stage": "diagnostics", "elapsed_seconds": 37.622640342102386, "blocks": 288, "input_tokens_per_second": 48414.7130762159, "remaining_seconds": 2.11505952413265}
{"utc": "2026-09-19T16:00:39Z", "stage": "diagnostics", "elapsed_seconds": 39.02127997006755, "blocks": 320, "input_tokens_per_second": 48254.34613614515, "remaining_seconds": 0.7639519121446938}
{"utc": "2026-09-19T16:00:40Z", "stage": "complete", "elapsed_seconds": 39.764063195092604, "qualified": true, "loss": {"native": 5.83130066301001, "native_graph": 5.83130066301001, "candidate_graph": 5.83130066301001}, "timing": {"candidate_graph": {"samples": 448, "median_host_ms": 0.7075929897837341, "paired_geomean_speedup": 1.2308719508266914, "input_tokens_per_second": null}, "native_graph": {"samples": 448, "median_host_ms": 0.8701990591362119, "paired_geomean_speedup": 1.0, "input_tokens_per_second": null}}}
