[1/2] /usr/local/cuda-12.8/bin/nvcc -MD -MF joint.cuda.o.d -DTORCH_EXTENSION_NAME=run028_k049_011cb394517d -DTORCH_API_INCLUDE_EXTENSION_H -isystem /opt/sparsity-gpu/venv/lib/python3.12/site-packages/torch/include -isystem /opt/sparsity-gpu/venv/lib/python3.12/site-packages/torch/include/torch/csrc/api/include -isystem /usr/local/cuda-12.8/include -isystem /usr/include/python3.12 -D__CUDA_NO_HALF_OPERATORS__ -D__CUDA_NO_HALF_CONVERSIONS__ -D__CUDA_NO_BFLOAT16_CONVERSIONS__ -D__CUDA_NO_HALF2_OPERATORS__ --expt-relaxed-constexpr -gencode=arch=compute_120,code=sm_120 --compiler-options '-fPIC' -O3 -lineinfo -std=c++17 -c /home/researcher/sparsity-spillover/run056-development-001/archive/root/runs/028-2026-09-06-pythia14m-all-site-sparse-kernels/candidates/k049/joint.cu -o joint.cuda.o 
[2/2] c++ joint.cuda.o -shared -L/opt/sparsity-gpu/venv/lib/python3.12/site-packages/torch/lib -lc10 -lc10_cuda -ltorch_cpu -ltorch_cuda -ltorch -ltorch_python -L/usr/local/cuda-12.8/lib64 -lcudart -o run028_k049_011cb394517d.so
[1/2] /usr/local/cuda-12.8/bin/nvcc -MD -MF joint.cuda.o.d -DTORCH_EXTENSION_NAME=run056_joint_b014f1cb250b -DTORCH_API_INCLUDE_EXTENSION_H -isystem /opt/sparsity-gpu/venv/lib/python3.12/site-packages/torch/include -isystem /opt/sparsity-gpu/venv/lib/python3.12/site-packages/torch/include/torch/csrc/api/include -isystem /usr/local/cuda-12.8/include -isystem /usr/include/python3.12 -D__CUDA_NO_HALF_OPERATORS__ -D__CUDA_NO_HALF_CONVERSIONS__ -D__CUDA_NO_BFLOAT16_CONVERSIONS__ -D__CUDA_NO_HALF2_OPERATORS__ --expt-relaxed-constexpr -gencode=arch=compute_120,code=sm_120 --compiler-options '-fPIC' -O3 -lineinfo --ptxas-options=-v -DRUN056_TILE=0 -DRUN056_SHORT=0 -std=c++17 -c /home/researcher/sparsity-spillover/run056-development-001/candidate/joint.cu -o joint.cuda.o 
ptxas info    : 11 bytes gmem
ptxas info    : Compiling entry function '_Z5jointILb0ELb0EEvPK13__nv_bfloat16S2_S2_S2_S2_S2_S2_S2_S2_PS0_Pxffbbb' for 'sm_120'
ptxas info    : Function properties for _Z5jointILb0ELb0EEvPK13__nv_bfloat16S2_S2_S2_S2_S2_S2_S2_S2_PS0_Pxffbbb
    0 bytes stack frame, 0 bytes spill stores, 0 bytes spill loads
ptxas info    : Used 48 registers, used 0 barriers
ptxas info    : Compile time = 10.942 ms
ptxas info    : Compiling entry function '_Z5jointILb0ELb1EEvPK13__nv_bfloat16S2_S2_S2_S2_S2_S2_S2_S2_PS0_Pxffbbb' for 'sm_120'
ptxas info    : Function properties for _Z5jointILb0ELb1EEvPK13__nv_bfloat16S2_S2_S2_S2_S2_S2_S2_S2_PS0_Pxffbbb
    0 bytes stack frame, 0 bytes spill stores, 0 bytes spill loads
ptxas info    : Used 48 registers, used 0 barriers
ptxas info    : Compile time = 10.524 ms
ptxas info    : Compiling entry function '_Z5jointILb1ELb0EEvPK13__nv_bfloat16S2_S2_S2_S2_S2_S2_S2_S2_PS0_Pxffbbb' for 'sm_120'
ptxas info    : Function properties for _Z5jointILb1ELb0EEvPK13__nv_bfloat16S2_S2_S2_S2_S2_S2_S2_S2_PS0_Pxffbbb
    0 bytes stack frame, 0 bytes spill stores, 0 bytes spill loads
ptxas info    : Used 48 registers, used 0 barriers
ptxas info    : Compile time = 8.739 ms
ptxas info    : Compiling entry function '_Z5jointILb1ELb1EEvPK13__nv_bfloat16S2_S2_S2_S2_S2_S2_S2_S2_PS0_Pxffbbb' for 'sm_120'
ptxas info    : Function properties for _Z5jointILb1ELb1EEvPK13__nv_bfloat16S2_S2_S2_S2_S2_S2_S2_S2_PS0_Pxffbbb
    0 bytes stack frame, 0 bytes spill stores, 0 bytes spill loads
ptxas info    : Used 48 registers, used 0 barriers
ptxas info    : Compile time = 9.869 ms
[2/2] c++ joint.cuda.o -shared -L/opt/sparsity-gpu/venv/lib/python3.12/site-packages/torch/lib -lc10 -lc10_cuda -ltorch_cpu -ltorch_cuda -ltorch -ltorch_python -L/usr/local/cuda-12.8/lib64 -lcudart -o run056_joint_b014f1cb250b.so
[1/2] /usr/local/cuda-12.8/bin/nvcc -MD -MF joint.cuda.o.d -DTORCH_EXTENSION_NAME=run056_joint_17a0dbd717d2 -DTORCH_API_INCLUDE_EXTENSION_H -isystem /opt/sparsity-gpu/venv/lib/python3.12/site-packages/torch/include -isystem /opt/sparsity-gpu/venv/lib/python3.12/site-packages/torch/include/torch/csrc/api/include -isystem /usr/local/cuda-12.8/include -isystem /usr/include/python3.12 -D__CUDA_NO_HALF_OPERATORS__ -D__CUDA_NO_HALF_CONVERSIONS__ -D__CUDA_NO_BFLOAT16_CONVERSIONS__ -D__CUDA_NO_HALF2_OPERATORS__ --expt-relaxed-constexpr -gencode=arch=compute_120,code=sm_120 --compiler-options '-fPIC' -O3 -lineinfo --ptxas-options=-v -DRUN056_TILE=1 -DRUN056_SHORT=0 -std=c++17 -c /home/researcher/sparsity-spillover/run056-development-001/candidate/joint.cu -o joint.cuda.o 
ptxas info    : 11 bytes gmem
ptxas info    : Compiling entry function '_Z5jointILb0ELb0EEvPK13__nv_bfloat16S2_S2_S2_S2_S2_S2_S2_S2_PS0_Pxffbbb' for 'sm_120'
ptxas info    : Function properties for _Z5jointILb0ELb0EEvPK13__nv_bfloat16S2_S2_S2_S2_S2_S2_S2_S2_PS0_Pxffbbb
    0 bytes stack frame, 0 bytes spill stores, 0 bytes spill loads
ptxas info    : Used 48 registers, used 0 barriers
ptxas info    : Compile time = 10.610 ms
ptxas info    : Compiling entry function '_Z5jointILb0ELb1EEvPK13__nv_bfloat16S2_S2_S2_S2_S2_S2_S2_S2_PS0_Pxffbbb' for 'sm_120'
ptxas info    : Function properties for _Z5jointILb0ELb1EEvPK13__nv_bfloat16S2_S2_S2_S2_S2_S2_S2_S2_PS0_Pxffbbb
    0 bytes stack frame, 0 bytes spill stores, 0 bytes spill loads
ptxas info    : Used 48 registers, used 0 barriers
ptxas info    : Compile time = 11.432 ms
ptxas info    : Compiling entry function '_Z5jointILb1ELb0EEvPK13__nv_bfloat16S2_S2_S2_S2_S2_S2_S2_S2_PS0_Pxffbbb' for 'sm_120'
ptxas info    : Function properties for _Z5jointILb1ELb0EEvPK13__nv_bfloat16S2_S2_S2_S2_S2_S2_S2_S2_PS0_Pxffbbb
    0 bytes stack frame, 0 bytes spill stores, 0 bytes spill loads
ptxas info    : Used 43 registers, used 1 barriers, 80 bytes smem
ptxas info    : Compile time = 30.452 ms
ptxas info    : Compiling entry function '_Z5jointILb1ELb1EEvPK13__nv_bfloat16S2_S2_S2_S2_S2_S2_S2_S2_PS0_Pxffbbb' for 'sm_120'
ptxas info    : Function properties for _Z5jointILb1ELb1EEvPK13__nv_bfloat16S2_S2_S2_S2_S2_S2_S2_S2_PS0_Pxffbbb
    0 bytes stack frame, 0 bytes spill stores, 0 bytes spill loads
ptxas info    : Used 54 registers, used 1 barriers, 80 bytes smem
ptxas info    : Compile time = 31.872 ms
[2/2] c++ joint.cuda.o -shared -L/opt/sparsity-gpu/venv/lib/python3.12/site-packages/torch/lib -lc10 -lc10_cuda -ltorch_cpu -ltorch_cuda -ltorch -ltorch_python -L/usr/local/cuda-12.8/lib64 -lcudart -o run056_joint_17a0dbd717d2.so
[1/2] /usr/local/cuda-12.8/bin/nvcc -MD -MF joint.cuda.o.d -DTORCH_EXTENSION_NAME=run056_joint_70a90d54f926 -DTORCH_API_INCLUDE_EXTENSION_H -isystem /opt/sparsity-gpu/venv/lib/python3.12/site-packages/torch/include -isystem /opt/sparsity-gpu/venv/lib/python3.12/site-packages/torch/include/torch/csrc/api/include -isystem /usr/local/cuda-12.8/include -isystem /usr/include/python3.12 -D__CUDA_NO_HALF_OPERATORS__ -D__CUDA_NO_HALF_CONVERSIONS__ -D__CUDA_NO_BFLOAT16_CONVERSIONS__ -D__CUDA_NO_HALF2_OPERATORS__ --expt-relaxed-constexpr -gencode=arch=compute_120,code=sm_120 --compiler-options '-fPIC' -O3 -lineinfo --ptxas-options=-v -DRUN056_TILE=0 -DRUN056_SHORT=1 -std=c++17 -c /home/researcher/sparsity-spillover/run056-development-001/candidate/joint.cu -o joint.cuda.o 
ptxas info    : 11 bytes gmem
ptxas info    : Compiling entry function '_Z5jointILb0ELb0EEvPK13__nv_bfloat16S2_S2_S2_S2_S2_S2_S2_S2_PS0_Pxffbbb' for 'sm_120'
ptxas info    : Function properties for _Z5jointILb0ELb0EEvPK13__nv_bfloat16S2_S2_S2_S2_S2_S2_S2_S2_PS0_Pxffbbb
    0 bytes stack frame, 0 bytes spill stores, 0 bytes spill loads
ptxas info    : Used 48 registers, used 0 barriers
ptxas info    : Compile time = 11.078 ms
ptxas info    : Compiling entry function '_Z5jointILb0ELb1EEvPK13__nv_bfloat16S2_S2_S2_S2_S2_S2_S2_S2_PS0_Pxffbbb' for 'sm_120'
ptxas info    : Function properties for _Z5jointILb0ELb1EEvPK13__nv_bfloat16S2_S2_S2_S2_S2_S2_S2_S2_PS0_Pxffbbb
    0 bytes stack frame, 0 bytes spill stores, 0 bytes spill loads
ptxas info    : Used 48 registers, used 0 barriers
ptxas info    : Compile time = 10.947 ms
ptxas info    : Compiling entry function '_Z5jointILb1ELb0EEvPK13__nv_bfloat16S2_S2_S2_S2_S2_S2_S2_S2_PS0_Pxffbbb' for 'sm_120'
ptxas info    : Function properties for _Z5jointILb1ELb0EEvPK13__nv_bfloat16S2_S2_S2_S2_S2_S2_S2_S2_PS0_Pxffbbb
    0 bytes stack frame, 0 bytes spill stores, 0 bytes spill loads
ptxas info    : Used 46 registers, used 1 barriers, 4176 bytes smem
ptxas info    : Compile time = 41.045 ms
ptxas info    : Compiling entry function '_Z5jointILb1ELb1EEvPK13__nv_bfloat16S2_S2_S2_S2_S2_S2_S2_S2_PS0_Pxffbbb' for 'sm_120'
ptxas info    : Function properties for _Z5jointILb1ELb1EEvPK13__nv_bfloat16S2_S2_S2_S2_S2_S2_S2_S2_PS0_Pxffbbb
    0 bytes stack frame, 0 bytes spill stores, 0 bytes spill loads
ptxas info    : Used 54 registers, used 1 barriers, 4176 bytes smem
ptxas info    : Compile time = 39.812 ms
[2/2] c++ joint.cuda.o -shared -L/opt/sparsity-gpu/venv/lib/python3.12/site-packages/torch/lib -lc10 -lc10_cuda -ltorch_cpu -ltorch_cuda -ltorch -ltorch_python -L/usr/local/cuda-12.8/lib64 -lcudart -o run056_joint_70a90d54f926.so
[1/2] /usr/local/cuda-12.8/bin/nvcc -MD -MF joint.cuda.o.d -DTORCH_EXTENSION_NAME=run056_joint_bce80e0120a9 -DTORCH_API_INCLUDE_EXTENSION_H -isystem /opt/sparsity-gpu/venv/lib/python3.12/site-packages/torch/include -isystem /opt/sparsity-gpu/venv/lib/python3.12/site-packages/torch/include/torch/csrc/api/include -isystem /usr/local/cuda-12.8/include -isystem /usr/include/python3.12 -D__CUDA_NO_HALF_OPERATORS__ -D__CUDA_NO_HALF_CONVERSIONS__ -D__CUDA_NO_BFLOAT16_CONVERSIONS__ -D__CUDA_NO_HALF2_OPERATORS__ --expt-relaxed-constexpr -gencode=arch=compute_120,code=sm_120 --compiler-options '-fPIC' -O3 -lineinfo --ptxas-options=-v -DRUN056_TILE=1 -DRUN056_SHORT=1 -std=c++17 -c /home/researcher/sparsity-spillover/run056-development-001/candidate/joint.cu -o joint.cuda.o 
ptxas info    : 11 bytes gmem
ptxas info    : Compiling entry function '_Z5jointILb0ELb0EEvPK13__nv_bfloat16S2_S2_S2_S2_S2_S2_S2_S2_PS0_Pxffbbb' for 'sm_120'
ptxas info    : Function properties for _Z5jointILb0ELb0EEvPK13__nv_bfloat16S2_S2_S2_S2_S2_S2_S2_S2_PS0_Pxffbbb
    0 bytes stack frame, 0 bytes spill stores, 0 bytes spill loads
ptxas info    : Used 48 registers, used 0 barriers
ptxas info    : Compile time = 10.937 ms
ptxas info    : Compiling entry function '_Z5jointILb0ELb1EEvPK13__nv_bfloat16S2_S2_S2_S2_S2_S2_S2_S2_PS0_Pxffbbb' for 'sm_120'
ptxas info    : Function properties for _Z5jointILb0ELb1EEvPK13__nv_bfloat16S2_S2_S2_S2_S2_S2_S2_S2_PS0_Pxffbbb
    0 bytes stack frame, 0 bytes spill stores, 0 bytes spill loads
ptxas info    : Used 48 registers, used 0 barriers
ptxas info    : Compile time = 11.686 ms
ptxas info    : Compiling entry function '_Z5jointILb1ELb0EEvPK13__nv_bfloat16S2_S2_S2_S2_S2_S2_S2_S2_PS0_Pxffbbb' for 'sm_120'
ptxas info    : Function properties for _Z5jointILb1ELb0EEvPK13__nv_bfloat16S2_S2_S2_S2_S2_S2_S2_S2_PS0_Pxffbbb
    0 bytes stack frame, 0 bytes spill stores, 0 bytes spill loads
ptxas info    : Used 43 registers, used 1 barriers, 4176 bytes smem
ptxas info    : Compile time = 40.434 ms
ptxas info    : Compiling entry function '_Z5jointILb1ELb1EEvPK13__nv_bfloat16S2_S2_S2_S2_S2_S2_S2_S2_PS0_Pxffbbb' for 'sm_120'
ptxas info    : Function properties for _Z5jointILb1ELb1EEvPK13__nv_bfloat16S2_S2_S2_S2_S2_S2_S2_S2_PS0_Pxffbbb
    0 bytes stack frame, 0 bytes spill stores, 0 bytes spill loads
ptxas info    : Used 54 registers, used 1 barriers, 4176 bytes smem
ptxas info    : Compile time = 41.108 ms
[2/2] c++ joint.cuda.o -shared -L/opt/sparsity-gpu/venv/lib/python3.12/site-packages/torch/lib -lc10 -lc10_cuda -ltorch_cpu -ltorch_cuda -ltorch -ltorch_python -L/usr/local/cuda-12.8/lib64 -lcudart -o run056_joint_bce80e0120a9.so
Passed 48 synthetic CUDA cases on NVIDIA GeForce RTX 5070 Ti Laptop GPU; target_qualified=False
