/usr/local/cuda/bin/nvcc
/usr/bin/g++
Using CPython 3.12.3 interpreter at: /usr/local/bin/python
Creating virtual environment at: runtime/venv
Activate with: source runtime/venv/bin/activate
Using Python 3.12.3 environment at: runtime/venv
Resolved 29 packages in 510ms
Downloading torch (782.3MiB)
Downloading triton (179.6MiB)
Downloading cuda-bindings (7.3MiB)
Downloading networkx (2.0MiB)
Downloading sympy (6.0MiB)
Downloading nvidia-cufile-cu12 (1.1MiB)
Downloading nvidia-nccl-cu12 (283.0MiB)
Downloading nvidia-cuda-nvrtc-cu12 (84.0MiB)
Downloading nvidia-cusparse-cu12 (274.9MiB)
Downloading nvidia-cublas-cu12 (566.8MiB)
Downloading setuptools (1.2MiB)
Downloading nvidia-cusparselt-cu12 (273.9MiB)
Downloading nvidia-nvjitlink-cu12 (37.4MiB)
Downloading nvidia-cudnn-cu12 (627.4MiB)
Downloading nvidia-cufft-cu12 (184.2MiB)
Downloading nvidia-nvshmem-cu12 (132.7MiB)
Downloading nvidia-cuda-cupti-cu12 (9.8MiB)
Downloading nvidia-cusolver-cu12 (255.1MiB)
Downloading nvidia-curand-cu12 (60.7MiB)
 Downloading nvidia-cufile-cu12
 Downloading cuda-bindings
 Downloading nvidia-cuda-cupti-cu12
 Downloading setuptools
 Downloading networkx
 Downloading triton
 Downloading nvidia-nvjitlink-cu12
 Downloading sympy
 Downloading nvidia-cuda-nvrtc-cu12
 Downloading nvidia-curand-cu12
 Downloading nvidia-nvshmem-cu12
 Downloading nvidia-nccl-cu12
 Downloading nvidia-cufft-cu12
 Downloading nvidia-cusparse-cu12
 Downloading nvidia-cusparselt-cu12
 Downloading nvidia-cusolver-cu12
 Downloading nvidia-cublas-cu12
 Downloading nvidia-cudnn-cu12
 Downloading torch
Prepared 29 packages in 25.01s
Installed 29 packages in 273ms
 + cuda-bindings==12.9.7
 + cuda-pathfinder==1.6.0
 + cuda-toolkit==12.8.1
 + filelock==3.32.3
 + fsspec==2026.7.0
 + jinja2==3.1.6
 + markupsafe==3.0.3
 + mpmath==1.3.0
 + networkx==3.6.1
 + nvidia-cublas-cu12==12.8.4.1
 + nvidia-cuda-cupti-cu12==12.8.90
 + nvidia-cuda-nvrtc-cu12==12.8.93
 + nvidia-cuda-runtime-cu12==12.8.90
 + nvidia-cudnn-cu12==9.19.0.56
 + nvidia-cufft-cu12==11.3.3.83
 + nvidia-cufile-cu12==1.13.1.3
 + nvidia-curand-cu12==10.3.9.90
 + nvidia-cusolver-cu12==11.7.3.90
 + nvidia-cusparse-cu12==12.5.8.93
 + nvidia-cusparselt-cu12==0.7.1
 + nvidia-nccl-cu12==2.28.9
 + nvidia-nvjitlink-cu12==12.8.93
 + nvidia-nvshmem-cu12==3.4.5
 + nvidia-nvtx-cu12==12.8.90
 + setuptools==78.1.0
 + sympy==1.14.0
 + torch==2.11.0+cu128
 + triton==3.6.0
 + typing-extensions==4.16.0
Using Python 3.12.3 environment at: runtime/venv
Resolved 33 packages in 228ms
Downloading pygments (1.2MiB)
Downloading setuptools (1.1MiB)
Downloading numpy (15.9MiB)
Downloading tokenizers (3.1MiB)
Downloading hf-xet (4.3MiB)
Downloading pip (1.7MiB)
Downloading transformers (10.6MiB)
 Downloading tokenizers
 Downloading hf-xet
 Downloading pygments
 Downloading setuptools
 Downloading pip
 Downloading numpy
 Downloading transformers
Prepared 30 packages in 1.11s
Uninstalled 1 package in 19ms
Installed 30 packages in 100ms
 + annotated-doc==0.0.5
 + anyio==4.15.1
 + certifi==2026.7.22
 + click==8.5.0
 + h11==0.16.0
 + hf-xet==1.6.0
 + httpcore==1.0.9
 + httpx==0.28.1
 + huggingface-hub==1.30.0
 + idna==3.19
 + iniconfig==2.3.0
 + markdown-it-py==4.2.0
 + mdurl==0.1.2
 + ninja==1.11.1.4
 + numpy==2.5.0
 + packaging==26.3
 + pip==25.2
 + pluggy==1.6.0
 + pygments==2.21.0
 + pytest==9.0.2
 + pyyaml==6.0.2
 + regex==2026.9.3
 + rich==15.0.0
 + safetensors==0.8.0
 - setuptools==78.1.0
 + setuptools==80.9.0
 + shellingham==1.5.4
 + tokenizers==0.22.2
 + tqdm==4.70.0
 + transformers==5.12.1
 + typer==0.27.2
/workspace/sparsity-spillover/runs/027-2026-09-06-pythia14m-kernel-sparsity-characterization/runtime/venv/lib/python3.12/site-packages/torch/cuda/__init__.py:180: UserWarning: CUDA initialization: CUDA unknown error - this may be due to an incorrectly set up environment, e.g. changing env variable CUDA_VISIBLE_DEVICES after program start. Setting the available devices to be zero. (Triggered internally at /pytorch/c10/cuda/CUDAFunctions.cpp:119.)
  return torch._C._cuda_getDeviceCount() > 0
Traceback (most recent call last):
  File "<string>", line 1, in <module>
AssertionError
