Collecting pytest==9.1.1
  Downloading pytest-9.1.1-py3-none-any.whl.metadata (7.6 kB)
Collecting iniconfig>=1.0.1 (from pytest==9.1.1)
  Downloading iniconfig-2.3.0-py3-none-any.whl.metadata (2.5 kB)
Requirement already satisfied: packaging>=22 in /workspace/run019-venv/lib/python3.12/site-packages (from pytest==9.1.1) (26.3)
Collecting pluggy<2,>=1.5 (from pytest==9.1.1)
  Downloading pluggy-1.6.0-py3-none-any.whl.metadata (4.8 kB)
Requirement already satisfied: pygments>=2.7.2 in /workspace/run019-venv/lib/python3.12/site-packages (from pytest==9.1.1) (2.21.0)
Downloading pytest-9.1.1-py3-none-any.whl (386 kB)
Downloading iniconfig-2.3.0-py3-none-any.whl (7.5 kB)
Downloading pluggy-1.6.0-py3-none-any.whl (20 kB)
Installing collected packages: pluggy, iniconfig, pytest
Successfully installed iniconfig-2.3.0 pluggy-1.6.0 pytest-9.1.1

[notice] A new release of pip is available: 25.0.1 -> 26.2.1
[notice] To update, run: python -m pip install --upgrade pip
============================= test session starts ==============================
platform linux -- Python 3.12.3, pytest-9.1.1, pluggy-1.6.0
rootdir: /workspace/sparsity-spillover
configfile: pyproject.toml
plugins: anyio-4.14.2
collected 23 items

runs/019-2026-09-01-pythia410m-selected-ladder-canonical-init/test_run019.py . [  4%]
..........E..........E                                                   [100%]

==================================== ERRORS ====================================
_____ ERROR at setup of test_file_verification_rejects_byte_and_hash_drift _____
/usr/lib/python3.12/pathlib.py:1313: in mkdir
    os.mkdir(self, mode)
E   FileNotFoundError: [Errno 2] No such file or directory: '/workspace/sparsity-spillover/.pytest_tmp/default'
_ ERROR at setup of test_calibration_comparison_reports_cost_time_pareto_without_selecting _
/usr/lib/python3.12/pathlib.py:1313: in mkdir
    os.mkdir(self, mode)
E   FileNotFoundError: [Errno 2] No such file or directory: '/workspace/sparsity-spillover/.pytest_tmp/default'
=========================== short test summary info ============================
ERROR runs/019-2026-09-01-pythia410m-selected-ladder-canonical-init/test_run019.py::test_file_verification_rejects_byte_and_hash_drift
ERROR runs/019-2026-09-01-pythia410m-selected-ladder-canonical-init/test_run019.py::test_calibration_comparison_reports_cost_time_pareto_without_selecting
=================== 21 passed, 2 errors in 150.81s (0:02:30) ===================
