{"utc": "2026-09-19T15:51:16Z", "stage": "imports", "elapsed_seconds": 0.13001980807166547}
{"utc": "2026-09-19T15:51:19Z", "stage": "loading", "elapsed_seconds": 3.1849613999947906, "mode": "native"}
Loading weights:   0%|          | 0/76 [00:00<?, ?it/s]Loading weights: 100%|██████████| 76/76 [00:00<00:00, 5311.63it/s]
{"utc": "2026-09-19T15:51:21Z", "stage": "capture", "elapsed_seconds": 4.84858421201352, "mode": "native"}
{"utc": "2026-09-19T15:51:21Z", "stage": "loading", "elapsed_seconds": 5.270969851058908, "mode": "candidate"}
Loading weights:   0%|          | 0/76 [00:00<?, ?it/s]Loading weights: 100%|██████████| 76/76 [00:00<00:00, 4223.93it/s]
{"utc": "2026-09-19T15:51:22Z", "stage": "capture", "elapsed_seconds": 5.521755013032816, "mode": "candidate"}
[1/2] /usr/local/cuda/bin/nvcc -MD -MF norm.cuda.o.d -DTORCH_EXTENSION_NAME=run028_k050_a78415cba25b -DTORCH_API_INCLUDE_EXTENSION_H -isystem /opt/run038-venv/lib/python3.12/site-packages/torch/include -isystem /opt/run038-venv/lib/python3.12/site-packages/torch/include/torch/csrc/api/include -isystem /usr/local/cuda/include -isystem /usr/include/python3.12 -D__CUDA_NO_HALF_OPERATORS__ -D__CUDA_NO_HALF_CONVERSIONS__ -D__CUDA_NO_BFLOAT16_CONVERSIONS__ -D__CUDA_NO_HALF2_OPERATORS__ --expt-relaxed-constexpr -gencode=arch=compute_120,code=sm_120 --compiler-options '-fPIC' -O3 -lineinfo -std=c++17 -c /workspace/run039/archive/root/runs/028-2026-09-06-pythia14m-all-site-sparse-kernels/candidates/k050/norm.cu -o norm.cuda.o 
[2/2] c++ norm.cuda.o -shared -L/opt/run038-venv/lib/python3.12/site-packages/torch/lib -lc10 -lc10_cuda -ltorch_cpu -ltorch_cuda -ltorch -ltorch_python -L/usr/local/cuda/lib64 -lcudart -o run028_k050_a78415cba25b.so
ninja: no work to do.
[1/2] /usr/local/cuda/bin/nvcc -MD -MF kernel.cuda.o.d -DTORCH_EXTENSION_NAME=run026_k019_a5cca086b065 -DTORCH_API_INCLUDE_EXTENSION_H -isystem /opt/run038-venv/lib/python3.12/site-packages/torch/include -isystem /opt/run038-venv/lib/python3.12/site-packages/torch/include/torch/csrc/api/include -isystem /usr/local/cuda/include -isystem /usr/include/python3.12 -D__CUDA_NO_HALF_OPERATORS__ -D__CUDA_NO_HALF_CONVERSIONS__ -D__CUDA_NO_BFLOAT16_CONVERSIONS__ -D__CUDA_NO_HALF2_OPERATORS__ --expt-relaxed-constexpr -gencode=arch=compute_120,code=sm_120 --compiler-options '-fPIC' -O3 -lineinfo -std=c++17 -c /workspace/run039/archive/root/runs/026-2026-09-06-pythia14m-fused-sparse-kernel/autoresearch/candidates/k019/kernel.cu -o kernel.cuda.o 
[2/2] c++ kernel.cuda.o -shared -L/opt/run038-venv/lib/python3.12/site-packages/torch/lib -lc10 -lc10_cuda -ltorch_cpu -ltorch_cuda -ltorch -ltorch_python -L/usr/local/cuda/lib64 -lcudart -o run026_k019_a5cca086b065.so
[1/2] /usr/local/cuda/bin/nvcc -MD -MF kernel.cuda.o.d -DTORCH_EXTENSION_NAME=run028_k035_984b3e1ed7e6 -DTORCH_API_INCLUDE_EXTENSION_H -I/workspace/run039/archive/root/runs/028-2026-09-06-pythia14m-all-site-sparse-kernels/candidates/k035 -I/workspace/run039/archive/root/runs/028-2026-09-06-pythia14m-all-site-sparse-kernels/runtime/vendor/flash/csrc/flash_attn/src -I/workspace/run039/archive/root/runs/028-2026-09-06-pythia14m-all-site-sparse-kernels/runtime/vendor/cutlass/include -isystem /opt/run038-venv/lib/python3.12/site-packages/torch/include -isystem /opt/run038-venv/lib/python3.12/site-packages/torch/include/torch/csrc/api/include -isystem /usr/local/cuda/include -isystem /usr/include/python3.12 -D__CUDA_NO_HALF_OPERATORS__ -D__CUDA_NO_HALF_CONVERSIONS__ -D__CUDA_NO_BFLOAT16_CONVERSIONS__ -D__CUDA_NO_HALF2_OPERATORS__ --expt-relaxed-constexpr -gencode=arch=compute_120,code=sm_120 --compiler-options '-fPIC' -O3 -lineinfo --expt-relaxed-constexpr --expt-extended-lambda -std=c++17 -c /workspace/run039/archive/root/runs/028-2026-09-06-pythia14m-all-site-sparse-kernels/candidates/k035/kernel.cu -o kernel.cuda.o 
[2/2] c++ kernel.cuda.o -shared -L/opt/run038-venv/lib/python3.12/site-packages/torch/lib -lc10 -lc10_cuda -ltorch_cpu -ltorch_cuda -ltorch -ltorch_python -L/usr/local/cuda/lib64 -lcudart -o run028_k035_984b3e1ed7e6.so
[1/2] /usr/local/cuda/bin/nvcc -MD -MF joint.cuda.o.d -DTORCH_EXTENSION_NAME=run028_k049_011cb394517d -DTORCH_API_INCLUDE_EXTENSION_H -isystem /opt/run038-venv/lib/python3.12/site-packages/torch/include -isystem /opt/run038-venv/lib/python3.12/site-packages/torch/include/torch/csrc/api/include -isystem /usr/local/cuda/include -isystem /usr/include/python3.12 -D__CUDA_NO_HALF_OPERATORS__ -D__CUDA_NO_HALF_CONVERSIONS__ -D__CUDA_NO_BFLOAT16_CONVERSIONS__ -D__CUDA_NO_HALF2_OPERATORS__ --expt-relaxed-constexpr -gencode=arch=compute_120,code=sm_120 --compiler-options '-fPIC' -O3 -lineinfo -std=c++17 -c /workspace/run039/archive/root/runs/028-2026-09-06-pythia14m-all-site-sparse-kernels/candidates/k049/joint.cu -o joint.cuda.o 
[2/2] c++ joint.cuda.o -shared -L/opt/run038-venv/lib/python3.12/site-packages/torch/lib -lc10 -lc10_cuda -ltorch_cpu -ltorch_cuda -ltorch -ltorch_python -L/usr/local/cuda/lib64 -lcudart -o run028_k049_011cb394517d.so
{"utc": "2026-09-19T15:56:11Z", "stage": "timing", "elapsed_seconds": 295.2017067159759, "inputs": 4, "passes": 2}
{"utc": "2026-09-19T15:56:11Z", "stage": "validation", "elapsed_seconds": 295.2275678020669, "target_blocks": 8}
{"utc": "2026-09-19T15:56:12Z", "stage": "diagnostics", "elapsed_seconds": 295.6211378030712, "loss": {"native": 5.075195670302577, "native_graph": 5.075195670302577, "candidate_graph": 5.075195670302577}}
{"utc": "2026-09-19T15:56:12Z", "stage": "complete", "elapsed_seconds": 296.11006276798435, "qualified": true, "loss": {"native": 5.075195670302577, "native_graph": 5.075195670302577, "candidate_graph": 5.075195670302577}, "timing": {"candidate_graph": {"samples": 8, "median_host_ms": 0.48861553659662604, "paired_geomean_speedup": 1.7627738319110267, "input_tokens_per_second": null}, "native_graph": {"samples": 8, "median_host_ms": 0.8667039801366627, "paired_geomean_speedup": 1.0, "input_tokens_per_second": null}}}
