{"utc": "2026-09-05T15:23:38Z", "stage": "compiling", "elapsed_seconds": 3.072488881647587, "conditions": 8}
ninja: no work to do.
{"utc": "2026-09-05T15:23:38Z", "stage": "compiled", "elapsed_seconds": 3.1260193400084972, "compile_seconds": 0.05242381617426872}
{"utc": "2026-09-05T15:23:39Z", "stage": "primitive_gates_passed", "elapsed_seconds": 3.750260576605797, "cases": 48}
{"utc": "2026-09-05T15:23:39Z", "stage": "loading", "elapsed_seconds": 3.7600854970514774, "condition": "14m/a0", "completed_conditions": 0}
Loading weights:   0%|          | 0/76 [00:00<?, ?it/s]Loading weights: 100%|██████████| 76/76 [00:00<00:00, 69691.10it/s]
{"utc": "2026-09-05T15:23:42Z", "stage": "timed", "elapsed_seconds": 6.675016012042761, "condition": "14m/a0", "summary": {"p0": {"samples": 48, "median_host_ms": 2.7391184121370316, "paired_geomean_speedup": 0.6230858150283599, "input_tokens_per_second": 747685.8214399617}, "adapter_dense": {"samples": 48, "median_host_ms": 1.7092935740947723, "paired_geomean_speedup": 0.9979346089177277, "input_tokens_per_second": 1198155.7943225778}, "native": {"samples": 48, "median_host_ms": 1.7043258994817734, "paired_geomean_speedup": 1.0, "input_tokens_per_second": 1201648.112384331}}}
{"utc": "2026-09-05T15:23:42Z", "stage": "validation", "elapsed_seconds": 6.946445178240538, "condition": "14m-a0", "blocks": 16, "total_blocks": 338, "loss": {"native": 4.8226428234583, "p0": 4.822536093931286}, "tokens_per_second": 126010.19680759494, "remaining_seconds": 5.233354257885367}
{"utc": "2026-09-05T15:23:42Z", "stage": "validation", "elapsed_seconds": 7.203148599714041, "condition": "14m-a0", "blocks": 32, "total_blocks": 338, "loss": {"native": 4.815816650986963, "p0": 4.815784985458904}, "tokens_per_second": 126823.06530757206, "remaining_seconds": 4.941435522632673}
{"utc": "2026-09-05T15:23:42Z", "stage": "validation", "elapsed_seconds": 7.4596392549574375, "condition": "14m-a0", "blocks": 48, "total_blocks": 338, "loss": {"native": 5.284550987185261, "p0": 5.284495547663756}, "tokens_per_second": 127131.72257819714, "remaining_seconds": 4.671690023193756}
{"utc": "2026-09-05T15:23:43Z", "stage": "validation", "elapsed_seconds": 7.716504652053118, "condition": "14m-a0", "blocks": 64, "total_blocks": 338, "loss": {"native": 5.460645331833266, "p0": 5.460685815704003}, "tokens_per_second": 127240.47483655455, "remaining_seconds": 4.410169018316083}
{"utc": "2026-09-05T15:23:43Z", "stage": "validation", "elapsed_seconds": 7.965359374880791, "condition": "14m-a0", "blocks": 80, "total_blocks": 338, "loss": {"native": 5.433339674390114, "p0": 5.433378484042959}, "tokens_per_second": 128103.32442448895, "remaining_seconds": 4.124670474976301}
{"utc": "2026-09-05T15:23:43Z", "stage": "validation", "elapsed_seconds": 8.223918095231056, "condition": "14m-a0", "blocks": 96, "total_blocks": 338, "loss": {"native": 5.427263109250326, "p0": 5.427277326933279}, "tokens_per_second": 127872.93659544818, "remaining_seconds": 3.8758474873223654}
{"utc": "2026-09-05T15:23:43Z", "stage": "validation", "elapsed_seconds": 8.475147504359484, "condition": "14m-a0", "blocks": 112, "total_blocks": 338, "loss": {"native": 5.396765837841419, "p0": 5.396814552236314}, "tokens_per_second": 128232.40598531859, "remaining_seconds": 3.6094464300466433}
{"utc": "2026-09-05T15:23:44Z", "stage": "validation", "elapsed_seconds": 8.735456008464098, "condition": "14m-a0", "blocks": 128, "total_blocks": 338, "loss": {"native": 5.26103944503568, "p0": 5.261067859591888}, "tokens_per_second": 127933.52806798342, "remaining_seconds": 3.361745794827584}
{"utc": "2026-09-05T15:23:44Z", "stage": "validation", "elapsed_seconds": 8.996537901461124, "condition": "14m-a0", "blocks": 144, "total_blocks": 338, "loss": {"native": 5.280452390139767, "p0": 5.280464899149766}, "tokens_per_second": 127659.4441716076, "remaining_seconds": 3.1122805099003017}
{"utc": "2026-09-05T15:23:44Z", "stage": "validation", "elapsed_seconds": 9.258135262876749, "condition": "14m-a0", "blocks": 160, "total_blocks": 338, "loss": {"native": 5.279367813833411, "p0": 5.27936182883989}, "tokens_per_second": 127415.50332322293, "remaining_seconds": 2.861064709490165}
{"utc": "2026-09-05T15:23:44Z", "stage": "validation", "elapsed_seconds": 9.520601402968168, "condition": "14m-a0", "blocks": 176, "total_blocks": 338, "loss": {"native": 5.234690762129464, "p0": 5.234677502426769}, "tokens_per_second": 127177.59306490976, "remaining_seconds": 2.6087614335543052}
{"utc": "2026-09-05T15:23:45Z", "stage": "validation", "elapsed_seconds": 9.784235198050737, "condition": "14m-a0", "blocks": 192, "total_blocks": 338, "loss": {"native": 5.230112692952991, "p0": 5.230129000923568}, "tokens_per_second": 126932.1637789043, "remaining_seconds": 2.3556519569053003}
{"utc": "2026-09-05T15:23:45Z", "stage": "validation", "elapsed_seconds": 10.048258997499943, "condition": "14m-a0", "blocks": 208, "total_blocks": 338, "loss": {"native": 5.2619361299739325, "p0": 5.2619309217675125}, "tokens_per_second": 126710.52177740705, "remaining_seconds": 2.101167261134833}
{"utc": "2026-09-05T15:23:45Z", "stage": "validation", "elapsed_seconds": 10.31342851743102, "condition": "14m-a0", "blocks": 224, "total_blocks": 338, "loss": {"native": 5.27099022088925, "p0": 5.2709777398621585}, "tokens_per_second": 126481.20527018307, "remaining_seconds": 1.8459027133815522}
{"utc": "2026-09-05T15:23:45Z", "stage": "validation", "elapsed_seconds": 10.580301094800234, "condition": "14m-a0", "blocks": 240, "total_blocks": 338, "loss": {"native": 5.25440719348564, "p0": 5.254407916545014}, "tokens_per_second": 126228.04635178017, "remaining_seconds": 1.5900111409525075}
{"utc": "2026-09-05T15:23:46Z", "stage": "validation", "elapsed_seconds": 10.846732046455145, "condition": "14m-a0", "blocks": 256, "total_blocks": 338, "loss": {"native": 5.2669109424615295, "p0": 5.266920912015363}, "tokens_per_second": 126020.46903118721, "remaining_seconds": 1.3326089110050816}
{"utc": "2026-09-05T15:23:46Z", "stage": "validation", "elapsed_seconds": 11.114305563271046, "condition": "14m-a0", "blocks": 272, "total_blocks": 338, "loss": {"native": 5.272723417261003, "p0": 5.272738581337618}, "tokens_per_second": 125805.5149231735, "remaining_seconds": 1.0744203072698677}
{"utc": "2026-09-05T15:23:46Z", "stage": "validation", "elapsed_seconds": 11.383146867156029, "condition": "14m-a0", "blocks": 288, "total_blocks": 338, "loss": {"native": 5.249613749633451, "p0": 5.24959745098065}, "tokens_per_second": 125581.26966362612, "remaining_seconds": 0.8154082234897133}
{"utc": "2026-09-05T15:23:47Z", "stage": "validation", "elapsed_seconds": 11.652835469692945, "condition": "14m-a0", "blocks": 304, "total_blocks": 338, "loss": {"native": 5.252715719205025, "p0": 5.252690551795476}, "tokens_per_second": 125359.73478506377, "remaining_seconds": 0.5554574610371339}
{"utc": "2026-09-05T15:23:47Z", "stage": "validation", "elapsed_seconds": 11.922398652881384, "condition": "14m-a0", "blocks": 320, "total_blocks": 338, "loss": {"native": 5.221953564500832, "p0": 5.221925737523543}, "tokens_per_second": 125164.07926511494, "remaining_seconds": 0.29452539591584354}
{"utc": "2026-09-05T15:23:47Z", "stage": "validation", "elapsed_seconds": 12.193569328635931, "condition": "14m-a0", "blocks": 336, "total_blocks": 338, "loss": {"native": 5.207537307080802, "p0": 5.207501637216561}, "tokens_per_second": 124951.11396956202, "remaining_seconds": 0.03278082019339005}
{"utc": "2026-09-05T15:23:47Z", "stage": "validation", "elapsed_seconds": 12.235864479094744, "condition": "14m-a0", "blocks": 338, "total_blocks": 338, "loss": {"native": 5.209999415744384, "p0": 5.20996600072404}, "tokens_per_second": 124736.8876986925, "remaining_seconds": 0.0}
/workspace/sparsity-spillover/runs/025-2026-09-05-pythia-agentic-sparse-kernel-search/artifacts/runtime/venv-pythia/lib/python3.12/site-packages/torch/profiler/profiler.py:224: UserWarning: Warning: Profiler clears events at the end of each cycle.Only events from the current cycle will be reported.To keep events across cycles, set acc_events=True.
  _warn_once(
{"utc": "2026-09-05T15:23:49Z", "stage": "condition_complete", "elapsed_seconds": 14.263609606772661, "condition": "14m/a0", "completed_conditions": 1, "total_conditions": 8}
{"utc": "2026-09-05T15:23:49Z", "stage": "loading", "elapsed_seconds": 14.273783978074789, "condition": "14m/a1h", "completed_conditions": 1}
Loading weights:   0%|          | 0/76 [00:00<?, ?it/s]Loading weights: 100%|██████████| 76/76 [00:00<00:00, 17437.07it/s]
{"utc": "2026-09-05T15:23:50Z", "stage": "timed", "elapsed_seconds": 14.63186340779066, "condition": "14m/a1h", "summary": {"p0": {"samples": 48, "median_host_ms": 2.209853380918503, "paired_geomean_speedup": 0.915636651472029, "input_tokens_per_second": 926758.3169471496}, "adapter_dense": {"samples": 48, "median_host_ms": 2.0280443131923676, "paired_geomean_speedup": 0.9982080430156025, "input_tokens_per_second": 1009839.8672444292}, "native": {"samples": 48, "median_host_ms": 2.0238738507032394, "paired_geomean_speedup": 1.0, "input_tokens_per_second": 1011920.7772205651}}}
{"utc": "2026-09-05T15:23:50Z", "stage": "failed_or_incomplete", "elapsed_seconds": 14.672173507511616, "error_type": "RuntimeError", "error": "Full-model logit gate failed on validation block 1"}
Traceback (most recent call last):
  File "/workspace/sparsity-spillover/runs/025-2026-09-05-pythia-agentic-sparse-kernel-search/01_calibrate.py", line 264, in <module>
    main()
  File "/workspace/sparsity-spillover/runs/025-2026-09-05-pythia-agentic-sparse-kernel-search/01_calibrate.py", line 248, in main
    full_validation(model, adapter, validation, cfg, progress, out / "validation.json")
  File "/workspace/sparsity-spillover/runs/025-2026-09-05-pythia-agentic-sparse-kernel-search/01_calibrate.py", line 124, in full_validation
    raise RuntimeError(f"Full-model logit gate failed on validation block {i}")
RuntimeError: Full-model logit gate failed on validation block 1
