Verified 1383 frozen source/input identities and derived control sources
[1/2] /usr/local/cuda/bin/nvcc -MD -MF projection.cuda.o.d -DTORCH_EXTENSION_NAME=run028_k042_d356a72e5dcf -DTORCH_API_INCLUDE_EXTENSION_H -I/workspace/run039/archive/root/runs/028-2026-09-06-pythia14m-all-site-sparse-kernels/runtime/vendor/cutlass/include -isystem /opt/run038-venv/lib/python3.12/site-packages/torch/include -isystem /opt/run038-venv/lib/python3.12/site-packages/torch/include/torch/csrc/api/include -isystem /usr/local/cuda/include -isystem /usr/include/python3.12 -D__CUDA_NO_HALF_OPERATORS__ -D__CUDA_NO_HALF_CONVERSIONS__ -D__CUDA_NO_BFLOAT16_CONVERSIONS__ -D__CUDA_NO_HALF2_OPERATORS__ --expt-relaxed-constexpr -gencode=arch=compute_120,code=sm_120 --compiler-options '-fPIC' -O3 -lineinfo --expt-relaxed-constexpr -std=c++17 -c /workspace/run039/archive/root/runs/028-2026-09-06-pythia14m-all-site-sparse-kernels/candidates/k042/projection.cu -o projection.cuda.o 
[2/2] c++ projection.cuda.o -shared -L/opt/run038-venv/lib/python3.12/site-packages/torch/lib -lc10 -lc10_cuda -ltorch_cpu -ltorch_cuda -ltorch -ltorch_python -L/usr/local/cuda/lib64 -lcudart -o run028_k042_d356a72e5dcf.so
[1/2] /usr/local/cuda/bin/nvcc -MD -MF projection.cuda.o.d -DTORCH_EXTENSION_NAME=run038_projection_36a96f67c672 -DTORCH_API_INCLUDE_EXTENSION_H -isystem /opt/run038-venv/lib/python3.12/site-packages/torch/include -isystem /opt/run038-venv/lib/python3.12/site-packages/torch/include/torch/csrc/api/include -isystem /usr/local/cuda/include -isystem /usr/include/python3.12 -D__CUDA_NO_HALF_OPERATORS__ -D__CUDA_NO_HALF_CONVERSIONS__ -D__CUDA_NO_BFLOAT16_CONVERSIONS__ -D__CUDA_NO_HALF2_OPERATORS__ --expt-relaxed-constexpr -gencode=arch=compute_120,code=sm_120 --compiler-options '-fPIC' -O3 -lineinfo -std=c++17 -c /workspace/run039/candidate/projection.cu -o projection.cuda.o 
[2/2] c++ projection.cuda.o -shared -L/opt/run038-venv/lib/python3.12/site-packages/torch/lib -lc10 -lc10_cuda -ltorch_cpu -ltorch_cuda -ltorch -ltorch_python -L/usr/local/cuda/lib64 -lcudart -o run038_projection_36a96f67c672.so
Loading weights:   0%|          | 0/76 [00:00<?, ?it/s]Loading weights: 100%|██████████| 76/76 [00:00<00:00, 4581.30it/s]
Captured training checks 1/8; cases=56
Captured training checks 2/8; cases=80
Captured training checks 3/8; cases=104
Captured training checks 4/8; cases=128
Captured training checks 5/8; cases=152
Captured training checks 6/8; cases=176
Captured training checks 7/8; cases=200
Captured training checks 8/8; cases=224
Passed 224 direct output and counter checks
{"attempt": "smoke-frozen-r1-001", "mode": "frozen", "replicate": 1, "returncode": 0, "elapsed_seconds": 297.383383885026, "status": "complete", "qualified": true, "loss": {"candidate_graph": 5.075195670302577, "native": 5.075195670302577, "native_graph": 5.075195670302577}}
{"attempt": "smoke-port-a-r1-001", "mode": "port-a", "replicate": 1, "returncode": 0, "elapsed_seconds": 24.87145985395182, "status": "complete", "qualified": true, "loss": {"candidate_graph": 5.075195670302577, "native": 5.075195670302577, "native_graph": 5.075195670302577}}
{"attempt": "smoke-port-m-r1-001", "mode": "port-m", "replicate": 1, "returncode": 0, "elapsed_seconds": 25.63378039491363, "status": "complete", "qualified": true, "loss": {"candidate_graph": 5.075195670302577, "native": 5.075195670302577, "native_graph": 5.075195670302577}}
{"attempt": "smoke-port-am-r1-001", "mode": "port-am", "replicate": 1, "returncode": 0, "elapsed_seconds": 16.412080846959725, "status": "complete", "qualified": true, "loss": {"candidate_graph": 5.075195670302577, "native": 5.075195670302577, "native_graph": 5.075195670302577}}
{"attempt": "smoke-port-am-dense-r1-001", "mode": "port-am-dense", "replicate": 1, "returncode": 0, "elapsed_seconds": 16.661788417957723, "status": "complete", "qualified": true, "loss": {"candidate_graph": 5.075195670302577, "native": 5.075195670302577, "native_graph": 5.075195670302577}}
{"attempt": "scientific-port-am-r1-001", "mode": "port-am", "replicate": 1, "returncode": 0, "elapsed_seconds": 43.429974070051685, "status": "complete", "qualified": true, "loss": {"candidate_graph": 5.83130066301001, "native": 5.83130066301001, "native_graph": 5.83130066301001}}
{"attempt": "scientific-port-m-r2-001", "mode": "port-m", "replicate": 2, "returncode": 0, "elapsed_seconds": 36.40338409401011, "status": "complete", "qualified": true, "loss": {"candidate_graph": 5.83130066301001, "native": 5.83130066301001, "native_graph": 5.83130066301001}}
{"attempt": "scientific-port-am-dense-r2-001", "mode": "port-am-dense", "replicate": 2, "returncode": 0, "elapsed_seconds": 27.241158848046325, "status": "complete", "qualified": true, "loss": {"candidate_graph": 5.83130066301001, "native": 5.83130066301001, "native_graph": 5.83130066301001}}
{"attempt": "scientific-frozen-r2-001", "mode": "frozen", "replicate": 2, "returncode": 0, "elapsed_seconds": 36.00950142403599, "status": "complete", "qualified": true, "loss": {"candidate_graph": 5.83130066301001, "native": 5.83130066301001, "native_graph": 5.83130066301001}}
{"attempt": "scientific-port-am-dense-r1-001", "mode": "port-am-dense", "replicate": 1, "returncode": 0, "elapsed_seconds": 40.86972429393791, "status": "complete", "qualified": true, "loss": {"candidate_graph": 5.83130066301001, "native": 5.83130066301001, "native_graph": 5.83130066301001}}
{"attempt": "scientific-frozen-r1-001", "mode": "frozen", "replicate": 1, "returncode": 0, "elapsed_seconds": 48.944270687992685, "status": "complete", "qualified": true, "loss": {"candidate_graph": 5.83130066301001, "native": 5.83130066301001, "native_graph": 5.83130066301001}}
{"attempt": "scientific-port-a-r2-001", "mode": "port-a", "replicate": 2, "returncode": 0, "elapsed_seconds": 35.554923256044276, "status": "complete", "qualified": true, "loss": {"candidate_graph": 5.83130066301001, "native": 5.83130066301001, "native_graph": 5.83130066301001}}
{"attempt": "scientific-port-a-r3-001", "mode": "port-a", "replicate": 3, "returncode": 0, "elapsed_seconds": 34.951063621090725, "status": "complete", "qualified": true, "loss": {"candidate_graph": 5.83130066301001, "native": 5.83130066301001, "native_graph": 5.83130066301001}}
{"attempt": "scientific-frozen-r3-001", "mode": "frozen", "replicate": 3, "returncode": 0, "elapsed_seconds": 35.70956039999146, "status": "complete", "qualified": true, "loss": {"candidate_graph": 5.83130066301001, "native": 5.83130066301001, "native_graph": 5.83130066301001}}
{"attempt": "scientific-port-am-r2-001", "mode": "port-am", "replicate": 2, "returncode": 0, "elapsed_seconds": 26.637700412073173, "status": "complete", "qualified": true, "loss": {"candidate_graph": 5.83130066301001, "native": 5.83130066301001, "native_graph": 5.83130066301001}}
{"attempt": "scientific-port-m-r1-001", "mode": "port-m", "replicate": 1, "returncode": 0, "elapsed_seconds": 49.99953468493186, "status": "complete", "qualified": true, "loss": {"candidate_graph": 5.83130066301001, "native": 5.83130066301001, "native_graph": 5.83130066301001}}
{"attempt": "scientific-port-am-dense-r3-001", "mode": "port-am-dense", "replicate": 3, "returncode": 0, "elapsed_seconds": 26.63538640702609, "status": "complete", "qualified": true, "loss": {"candidate_graph": 5.83130066301001, "native": 5.83130066301001, "native_graph": 5.83130066301001}}
{"attempt": "scientific-port-m-r3-001", "mode": "port-m", "replicate": 3, "returncode": 0, "elapsed_seconds": 36.555750396917574, "status": "complete", "qualified": true, "loss": {"candidate_graph": 5.83130066301001, "native": 5.83130066301001, "native_graph": 5.83130066301001}}
{"attempt": "scientific-port-am-r3-001", "mode": "port-am", "replicate": 3, "returncode": 0, "elapsed_seconds": 27.088797832024284, "status": "complete", "qualified": true, "loss": {"candidate_graph": 5.83130066301001, "native": 5.83130066301001, "native_graph": 5.83130066301001}}
{"attempt": "scientific-port-a-r1-001", "mode": "port-a", "replicate": 1, "returncode": 0, "elapsed_seconds": 49.4798827059567, "status": "complete", "qualified": true, "loss": {"candidate_graph": 5.83130066301001, "native": 5.83130066301001, "native_graph": 5.83130066301001}}
# a/m direct-port result

14M T7/Pall, kappa=0.5. All timings measured in the same session.

| Mode | Full-model latency (ms) | Process range (ms) |
|---|---:|---|
| frozen | 0.494995 | 0.492736 to 0.497663 |
| port-a | 0.580284 | 0.580026 to 0.580607 |
| port-m | 0.630549 | 0.629739 to 0.631037 |
| port-am | 0.715227 | 0.713795 to 0.716800 |
| port-am-dense | 0.708533 | 0.706923 to 0.709426 |

| Comparison | Saved time (us) | Speedup | Difference span (us) |
|---|---:|---:|---|
| port-a | -85.290 | 0.85302 | [-87.870, -82.363] |
| port-m | -135.554 | 0.78502 | [-138.301, -132.075] |
| port-am | -220.232 | 0.69208 | [-224.064, -216.132] |
| port-am-dense | -213.538 | 0.69862 | [-216.690, -209.260] |
| port_sparse_effect | -6.694 | 0.99064 | [-9.877, -4.369] |

Maximum recorded absolute logit error: 0.0.
Logical counts unchanged: True.
Positive saved time means faster than frozen, except port_sparse_effect uses the port-dense control.

