Verified 41 files, 411555 bytes
[1/2] /usr/local/cuda/bin/nvcc -MD -MF kernel.cuda.o.d -DTORCH_EXTENSION_NAME=run026_k017_0c933b98600f -DTORCH_API_INCLUDE_EXTENSION_H -isystem /workspace/sparsity-spillover/runs/026-2026-09-06-pythia14m-fused-sparse-kernel/runtime/venv/lib/python3.12/site-packages/torch/include -isystem /workspace/sparsity-spillover/runs/026-2026-09-06-pythia14m-fused-sparse-kernel/runtime/venv/lib/python3.12/site-packages/torch/include/torch/csrc/api/include -isystem /usr/local/cuda/include -isystem /usr/include/python3.12 -D__CUDA_NO_HALF_OPERATORS__ -D__CUDA_NO_HALF_CONVERSIONS__ -D__CUDA_NO_BFLOAT16_CONVERSIONS__ -D__CUDA_NO_HALF2_OPERATORS__ --expt-relaxed-constexpr -gencode=arch=compute_120,code=sm_120 --compiler-options '-fPIC' -O3 -lineinfo -std=c++17 -c /workspace/sparsity-spillover/runs/026-2026-09-06-pythia14m-fused-sparse-kernel/autoresearch/candidates/k017/kernel.cu -o kernel.cuda.o 
[2/2] c++ kernel.cuda.o -shared -L/workspace/sparsity-spillover/runs/026-2026-09-06-pythia14m-fused-sparse-kernel/runtime/venv/lib/python3.12/site-packages/torch/lib -lc10 -lc10_cuda -ltorch_cpu -ltorch_cuda -ltorch -ltorch_python -L/usr/local/cuda/lib64 -lcudart -o run026_k017_0c933b98600f.so
120/120 CUDA gate/replay cases passed
Loading weights:   0%|          | 0/76 [00:00<?, ?it/s]Loading weights: 100%|██████████| 76/76 [00:00<00:00, 18220.47it/s]
{"utc": "2026-09-06T12:05:42Z", "stage": "preparing_dense", "elapsed_seconds": 2.8043228038586676, "mode": "native"}
{"utc": "2026-09-06T12:05:42Z", "stage": "preparing_dense", "elapsed_seconds": 2.8142361890058964, "mode": "graph"}
{"utc": "2026-09-06T12:05:43Z", "stage": "preparing_dense", "elapsed_seconds": 3.1216549009550363, "mode": "compile_reduce_overhead"}
{"utc": "2026-09-06T12:05:44Z", "stage": "preparing_dense", "elapsed_seconds": 4.65520624187775, "mode": "compile_max_autotune"}
{"utc": "2026-09-06T12:05:44Z", "stage": "development_quality", "elapsed_seconds": 4.784288310911506}
{"utc": "2026-09-06T12:05:45Z", "stage": "timing", "elapsed_seconds": 5.104990461841226, "loss": {"native": 5.700043156954155, "graph": 5.7000058858523905}, "correctness": {"graph": false, "native": true}}
/workspace/sparsity-spillover/runs/026-2026-09-06-pythia14m-fused-sparse-kernel/runtime/venv/lib/python3.12/site-packages/torch/profiler/profiler.py:224: UserWarning: Warning: Profiler clears events at the end of each cycle.Only events from the current cycle will be reported.To keep events across cycles, set acc_events=True.
  _warn_once(
{"utc": "2026-09-06T12:05:45Z", "stage": "full_validation", "elapsed_seconds": 5.540082522900775, "loss": {"native": 5.700043156954155, "graph": 5.7000058858523905}}
{"utc": "2026-09-06T12:05:45Z", "stage": "full_validation", "elapsed_seconds": 5.795755899976939, "blocks": 16, "prediction_tokens": 32752, "loss": {"native": 5.433529643704965, "graph": 5.433588561862634}}
{"utc": "2026-09-06T12:05:45Z", "stage": "full_validation", "elapsed_seconds": 6.047125888988376, "blocks": 32, "prediction_tokens": 65504, "loss": {"native": 5.4627757032848185, "graph": 5.46291955482919}}
{"utc": "2026-09-06T12:05:46Z", "stage": "full_validation", "elapsed_seconds": 6.298406062880531, "blocks": 48, "prediction_tokens": 98256, "loss": {"native": 5.8373225488058615, "graph": 5.8374227136494845}}
{"utc": "2026-09-06T12:05:46Z", "stage": "full_validation", "elapsed_seconds": 6.549899687990546, "blocks": 64, "prediction_tokens": 131008, "loss": {"native": 5.963783443061445, "graph": 5.96385852196884}}
{"utc": "2026-09-06T12:05:46Z", "stage": "full_validation", "elapsed_seconds": 6.80122439796105, "blocks": 80, "prediction_tokens": 163760, "loss": {"native": 5.932614924398701, "graph": 5.932662559848445}}
{"utc": "2026-09-06T12:05:46Z", "stage": "full_validation", "elapsed_seconds": 7.052491151960567, "blocks": 96, "prediction_tokens": 196512, "loss": {"native": 5.941523398042327, "graph": 5.94154689871436}}
{"utc": "2026-09-06T12:05:47Z", "stage": "full_validation", "elapsed_seconds": 7.303852456854656, "blocks": 112, "prediction_tokens": 229264, "loss": {"native": 5.928813884542628, "graph": 5.928830130483444}}
{"utc": "2026-09-06T12:05:47Z", "stage": "full_validation", "elapsed_seconds": 7.555591861950234, "blocks": 128, "prediction_tokens": 262016, "loss": {"native": 5.831156502832246, "graph": 5.831165807562802}}
{"utc": "2026-09-06T12:05:47Z", "stage": "full_validation", "elapsed_seconds": 7.8074187089223415, "blocks": 144, "prediction_tokens": 294768, "loss": {"native": 5.849604330977561, "graph": 5.849606085204084}}
{"utc": "2026-09-06T12:05:47Z", "stage": "full_validation", "elapsed_seconds": 8.05896780686453, "blocks": 160, "prediction_tokens": 327520, "loss": {"native": 5.855593878033689, "graph": 5.855587695503328}}
{"utc": "2026-09-06T12:05:48Z", "stage": "full_validation", "elapsed_seconds": 8.310327671002597, "blocks": 176, "prediction_tokens": 360272, "loss": {"native": 5.82820932078532, "graph": 5.828214067090715}}
{"utc": "2026-09-06T12:05:48Z", "stage": "full_validation", "elapsed_seconds": 8.5619368290063, "blocks": 192, "prediction_tokens": 393024, "loss": {"native": 5.827277839038217, "graph": 5.82727704392138}}
{"utc": "2026-09-06T12:05:48Z", "stage": "full_validation", "elapsed_seconds": 8.813383132917807, "blocks": 208, "prediction_tokens": 425776, "loss": {"native": 5.853064829303951, "graph": 5.853064788019037}}
{"utc": "2026-09-06T12:05:48Z", "stage": "full_validation", "elapsed_seconds": 9.066414642846212, "blocks": 224, "prediction_tokens": 458528, "loss": {"native": 5.860974186903867, "graph": 5.860968841162985}}
{"utc": "2026-09-06T12:05:49Z", "stage": "full_validation", "elapsed_seconds": 9.319367765914649, "blocks": 240, "prediction_tokens": 491280, "loss": {"native": 5.845817573123715, "graph": 5.845815044652172}}
{"utc": "2026-09-06T12:05:49Z", "stage": "full_validation", "elapsed_seconds": 9.572308118920773, "blocks": 256, "prediction_tokens": 524032, "loss": {"native": 5.860577907105685, "graph": 5.860573868781809}}
{"utc": "2026-09-06T12:05:49Z", "stage": "full_validation", "elapsed_seconds": 9.961332321865484, "blocks": 272, "prediction_tokens": 556784, "loss": {"native": 5.871153765243513, "graph": 5.871152581337927}}
{"utc": "2026-09-06T12:05:50Z", "stage": "full_validation", "elapsed_seconds": 10.213225848972797, "blocks": 288, "prediction_tokens": 589536, "loss": {"native": 5.85495766628994, "graph": 5.854959582852818}}
{"utc": "2026-09-06T12:05:50Z", "stage": "full_validation", "elapsed_seconds": 10.466319131897762, "blocks": 304, "prediction_tokens": 622288, "loss": {"native": 5.859802871463605, "graph": 5.85980618584537}}
{"utc": "2026-09-06T12:05:50Z", "stage": "full_validation", "elapsed_seconds": 10.71920821792446, "blocks": 320, "prediction_tokens": 655040, "loss": {"native": 5.835200507197079, "graph": 5.835202599596733}}
{"utc": "2026-09-06T12:05:50Z", "stage": "full_validation", "elapsed_seconds": 10.971896731993183, "blocks": 336, "prediction_tokens": 687792, "loss": {"native": 5.828935494539274, "graph": 5.828938825510883}}
{"utc": "2026-09-06T12:05:50Z", "stage": "complete", "elapsed_seconds": 11.008314681006595, "primary_speedup": 1.0, "timing": {"graph": {"samples": 80, "median_host_ms": 1.3958570780232549, "paired_geomean_speedup": 2.057598218037846, "input_tokens_per_second": null}, "native": {"samples": 80, "median_host_ms": 2.8699515387415886, "paired_geomean_speedup": 1.0, "input_tokens_per_second": null}}, "qualified": true, "loss": {"native": 5.83130066301001, "graph": 5.831301560692215}}
1 iterations recorded
