Loading weights:   0%|          | 0/76 [00:00<?, ?it/s]Loading weights: 100%|██████████| 76/76 [00:00<00:00, 14955.06it/s]
{"utc": "2026-09-06T12:23:44Z", "stage": "preparing_dense", "elapsed_seconds": 1.1133083109743893, "mode": "native"}
{"utc": "2026-09-06T12:23:44Z", "stage": "preparing_candidate", "elapsed_seconds": 1.1172605911269784, "implementation": "k019"}
Loading weights:   0%|          | 0/76 [00:00<?, ?it/s]Loading weights: 100%|██████████| 76/76 [00:00<00:00, 14383.50it/s]
ninja: no work to do.
ninja: no work to do.
{"utc": "2026-09-06T12:23:45Z", "stage": "development_quality", "elapsed_seconds": 1.52730303700082}
{"utc": "2026-09-06T12:23:45Z", "stage": "timing", "elapsed_seconds": 1.8404277311637998, "loss": {"native": 5.700043156954155, "candidate": 5.700043156954155}, "correctness": {"candidate": true, "native": true}}
{"utc": "2026-09-06T12:23:45Z", "stage": "full_validation", "elapsed_seconds": 2.1913072501774877, "loss": {"native": 5.700043156954155, "candidate": 5.700043156954155}}
{"utc": "2026-09-06T12:23:45Z", "stage": "full_validation", "elapsed_seconds": 2.432715767994523, "blocks": 16, "prediction_tokens": 32752, "loss": {"native": 5.433529643704965, "candidate": 5.433529643704965}}
{"utc": "2026-09-06T12:23:46Z", "stage": "full_validation", "elapsed_seconds": 2.67424777103588, "blocks": 32, "prediction_tokens": 65504, "loss": {"native": 5.4627757032848185, "candidate": 5.4627757032848185}}
{"utc": "2026-09-06T12:23:46Z", "stage": "full_validation", "elapsed_seconds": 2.9157285580877215, "blocks": 48, "prediction_tokens": 98256, "loss": {"native": 5.8373225488058615, "candidate": 5.8373225488058615}}
{"utc": "2026-09-06T12:23:46Z", "stage": "full_validation", "elapsed_seconds": 3.1571171761024743, "blocks": 64, "prediction_tokens": 131008, "loss": {"native": 5.963783443061445, "candidate": 5.963783443061445}}
{"utc": "2026-09-06T12:23:46Z", "stage": "full_validation", "elapsed_seconds": 3.398301496170461, "blocks": 80, "prediction_tokens": 163760, "loss": {"native": 5.932614924398701, "candidate": 5.932614924398701}}
{"utc": "2026-09-06T12:23:47Z", "stage": "full_validation", "elapsed_seconds": 3.639618606073782, "blocks": 96, "prediction_tokens": 196512, "loss": {"native": 5.941523398042327, "candidate": 5.941523398042327}}
{"utc": "2026-09-06T12:23:47Z", "stage": "full_validation", "elapsed_seconds": 3.8809049900155514, "blocks": 112, "prediction_tokens": 229264, "loss": {"native": 5.928813884542628, "candidate": 5.928813884542628}}
{"utc": "2026-09-06T12:23:47Z", "stage": "full_validation", "elapsed_seconds": 4.1223050251137465, "blocks": 128, "prediction_tokens": 262016, "loss": {"native": 5.831156502832246, "candidate": 5.831156502832246}}
{"utc": "2026-09-06T12:23:47Z", "stage": "full_validation", "elapsed_seconds": 4.3640087770763785, "blocks": 144, "prediction_tokens": 294768, "loss": {"native": 5.849604330977561, "candidate": 5.849604330977561}}
{"utc": "2026-09-06T12:23:48Z", "stage": "full_validation", "elapsed_seconds": 4.605560841038823, "blocks": 160, "prediction_tokens": 327520, "loss": {"native": 5.855593878033689, "candidate": 5.855593878033689}}
{"utc": "2026-09-06T12:23:48Z", "stage": "full_validation", "elapsed_seconds": 4.847414449090138, "blocks": 176, "prediction_tokens": 360272, "loss": {"native": 5.82820932078532, "candidate": 5.82820932078532}}
{"utc": "2026-09-06T12:23:48Z", "stage": "full_validation", "elapsed_seconds": 5.089369500055909, "blocks": 192, "prediction_tokens": 393024, "loss": {"native": 5.827277839038217, "candidate": 5.827277839038217}}
{"utc": "2026-09-06T12:23:48Z", "stage": "full_validation", "elapsed_seconds": 5.330997057026252, "blocks": 208, "prediction_tokens": 425776, "loss": {"native": 5.853064829303951, "candidate": 5.853064829303951}}
{"utc": "2026-09-06T12:23:49Z", "stage": "full_validation", "elapsed_seconds": 5.572629431961104, "blocks": 224, "prediction_tokens": 458528, "loss": {"native": 5.860974186903867, "candidate": 5.860974186903867}}
{"utc": "2026-09-06T12:23:49Z", "stage": "full_validation", "elapsed_seconds": 5.81478713802062, "blocks": 240, "prediction_tokens": 491280, "loss": {"native": 5.845817573123715, "candidate": 5.845817573123715}}
{"utc": "2026-09-06T12:23:49Z", "stage": "full_validation", "elapsed_seconds": 6.056888709077612, "blocks": 256, "prediction_tokens": 524032, "loss": {"native": 5.860577907105685, "candidate": 5.860577907105685}}
{"utc": "2026-09-06T12:23:49Z", "stage": "full_validation", "elapsed_seconds": 6.298661204986274, "blocks": 272, "prediction_tokens": 556784, "loss": {"native": 5.871153765243513, "candidate": 5.871153765243513}}
{"utc": "2026-09-06T12:23:50Z", "stage": "full_validation", "elapsed_seconds": 6.540302613051608, "blocks": 288, "prediction_tokens": 589536, "loss": {"native": 5.85495766628994, "candidate": 5.85495766628994}}
{"utc": "2026-09-06T12:23:50Z", "stage": "full_validation", "elapsed_seconds": 6.78206731704995, "blocks": 304, "prediction_tokens": 622288, "loss": {"native": 5.859802871463605, "candidate": 5.859802871463605}}
{"utc": "2026-09-06T12:23:50Z", "stage": "full_validation", "elapsed_seconds": 7.023993444163352, "blocks": 320, "prediction_tokens": 655040, "loss": {"native": 5.835200507197079, "candidate": 5.835200507197079}}
{"utc": "2026-09-06T12:23:50Z", "stage": "full_validation", "elapsed_seconds": 7.265421291114762, "blocks": 336, "prediction_tokens": 687792, "loss": {"native": 5.828935494539274, "candidate": 5.828935494539274}}
{"utc": "2026-09-06T12:23:52Z", "stage": "complete", "elapsed_seconds": 9.474578497000039, "primary_speedup": 1.8101937417410507, "timing": {"candidate": {"samples": 80, "median_host_ms": 1.4875894412398338, "paired_geomean_speedup": 1.8101937417410507, "input_tokens_per_second": null}, "native": {"samples": 80, "median_host_ms": 2.69678037147969, "paired_geomean_speedup": 1.0, "input_tokens_per_second": null}}, "qualified": true, "loss": {"native": 5.83130066301001, "candidate": 5.83130066301001}}
Loading weights:   0%|          | 0/76 [00:00<?, ?it/s]Loading weights: 100%|██████████| 76/76 [00:00<00:00, 16296.89it/s]
{"utc": "2026-09-06T12:23:55Z", "stage": "preparing_dense", "elapsed_seconds": 1.0654252681415528, "mode": "native"}
{"utc": "2026-09-06T12:23:55Z", "stage": "preparing_candidate", "elapsed_seconds": 1.0685224311891943, "implementation": "k019"}
Loading weights:   0%|          | 0/76 [00:00<?, ?it/s]Loading weights: 100%|██████████| 76/76 [00:00<00:00, 14008.66it/s]
ninja: no work to do.
ninja: no work to do.
{"utc": "2026-09-06T12:23:56Z", "stage": "development_quality", "elapsed_seconds": 1.4735050981398672}
{"utc": "2026-09-06T12:23:56Z", "stage": "timing", "elapsed_seconds": 1.7869588581379503, "loss": {"native": 5.700043156954155, "candidate": 5.700043156954155}, "correctness": {"candidate": true, "native": true}}
{"utc": "2026-09-06T12:23:56Z", "stage": "full_validation", "elapsed_seconds": 2.1392613591160625, "loss": {"native": 5.700043156954155, "candidate": 5.700043156954155}}
{"utc": "2026-09-06T12:23:57Z", "stage": "full_validation", "elapsed_seconds": 2.379042776999995, "blocks": 16, "prediction_tokens": 32752, "loss": {"native": 5.433529643704965, "candidate": 5.433529643704965}}
{"utc": "2026-09-06T12:23:57Z", "stage": "full_validation", "elapsed_seconds": 2.620026245014742, "blocks": 32, "prediction_tokens": 65504, "loss": {"native": 5.4627757032848185, "candidate": 5.4627757032848185}}
{"utc": "2026-09-06T12:23:57Z", "stage": "full_validation", "elapsed_seconds": 2.8610204490832984, "blocks": 48, "prediction_tokens": 98256, "loss": {"native": 5.8373225488058615, "candidate": 5.8373225488058615}}
{"utc": "2026-09-06T12:23:57Z", "stage": "full_validation", "elapsed_seconds": 3.1019663200713694, "blocks": 64, "prediction_tokens": 131008, "loss": {"native": 5.963783443061445, "candidate": 5.963783443061445}}
{"utc": "2026-09-06T12:23:58Z", "stage": "full_validation", "elapsed_seconds": 3.343004560098052, "blocks": 80, "prediction_tokens": 163760, "loss": {"native": 5.932614924398701, "candidate": 5.932614924398701}}
{"utc": "2026-09-06T12:23:58Z", "stage": "full_validation", "elapsed_seconds": 3.5840813890099525, "blocks": 96, "prediction_tokens": 196512, "loss": {"native": 5.941523398042327, "candidate": 5.941523398042327}}
{"utc": "2026-09-06T12:23:58Z", "stage": "full_validation", "elapsed_seconds": 3.8251553631853312, "blocks": 112, "prediction_tokens": 229264, "loss": {"native": 5.928813884542628, "candidate": 5.928813884542628}}
{"utc": "2026-09-06T12:23:58Z", "stage": "full_validation", "elapsed_seconds": 4.066599074052647, "blocks": 128, "prediction_tokens": 262016, "loss": {"native": 5.831156502832246, "candidate": 5.831156502832246}}
{"utc": "2026-09-06T12:23:59Z", "stage": "full_validation", "elapsed_seconds": 4.308876570081338, "blocks": 144, "prediction_tokens": 294768, "loss": {"native": 5.849604330977561, "candidate": 5.849604330977561}}
{"utc": "2026-09-06T12:23:59Z", "stage": "full_validation", "elapsed_seconds": 4.550305338110775, "blocks": 160, "prediction_tokens": 327520, "loss": {"native": 5.855593878033689, "candidate": 5.855593878033689}}
{"utc": "2026-09-06T12:23:59Z", "stage": "full_validation", "elapsed_seconds": 4.791626514168456, "blocks": 176, "prediction_tokens": 360272, "loss": {"native": 5.82820932078532, "candidate": 5.82820932078532}}
{"utc": "2026-09-06T12:23:59Z", "stage": "full_validation", "elapsed_seconds": 5.032920479075983, "blocks": 192, "prediction_tokens": 393024, "loss": {"native": 5.827277839038217, "candidate": 5.827277839038217}}
{"utc": "2026-09-06T12:23:59Z", "stage": "full_validation", "elapsed_seconds": 5.274448708165437, "blocks": 208, "prediction_tokens": 425776, "loss": {"native": 5.853064829303951, "candidate": 5.853064829303951}}
{"utc": "2026-09-06T12:24:00Z", "stage": "full_validation", "elapsed_seconds": 5.51659619808197, "blocks": 224, "prediction_tokens": 458528, "loss": {"native": 5.860974186903867, "candidate": 5.860974186903867}}
{"utc": "2026-09-06T12:24:00Z", "stage": "full_validation", "elapsed_seconds": 5.758875016123056, "blocks": 240, "prediction_tokens": 491280, "loss": {"native": 5.845817573123715, "candidate": 5.845817573123715}}
{"utc": "2026-09-06T12:24:00Z", "stage": "full_validation", "elapsed_seconds": 6.000153738074005, "blocks": 256, "prediction_tokens": 524032, "loss": {"native": 5.860577907105685, "candidate": 5.860577907105685}}
{"utc": "2026-09-06T12:24:00Z", "stage": "full_validation", "elapsed_seconds": 6.241069625131786, "blocks": 272, "prediction_tokens": 556784, "loss": {"native": 5.871153765243513, "candidate": 5.871153765243513}}
{"utc": "2026-09-06T12:24:01Z", "stage": "full_validation", "elapsed_seconds": 6.482356469146907, "blocks": 288, "prediction_tokens": 589536, "loss": {"native": 5.85495766628994, "candidate": 5.85495766628994}}
{"utc": "2026-09-06T12:24:01Z", "stage": "full_validation", "elapsed_seconds": 6.723218383966014, "blocks": 304, "prediction_tokens": 622288, "loss": {"native": 5.859802871463605, "candidate": 5.859802871463605}}
{"utc": "2026-09-06T12:24:01Z", "stage": "full_validation", "elapsed_seconds": 6.964351026108488, "blocks": 320, "prediction_tokens": 655040, "loss": {"native": 5.835200507197079, "candidate": 5.835200507197079}}
{"utc": "2026-09-06T12:24:01Z", "stage": "full_validation", "elapsed_seconds": 7.207026892108843, "blocks": 336, "prediction_tokens": 687792, "loss": {"native": 5.828935494539274, "candidate": 5.828935494539274}}
{"utc": "2026-09-06T12:24:04Z", "stage": "complete", "elapsed_seconds": 9.39159385417588, "primary_speedup": 1.806044448884621, "timing": {"candidate": {"samples": 80, "median_host_ms": 1.4977249084040523, "paired_geomean_speedup": 1.806044448884621, "input_tokens_per_second": null}, "native": {"samples": 80, "median_host_ms": 2.6999794645234942, "paired_geomean_speedup": 1.0, "input_tokens_per_second": null}}, "qualified": true, "loss": {"native": 5.83130066301001, "candidate": 5.83130066301001}}
Loading weights:   0%|          | 0/76 [00:00<?, ?it/s]Loading weights: 100%|██████████| 76/76 [00:00<00:00, 16412.68it/s]
{"utc": "2026-09-06T12:24:06Z", "stage": "preparing_dense", "elapsed_seconds": 1.0587118910625577, "mode": "native"}
{"utc": "2026-09-06T12:24:06Z", "stage": "preparing_candidate", "elapsed_seconds": 1.061883085174486, "implementation": "k019"}
Loading weights:   0%|          | 0/76 [00:00<?, ?it/s]Loading weights: 100%|██████████| 76/76 [00:00<00:00, 13771.42it/s]
ninja: no work to do.
ninja: no work to do.
{"utc": "2026-09-06T12:24:07Z", "stage": "development_quality", "elapsed_seconds": 1.4713324981275946}
{"utc": "2026-09-06T12:24:07Z", "stage": "timing", "elapsed_seconds": 1.7839885670691729, "loss": {"native": 5.700043156954155, "candidate": 5.700043156954155}, "correctness": {"candidate": true, "native": true}}
{"utc": "2026-09-06T12:24:07Z", "stage": "full_validation", "elapsed_seconds": 2.1316441011149436, "loss": {"native": 5.700043156954155, "candidate": 5.700043156954155}}
{"utc": "2026-09-06T12:24:08Z", "stage": "full_validation", "elapsed_seconds": 2.3724528660532087, "blocks": 16, "prediction_tokens": 32752, "loss": {"native": 5.433529643704965, "candidate": 5.433529643704965}}
{"utc": "2026-09-06T12:24:08Z", "stage": "full_validation", "elapsed_seconds": 2.612288255011663, "blocks": 32, "prediction_tokens": 65504, "loss": {"native": 5.4627757032848185, "candidate": 5.4627757032848185}}
{"utc": "2026-09-06T12:24:08Z", "stage": "full_validation", "elapsed_seconds": 2.8534557002130896, "blocks": 48, "prediction_tokens": 98256, "loss": {"native": 5.8373225488058615, "candidate": 5.8373225488058615}}
{"utc": "2026-09-06T12:24:08Z", "stage": "full_validation", "elapsed_seconds": 3.0969426571391523, "blocks": 64, "prediction_tokens": 131008, "loss": {"native": 5.963783443061445, "candidate": 5.963783443061445}}
{"utc": "2026-09-06T12:24:09Z", "stage": "full_validation", "elapsed_seconds": 3.337936691008508, "blocks": 80, "prediction_tokens": 163760, "loss": {"native": 5.932614924398701, "candidate": 5.932614924398701}}
{"utc": "2026-09-06T12:24:09Z", "stage": "full_validation", "elapsed_seconds": 3.578907390125096, "blocks": 96, "prediction_tokens": 196512, "loss": {"native": 5.941523398042327, "candidate": 5.941523398042327}}
{"utc": "2026-09-06T12:24:09Z", "stage": "full_validation", "elapsed_seconds": 3.819832680048421, "blocks": 112, "prediction_tokens": 229264, "loss": {"native": 5.928813884542628, "candidate": 5.928813884542628}}
{"utc": "2026-09-06T12:24:09Z", "stage": "full_validation", "elapsed_seconds": 4.060834415024146, "blocks": 128, "prediction_tokens": 262016, "loss": {"native": 5.831156502832246, "candidate": 5.831156502832246}}
{"utc": "2026-09-06T12:24:10Z", "stage": "full_validation", "elapsed_seconds": 4.301767056109384, "blocks": 144, "prediction_tokens": 294768, "loss": {"native": 5.849604330977561, "candidate": 5.849604330977561}}
{"utc": "2026-09-06T12:24:10Z", "stage": "full_validation", "elapsed_seconds": 4.542773659108207, "blocks": 160, "prediction_tokens": 327520, "loss": {"native": 5.855593878033689, "candidate": 5.855593878033689}}
{"utc": "2026-09-06T12:24:10Z", "stage": "full_validation", "elapsed_seconds": 4.784677232149988, "blocks": 176, "prediction_tokens": 360272, "loss": {"native": 5.82820932078532, "candidate": 5.82820932078532}}
{"utc": "2026-09-06T12:24:10Z", "stage": "full_validation", "elapsed_seconds": 5.026167052099481, "blocks": 192, "prediction_tokens": 393024, "loss": {"native": 5.827277839038217, "candidate": 5.827277839038217}}
{"utc": "2026-09-06T12:24:11Z", "stage": "full_validation", "elapsed_seconds": 5.26605423912406, "blocks": 208, "prediction_tokens": 425776, "loss": {"native": 5.853064829303951, "candidate": 5.853064829303951}}
{"utc": "2026-09-06T12:24:11Z", "stage": "full_validation", "elapsed_seconds": 5.5057412860915065, "blocks": 224, "prediction_tokens": 458528, "loss": {"native": 5.860974186903867, "candidate": 5.860974186903867}}
{"utc": "2026-09-06T12:24:11Z", "stage": "full_validation", "elapsed_seconds": 5.7455627541057765, "blocks": 240, "prediction_tokens": 491280, "loss": {"native": 5.845817573123715, "candidate": 5.845817573123715}}
{"utc": "2026-09-06T12:24:11Z", "stage": "full_validation", "elapsed_seconds": 5.986557359108701, "blocks": 256, "prediction_tokens": 524032, "loss": {"native": 5.860577907105685, "candidate": 5.860577907105685}}
{"utc": "2026-09-06T12:24:12Z", "stage": "full_validation", "elapsed_seconds": 6.22762885899283, "blocks": 272, "prediction_tokens": 556784, "loss": {"native": 5.871153765243513, "candidate": 5.871153765243513}}
{"utc": "2026-09-06T12:24:12Z", "stage": "full_validation", "elapsed_seconds": 6.468551044119522, "blocks": 288, "prediction_tokens": 589536, "loss": {"native": 5.85495766628994, "candidate": 5.85495766628994}}
{"utc": "2026-09-06T12:24:12Z", "stage": "full_validation", "elapsed_seconds": 6.709703627042472, "blocks": 304, "prediction_tokens": 622288, "loss": {"native": 5.859802871463605, "candidate": 5.859802871463605}}
{"utc": "2026-09-06T12:24:12Z", "stage": "full_validation", "elapsed_seconds": 6.951219176175073, "blocks": 320, "prediction_tokens": 655040, "loss": {"native": 5.835200507197079, "candidate": 5.835200507197079}}
{"utc": "2026-09-06T12:24:12Z", "stage": "full_validation", "elapsed_seconds": 7.191279153106734, "blocks": 336, "prediction_tokens": 687792, "loss": {"native": 5.828935494539274, "candidate": 5.828935494539274}}
{"utc": "2026-09-06T12:24:15Z", "stage": "complete", "elapsed_seconds": 9.365763745037839, "primary_speedup": 1.8162573235692687, "timing": {"candidate": {"samples": 80, "median_host_ms": 1.4769439585506916, "paired_geomean_speedup": 1.8162573235692687, "input_tokens_per_second": null}, "native": {"samples": 80, "median_host_ms": 2.6823084335774183, "paired_geomean_speedup": 1.0, "input_tokens_per_second": null}}, "qualified": true, "loss": {"native": 5.83130066301001, "candidate": 5.83130066301001}}
Loading weights:   0%|          | 0/76 [00:00<?, ?it/s]Loading weights: 100%|██████████| 76/76 [00:00<00:00, 15646.55it/s]
{"utc": "2026-09-06T12:24:17Z", "stage": "preparing_dense", "elapsed_seconds": 1.020657965913415, "mode": "native"}
{"utc": "2026-09-06T12:24:17Z", "stage": "preparing_candidate", "elapsed_seconds": 1.0238483790308237, "implementation": "k019"}
Loading weights:   0%|          | 0/76 [00:00<?, ?it/s]Loading weights: 100%|██████████| 76/76 [00:00<00:00, 14930.54it/s]
ninja: no work to do.
{"utc": "2026-09-06T12:24:18Z", "stage": "development_quality", "elapsed_seconds": 1.3946723560802639}
{"utc": "2026-09-06T12:24:18Z", "stage": "timing", "elapsed_seconds": 1.7231331809889525, "loss": {"native": 5.700043156954155, "candidate": 5.700043156954155}, "correctness": {"candidate": true, "native": true}}
{"utc": "2026-09-06T12:24:19Z", "stage": "full_validation", "elapsed_seconds": 2.1284517939202487, "loss": {"native": 5.700043156954155, "candidate": 5.700043156954155}}
{"utc": "2026-09-06T12:24:19Z", "stage": "full_validation", "elapsed_seconds": 2.3797805379144847, "blocks": 16, "prediction_tokens": 32752, "loss": {"native": 5.433529643704965, "candidate": 5.433529643704965}}
{"utc": "2026-09-06T12:24:19Z", "stage": "full_validation", "elapsed_seconds": 2.631141379941255, "blocks": 32, "prediction_tokens": 65504, "loss": {"native": 5.4627757032848185, "candidate": 5.4627757032848185}}
{"utc": "2026-09-06T12:24:19Z", "stage": "full_validation", "elapsed_seconds": 2.88262427598238, "blocks": 48, "prediction_tokens": 98256, "loss": {"native": 5.8373225488058615, "candidate": 5.8373225488058615}}
{"utc": "2026-09-06T12:24:20Z", "stage": "full_validation", "elapsed_seconds": 3.1341686740051955, "blocks": 64, "prediction_tokens": 131008, "loss": {"native": 5.963783443061445, "candidate": 5.963783443061445}}
{"utc": "2026-09-06T12:24:20Z", "stage": "full_validation", "elapsed_seconds": 3.3857554469723254, "blocks": 80, "prediction_tokens": 163760, "loss": {"native": 5.932614924398701, "candidate": 5.932614924398701}}
{"utc": "2026-09-06T12:24:20Z", "stage": "full_validation", "elapsed_seconds": 3.6372333851177245, "blocks": 96, "prediction_tokens": 196512, "loss": {"native": 5.941523398042327, "candidate": 5.941523398042327}}
{"utc": "2026-09-06T12:24:20Z", "stage": "full_validation", "elapsed_seconds": 3.888665935024619, "blocks": 112, "prediction_tokens": 229264, "loss": {"native": 5.928813884542628, "candidate": 5.928813884542628}}
{"utc": "2026-09-06T12:24:21Z", "stage": "full_validation", "elapsed_seconds": 4.140134169021621, "blocks": 128, "prediction_tokens": 262016, "loss": {"native": 5.831156502832246, "candidate": 5.831156502832246}}
{"utc": "2026-09-06T12:24:21Z", "stage": "full_validation", "elapsed_seconds": 4.391675041988492, "blocks": 144, "prediction_tokens": 294768, "loss": {"native": 5.849604330977561, "candidate": 5.849604330977561}}
{"utc": "2026-09-06T12:24:21Z", "stage": "full_validation", "elapsed_seconds": 4.643139580031857, "blocks": 160, "prediction_tokens": 327520, "loss": {"native": 5.855593878033689, "candidate": 5.855593878033689}}
{"utc": "2026-09-06T12:24:21Z", "stage": "full_validation", "elapsed_seconds": 4.894372570095584, "blocks": 176, "prediction_tokens": 360272, "loss": {"native": 5.82820932078532, "candidate": 5.82820932078532}}
{"utc": "2026-09-06T12:24:22Z", "stage": "full_validation", "elapsed_seconds": 5.145796097116545, "blocks": 192, "prediction_tokens": 393024, "loss": {"native": 5.827277839038217, "candidate": 5.827277839038217}}
{"utc": "2026-09-06T12:24:22Z", "stage": "full_validation", "elapsed_seconds": 5.397486964939162, "blocks": 208, "prediction_tokens": 425776, "loss": {"native": 5.853064829303951, "candidate": 5.853064829303951}}
{"utc": "2026-09-06T12:24:22Z", "stage": "full_validation", "elapsed_seconds": 5.6495169249828905, "blocks": 224, "prediction_tokens": 458528, "loss": {"native": 5.860974186903867, "candidate": 5.860974186903867}}
{"utc": "2026-09-06T12:24:22Z", "stage": "full_validation", "elapsed_seconds": 5.901023036101833, "blocks": 240, "prediction_tokens": 491280, "loss": {"native": 5.845817573123715, "candidate": 5.845817573123715}}
{"utc": "2026-09-06T12:24:23Z", "stage": "full_validation", "elapsed_seconds": 6.152474204078317, "blocks": 256, "prediction_tokens": 524032, "loss": {"native": 5.860577907105685, "candidate": 5.860577907105685}}
{"utc": "2026-09-06T12:24:23Z", "stage": "full_validation", "elapsed_seconds": 6.40379000804387, "blocks": 272, "prediction_tokens": 556784, "loss": {"native": 5.871153765243513, "candidate": 5.871153765243513}}
{"utc": "2026-09-06T12:24:23Z", "stage": "full_validation", "elapsed_seconds": 6.655341868055984, "blocks": 288, "prediction_tokens": 589536, "loss": {"native": 5.85495766628994, "candidate": 5.85495766628994}}
{"utc": "2026-09-06T12:24:23Z", "stage": "full_validation", "elapsed_seconds": 6.906875200103968, "blocks": 304, "prediction_tokens": 622288, "loss": {"native": 5.859802871463605, "candidate": 5.859802871463605}}
{"utc": "2026-09-06T12:24:24Z", "stage": "full_validation", "elapsed_seconds": 7.158460459904745, "blocks": 320, "prediction_tokens": 655040, "loss": {"native": 5.835200507197079, "candidate": 5.835200507197079}}
{"utc": "2026-09-06T12:24:24Z", "stage": "full_validation", "elapsed_seconds": 7.410734106088057, "blocks": 336, "prediction_tokens": 687792, "loss": {"native": 5.828935494539274, "candidate": 5.828935494539274}}
{"utc": "2026-09-06T12:24:26Z", "stage": "complete", "elapsed_seconds": 9.958366273902357, "primary_speedup": 1.4573666120950768, "timing": {"candidate": {"samples": 80, "median_host_ms": 1.9763705786317587, "paired_geomean_speedup": 1.4573666120950768, "input_tokens_per_second": null}, "native": {"samples": 80, "median_host_ms": 2.8783984016627073, "paired_geomean_speedup": 1.0, "input_tokens_per_second": null}}, "qualified": true, "loss": {"native": 5.83130066301001, "candidate": 5.83130066301001}}
Loading weights:   0%|          | 0/76 [00:00<?, ?it/s]Loading weights: 100%|██████████| 76/76 [00:00<00:00, 16597.27it/s]
{"utc": "2026-09-06T12:24:29Z", "stage": "preparing_dense", "elapsed_seconds": 1.0628240609075874, "mode": "native"}
{"utc": "2026-09-06T12:24:29Z", "stage": "preparing_candidate", "elapsed_seconds": 1.065888033946976, "implementation": "k018"}
Loading weights:   0%|          | 0/76 [00:00<?, ?it/s]Loading weights: 100%|██████████| 76/76 [00:00<00:00, 13495.07it/s]
ninja: no work to do.
{"utc": "2026-09-06T12:24:30Z", "stage": "development_quality", "elapsed_seconds": 1.452622767072171}
{"utc": "2026-09-06T12:24:30Z", "stage": "timing", "elapsed_seconds": 1.7880495900753886, "loss": {"native": 5.700043156954155, "candidate": 5.700043156954155}, "correctness": {"candidate": true, "native": true}}
{"utc": "2026-09-06T12:24:30Z", "stage": "full_validation", "elapsed_seconds": 2.2276537138968706, "loss": {"native": 5.700043156954155, "candidate": 5.700043156954155}}
{"utc": "2026-09-06T12:24:31Z", "stage": "full_validation", "elapsed_seconds": 2.4865419489797205, "blocks": 16, "prediction_tokens": 32752, "loss": {"native": 5.433529643704965, "candidate": 5.433529643704965}}
{"utc": "2026-09-06T12:24:31Z", "stage": "full_validation", "elapsed_seconds": 2.7449428809341043, "blocks": 32, "prediction_tokens": 65504, "loss": {"native": 5.4627757032848185, "candidate": 5.4627757032848185}}
{"utc": "2026-09-06T12:24:31Z", "stage": "full_validation", "elapsed_seconds": 3.0032336870208383, "blocks": 48, "prediction_tokens": 98256, "loss": {"native": 5.8373225488058615, "candidate": 5.8373225488058615}}
{"utc": "2026-09-06T12:24:31Z", "stage": "full_validation", "elapsed_seconds": 3.2615746080409735, "blocks": 64, "prediction_tokens": 131008, "loss": {"native": 5.963783443061445, "candidate": 5.963783443061445}}
{"utc": "2026-09-06T12:24:32Z", "stage": "full_validation", "elapsed_seconds": 3.519875739933923, "blocks": 80, "prediction_tokens": 163760, "loss": {"native": 5.932614924398701, "candidate": 5.932614924398701}}
{"utc": "2026-09-06T12:24:32Z", "stage": "full_validation", "elapsed_seconds": 3.7776076539885253, "blocks": 96, "prediction_tokens": 196512, "loss": {"native": 5.941523398042327, "candidate": 5.941523398042327}}
{"utc": "2026-09-06T12:24:32Z", "stage": "full_validation", "elapsed_seconds": 4.035099626984447, "blocks": 112, "prediction_tokens": 229264, "loss": {"native": 5.928813884542628, "candidate": 5.928813884542628}}
{"utc": "2026-09-06T12:24:32Z", "stage": "full_validation", "elapsed_seconds": 4.292400974081829, "blocks": 128, "prediction_tokens": 262016, "loss": {"native": 5.831156502832246, "candidate": 5.831156502832246}}
{"utc": "2026-09-06T12:24:33Z", "stage": "full_validation", "elapsed_seconds": 4.549865695880726, "blocks": 144, "prediction_tokens": 294768, "loss": {"native": 5.849604330977561, "candidate": 5.849604330977561}}
{"utc": "2026-09-06T12:24:33Z", "stage": "full_validation", "elapsed_seconds": 4.807286080904305, "blocks": 160, "prediction_tokens": 327520, "loss": {"native": 5.855593878033689, "candidate": 5.855593878033689}}
{"utc": "2026-09-06T12:24:33Z", "stage": "full_validation", "elapsed_seconds": 5.065060168970376, "blocks": 176, "prediction_tokens": 360272, "loss": {"native": 5.82820932078532, "candidate": 5.82820932078532}}
{"utc": "2026-09-06T12:24:33Z", "stage": "full_validation", "elapsed_seconds": 5.322897031903267, "blocks": 192, "prediction_tokens": 393024, "loss": {"native": 5.827277839038217, "candidate": 5.827277839038217}}
{"utc": "2026-09-06T12:24:34Z", "stage": "full_validation", "elapsed_seconds": 5.580970511073247, "blocks": 208, "prediction_tokens": 425776, "loss": {"native": 5.853064829303951, "candidate": 5.853064829303951}}
{"utc": "2026-09-06T12:24:34Z", "stage": "full_validation", "elapsed_seconds": 5.839202547911555, "blocks": 224, "prediction_tokens": 458528, "loss": {"native": 5.860974186903867, "candidate": 5.860974186903867}}
{"utc": "2026-09-06T12:24:34Z", "stage": "full_validation", "elapsed_seconds": 6.097465292084962, "blocks": 240, "prediction_tokens": 491280, "loss": {"native": 5.845817573123715, "candidate": 5.845817573123715}}
{"utc": "2026-09-06T12:24:34Z", "stage": "full_validation", "elapsed_seconds": 6.355729738017544, "blocks": 256, "prediction_tokens": 524032, "loss": {"native": 5.860577907105685, "candidate": 5.860577907105685}}
{"utc": "2026-09-06T12:24:35Z", "stage": "full_validation", "elapsed_seconds": 6.613864067941904, "blocks": 272, "prediction_tokens": 556784, "loss": {"native": 5.871153765243513, "candidate": 5.871153765243513}}
{"utc": "2026-09-06T12:24:35Z", "stage": "full_validation", "elapsed_seconds": 6.871989184990525, "blocks": 288, "prediction_tokens": 589536, "loss": {"native": 5.85495766628994, "candidate": 5.85495766628994}}
{"utc": "2026-09-06T12:24:35Z", "stage": "full_validation", "elapsed_seconds": 7.129950363887474, "blocks": 304, "prediction_tokens": 622288, "loss": {"native": 5.859802871463605, "candidate": 5.859802871463605}}
{"utc": "2026-09-06T12:24:35Z", "stage": "full_validation", "elapsed_seconds": 7.388630958041176, "blocks": 320, "prediction_tokens": 655040, "loss": {"native": 5.835200507197079, "candidate": 5.835200507197079}}
{"utc": "2026-09-06T12:24:36Z", "stage": "full_validation", "elapsed_seconds": 7.646602048072964, "blocks": 336, "prediction_tokens": 687792, "loss": {"native": 5.828935494539274, "candidate": 5.828935494539274}}
{"utc": "2026-09-06T12:24:38Z", "stage": "complete", "elapsed_seconds": 10.37831085594371, "primary_speedup": 1.177680566741579, "timing": {"candidate": {"samples": 80, "median_host_ms": 2.4217315949499607, "paired_geomean_speedup": 1.177680566741579, "input_tokens_per_second": null}, "native": {"samples": 80, "median_host_ms": 2.848639152944088, "paired_geomean_speedup": 1.0, "input_tokens_per_second": null}}, "qualified": true, "loss": {"native": 5.83130066301001, "candidate": 5.83130066301001}}
19 iterations recorded
