Loading weights:   0%|          | 0/76 [00:00<?, ?it/s]Loading weights: 100%|██████████| 76/76 [00:00<00:00, 14430.38it/s]
{"utc": "2026-09-06T12:11:57Z", "stage": "preparing_dense", "elapsed_seconds": 1.3234206619672477, "mode": "native"}
{"utc": "2026-09-06T12:11:57Z", "stage": "preparing_dense", "elapsed_seconds": 1.3275011780206114, "mode": "graph"}
{"utc": "2026-09-06T12:11:57Z", "stage": "preparing_dense", "elapsed_seconds": 1.387791955145076, "mode": "compile_reduce_overhead"}
Loading weights:   0%|          | 0/76 [00:00<?, ?it/s]Loading weights: 100%|██████████| 76/76 [00:00<00:00, 14092.27it/s]
/workspace/sparsity-spillover/runs/026-2026-09-06-pythia14m-fused-sparse-kernel/runtime/venv/lib/python3.12/site-packages/torch/_inductor/compile_fx.py:322: UserWarning: TensorFloat32 tensor cores for float32 matrix multiplication available but not enabled. Consider setting `torch.set_float32_matmul_precision('high')` for better performance.
  warnings.warn(
{"utc": "2026-09-06T12:12:04Z", "stage": "preparing_dense", "elapsed_seconds": 8.123022475047037, "mode": "compile_max_autotune"}
Loading weights:   0%|          | 0/76 [00:00<?, ?it/s]Loading weights: 100%|██████████| 76/76 [00:00<00:00, 14296.41it/s]
{"utc": "2026-09-06T12:12:20Z", "stage": "development_quality", "elapsed_seconds": 24.136711969971657}
{"utc": "2026-09-06T12:12:21Z", "stage": "timing", "elapsed_seconds": 24.84182213107124, "loss": {"native": 5.700043156954155, "graph": 5.7000058858523905, "compile_reduce_overhead": 5.700005796401746, "compile_max_autotune": 5.700005766584865}, "correctness": {"graph": false, "compile_reduce_overhead": false, "compile_max_autotune": false, "native": true}}
/workspace/sparsity-spillover/runs/026-2026-09-06-pythia14m-fused-sparse-kernel/runtime/venv/lib/python3.12/site-packages/torch/profiler/profiler.py:224: UserWarning: Warning: Profiler clears events at the end of each cycle.Only events from the current cycle will be reported.To keep events across cycles, set acc_events=True.
  _warn_once(
{"utc": "2026-09-06T12:12:21Z", "stage": "full_validation", "elapsed_seconds": 25.572770714061335, "loss": {"native": 5.700043156954155, "graph": 5.7000058858523905, "compile_reduce_overhead": 5.700005796401746, "compile_max_autotune": 5.700005766584865}}
{"utc": "2026-09-06T12:12:22Z", "stage": "full_validation", "elapsed_seconds": 26.191508138086647, "blocks": 16, "prediction_tokens": 32752, "loss": {"native": 5.433529643704965, "graph": 5.433588561862634, "compile_reduce_overhead": 5.433587399004259, "compile_max_autotune": 5.433587458638022}}
{"utc": "2026-09-06T12:12:23Z", "stage": "full_validation", "elapsed_seconds": 26.810331392101943, "blocks": 32, "prediction_tokens": 65504, "loss": {"native": 5.4627757032848185, "graph": 5.46291955482919, "compile_reduce_overhead": 5.462919189572393, "compile_max_autotune": 5.462919234297715}}
{"utc": "2026-09-06T12:12:23Z", "stage": "full_validation", "elapsed_seconds": 27.429197389166802, "blocks": 48, "prediction_tokens": 98256, "loss": {"native": 5.8373225488058615, "graph": 5.8374227136494845, "compile_reduce_overhead": 5.837422808069609, "compile_max_autotune": 5.837423493857881}}
{"utc": "2026-09-06T12:12:24Z", "stage": "full_validation", "elapsed_seconds": 28.04788099299185, "blocks": 64, "prediction_tokens": 131008, "loss": {"native": 5.963783443061445, "graph": 5.96385852196884, "compile_reduce_overhead": 5.963858495879069, "compile_max_autotune": 5.96385915185046}}
{"utc": "2026-09-06T12:12:24Z", "stage": "full_validation", "elapsed_seconds": 28.666479658102617, "blocks": 80, "prediction_tokens": 163760, "loss": {"native": 5.932614924398701, "graph": 5.932662559848445, "compile_reduce_overhead": 5.93266250319637, "compile_max_autotune": 5.932663081643869}}
{"utc": "2026-09-06T12:12:25Z", "stage": "full_validation", "elapsed_seconds": 29.28538152994588, "blocks": 96, "prediction_tokens": 196512, "loss": {"native": 5.941523398042327, "graph": 5.94154689871436, "compile_reduce_overhead": 5.9415468763516985, "compile_max_autotune": 5.941547288818558}}
{"utc": "2026-09-06T12:12:26Z", "stage": "full_validation", "elapsed_seconds": 29.90463179606013, "blocks": 112, "prediction_tokens": 229264, "loss": {"native": 5.928813884542628, "graph": 5.928830130483444, "compile_reduce_overhead": 5.928830213544757, "compile_max_autotune": 5.9288305713473335}}
{"utc": "2026-09-06T12:12:26Z", "stage": "full_validation", "elapsed_seconds": 30.52499199495651, "blocks": 128, "prediction_tokens": 262016, "loss": {"native": 5.831156502832246, "graph": 5.831165807562802, "compile_reduce_overhead": 5.831166631254151, "compile_max_autotune": 5.831166948058516}}
{"utc": "2026-09-06T12:12:27Z", "stage": "full_validation", "elapsed_seconds": 31.143814026145265, "blocks": 144, "prediction_tokens": 294768, "loss": {"native": 5.849604330977561, "graph": 5.849606085204084, "compile_reduce_overhead": 5.849606963145592, "compile_max_autotune": 5.8496072646273936}}
{"utc": "2026-09-06T12:12:28Z", "stage": "full_validation", "elapsed_seconds": 31.762506323168054, "blocks": 160, "prediction_tokens": 327520, "loss": {"native": 5.855593878033689, "graph": 5.855587695503328, "compile_reduce_overhead": 5.855588539321072, "compile_max_autotune": 5.855588807673005}}
{"utc": "2026-09-06T12:12:28Z", "stage": "full_validation", "elapsed_seconds": 32.38125308114104, "blocks": 176, "prediction_tokens": 360272, "loss": {"native": 5.82820932078532, "graph": 5.828214067090715, "compile_reduce_overhead": 5.82821487485714, "compile_max_autotune": 5.828215107970939}}
{"utc": "2026-09-06T12:12:29Z", "stage": "full_validation", "elapsed_seconds": 33.000767215155065, "blocks": 192, "prediction_tokens": 393024, "loss": {"native": 5.827277839038217, "graph": 5.82727704392138, "compile_reduce_overhead": 5.827277784373934, "compile_max_autotune": 5.827277990607365}}
{"utc": "2026-09-06T12:12:29Z", "stage": "full_validation", "elapsed_seconds": 33.620230422122404, "blocks": 208, "prediction_tokens": 425776, "loss": {"native": 5.853064829303951, "graph": 5.853064788019037, "compile_reduce_overhead": 5.853065517385829, "compile_max_autotune": 5.853065684819086}}
{"utc": "2026-09-06T12:12:30Z", "stage": "full_validation", "elapsed_seconds": 34.25168940494768, "blocks": 224, "prediction_tokens": 458528, "loss": {"native": 5.860974186903867, "graph": 5.860968841162985, "compile_reduce_overhead": 5.860969573806357, "compile_max_autotune": 5.8609697356694275}}
{"utc": "2026-09-06T12:12:31Z", "stage": "full_validation", "elapsed_seconds": 34.87086918507703, "blocks": 240, "prediction_tokens": 491280, "loss": {"native": 5.845817573123715, "graph": 5.845815044652172, "compile_reduce_overhead": 5.8458157463427805, "compile_max_autotune": 5.845815893439395}}
{"utc": "2026-09-06T12:12:31Z", "stage": "full_validation", "elapsed_seconds": 35.490273053059354, "blocks": 256, "prediction_tokens": 524032, "loss": {"native": 5.860577907105685, "graph": 5.860573868781809, "compile_reduce_overhead": 5.8605741184981905, "compile_max_autotune": 5.860574248947047}}
{"utc": "2026-09-06T12:12:32Z", "stage": "full_validation", "elapsed_seconds": 36.108385316096246, "blocks": 272, "prediction_tokens": 556784, "loss": {"native": 5.871153765243513, "graph": 5.871152581337927, "compile_reduce_overhead": 5.871152830396583, "compile_max_autotune": 5.871152972465254}}
{"utc": "2026-09-06T12:12:33Z", "stage": "full_validation", "elapsed_seconds": 36.7276616320014, "blocks": 288, "prediction_tokens": 589536, "loss": {"native": 5.85495766628994, "graph": 5.854959582852818, "compile_reduce_overhead": 5.854959824700856, "compile_max_autotune": 5.854959960533316}}
{"utc": "2026-09-06T12:12:33Z", "stage": "full_validation", "elapsed_seconds": 37.346706117969006, "blocks": 304, "prediction_tokens": 622288, "loss": {"native": 5.859802871463605, "graph": 5.85980618584537, "compile_reduce_overhead": 5.859806471459708, "compile_max_autotune": 5.859806601712401}}
{"utc": "2026-09-06T12:12:34Z", "stage": "full_validation", "elapsed_seconds": 37.96602767216973, "blocks": 320, "prediction_tokens": 655040, "loss": {"native": 5.835200507197079, "graph": 5.835202599596733, "compile_reduce_overhead": 5.835202850058536, "compile_max_autotune": 5.835202963362686}}
{"utc": "2026-09-06T12:12:34Z", "stage": "full_validation", "elapsed_seconds": 38.58507412113249, "blocks": 336, "prediction_tokens": 687792, "loss": {"native": 5.828935494539274, "graph": 5.828938825510883, "compile_reduce_overhead": 5.828939073274969, "compile_max_autotune": 5.828939175504277}}
{"utc": "2026-09-06T12:12:34Z", "stage": "complete", "elapsed_seconds": 38.67062039417215, "primary_speedup": 1.0, "timing": {"compile_reduce_overhead": {"samples": 80, "median_host_ms": 1.0992460884153843, "paired_geomean_speedup": 3.9252731573375432, "input_tokens_per_second": null}, "compile_max_autotune": {"samples": 80, "median_host_ms": 1.0256189852952957, "paired_geomean_speedup": 4.202511203690753, "input_tokens_per_second": null}, "graph": {"samples": 80, "median_host_ms": 1.3956819893792272, "paired_geomean_speedup": 3.08732479933976, "input_tokens_per_second": null}, "native": {"samples": 80, "median_host_ms": 4.304737551137805, "paired_geomean_speedup": 1.0, "input_tokens_per_second": null}}, "qualified": true, "loss": {"native": 5.83130066301001, "graph": 5.831301560692215, "compile_reduce_overhead": 5.831301808401691, "compile_max_autotune": 5.831301917083342}}
[1/2] /usr/local/cuda/bin/nvcc -MD -MF kernel.cuda.o.d -DTORCH_EXTENSION_NAME=run026_k018_10a320043775 -DTORCH_API_INCLUDE_EXTENSION_H -isystem /workspace/sparsity-spillover/runs/026-2026-09-06-pythia14m-fused-sparse-kernel/runtime/venv/lib/python3.12/site-packages/torch/include -isystem /workspace/sparsity-spillover/runs/026-2026-09-06-pythia14m-fused-sparse-kernel/runtime/venv/lib/python3.12/site-packages/torch/include/torch/csrc/api/include -isystem /usr/local/cuda/include -isystem /usr/include/python3.12 -D__CUDA_NO_HALF_OPERATORS__ -D__CUDA_NO_HALF_CONVERSIONS__ -D__CUDA_NO_BFLOAT16_CONVERSIONS__ -D__CUDA_NO_HALF2_OPERATORS__ --expt-relaxed-constexpr -gencode=arch=compute_120,code=sm_120 --compiler-options '-fPIC' -O3 -lineinfo -std=c++17 -c /workspace/sparsity-spillover/runs/026-2026-09-06-pythia14m-fused-sparse-kernel/autoresearch/candidates/k018/kernel.cu -o kernel.cuda.o 
[2/2] c++ kernel.cuda.o -shared -L/workspace/sparsity-spillover/runs/026-2026-09-06-pythia14m-fused-sparse-kernel/runtime/venv/lib/python3.12/site-packages/torch/lib -lc10 -lc10_cuda -ltorch_cpu -ltorch_cuda -ltorch -ltorch_python -L/usr/local/cuda/lib64 -lcudart -o run026_k018_10a320043775.so
K018 16/16 passed
Loading weights:   0%|          | 0/76 [00:00<?, ?it/s]Loading weights: 100%|██████████| 76/76 [00:00<00:00, 21693.69it/s]
{"utc": "2026-09-06T12:13:09Z", "stage": "preparing_dense", "elapsed_seconds": 1.2673008958809078, "mode": "native"}
{"utc": "2026-09-06T12:13:09Z", "stage": "preparing_dense", "elapsed_seconds": 1.2711056959815323, "mode": "graph"}
{"utc": "2026-09-06T12:13:09Z", "stage": "preparing_candidate", "elapsed_seconds": 1.3325090589933097, "implementation": "k018"}
Loading weights:   0%|          | 0/76 [00:00<?, ?it/s]Loading weights: 100%|██████████| 76/76 [00:00<00:00, 15133.27it/s]
ninja: no work to do.
{"utc": "2026-09-06T12:13:10Z", "stage": "development_quality", "elapsed_seconds": 1.5550432340241969}
{"utc": "2026-09-06T12:13:10Z", "stage": "timing", "elapsed_seconds": 2.0786785050295293, "loss": {"native": 5.700043156954155, "graph": 5.7000058858523905, "candidate": 5.700043156954155}, "correctness": {"graph": false, "candidate": true, "native": true}}
/workspace/sparsity-spillover/runs/026-2026-09-06-pythia14m-fused-sparse-kernel/runtime/venv/lib/python3.12/site-packages/torch/profiler/profiler.py:224: UserWarning: Warning: Profiler clears events at the end of each cycle.Only events from the current cycle will be reported.To keep events across cycles, set acc_events=True.
  _warn_once(
{"utc": "2026-09-06T12:13:11Z", "stage": "full_validation", "elapsed_seconds": 3.0014899629168212, "loss": {"native": 5.700043156954155, "graph": 5.7000058858523905, "candidate": 5.700043156954155}}
{"utc": "2026-09-06T12:13:12Z", "stage": "full_validation", "elapsed_seconds": 3.4846091370563954, "blocks": 16, "prediction_tokens": 32752, "loss": {"native": 5.433529643704965, "graph": 5.433588561862634, "candidate": 5.433529643704965}}
{"utc": "2026-09-06T12:13:12Z", "stage": "full_validation", "elapsed_seconds": 3.9665504270233214, "blocks": 32, "prediction_tokens": 65504, "loss": {"native": 5.4627757032848185, "graph": 5.46291955482919, "candidate": 5.4627757032848185}}
{"utc": "2026-09-06T12:13:13Z", "stage": "full_validation", "elapsed_seconds": 4.448403003858402, "blocks": 48, "prediction_tokens": 98256, "loss": {"native": 5.8373225488058615, "graph": 5.8374227136494845, "candidate": 5.8373225488058615}}
{"utc": "2026-09-06T12:13:13Z", "stage": "full_validation", "elapsed_seconds": 4.931308325845748, "blocks": 64, "prediction_tokens": 131008, "loss": {"native": 5.963783443061445, "graph": 5.96385852196884, "candidate": 5.963783443061445}}
{"utc": "2026-09-06T12:13:14Z", "stage": "full_validation", "elapsed_seconds": 5.413007542025298, "blocks": 80, "prediction_tokens": 163760, "loss": {"native": 5.932614924398701, "graph": 5.932662559848445, "candidate": 5.932614924398701}}
{"utc": "2026-09-06T12:13:14Z", "stage": "full_validation", "elapsed_seconds": 5.896038952982053, "blocks": 96, "prediction_tokens": 196512, "loss": {"native": 5.941523398042327, "graph": 5.94154689871436, "candidate": 5.941523398042327}}
{"utc": "2026-09-06T12:13:14Z", "stage": "full_validation", "elapsed_seconds": 6.377703065983951, "blocks": 112, "prediction_tokens": 229264, "loss": {"native": 5.928813884542628, "graph": 5.928830130483444, "candidate": 5.928813884542628}}
{"utc": "2026-09-06T12:13:15Z", "stage": "full_validation", "elapsed_seconds": 6.859866239828989, "blocks": 128, "prediction_tokens": 262016, "loss": {"native": 5.831156502832246, "graph": 5.831165807562802, "candidate": 5.831156502832246}}
{"utc": "2026-09-06T12:13:15Z", "stage": "full_validation", "elapsed_seconds": 7.3417976659256965, "blocks": 144, "prediction_tokens": 294768, "loss": {"native": 5.849604330977561, "graph": 5.849606085204084, "candidate": 5.849604330977561}}
{"utc": "2026-09-06T12:13:16Z", "stage": "full_validation", "elapsed_seconds": 7.823636951856315, "blocks": 160, "prediction_tokens": 327520, "loss": {"native": 5.855593878033689, "graph": 5.855587695503328, "candidate": 5.855593878033689}}
{"utc": "2026-09-06T12:13:16Z", "stage": "full_validation", "elapsed_seconds": 8.305316387908533, "blocks": 176, "prediction_tokens": 360272, "loss": {"native": 5.82820932078532, "graph": 5.828214067090715, "candidate": 5.82820932078532}}
{"utc": "2026-09-06T12:13:17Z", "stage": "full_validation", "elapsed_seconds": 8.786666478030384, "blocks": 192, "prediction_tokens": 393024, "loss": {"native": 5.827277839038217, "graph": 5.82727704392138, "candidate": 5.827277839038217}}
{"utc": "2026-09-06T12:13:17Z", "stage": "full_validation", "elapsed_seconds": 9.270194869022816, "blocks": 208, "prediction_tokens": 425776, "loss": {"native": 5.853064829303951, "graph": 5.853064788019037, "candidate": 5.853064829303951}}
{"utc": "2026-09-06T12:13:18Z", "stage": "full_validation", "elapsed_seconds": 9.751960864989087, "blocks": 224, "prediction_tokens": 458528, "loss": {"native": 5.860974186903867, "graph": 5.860968841162985, "candidate": 5.860974186903867}}
{"utc": "2026-09-06T12:13:18Z", "stage": "full_validation", "elapsed_seconds": 10.23345496202819, "blocks": 240, "prediction_tokens": 491280, "loss": {"native": 5.845817573123715, "graph": 5.845815044652172, "candidate": 5.845817573123715}}
{"utc": "2026-09-06T12:13:19Z", "stage": "full_validation", "elapsed_seconds": 10.715355509892106, "blocks": 256, "prediction_tokens": 524032, "loss": {"native": 5.860577907105685, "graph": 5.860573868781809, "candidate": 5.860577907105685}}
{"utc": "2026-09-06T12:13:19Z", "stage": "full_validation", "elapsed_seconds": 11.197458183858544, "blocks": 272, "prediction_tokens": 556784, "loss": {"native": 5.871153765243513, "graph": 5.871152581337927, "candidate": 5.871153765243513}}
{"utc": "2026-09-06T12:13:20Z", "stage": "full_validation", "elapsed_seconds": 11.679778083926067, "blocks": 288, "prediction_tokens": 589536, "loss": {"native": 5.85495766628994, "graph": 5.854959582852818, "candidate": 5.85495766628994}}
{"utc": "2026-09-06T12:13:20Z", "stage": "full_validation", "elapsed_seconds": 12.163449118845165, "blocks": 304, "prediction_tokens": 622288, "loss": {"native": 5.859802871463605, "graph": 5.85980618584537, "candidate": 5.859802871463605}}
{"utc": "2026-09-06T12:13:21Z", "stage": "full_validation", "elapsed_seconds": 12.645829079905525, "blocks": 320, "prediction_tokens": 655040, "loss": {"native": 5.835200507197079, "graph": 5.835202599596733, "candidate": 5.835200507197079}}
{"utc": "2026-09-06T12:13:21Z", "stage": "full_validation", "elapsed_seconds": 13.127536567859352, "blocks": 336, "prediction_tokens": 687792, "loss": {"native": 5.828935494539274, "graph": 5.828938825510883, "candidate": 5.828935494539274}}
{"utc": "2026-09-06T12:13:21Z", "stage": "complete", "elapsed_seconds": 13.192989118862897, "primary_speedup": 1.3411298599189487, "timing": {"candidate": {"samples": 80, "median_host_ms": 3.0617511365562677, "paired_geomean_speedup": 1.3411298599189487, "input_tokens_per_second": null}, "graph": {"samples": 80, "median_host_ms": 1.3904239749535918, "paired_geomean_speedup": 2.9680743607315376, "input_tokens_per_second": null}, "native": {"samples": 80, "median_host_ms": 4.115402465686202, "paired_geomean_speedup": 1.0, "input_tokens_per_second": null}}, "qualified": true, "loss": {"native": 5.83130066301001, "graph": 5.831301560692215, "candidate": 5.83130066301001}}
Loading weights:   0%|          | 0/76 [00:00<?, ?it/s]Loading weights: 100%|██████████| 76/76 [00:00<00:00, 29073.98it/s]
{"utc": "2026-09-06T12:13:24Z", "stage": "preparing_dense", "elapsed_seconds": 1.3186827469617128, "mode": "native"}
{"utc": "2026-09-06T12:13:24Z", "stage": "preparing_dense", "elapsed_seconds": 1.3217070519458503, "mode": "graph"}
{"utc": "2026-09-06T12:13:24Z", "stage": "preparing_candidate", "elapsed_seconds": 1.382650882937014, "implementation": "k018"}
Loading weights:   0%|          | 0/76 [00:00<?, ?it/s]Loading weights: 100%|██████████| 76/76 [00:00<00:00, 16110.74it/s]
ninja: no work to do.
{"utc": "2026-09-06T12:13:25Z", "stage": "development_quality", "elapsed_seconds": 1.5466530588455498}
{"utc": "2026-09-06T12:13:25Z", "stage": "timing", "elapsed_seconds": 2.0728297168388963, "loss": {"native": 5.700043156954155, "graph": 5.7000058858523905, "candidate": 5.7000058858523905}, "correctness": {"graph": false, "candidate": false, "native": true}}
/workspace/sparsity-spillover/runs/026-2026-09-06-pythia14m-fused-sparse-kernel/runtime/venv/lib/python3.12/site-packages/torch/profiler/profiler.py:224: UserWarning: Warning: Profiler clears events at the end of each cycle.Only events from the current cycle will be reported.To keep events across cycles, set acc_events=True.
  _warn_once(
{"utc": "2026-09-06T12:13:26Z", "stage": "full_validation", "elapsed_seconds": 2.7626517140306532, "loss": {"native": 5.700043156954155, "graph": 5.7000058858523905, "candidate": 5.7000058858523905}}
{"utc": "2026-09-06T12:13:26Z", "stage": "full_validation", "elapsed_seconds": 3.210153207881376, "blocks": 16, "prediction_tokens": 32752, "loss": {"native": 5.433529643704965, "graph": 5.433588561862634, "candidate": 5.433588561862634}}
{"utc": "2026-09-06T12:13:27Z", "stage": "full_validation", "elapsed_seconds": 3.6574999899603426, "blocks": 32, "prediction_tokens": 65504, "loss": {"native": 5.4627757032848185, "graph": 5.46291955482919, "candidate": 5.46291955482919}}
{"utc": "2026-09-06T12:13:27Z", "stage": "full_validation", "elapsed_seconds": 4.1051611439324915, "blocks": 48, "prediction_tokens": 98256, "loss": {"native": 5.8373225488058615, "graph": 5.8374227136494845, "candidate": 5.8374227136494845}}
{"utc": "2026-09-06T12:13:28Z", "stage": "full_validation", "elapsed_seconds": 4.552618651883677, "blocks": 64, "prediction_tokens": 131008, "loss": {"native": 5.963783443061445, "graph": 5.96385852196884, "candidate": 5.96385852196884}}
{"utc": "2026-09-06T12:13:28Z", "stage": "full_validation", "elapsed_seconds": 4.999752823030576, "blocks": 80, "prediction_tokens": 163760, "loss": {"native": 5.932614924398701, "graph": 5.932662559848445, "candidate": 5.932662559848445}}
{"utc": "2026-09-06T12:13:28Z", "stage": "full_validation", "elapsed_seconds": 5.4472052729688585, "blocks": 96, "prediction_tokens": 196512, "loss": {"native": 5.941523398042327, "graph": 5.94154689871436, "candidate": 5.94154689871436}}
{"utc": "2026-09-06T12:13:29Z", "stage": "full_validation", "elapsed_seconds": 5.894759856862947, "blocks": 112, "prediction_tokens": 229264, "loss": {"native": 5.928813884542628, "graph": 5.928830130483444, "candidate": 5.928830130483444}}
{"utc": "2026-09-06T12:13:29Z", "stage": "full_validation", "elapsed_seconds": 6.342038835864514, "blocks": 128, "prediction_tokens": 262016, "loss": {"native": 5.831156502832246, "graph": 5.831165807562802, "candidate": 5.831165807562802}}
{"utc": "2026-09-06T12:13:30Z", "stage": "full_validation", "elapsed_seconds": 6.789938669884577, "blocks": 144, "prediction_tokens": 294768, "loss": {"native": 5.849604330977561, "graph": 5.849606085204084, "candidate": 5.849606085204084}}
{"utc": "2026-09-06T12:13:30Z", "stage": "full_validation", "elapsed_seconds": 7.239049969008192, "blocks": 160, "prediction_tokens": 327520, "loss": {"native": 5.855593878033689, "graph": 5.855587695503328, "candidate": 5.855587695503328}}
{"utc": "2026-09-06T12:13:31Z", "stage": "full_validation", "elapsed_seconds": 7.686831885017455, "blocks": 176, "prediction_tokens": 360272, "loss": {"native": 5.82820932078532, "graph": 5.828214067090715, "candidate": 5.828214067090715}}
{"utc": "2026-09-06T12:13:31Z", "stage": "full_validation", "elapsed_seconds": 8.134625219041482, "blocks": 192, "prediction_tokens": 393024, "loss": {"native": 5.827277839038217, "graph": 5.82727704392138, "candidate": 5.82727704392138}}
{"utc": "2026-09-06T12:13:32Z", "stage": "full_validation", "elapsed_seconds": 8.585430908948183, "blocks": 208, "prediction_tokens": 425776, "loss": {"native": 5.853064829303951, "graph": 5.853064788019037, "candidate": 5.853064788019037}}
{"utc": "2026-09-06T12:13:32Z", "stage": "full_validation", "elapsed_seconds": 9.032897209981456, "blocks": 224, "prediction_tokens": 458528, "loss": {"native": 5.860974186903867, "graph": 5.860968841162985, "candidate": 5.860968841162985}}
{"utc": "2026-09-06T12:13:33Z", "stage": "full_validation", "elapsed_seconds": 9.480270430911332, "blocks": 240, "prediction_tokens": 491280, "loss": {"native": 5.845817573123715, "graph": 5.845815044652172, "candidate": 5.845815044652172}}
{"utc": "2026-09-06T12:13:33Z", "stage": "full_validation", "elapsed_seconds": 9.929322561016306, "blocks": 256, "prediction_tokens": 524032, "loss": {"native": 5.860577907105685, "graph": 5.860573868781809, "candidate": 5.860573868781809}}
{"utc": "2026-09-06T12:13:33Z", "stage": "full_validation", "elapsed_seconds": 10.376369048841298, "blocks": 272, "prediction_tokens": 556784, "loss": {"native": 5.871153765243513, "graph": 5.871152581337927, "candidate": 5.871152581337927}}
{"utc": "2026-09-06T12:13:34Z", "stage": "full_validation", "elapsed_seconds": 10.82373086293228, "blocks": 288, "prediction_tokens": 589536, "loss": {"native": 5.85495766628994, "graph": 5.854959582852818, "candidate": 5.854959582852818}}
{"utc": "2026-09-06T12:13:34Z", "stage": "full_validation", "elapsed_seconds": 11.270978334825486, "blocks": 304, "prediction_tokens": 622288, "loss": {"native": 5.859802871463605, "graph": 5.85980618584537, "candidate": 5.85980618584537}}
{"utc": "2026-09-06T12:13:35Z", "stage": "full_validation", "elapsed_seconds": 11.718359987949952, "blocks": 320, "prediction_tokens": 655040, "loss": {"native": 5.835200507197079, "graph": 5.835202599596733, "candidate": 5.835202599596733}}
{"utc": "2026-09-06T12:13:35Z", "stage": "full_validation", "elapsed_seconds": 12.165996104944497, "blocks": 336, "prediction_tokens": 687792, "loss": {"native": 5.828935494539274, "graph": 5.828938825510883, "candidate": 5.828938825510883}}
{"utc": "2026-09-06T12:13:35Z", "stage": "complete", "elapsed_seconds": 12.227514110971242, "primary_speedup": 3.1289404266757446, "timing": {"candidate": {"samples": 80, "median_host_ms": 1.3229375472292304, "paired_geomean_speedup": 3.1289404266757446, "input_tokens_per_second": null}, "graph": {"samples": 80, "median_host_ms": 1.3940994394943118, "paired_geomean_speedup": 2.9680413403522086, "input_tokens_per_second": null}, "native": {"samples": 80, "median_host_ms": 4.137295996770263, "paired_geomean_speedup": 1.0, "input_tokens_per_second": null}}, "qualified": false, "loss": {"native": 5.83130066301001, "graph": 5.831301560692215, "candidate": 5.831301560692215}}
7 iterations recorded
