Loading weights:   0%|          | 0/76 [00:00<?, ?it/s]Loading weights: 100%|██████████| 76/76 [00:00<00:00, 17546.49it/s]
{"utc": "2026-09-06T12:19:33Z", "stage": "preparing_dense", "elapsed_seconds": 1.1231420941185206, "mode": "native"}
{"utc": "2026-09-06T12:19:33Z", "stage": "preparing_dense", "elapsed_seconds": 1.1271473069209605, "mode": "graph"}
{"utc": "2026-09-06T12:19:33Z", "stage": "preparing_candidate", "elapsed_seconds": 1.4136746749281883, "implementation": "k019"}
Loading weights:   0%|          | 0/76 [00:00<?, ?it/s]Loading weights: 100%|██████████| 76/76 [00:00<00:00, 14863.71it/s]
ninja: no work to do.
ninja: no work to do.
{"utc": "2026-09-06T12:19:33Z", "stage": "development_quality", "elapsed_seconds": 1.6588644690345973}
{"utc": "2026-09-06T12:19:34Z", "stage": "timing", "elapsed_seconds": 2.1843322499189526, "loss": {"native": 5.700043156954155, "graph": 5.7000058858523905, "candidate": 5.700043156954155}, "correctness": {"graph": false, "candidate": true, "native": true}}
/workspace/sparsity-spillover/runs/026-2026-09-06-pythia14m-fused-sparse-kernel/runtime/venv/lib/python3.12/site-packages/torch/profiler/profiler.py:224: UserWarning: Warning: Profiler clears events at the end of each cycle.Only events from the current cycle will be reported.To keep events across cycles, set acc_events=True.
  _warn_once(
{"utc": "2026-09-06T12:19:34Z", "stage": "full_validation", "elapsed_seconds": 2.9564450359903276, "loss": {"native": 5.700043156954155, "graph": 5.7000058858523905, "candidate": 5.700043156954155}}
{"utc": "2026-09-06T12:19:35Z", "stage": "full_validation", "elapsed_seconds": 3.426542659988627, "blocks": 16, "prediction_tokens": 32752, "loss": {"native": 5.433529643704965, "graph": 5.433588561862634, "candidate": 5.433529643704965}}
{"utc": "2026-09-06T12:19:35Z", "stage": "full_validation", "elapsed_seconds": 3.8971950591076165, "blocks": 32, "prediction_tokens": 65504, "loss": {"native": 5.4627757032848185, "graph": 5.46291955482919, "candidate": 5.4627757032848185}}
{"utc": "2026-09-06T12:19:36Z", "stage": "full_validation", "elapsed_seconds": 4.368406540015712, "blocks": 48, "prediction_tokens": 98256, "loss": {"native": 5.8373225488058615, "graph": 5.8374227136494845, "candidate": 5.8373225488058615}}
{"utc": "2026-09-06T12:19:36Z", "stage": "full_validation", "elapsed_seconds": 4.839369958033785, "blocks": 64, "prediction_tokens": 131008, "loss": {"native": 5.963783443061445, "graph": 5.96385852196884, "candidate": 5.963783443061445}}
{"utc": "2026-09-06T12:19:37Z", "stage": "full_validation", "elapsed_seconds": 5.3115173280239105, "blocks": 80, "prediction_tokens": 163760, "loss": {"native": 5.932614924398701, "graph": 5.932662559848445, "candidate": 5.932614924398701}}
{"utc": "2026-09-06T12:19:37Z", "stage": "full_validation", "elapsed_seconds": 5.782612433889881, "blocks": 96, "prediction_tokens": 196512, "loss": {"native": 5.941523398042327, "graph": 5.94154689871436, "candidate": 5.941523398042327}}
{"utc": "2026-09-06T12:19:38Z", "stage": "full_validation", "elapsed_seconds": 6.253205393906683, "blocks": 112, "prediction_tokens": 229264, "loss": {"native": 5.928813884542628, "graph": 5.928830130483444, "candidate": 5.928813884542628}}
{"utc": "2026-09-06T12:19:38Z", "stage": "full_validation", "elapsed_seconds": 6.7235668550711125, "blocks": 128, "prediction_tokens": 262016, "loss": {"native": 5.831156502832246, "graph": 5.831165807562802, "candidate": 5.831156502832246}}
{"utc": "2026-09-06T12:19:39Z", "stage": "full_validation", "elapsed_seconds": 7.194522069999948, "blocks": 144, "prediction_tokens": 294768, "loss": {"native": 5.849604330977561, "graph": 5.849606085204084, "candidate": 5.849604330977561}}
{"utc": "2026-09-06T12:19:39Z", "stage": "full_validation", "elapsed_seconds": 7.664420614950359, "blocks": 160, "prediction_tokens": 327520, "loss": {"native": 5.855593878033689, "graph": 5.855587695503328, "candidate": 5.855593878033689}}
{"utc": "2026-09-06T12:19:40Z", "stage": "full_validation", "elapsed_seconds": 8.134294400922954, "blocks": 176, "prediction_tokens": 360272, "loss": {"native": 5.82820932078532, "graph": 5.828214067090715, "candidate": 5.82820932078532}}
{"utc": "2026-09-06T12:19:40Z", "stage": "full_validation", "elapsed_seconds": 8.604543182067573, "blocks": 192, "prediction_tokens": 393024, "loss": {"native": 5.827277839038217, "graph": 5.82727704392138, "candidate": 5.827277839038217}}
{"utc": "2026-09-06T12:19:41Z", "stage": "full_validation", "elapsed_seconds": 9.074626554967836, "blocks": 208, "prediction_tokens": 425776, "loss": {"native": 5.853064829303951, "graph": 5.853064788019037, "candidate": 5.853064829303951}}
{"utc": "2026-09-06T12:19:41Z", "stage": "full_validation", "elapsed_seconds": 9.544899743050337, "blocks": 224, "prediction_tokens": 458528, "loss": {"native": 5.860974186903867, "graph": 5.860968841162985, "candidate": 5.860974186903867}}
{"utc": "2026-09-06T12:19:42Z", "stage": "full_validation", "elapsed_seconds": 10.01507370104082, "blocks": 240, "prediction_tokens": 491280, "loss": {"native": 5.845817573123715, "graph": 5.845815044652172, "candidate": 5.845817573123715}}
{"utc": "2026-09-06T12:19:42Z", "stage": "full_validation", "elapsed_seconds": 10.485406138934195, "blocks": 256, "prediction_tokens": 524032, "loss": {"native": 5.860577907105685, "graph": 5.860573868781809, "candidate": 5.860577907105685}}
{"utc": "2026-09-06T12:19:42Z", "stage": "full_validation", "elapsed_seconds": 10.956324899103492, "blocks": 272, "prediction_tokens": 556784, "loss": {"native": 5.871153765243513, "graph": 5.871152581337927, "candidate": 5.871153765243513}}
{"utc": "2026-09-06T12:19:43Z", "stage": "full_validation", "elapsed_seconds": 11.426689705112949, "blocks": 288, "prediction_tokens": 589536, "loss": {"native": 5.85495766628994, "graph": 5.854959582852818, "candidate": 5.85495766628994}}
{"utc": "2026-09-06T12:19:43Z", "stage": "full_validation", "elapsed_seconds": 11.897293471032754, "blocks": 304, "prediction_tokens": 622288, "loss": {"native": 5.859802871463605, "graph": 5.85980618584537, "candidate": 5.859802871463605}}
{"utc": "2026-09-06T12:19:44Z", "stage": "full_validation", "elapsed_seconds": 12.368146413005888, "blocks": 320, "prediction_tokens": 655040, "loss": {"native": 5.835200507197079, "graph": 5.835202599596733, "candidate": 5.835200507197079}}
{"utc": "2026-09-06T12:19:44Z", "stage": "full_validation", "elapsed_seconds": 12.838817249052227, "blocks": 336, "prediction_tokens": 687792, "loss": {"native": 5.828935494539274, "graph": 5.828938825510883, "candidate": 5.828935494539274}}
{"utc": "2026-09-06T12:19:44Z", "stage": "complete", "elapsed_seconds": 12.902970334049314, "primary_speedup": 1.8468377057036722, "timing": {"candidate": {"samples": 80, "median_host_ms": 2.3428534623235464, "paired_geomean_speedup": 1.8468377057036722, "input_tokens_per_second": null}, "graph": {"samples": 80, "median_host_ms": 1.390388933941722, "paired_geomean_speedup": 3.110566588131513, "input_tokens_per_second": null}, "native": {"samples": 80, "median_host_ms": 4.330852534621954, "paired_geomean_speedup": 1.0, "input_tokens_per_second": null}}, "qualified": true, "loss": {"native": 5.83130066301001, "graph": 5.831301560692215, "candidate": 5.83130066301001}}
Loading weights:   0%|          | 0/76 [00:00<?, ?it/s]Loading weights: 100%|██████████| 76/76 [00:00<00:00, 16283.57it/s]
{"utc": "2026-09-06T12:19:47Z", "stage": "preparing_dense", "elapsed_seconds": 1.034287940012291, "mode": "native"}
{"utc": "2026-09-06T12:19:47Z", "stage": "preparing_dense", "elapsed_seconds": 1.0373418191447854, "mode": "graph"}
{"utc": "2026-09-06T12:19:47Z", "stage": "preparing_candidate", "elapsed_seconds": 1.3188591229263693, "implementation": "k019"}
Loading weights:   0%|          | 0/76 [00:00<?, ?it/s]Loading weights: 100%|██████████| 76/76 [00:00<00:00, 14601.58it/s]
ninja: no work to do.
ninja: no work to do.
{"utc": "2026-09-06T12:19:48Z", "stage": "development_quality", "elapsed_seconds": 1.5223575599957258}
{"utc": "2026-09-06T12:19:48Z", "stage": "timing", "elapsed_seconds": 1.9981255631428212, "loss": {"native": 5.700043156954155, "graph": 5.7000058858523905, "candidate": 5.700043156954155}, "correctness": {"graph": false, "candidate": true, "native": true}}
/workspace/sparsity-spillover/runs/026-2026-09-06-pythia14m-fused-sparse-kernel/runtime/venv/lib/python3.12/site-packages/torch/profiler/profiler.py:224: UserWarning: Warning: Profiler clears events at the end of each cycle.Only events from the current cycle will be reported.To keep events across cycles, set acc_events=True.
  _warn_once(
{"utc": "2026-09-06T12:19:49Z", "stage": "full_validation", "elapsed_seconds": 2.5694797390606254, "loss": {"native": 5.700043156954155, "graph": 5.7000058858523905, "candidate": 5.700043156954155}}
{"utc": "2026-09-06T12:19:49Z", "stage": "full_validation", "elapsed_seconds": 3.001159245148301, "blocks": 16, "prediction_tokens": 32752, "loss": {"native": 5.433529643704965, "graph": 5.433588561862634, "candidate": 5.433529643704965}}
{"utc": "2026-09-06T12:19:50Z", "stage": "full_validation", "elapsed_seconds": 3.4326608539558947, "blocks": 32, "prediction_tokens": 65504, "loss": {"native": 5.4627757032848185, "graph": 5.46291955482919, "candidate": 5.4627757032848185}}
{"utc": "2026-09-06T12:19:50Z", "stage": "full_validation", "elapsed_seconds": 3.8643619020003825, "blocks": 48, "prediction_tokens": 98256, "loss": {"native": 5.8373225488058615, "graph": 5.8374227136494845, "candidate": 5.8373225488058615}}
{"utc": "2026-09-06T12:19:50Z", "stage": "full_validation", "elapsed_seconds": 4.296367469010875, "blocks": 64, "prediction_tokens": 131008, "loss": {"native": 5.963783443061445, "graph": 5.96385852196884, "candidate": 5.963783443061445}}
{"utc": "2026-09-06T12:19:51Z", "stage": "full_validation", "elapsed_seconds": 4.728114688070491, "blocks": 80, "prediction_tokens": 163760, "loss": {"native": 5.932614924398701, "graph": 5.932662559848445, "candidate": 5.932614924398701}}
{"utc": "2026-09-06T12:19:51Z", "stage": "full_validation", "elapsed_seconds": 5.159569356124848, "blocks": 96, "prediction_tokens": 196512, "loss": {"native": 5.941523398042327, "graph": 5.94154689871436, "candidate": 5.941523398042327}}
{"utc": "2026-09-06T12:19:52Z", "stage": "full_validation", "elapsed_seconds": 5.591499550035223, "blocks": 112, "prediction_tokens": 229264, "loss": {"native": 5.928813884542628, "graph": 5.928830130483444, "candidate": 5.928813884542628}}
{"utc": "2026-09-06T12:19:52Z", "stage": "full_validation", "elapsed_seconds": 6.022762418026105, "blocks": 128, "prediction_tokens": 262016, "loss": {"native": 5.831156502832246, "graph": 5.831165807562802, "candidate": 5.831156502832246}}
{"utc": "2026-09-06T12:19:53Z", "stage": "full_validation", "elapsed_seconds": 6.454597068019211, "blocks": 144, "prediction_tokens": 294768, "loss": {"native": 5.849604330977561, "graph": 5.849606085204084, "candidate": 5.849604330977561}}
{"utc": "2026-09-06T12:19:53Z", "stage": "full_validation", "elapsed_seconds": 6.886173289036378, "blocks": 160, "prediction_tokens": 327520, "loss": {"native": 5.855593878033689, "graph": 5.855587695503328, "candidate": 5.855593878033689}}
{"utc": "2026-09-06T12:19:53Z", "stage": "full_validation", "elapsed_seconds": 7.317454254953191, "blocks": 176, "prediction_tokens": 360272, "loss": {"native": 5.82820932078532, "graph": 5.828214067090715, "candidate": 5.82820932078532}}
{"utc": "2026-09-06T12:19:54Z", "stage": "full_validation", "elapsed_seconds": 7.749269976979122, "blocks": 192, "prediction_tokens": 393024, "loss": {"native": 5.827277839038217, "graph": 5.82727704392138, "candidate": 5.827277839038217}}
{"utc": "2026-09-06T12:19:54Z", "stage": "full_validation", "elapsed_seconds": 8.180795181076974, "blocks": 208, "prediction_tokens": 425776, "loss": {"native": 5.853064829303951, "graph": 5.853064788019037, "candidate": 5.853064829303951}}
{"utc": "2026-09-06T12:19:55Z", "stage": "full_validation", "elapsed_seconds": 8.612337599974126, "blocks": 224, "prediction_tokens": 458528, "loss": {"native": 5.860974186903867, "graph": 5.860968841162985, "candidate": 5.860974186903867}}
{"utc": "2026-09-06T12:19:55Z", "stage": "full_validation", "elapsed_seconds": 9.043936585076153, "blocks": 240, "prediction_tokens": 491280, "loss": {"native": 5.845817573123715, "graph": 5.845815044652172, "candidate": 5.845817573123715}}
{"utc": "2026-09-06T12:19:56Z", "stage": "full_validation", "elapsed_seconds": 9.4754023400601, "blocks": 256, "prediction_tokens": 524032, "loss": {"native": 5.860577907105685, "graph": 5.860573868781809, "candidate": 5.860577907105685}}
{"utc": "2026-09-06T12:19:56Z", "stage": "full_validation", "elapsed_seconds": 9.906867282930762, "blocks": 272, "prediction_tokens": 556784, "loss": {"native": 5.871153765243513, "graph": 5.871152581337927, "candidate": 5.871153765243513}}
{"utc": "2026-09-06T12:19:57Z", "stage": "full_validation", "elapsed_seconds": 10.33790629496798, "blocks": 288, "prediction_tokens": 589536, "loss": {"native": 5.85495766628994, "graph": 5.854959582852818, "candidate": 5.85495766628994}}
{"utc": "2026-09-06T12:19:57Z", "stage": "full_validation", "elapsed_seconds": 10.768777624005452, "blocks": 304, "prediction_tokens": 622288, "loss": {"native": 5.859802871463605, "graph": 5.85980618584537, "candidate": 5.859802871463605}}
{"utc": "2026-09-06T12:19:57Z", "stage": "full_validation", "elapsed_seconds": 11.199707610998303, "blocks": 320, "prediction_tokens": 655040, "loss": {"native": 5.835200507197079, "graph": 5.835202599596733, "candidate": 5.835200507197079}}
{"utc": "2026-09-06T12:19:58Z", "stage": "full_validation", "elapsed_seconds": 11.63063157000579, "blocks": 336, "prediction_tokens": 687792, "loss": {"native": 5.828935494539274, "graph": 5.828938825510883, "candidate": 5.828935494539274}}
{"utc": "2026-09-06T12:19:58Z", "stage": "complete", "elapsed_seconds": 11.689724582945928, "primary_speedup": 1.8113958954167395, "timing": {"candidate": {"samples": 80, "median_host_ms": 1.5078410506248474, "paired_geomean_speedup": 1.8113958954167395, "input_tokens_per_second": null}, "graph": {"samples": 80, "median_host_ms": 1.3940290082246065, "paired_geomean_speedup": 1.9640164501743937, "input_tokens_per_second": null}, "native": {"samples": 80, "median_host_ms": 2.7372620534151793, "paired_geomean_speedup": 1.0, "input_tokens_per_second": null}}, "qualified": true, "loss": {"native": 5.83130066301001, "graph": 5.831301560692215, "candidate": 5.83130066301001}}
Loading weights:   0%|          | 0/76 [00:00<?, ?it/s]Loading weights: 100%|██████████| 76/76 [00:00<00:00, 15205.45it/s]
{"utc": "2026-09-06T12:20:01Z", "stage": "preparing_dense", "elapsed_seconds": 1.2792620898690075, "mode": "native"}
{"utc": "2026-09-06T12:20:01Z", "stage": "preparing_dense", "elapsed_seconds": 1.2823577020317316, "mode": "graph"}
{"utc": "2026-09-06T12:20:01Z", "stage": "preparing_candidate", "elapsed_seconds": 1.3417833158746362, "implementation": "k019"}
Loading weights:   0%|          | 0/76 [00:00<?, ?it/s]Loading weights: 100%|██████████| 76/76 [00:00<00:00, 13109.90it/s]
ninja: no work to do.
ninja: no work to do.
{"utc": "2026-09-06T12:20:01Z", "stage": "development_quality", "elapsed_seconds": 1.5513726458884776}
{"utc": "2026-09-06T12:20:02Z", "stage": "timing", "elapsed_seconds": 2.029798022005707, "loss": {"native": 5.700043156954155, "graph": 5.7000058858523905, "candidate": 5.700043156954155}, "correctness": {"graph": false, "candidate": true, "native": true}}
/workspace/sparsity-spillover/runs/026-2026-09-06-pythia14m-fused-sparse-kernel/runtime/venv/lib/python3.12/site-packages/torch/profiler/profiler.py:224: UserWarning: Warning: Profiler clears events at the end of each cycle.Only events from the current cycle will be reported.To keep events across cycles, set acc_events=True.
  _warn_once(
{"utc": "2026-09-06T12:20:02Z", "stage": "full_validation", "elapsed_seconds": 2.617528870003298, "loss": {"native": 5.700043156954155, "graph": 5.7000058858523905, "candidate": 5.700043156954155}}
{"utc": "2026-09-06T12:20:03Z", "stage": "full_validation", "elapsed_seconds": 3.051389410858974, "blocks": 16, "prediction_tokens": 32752, "loss": {"native": 5.433529643704965, "graph": 5.433588561862634, "candidate": 5.433529643704965}}
{"utc": "2026-09-06T12:20:03Z", "stage": "full_validation", "elapsed_seconds": 3.4853398569393903, "blocks": 32, "prediction_tokens": 65504, "loss": {"native": 5.4627757032848185, "graph": 5.46291955482919, "candidate": 5.4627757032848185}}
{"utc": "2026-09-06T12:20:04Z", "stage": "full_validation", "elapsed_seconds": 3.9195109559223056, "blocks": 48, "prediction_tokens": 98256, "loss": {"native": 5.8373225488058615, "graph": 5.8374227136494845, "candidate": 5.8373225488058615}}
{"utc": "2026-09-06T12:20:04Z", "stage": "full_validation", "elapsed_seconds": 4.353822375880554, "blocks": 64, "prediction_tokens": 131008, "loss": {"native": 5.963783443061445, "graph": 5.96385852196884, "candidate": 5.963783443061445}}
{"utc": "2026-09-06T12:20:04Z", "stage": "full_validation", "elapsed_seconds": 4.787992893951014, "blocks": 80, "prediction_tokens": 163760, "loss": {"native": 5.932614924398701, "graph": 5.932662559848445, "candidate": 5.932614924398701}}
{"utc": "2026-09-06T12:20:05Z", "stage": "full_validation", "elapsed_seconds": 5.2207125360146165, "blocks": 96, "prediction_tokens": 196512, "loss": {"native": 5.941523398042327, "graph": 5.94154689871436, "candidate": 5.941523398042327}}
{"utc": "2026-09-06T12:20:05Z", "stage": "full_validation", "elapsed_seconds": 5.654710303992033, "blocks": 112, "prediction_tokens": 229264, "loss": {"native": 5.928813884542628, "graph": 5.928830130483444, "candidate": 5.928813884542628}}
{"utc": "2026-09-06T12:20:06Z", "stage": "full_validation", "elapsed_seconds": 6.088633188977838, "blocks": 128, "prediction_tokens": 262016, "loss": {"native": 5.831156502832246, "graph": 5.831165807562802, "candidate": 5.831156502832246}}
{"utc": "2026-09-06T12:20:06Z", "stage": "full_validation", "elapsed_seconds": 6.522536753909662, "blocks": 144, "prediction_tokens": 294768, "loss": {"native": 5.849604330977561, "graph": 5.849606085204084, "candidate": 5.849604330977561}}
{"utc": "2026-09-06T12:20:07Z", "stage": "full_validation", "elapsed_seconds": 6.956617556978017, "blocks": 160, "prediction_tokens": 327520, "loss": {"native": 5.855593878033689, "graph": 5.855587695503328, "candidate": 5.855593878033689}}
{"utc": "2026-09-06T12:20:07Z", "stage": "full_validation", "elapsed_seconds": 7.39058023202233, "blocks": 176, "prediction_tokens": 360272, "loss": {"native": 5.82820932078532, "graph": 5.828214067090715, "candidate": 5.82820932078532}}
{"utc": "2026-09-06T12:20:07Z", "stage": "full_validation", "elapsed_seconds": 7.824819072848186, "blocks": 192, "prediction_tokens": 393024, "loss": {"native": 5.827277839038217, "graph": 5.82727704392138, "candidate": 5.827277839038217}}
{"utc": "2026-09-06T12:20:08Z", "stage": "full_validation", "elapsed_seconds": 8.258871142053977, "blocks": 208, "prediction_tokens": 425776, "loss": {"native": 5.853064829303951, "graph": 5.853064788019037, "candidate": 5.853064829303951}}
{"utc": "2026-09-06T12:20:08Z", "stage": "full_validation", "elapsed_seconds": 8.692906034877524, "blocks": 224, "prediction_tokens": 458528, "loss": {"native": 5.860974186903867, "graph": 5.860968841162985, "candidate": 5.860974186903867}}
{"utc": "2026-09-06T12:20:09Z", "stage": "full_validation", "elapsed_seconds": 9.12670662603341, "blocks": 240, "prediction_tokens": 491280, "loss": {"native": 5.845817573123715, "graph": 5.845815044652172, "candidate": 5.845817573123715}}
{"utc": "2026-09-06T12:20:09Z", "stage": "full_validation", "elapsed_seconds": 9.560758815845475, "blocks": 256, "prediction_tokens": 524032, "loss": {"native": 5.860577907105685, "graph": 5.860573868781809, "candidate": 5.860577907105685}}
{"utc": "2026-09-06T12:20:10Z", "stage": "full_validation", "elapsed_seconds": 9.994630604051054, "blocks": 272, "prediction_tokens": 556784, "loss": {"native": 5.871153765243513, "graph": 5.871152581337927, "candidate": 5.871153765243513}}
{"utc": "2026-09-06T12:20:10Z", "stage": "full_validation", "elapsed_seconds": 10.428075087955222, "blocks": 288, "prediction_tokens": 589536, "loss": {"native": 5.85495766628994, "graph": 5.854959582852818, "candidate": 5.85495766628994}}
{"utc": "2026-09-06T12:20:10Z", "stage": "full_validation", "elapsed_seconds": 10.862315710866824, "blocks": 304, "prediction_tokens": 622288, "loss": {"native": 5.859802871463605, "graph": 5.85980618584537, "candidate": 5.859802871463605}}
{"utc": "2026-09-06T12:20:11Z", "stage": "full_validation", "elapsed_seconds": 11.296853662934154, "blocks": 320, "prediction_tokens": 655040, "loss": {"native": 5.835200507197079, "graph": 5.835202599596733, "candidate": 5.835200507197079}}
{"utc": "2026-09-06T12:20:11Z", "stage": "full_validation", "elapsed_seconds": 11.73127066087909, "blocks": 336, "prediction_tokens": 687792, "loss": {"native": 5.828935494539274, "graph": 5.828938825510883, "candidate": 5.828935494539274}}
{"utc": "2026-09-06T12:20:11Z", "stage": "complete", "elapsed_seconds": 11.791012292029336, "primary_speedup": 1.8070991827015264, "timing": {"candidate": {"samples": 80, "median_host_ms": 1.5565246576443315, "paired_geomean_speedup": 1.8070991827015264, "input_tokens_per_second": null}, "graph": {"samples": 80, "median_host_ms": 1.3945050304755569, "paired_geomean_speedup": 2.0198838621090034, "input_tokens_per_second": null}, "native": {"samples": 80, "median_host_ms": 2.8184340335428715, "paired_geomean_speedup": 1.0, "input_tokens_per_second": null}}, "qualified": true, "loss": {"native": 5.83130066301001, "graph": 5.831301560692215, "candidate": 5.83130066301001}}
14 iterations recorded
Loading weights:   0%|          | 0/76 [00:00<?, ?it/s]Loading weights: 100%|██████████| 76/76 [00:00<00:00, 15175.05it/s]
[{'input': 0, 'first_difference': [{'site': 'L0.z', 'max_abs': 0.5, 'different_elements': 16, 'zero_mask_changes': 1}], 'logit_pass': False}, {'input': 1, 'first_difference': [{'site': 'L0.z', 'max_abs': 0.0078125, 'different_elements': 64, 'zero_mask_changes': 0}], 'logit_pass': False}, {'input': 2, 'first_difference': [{'site': 'L1.z', 'max_abs': 0.00390625, 'different_elements': 1, 'zero_mask_changes': 0}], 'logit_pass': True}, {'input': 3, 'first_difference': [{'site': 'L0.z', 'max_abs': 0.5, 'different_elements': 89, 'zero_mask_changes': 1}], 'logit_pass': False}, {'input': 4, 'first_difference': [{'site': 'L0.z', 'max_abs': 0.5, 'different_elements': 21, 'zero_mask_changes': 1}], 'logit_pass': False}, {'input': 5, 'first_difference': [{'site': 'L0.z', 'max_abs': 0.0078125, 'different_elements': 8, 'zero_mask_changes': 0}], 'logit_pass': False}, {'input': 6, 'first_difference': [{'site': 'L0.z', 'max_abs': 0.0078125, 'different_elements': 86, 'zero_mask_changes': 0}], 'logit_pass': False}, {'input': 7, 'first_difference': [{'site': 'L2.z', 'max_abs': 0.00390625, 'different_elements': 2, 'zero_mask_changes': 0}], 'logit_pass': True}, {'input': 8, 'first_difference': [{'site': 'L1.z', 'max_abs': 0.00390625, 'different_elements': 1, 'zero_mask_changes': 0}], 'logit_pass': True}, {'input': 9, 'first_difference': [], 'logit_pass': True}, {'input': 10, 'first_difference': [{'site': 'L0.z', 'max_abs': 0.5, 'different_elements': 51, 'zero_mask_changes': 1}], 'logit_pass': False}, {'input': 11, 'first_difference': [{'site': 'L0.z', 'max_abs': 0.5, 'different_elements': 72, 'zero_mask_changes': 1}], 'logit_pass': False}, {'input': 12, 'first_difference': [], 'logit_pass': True}, {'input': 13, 'first_difference': [{'site': 'L0.z', 'max_abs': 0.0078125, 'different_elements': 41, 'zero_mask_changes': 0}], 'logit_pass': False}, {'input': 14, 'first_difference': [{'site': 'L0.z', 'max_abs': 0.5, 'different_elements': 7, 'zero_mask_changes': 1}], 'logit_pass': False}, {'input': 15, 'first_difference': [{'site': 'L0.z', 'max_abs': 0.00390625, 'different_elements': 2, 'zero_mask_changes': 0}], 'logit_pass': True}]
