[1/2] /usr/local/cuda/bin/nvcc -MD -MF kernel.cuda.o.d -DTORCH_EXTENSION_NAME=run026_k019_a5cca086b065 -DTORCH_API_INCLUDE_EXTENSION_H -isystem /workspace/sparsity-spillover/runs/026-2026-09-06-pythia14m-fused-sparse-kernel/runtime/venv/lib/python3.12/site-packages/torch/include -isystem /workspace/sparsity-spillover/runs/026-2026-09-06-pythia14m-fused-sparse-kernel/runtime/venv/lib/python3.12/site-packages/torch/include/torch/csrc/api/include -isystem /usr/local/cuda/include -isystem /usr/include/python3.12 -D__CUDA_NO_HALF_OPERATORS__ -D__CUDA_NO_HALF_CONVERSIONS__ -D__CUDA_NO_BFLOAT16_CONVERSIONS__ -D__CUDA_NO_HALF2_OPERATORS__ --expt-relaxed-constexpr -gencode=arch=compute_120,code=sm_120 --compiler-options '-fPIC' -O3 -lineinfo -std=c++17 -c /workspace/sparsity-spillover/runs/026-2026-09-06-pythia14m-fused-sparse-kernel/autoresearch/candidates/k019/kernel.cu -o kernel.cuda.o 
[2/2] c++ kernel.cuda.o -shared -L/workspace/sparsity-spillover/runs/026-2026-09-06-pythia14m-fused-sparse-kernel/runtime/venv/lib/python3.12/site-packages/torch/lib -lc10 -lc10_cuda -ltorch_cpu -ltorch_cuda -ltorch -ltorch_python -L/usr/local/cuda/lib64 -lcudart -o run026_k019_a5cca086b065.so
K019 exact 10/10 passed
Loading weights:   0%|          | 0/76 [00:00<?, ?it/s]Loading weights: 100%|██████████| 76/76 [00:00<00:00, 15557.96it/s]
{"utc": "2026-09-06T12:17:12Z", "stage": "preparing_dense", "elapsed_seconds": 1.360693815164268, "mode": "native"}
{"utc": "2026-09-06T12:17:12Z", "stage": "preparing_dense", "elapsed_seconds": 1.3647126480937004, "mode": "graph"}
{"utc": "2026-09-06T12:17:12Z", "stage": "preparing_candidate", "elapsed_seconds": 1.4267809421289712, "implementation": "k019"}
Loading weights:   0%|          | 0/76 [00:00<?, ?it/s]Loading weights: 100%|██████████| 76/76 [00:00<00:00, 14908.90it/s]
ninja: no work to do.
{"utc": "2026-09-06T12:17:13Z", "stage": "development_quality", "elapsed_seconds": 1.650699923047796}
{"utc": "2026-09-06T12:17:13Z", "stage": "timing", "elapsed_seconds": 2.1809571261983365, "loss": {"native": 5.700043156954155, "graph": 5.7000058858523905, "candidate": 5.700043156954155}, "correctness": {"graph": false, "candidate": true, "native": true}}
/workspace/sparsity-spillover/runs/026-2026-09-06-pythia14m-fused-sparse-kernel/runtime/venv/lib/python3.12/site-packages/torch/profiler/profiler.py:224: UserWarning: Warning: Profiler clears events at the end of each cycle.Only events from the current cycle will be reported.To keep events across cycles, set acc_events=True.
  _warn_once(
{"utc": "2026-09-06T12:17:14Z", "stage": "full_validation", "elapsed_seconds": 3.0431163019966334, "loss": {"native": 5.700043156954155, "graph": 5.7000058858523905, "candidate": 5.700043156954155}}
{"utc": "2026-09-06T12:17:15Z", "stage": "full_validation", "elapsed_seconds": 3.5320733380503953, "blocks": 16, "prediction_tokens": 32752, "loss": {"native": 5.433529643704965, "graph": 5.433588561862634, "candidate": 5.433529643704965}}
{"utc": "2026-09-06T12:17:15Z", "stage": "full_validation", "elapsed_seconds": 4.021106929052621, "blocks": 32, "prediction_tokens": 65504, "loss": {"native": 5.4627757032848185, "graph": 5.46291955482919, "candidate": 5.4627757032848185}}
{"utc": "2026-09-06T12:17:16Z", "stage": "full_validation", "elapsed_seconds": 4.509102437179536, "blocks": 48, "prediction_tokens": 98256, "loss": {"native": 5.8373225488058615, "graph": 5.8374227136494845, "candidate": 5.8373225488058615}}
{"utc": "2026-09-06T12:17:16Z", "stage": "full_validation", "elapsed_seconds": 4.995975494151935, "blocks": 64, "prediction_tokens": 131008, "loss": {"native": 5.963783443061445, "graph": 5.96385852196884, "candidate": 5.963783443061445}}
{"utc": "2026-09-06T12:17:16Z", "stage": "full_validation", "elapsed_seconds": 5.483893646160141, "blocks": 80, "prediction_tokens": 163760, "loss": {"native": 5.932614924398701, "graph": 5.932662559848445, "candidate": 5.932614924398701}}
{"utc": "2026-09-06T12:17:17Z", "stage": "full_validation", "elapsed_seconds": 5.972638992127031, "blocks": 96, "prediction_tokens": 196512, "loss": {"native": 5.941523398042327, "graph": 5.94154689871436, "candidate": 5.941523398042327}}
{"utc": "2026-09-06T12:17:17Z", "stage": "full_validation", "elapsed_seconds": 6.46112814405933, "blocks": 112, "prediction_tokens": 229264, "loss": {"native": 5.928813884542628, "graph": 5.928830130483444, "candidate": 5.928813884542628}}
{"utc": "2026-09-06T12:17:18Z", "stage": "full_validation", "elapsed_seconds": 6.949785638134927, "blocks": 128, "prediction_tokens": 262016, "loss": {"native": 5.831156502832246, "graph": 5.831165807562802, "candidate": 5.831156502832246}}
{"utc": "2026-09-06T12:17:18Z", "stage": "full_validation", "elapsed_seconds": 7.437997532077134, "blocks": 144, "prediction_tokens": 294768, "loss": {"native": 5.849604330977561, "graph": 5.849606085204084, "candidate": 5.849604330977561}}
{"utc": "2026-09-06T12:17:19Z", "stage": "full_validation", "elapsed_seconds": 7.926353021990508, "blocks": 160, "prediction_tokens": 327520, "loss": {"native": 5.855593878033689, "graph": 5.855587695503328, "candidate": 5.855593878033689}}
{"utc": "2026-09-06T12:17:19Z", "stage": "full_validation", "elapsed_seconds": 8.41515106917359, "blocks": 176, "prediction_tokens": 360272, "loss": {"native": 5.82820932078532, "graph": 5.828214067090715, "candidate": 5.82820932078532}}
{"utc": "2026-09-06T12:17:20Z", "stage": "full_validation", "elapsed_seconds": 8.903608151013032, "blocks": 192, "prediction_tokens": 393024, "loss": {"native": 5.827277839038217, "graph": 5.82727704392138, "candidate": 5.827277839038217}}
{"utc": "2026-09-06T12:17:20Z", "stage": "full_validation", "elapsed_seconds": 9.39225262706168, "blocks": 208, "prediction_tokens": 425776, "loss": {"native": 5.853064829303951, "graph": 5.853064788019037, "candidate": 5.853064829303951}}
{"utc": "2026-09-06T12:17:21Z", "stage": "full_validation", "elapsed_seconds": 9.881379729136825, "blocks": 224, "prediction_tokens": 458528, "loss": {"native": 5.860974186903867, "graph": 5.860968841162985, "candidate": 5.860974186903867}}
{"utc": "2026-09-06T12:17:21Z", "stage": "full_validation", "elapsed_seconds": 10.370708293979988, "blocks": 240, "prediction_tokens": 491280, "loss": {"native": 5.845817573123715, "graph": 5.845815044652172, "candidate": 5.845817573123715}}
{"utc": "2026-09-06T12:17:22Z", "stage": "full_validation", "elapsed_seconds": 10.859938570996746, "blocks": 256, "prediction_tokens": 524032, "loss": {"native": 5.860577907105685, "graph": 5.860573868781809, "candidate": 5.860577907105685}}
{"utc": "2026-09-06T12:17:22Z", "stage": "full_validation", "elapsed_seconds": 11.349139134166762, "blocks": 272, "prediction_tokens": 556784, "loss": {"native": 5.871153765243513, "graph": 5.871152581337927, "candidate": 5.871153765243513}}
{"utc": "2026-09-06T12:17:23Z", "stage": "full_validation", "elapsed_seconds": 11.838032725034282, "blocks": 288, "prediction_tokens": 589536, "loss": {"native": 5.85495766628994, "graph": 5.854959582852818, "candidate": 5.85495766628994}}
{"utc": "2026-09-06T12:17:23Z", "stage": "full_validation", "elapsed_seconds": 12.326584520051256, "blocks": 304, "prediction_tokens": 622288, "loss": {"native": 5.859802871463605, "graph": 5.85980618584537, "candidate": 5.859802871463605}}
{"utc": "2026-09-06T12:17:24Z", "stage": "full_validation", "elapsed_seconds": 12.814499967033044, "blocks": 320, "prediction_tokens": 655040, "loss": {"native": 5.835200507197079, "graph": 5.835202599596733, "candidate": 5.835200507197079}}
{"utc": "2026-09-06T12:17:24Z", "stage": "full_validation", "elapsed_seconds": 13.303135489113629, "blocks": 336, "prediction_tokens": 687792, "loss": {"native": 5.828935494539274, "graph": 5.828938825510883, "candidate": 5.828935494539274}}
{"utc": "2026-09-06T12:17:24Z", "stage": "complete", "elapsed_seconds": 13.369669739156961, "primary_speedup": 1.2628153245715343, "timing": {"candidate": {"samples": 80, "median_host_ms": 3.3739160280674696, "paired_geomean_speedup": 1.2628153245715343, "input_tokens_per_second": null}, "graph": {"samples": 80, "median_host_ms": 1.3949054991826415, "paired_geomean_speedup": 3.0541481836949878, "input_tokens_per_second": null}, "native": {"samples": 80, "median_host_ms": 4.26033150870353, "paired_geomean_speedup": 1.0, "input_tokens_per_second": null}}, "qualified": true, "loss": {"native": 5.83130066301001, "graph": 5.831301560692215, "candidate": 5.83130066301001}}
Loading weights:   0%|          | 0/76 [00:00<?, ?it/s]Loading weights: 100%|██████████| 76/76 [00:00<00:00, 15450.88it/s]
{"utc": "2026-09-06T12:17:27Z", "stage": "preparing_dense", "elapsed_seconds": 1.2987340150866657, "mode": "native"}
{"utc": "2026-09-06T12:17:27Z", "stage": "preparing_dense", "elapsed_seconds": 1.3019765981007367, "mode": "graph"}
{"utc": "2026-09-06T12:17:27Z", "stage": "preparing_candidate", "elapsed_seconds": 1.3650234560482204, "implementation": "k019"}
Loading weights:   0%|          | 0/76 [00:00<?, ?it/s]Loading weights: 100%|██████████| 76/76 [00:00<00:00, 14744.08it/s]
ninja: no work to do.
{"utc": "2026-09-06T12:17:28Z", "stage": "development_quality", "elapsed_seconds": 1.534415028989315}
{"utc": "2026-09-06T12:17:28Z", "stage": "timing", "elapsed_seconds": 2.0655490630306304, "loss": {"native": 5.700043156954155, "graph": 5.7000058858523905, "candidate": 5.7000058858523905}, "correctness": {"graph": false, "candidate": false, "native": true}}
{"utc": "2026-09-06T12:17:29Z", "stage": "full_validation", "elapsed_seconds": 2.6355656639207155, "loss": {"native": 5.700043156954155, "graph": 5.7000058858523905, "candidate": 5.7000058858523905}}
{"utc": "2026-09-06T12:17:29Z", "stage": "full_validation", "elapsed_seconds": 3.071584355086088, "blocks": 16, "prediction_tokens": 32752, "loss": {"native": 5.433529643704965, "graph": 5.433588561862634, "candidate": 5.433588561862634}}
{"utc": "2026-09-06T12:17:30Z", "stage": "full_validation", "elapsed_seconds": 3.5082539659924805, "blocks": 32, "prediction_tokens": 65504, "loss": {"native": 5.4627757032848185, "graph": 5.46291955482919, "candidate": 5.46291955482919}}
{"utc": "2026-09-06T12:17:30Z", "stage": "full_validation", "elapsed_seconds": 3.9450725819915533, "blocks": 48, "prediction_tokens": 98256, "loss": {"native": 5.8373225488058615, "graph": 5.8374227136494845, "candidate": 5.8374227136494845}}
{"utc": "2026-09-06T12:17:30Z", "stage": "full_validation", "elapsed_seconds": 4.381752748973668, "blocks": 64, "prediction_tokens": 131008, "loss": {"native": 5.963783443061445, "graph": 5.96385852196884, "candidate": 5.96385852196884}}
{"utc": "2026-09-06T12:17:31Z", "stage": "full_validation", "elapsed_seconds": 4.818497414002195, "blocks": 80, "prediction_tokens": 163760, "loss": {"native": 5.932614924398701, "graph": 5.932662559848445, "candidate": 5.932662559848445}}
{"utc": "2026-09-06T12:17:31Z", "stage": "full_validation", "elapsed_seconds": 5.254691248061135, "blocks": 96, "prediction_tokens": 196512, "loss": {"native": 5.941523398042327, "graph": 5.94154689871436, "candidate": 5.94154689871436}}
{"utc": "2026-09-06T12:17:32Z", "stage": "full_validation", "elapsed_seconds": 5.689718836918473, "blocks": 112, "prediction_tokens": 229264, "loss": {"native": 5.928813884542628, "graph": 5.928830130483444, "candidate": 5.928830130483444}}
{"utc": "2026-09-06T12:17:32Z", "stage": "full_validation", "elapsed_seconds": 6.1263195539359, "blocks": 128, "prediction_tokens": 262016, "loss": {"native": 5.831156502832246, "graph": 5.831165807562802, "candidate": 5.831165807562802}}
{"utc": "2026-09-06T12:17:33Z", "stage": "full_validation", "elapsed_seconds": 6.56271418207325, "blocks": 144, "prediction_tokens": 294768, "loss": {"native": 5.849604330977561, "graph": 5.849606085204084, "candidate": 5.849606085204084}}
{"utc": "2026-09-06T12:17:33Z", "stage": "full_validation", "elapsed_seconds": 6.999435941921547, "blocks": 160, "prediction_tokens": 327520, "loss": {"native": 5.855593878033689, "graph": 5.855587695503328, "candidate": 5.855587695503328}}
{"utc": "2026-09-06T12:17:34Z", "stage": "full_validation", "elapsed_seconds": 7.435997480992228, "blocks": 176, "prediction_tokens": 360272, "loss": {"native": 5.82820932078532, "graph": 5.828214067090715, "candidate": 5.828214067090715}}
{"utc": "2026-09-06T12:17:34Z", "stage": "full_validation", "elapsed_seconds": 7.872394772013649, "blocks": 192, "prediction_tokens": 393024, "loss": {"native": 5.827277839038217, "graph": 5.82727704392138, "candidate": 5.82727704392138}}
{"utc": "2026-09-06T12:17:34Z", "stage": "full_validation", "elapsed_seconds": 8.31077349698171, "blocks": 208, "prediction_tokens": 425776, "loss": {"native": 5.853064829303951, "graph": 5.853064788019037, "candidate": 5.853064788019037}}
{"utc": "2026-09-06T12:17:35Z", "stage": "full_validation", "elapsed_seconds": 8.749418102903292, "blocks": 224, "prediction_tokens": 458528, "loss": {"native": 5.860974186903867, "graph": 5.860968841162985, "candidate": 5.860968841162985}}
{"utc": "2026-09-06T12:17:35Z", "stage": "full_validation", "elapsed_seconds": 9.187987214885652, "blocks": 240, "prediction_tokens": 491280, "loss": {"native": 5.845817573123715, "graph": 5.845815044652172, "candidate": 5.845815044652172}}
{"utc": "2026-09-06T12:17:36Z", "stage": "full_validation", "elapsed_seconds": 9.637555751949549, "blocks": 256, "prediction_tokens": 524032, "loss": {"native": 5.860577907105685, "graph": 5.860573868781809, "candidate": 5.860573868781809}}
{"utc": "2026-09-06T12:17:36Z", "stage": "full_validation", "elapsed_seconds": 10.075998354004696, "blocks": 272, "prediction_tokens": 556784, "loss": {"native": 5.871153765243513, "graph": 5.871152581337927, "candidate": 5.871152581337927}}
{"utc": "2026-09-06T12:17:37Z", "stage": "full_validation", "elapsed_seconds": 10.516598894959316, "blocks": 288, "prediction_tokens": 589536, "loss": {"native": 5.85495766628994, "graph": 5.854959582852818, "candidate": 5.854959582852818}}
{"utc": "2026-09-06T12:17:37Z", "stage": "full_validation", "elapsed_seconds": 10.955084840999916, "blocks": 304, "prediction_tokens": 622288, "loss": {"native": 5.859802871463605, "graph": 5.85980618584537, "candidate": 5.85980618584537}}
{"utc": "2026-09-06T12:17:37Z", "stage": "full_validation", "elapsed_seconds": 11.393471729010344, "blocks": 320, "prediction_tokens": 655040, "loss": {"native": 5.835200507197079, "graph": 5.835202599596733, "candidate": 5.835202599596733}}
{"utc": "2026-09-06T12:17:38Z", "stage": "full_validation", "elapsed_seconds": 11.831614408874884, "blocks": 336, "prediction_tokens": 687792, "loss": {"native": 5.828935494539274, "graph": 5.828938825510883, "candidate": 5.828938825510883}}
{"utc": "2026-09-06T12:17:38Z", "stage": "complete", "elapsed_seconds": 11.892146069090813, "primary_speedup": 3.7063370975831087, "timing": {"candidate": {"samples": 80, "median_host_ms": 1.1607229243963957, "paired_geomean_speedup": 3.7063370975831087, "input_tokens_per_second": null}, "graph": {"samples": 80, "median_host_ms": 1.3946049148216844, "paired_geomean_speedup": 3.0879799797637806, "input_tokens_per_second": null}, "native": {"samples": 80, "median_host_ms": 4.2836255161091685, "paired_geomean_speedup": 1.0, "input_tokens_per_second": null}}, "qualified": false, "loss": {"native": 5.83130066301001, "graph": 5.831301560692215, "candidate": 5.831301560692215}}
Loading weights:   0%|          | 0/76 [00:00<?, ?it/s]Loading weights: 100%|██████████| 76/76 [00:00<00:00, 18727.87it/s]
{"utc": "2026-09-06T12:17:41Z", "stage": "preparing_dense", "elapsed_seconds": 1.3787167379632592, "mode": "native"}
{"utc": "2026-09-06T12:17:41Z", "stage": "preparing_dense", "elapsed_seconds": 1.3827604569960386, "mode": "graph"}
{"utc": "2026-09-06T12:17:41Z", "stage": "preparing_candidate", "elapsed_seconds": 1.447612124029547, "implementation": "k019"}
Loading weights:   0%|          | 0/76 [00:00<?, ?it/s]Loading weights: 100%|██████████| 76/76 [00:00<00:00, 15608.24it/s]
ninja: no work to do.
ninja: no work to do.
{"utc": "2026-09-06T12:17:41Z", "stage": "development_quality", "elapsed_seconds": 1.6928572810720652}
{"utc": "2026-09-06T12:17:42Z", "stage": "timing", "elapsed_seconds": 2.205857845954597, "loss": {"native": 5.700043156954155, "graph": 5.7000058858523905, "candidate": 5.700043156954155}, "correctness": {"graph": false, "candidate": true, "native": true}}
/workspace/sparsity-spillover/runs/026-2026-09-06-pythia14m-fused-sparse-kernel/runtime/venv/lib/python3.12/site-packages/torch/profiler/profiler.py:224: UserWarning: Warning: Profiler clears events at the end of each cycle.Only events from the current cycle will be reported.To keep events across cycles, set acc_events=True.
  _warn_once(
{"utc": "2026-09-06T12:17:43Z", "stage": "full_validation", "elapsed_seconds": 2.997515988070518, "loss": {"native": 5.700043156954155, "graph": 5.7000058858523905, "candidate": 5.700043156954155}}
{"utc": "2026-09-06T12:17:43Z", "stage": "full_validation", "elapsed_seconds": 3.4714063841383904, "blocks": 16, "prediction_tokens": 32752, "loss": {"native": 5.433529643704965, "graph": 5.433588561862634, "candidate": 5.433529643704965}}
{"utc": "2026-09-06T12:17:44Z", "stage": "full_validation", "elapsed_seconds": 3.944473068928346, "blocks": 32, "prediction_tokens": 65504, "loss": {"native": 5.4627757032848185, "graph": 5.46291955482919, "candidate": 5.4627757032848185}}
{"utc": "2026-09-06T12:17:44Z", "stage": "full_validation", "elapsed_seconds": 4.418116281973198, "blocks": 48, "prediction_tokens": 98256, "loss": {"native": 5.8373225488058615, "graph": 5.8374227136494845, "candidate": 5.8373225488058615}}
{"utc": "2026-09-06T12:17:45Z", "stage": "full_validation", "elapsed_seconds": 4.89142072503455, "blocks": 64, "prediction_tokens": 131008, "loss": {"native": 5.963783443061445, "graph": 5.96385852196884, "candidate": 5.963783443061445}}
{"utc": "2026-09-06T12:17:45Z", "stage": "full_validation", "elapsed_seconds": 5.364505246980116, "blocks": 80, "prediction_tokens": 163760, "loss": {"native": 5.932614924398701, "graph": 5.932662559848445, "candidate": 5.932614924398701}}
{"utc": "2026-09-06T12:17:46Z", "stage": "full_validation", "elapsed_seconds": 5.8378934969659895, "blocks": 96, "prediction_tokens": 196512, "loss": {"native": 5.941523398042327, "graph": 5.94154689871436, "candidate": 5.941523398042327}}
{"utc": "2026-09-06T12:17:46Z", "stage": "full_validation", "elapsed_seconds": 6.310811016941443, "blocks": 112, "prediction_tokens": 229264, "loss": {"native": 5.928813884542628, "graph": 5.928830130483444, "candidate": 5.928813884542628}}
{"utc": "2026-09-06T12:17:47Z", "stage": "full_validation", "elapsed_seconds": 6.784114117966965, "blocks": 128, "prediction_tokens": 262016, "loss": {"native": 5.831156502832246, "graph": 5.831165807562802, "candidate": 5.831156502832246}}
{"utc": "2026-09-06T12:17:47Z", "stage": "full_validation", "elapsed_seconds": 7.257196207065135, "blocks": 144, "prediction_tokens": 294768, "loss": {"native": 5.849604330977561, "graph": 5.849606085204084, "candidate": 5.849604330977561}}
{"utc": "2026-09-06T12:17:48Z", "stage": "full_validation", "elapsed_seconds": 7.735292376019061, "blocks": 160, "prediction_tokens": 327520, "loss": {"native": 5.855593878033689, "graph": 5.855587695503328, "candidate": 5.855593878033689}}
{"utc": "2026-09-06T12:17:48Z", "stage": "full_validation", "elapsed_seconds": 8.209258556133136, "blocks": 176, "prediction_tokens": 360272, "loss": {"native": 5.82820932078532, "graph": 5.828214067090715, "candidate": 5.82820932078532}}
{"utc": "2026-09-06T12:17:48Z", "stage": "full_validation", "elapsed_seconds": 8.682602097978815, "blocks": 192, "prediction_tokens": 393024, "loss": {"native": 5.827277839038217, "graph": 5.82727704392138, "candidate": 5.827277839038217}}
{"utc": "2026-09-06T12:17:49Z", "stage": "full_validation", "elapsed_seconds": 9.155607491033152, "blocks": 208, "prediction_tokens": 425776, "loss": {"native": 5.853064829303951, "graph": 5.853064788019037, "candidate": 5.853064829303951}}
{"utc": "2026-09-06T12:17:49Z", "stage": "full_validation", "elapsed_seconds": 9.629119917051867, "blocks": 224, "prediction_tokens": 458528, "loss": {"native": 5.860974186903867, "graph": 5.860968841162985, "candidate": 5.860974186903867}}
{"utc": "2026-09-06T12:17:50Z", "stage": "full_validation", "elapsed_seconds": 10.10244011413306, "blocks": 240, "prediction_tokens": 491280, "loss": {"native": 5.845817573123715, "graph": 5.845815044652172, "candidate": 5.845817573123715}}
{"utc": "2026-09-06T12:17:50Z", "stage": "full_validation", "elapsed_seconds": 10.576725555118173, "blocks": 256, "prediction_tokens": 524032, "loss": {"native": 5.860577907105685, "graph": 5.860573868781809, "candidate": 5.860577907105685}}
{"utc": "2026-09-06T12:17:51Z", "stage": "full_validation", "elapsed_seconds": 11.050326443975791, "blocks": 272, "prediction_tokens": 556784, "loss": {"native": 5.871153765243513, "graph": 5.871152581337927, "candidate": 5.871153765243513}}
{"utc": "2026-09-06T12:17:51Z", "stage": "full_validation", "elapsed_seconds": 11.52519512292929, "blocks": 288, "prediction_tokens": 589536, "loss": {"native": 5.85495766628994, "graph": 5.854959582852818, "candidate": 5.85495766628994}}
{"utc": "2026-09-06T12:17:52Z", "stage": "full_validation", "elapsed_seconds": 11.999434675090015, "blocks": 304, "prediction_tokens": 622288, "loss": {"native": 5.859802871463605, "graph": 5.85980618584537, "candidate": 5.859802871463605}}
{"utc": "2026-09-06T12:17:52Z", "stage": "full_validation", "elapsed_seconds": 12.472742181969807, "blocks": 320, "prediction_tokens": 655040, "loss": {"native": 5.835200507197079, "graph": 5.835202599596733, "candidate": 5.835200507197079}}
{"utc": "2026-09-06T12:17:53Z", "stage": "full_validation", "elapsed_seconds": 12.945799072971568, "blocks": 336, "prediction_tokens": 687792, "loss": {"native": 5.828935494539274, "graph": 5.828938825510883, "candidate": 5.828935494539274}}
{"utc": "2026-09-06T12:17:53Z", "stage": "complete", "elapsed_seconds": 13.010466160951182, "primary_speedup": 1.8482390457763278, "timing": {"candidate": {"samples": 80, "median_host_ms": 2.407985972240567, "paired_geomean_speedup": 1.8482390457763278, "input_tokens_per_second": null}, "graph": {"samples": 80, "median_host_ms": 1.3950458960607648, "paired_geomean_speedup": 3.1938236522723003, "input_tokens_per_second": null}, "native": {"samples": 80, "median_host_ms": 4.454783513210714, "paired_geomean_speedup": 1.0, "input_tokens_per_second": null}}, "qualified": true, "loss": {"native": 5.83130066301001, "graph": 5.831301560692215, "candidate": 5.83130066301001}}
Loading weights:   0%|          | 0/76 [00:00<?, ?it/s]Loading weights: 100%|██████████| 76/76 [00:00<00:00, 18563.19it/s]
{"utc": "2026-09-06T12:17:56Z", "stage": "preparing_dense", "elapsed_seconds": 1.3540009958669543, "mode": "native"}
{"utc": "2026-09-06T12:17:56Z", "stage": "preparing_dense", "elapsed_seconds": 1.357818634947762, "mode": "graph"}
{"utc": "2026-09-06T12:17:56Z", "stage": "preparing_candidate", "elapsed_seconds": 1.4214327968657017, "implementation": "k019"}
Loading weights:   0%|          | 0/76 [00:00<?, ?it/s]Loading weights: 100%|██████████| 76/76 [00:00<00:00, 16058.80it/s]
ninja: no work to do.
ninja: no work to do.
{"utc": "2026-09-06T12:17:56Z", "stage": "development_quality", "elapsed_seconds": 1.623976806877181}
{"utc": "2026-09-06T12:17:57Z", "stage": "timing", "elapsed_seconds": 2.1525084120221436, "loss": {"native": 5.700043156954155, "graph": 5.7000058858523905, "candidate": 5.7000058858523905}, "correctness": {"graph": false, "candidate": false, "native": true}}
{"utc": "2026-09-06T12:17:57Z", "stage": "full_validation", "elapsed_seconds": 2.7228537178598344, "loss": {"native": 5.700043156954155, "graph": 5.7000058858523905, "candidate": 5.7000058858523905}}
{"utc": "2026-09-06T12:17:58Z", "stage": "full_validation", "elapsed_seconds": 3.1600182948168367, "blocks": 16, "prediction_tokens": 32752, "loss": {"native": 5.433529643704965, "graph": 5.433588561862634, "candidate": 5.433588561862634}}
{"utc": "2026-09-06T12:17:58Z", "stage": "full_validation", "elapsed_seconds": 3.5968857938423753, "blocks": 32, "prediction_tokens": 65504, "loss": {"native": 5.4627757032848185, "graph": 5.46291955482919, "candidate": 5.46291955482919}}
{"utc": "2026-09-06T12:17:59Z", "stage": "full_validation", "elapsed_seconds": 4.034204052994028, "blocks": 48, "prediction_tokens": 98256, "loss": {"native": 5.8373225488058615, "graph": 5.8374227136494845, "candidate": 5.8374227136494845}}
{"utc": "2026-09-06T12:17:59Z", "stage": "full_validation", "elapsed_seconds": 4.472615676932037, "blocks": 64, "prediction_tokens": 131008, "loss": {"native": 5.963783443061445, "graph": 5.96385852196884, "candidate": 5.96385852196884}}
{"utc": "2026-09-06T12:17:59Z", "stage": "full_validation", "elapsed_seconds": 4.9111975689884275, "blocks": 80, "prediction_tokens": 163760, "loss": {"native": 5.932614924398701, "graph": 5.932662559848445, "candidate": 5.932662559848445}}
{"utc": "2026-09-06T12:18:00Z", "stage": "full_validation", "elapsed_seconds": 5.349969185888767, "blocks": 96, "prediction_tokens": 196512, "loss": {"native": 5.941523398042327, "graph": 5.94154689871436, "candidate": 5.94154689871436}}
{"utc": "2026-09-06T12:18:00Z", "stage": "full_validation", "elapsed_seconds": 5.788477255962789, "blocks": 112, "prediction_tokens": 229264, "loss": {"native": 5.928813884542628, "graph": 5.928830130483444, "candidate": 5.928830130483444}}
{"utc": "2026-09-06T12:18:01Z", "stage": "full_validation", "elapsed_seconds": 6.227312147850171, "blocks": 128, "prediction_tokens": 262016, "loss": {"native": 5.831156502832246, "graph": 5.831165807562802, "candidate": 5.831165807562802}}
{"utc": "2026-09-06T12:18:01Z", "stage": "full_validation", "elapsed_seconds": 6.666109804995358, "blocks": 144, "prediction_tokens": 294768, "loss": {"native": 5.849604330977561, "graph": 5.849606085204084, "candidate": 5.849606085204084}}
{"utc": "2026-09-06T12:18:02Z", "stage": "full_validation", "elapsed_seconds": 7.10463963681832, "blocks": 160, "prediction_tokens": 327520, "loss": {"native": 5.855593878033689, "graph": 5.855587695503328, "candidate": 5.855587695503328}}
{"utc": "2026-09-06T12:18:02Z", "stage": "full_validation", "elapsed_seconds": 7.543350902851671, "blocks": 176, "prediction_tokens": 360272, "loss": {"native": 5.82820932078532, "graph": 5.828214067090715, "candidate": 5.828214067090715}}
{"utc": "2026-09-06T12:18:03Z", "stage": "full_validation", "elapsed_seconds": 7.9820633109193295, "blocks": 192, "prediction_tokens": 393024, "loss": {"native": 5.827277839038217, "graph": 5.82727704392138, "candidate": 5.82727704392138}}
{"utc": "2026-09-06T12:18:03Z", "stage": "full_validation", "elapsed_seconds": 8.419810344930738, "blocks": 208, "prediction_tokens": 425776, "loss": {"native": 5.853064829303951, "graph": 5.853064788019037, "candidate": 5.853064788019037}}
{"utc": "2026-09-06T12:18:03Z", "stage": "full_validation", "elapsed_seconds": 8.85781922400929, "blocks": 224, "prediction_tokens": 458528, "loss": {"native": 5.860974186903867, "graph": 5.860968841162985, "candidate": 5.860968841162985}}
{"utc": "2026-09-06T12:18:04Z", "stage": "full_validation", "elapsed_seconds": 9.295819188002497, "blocks": 240, "prediction_tokens": 491280, "loss": {"native": 5.845817573123715, "graph": 5.845815044652172, "candidate": 5.845815044652172}}
{"utc": "2026-09-06T12:18:04Z", "stage": "full_validation", "elapsed_seconds": 9.73433946701698, "blocks": 256, "prediction_tokens": 524032, "loss": {"native": 5.860577907105685, "graph": 5.860573868781809, "candidate": 5.860573868781809}}
{"utc": "2026-09-06T12:18:05Z", "stage": "full_validation", "elapsed_seconds": 10.171277703018859, "blocks": 272, "prediction_tokens": 556784, "loss": {"native": 5.871153765243513, "graph": 5.871152581337927, "candidate": 5.871152581337927}}
{"utc": "2026-09-06T12:18:05Z", "stage": "full_validation", "elapsed_seconds": 10.608097589807585, "blocks": 288, "prediction_tokens": 589536, "loss": {"native": 5.85495766628994, "graph": 5.854959582852818, "candidate": 5.854959582852818}}
{"utc": "2026-09-06T12:18:06Z", "stage": "full_validation", "elapsed_seconds": 11.046207209816203, "blocks": 304, "prediction_tokens": 622288, "loss": {"native": 5.859802871463605, "graph": 5.85980618584537, "candidate": 5.85980618584537}}
{"utc": "2026-09-06T12:18:06Z", "stage": "full_validation", "elapsed_seconds": 11.484355928841978, "blocks": 320, "prediction_tokens": 655040, "loss": {"native": 5.835200507197079, "graph": 5.835202599596733, "candidate": 5.835202599596733}}
{"utc": "2026-09-06T12:18:06Z", "stage": "full_validation", "elapsed_seconds": 11.922591869952157, "blocks": 336, "prediction_tokens": 687792, "loss": {"native": 5.828935494539274, "graph": 5.828938825510883, "candidate": 5.828938825510883}}
{"utc": "2026-09-06T12:18:07Z", "stage": "complete", "elapsed_seconds": 11.983052342897281, "primary_speedup": 4.019319826560504, "timing": {"candidate": {"samples": 80, "median_host_ms": 1.0881338967010379, "paired_geomean_speedup": 4.019319826560504, "input_tokens_per_second": null}, "graph": {"samples": 80, "median_host_ms": 1.3949209824204445, "paired_geomean_speedup": 3.1398214298208686, "input_tokens_per_second": null}, "native": {"samples": 80, "median_host_ms": 4.361668485216796, "paired_geomean_speedup": 1.0, "input_tokens_per_second": null}}, "qualified": false, "loss": {"native": 5.83130066301001, "graph": 5.831301560692215, "candidate": 5.831301560692215}}
11 iterations recorded
