Loading weights:   0%|          | 0/76 [00:00<?, ?it/s]Loading weights: 100%|██████████| 76/76 [00:00<00:00, 17012.71it/s]
{"utc": "2026-09-06T12:07:55Z", "stage": "preparing_dense", "elapsed_seconds": 1.3459174421150237, "mode": "native"}
{"utc": "2026-09-06T12:07:55Z", "stage": "preparing_dense", "elapsed_seconds": 1.3523211260326207, "mode": "graph"}
{"utc": "2026-09-06T12:07:55Z", "stage": "preparing_dense", "elapsed_seconds": 1.4135533410590142, "mode": "compile_reduce_overhead"}
/workspace/sparsity-spillover/runs/026-2026-09-06-pythia14m-fused-sparse-kernel/runtime/venv/lib/python3.12/site-packages/torch/_inductor/compile_fx.py:322: UserWarning: TensorFloat32 tensor cores for float32 matrix multiplication available but not enabled. Consider setting `torch.set_float32_matmul_precision('high')` for better performance.
  warnings.warn(
{"utc": "2026-09-06T12:08:03Z", "stage": "preparing_dense", "elapsed_seconds": 9.166260805213824, "mode": "compile_max_autotune"}
/workspace/sparsity-spillover/runs/026-2026-09-06-pythia14m-fused-sparse-kernel/runtime/venv/lib/python3.12/site-packages/torch/_inductor/select_algorithm.py:3686: UserWarning: TypedStorage is deprecated. It will be removed in the future and UntypedStorage will be the only storage class. This should only matter to you if you are using storages directly.  To access UntypedStorage directly, use tensor.untyped_storage() instead of tensor.storage()
  current_out_size = out_base.storage().size()
E0906 12:08:08.490000 1175 torch/_inductor/select_algorithm.py:3924] [0/1] Runtime error during autotuning: 
E0906 12:08:08.490000 1175 torch/_inductor/select_algorithm.py:3924] [0/1] No valid triton configs. OutOfMemoryError: out of resource: triton_mm Required: 131072 Hardware limit:101376 Reducing block sizes or `num_stages` may help.. 
E0906 12:08:08.490000 1175 torch/_inductor/select_algorithm.py:3924] [0/1] Ignoring this choice.
Autotune Choices Stats:
{"num_choices": 22, "num_triton_choices": 20, "best_kernel": "triton_mm_40", "best_kernel_desc": "ACC_TYPE='tl.float32', ALLOW_TF32=False, BLOCK_K=128, BLOCK_M=64, BLOCK_N=64, EVEN_K=True, GROUP_M=8, USE_FAST_ACCUM=False, num_stages=5, num_warps=4", "best_time": 0.006111999973654747, "best_triton_pos": 0}
AUTOTUNE addmm(2048x512, 2048x128, 128x512)
strides: [0, 1], [128, 1], [1, 128]
dtypes: torch.bfloat16, torch.bfloat16, torch.bfloat16
  triton_mm_40 0.0061 ms 100.0% ACC_TYPE='tl.float32', ALLOW_TF32=False, BLOCK_K=128, BLOCK_M=64, BLOCK_N=64, EVEN_K=True, GROUP_M=8, USE_FAST_ACCUM=False, num_stages=5, num_warps=4
  bias_addmm 0.0061 ms 99.5% 
  triton_mm_35 0.0061 ms 99.5% ACC_TYPE='tl.float32', ALLOW_TF32=False, BLOCK_K=32, BLOCK_M=64, BLOCK_N=32, EVEN_K=True, GROUP_M=8, USE_FAST_ACCUM=False, num_stages=5, num_warps=8
  triton_mm_39 0.0061 ms 99.5% ACC_TYPE='tl.float32', ALLOW_TF32=False, BLOCK_K=64, BLOCK_M=64, BLOCK_N=64, EVEN_K=True, GROUP_M=8, USE_FAST_ACCUM=False, num_stages=3, num_warps=8
  triton_mm_42 0.0061 ms 99.5% ACC_TYPE='tl.float32', ALLOW_TF32=False, BLOCK_K=32, BLOCK_M=64, BLOCK_N=128, EVEN_K=True, GROUP_M=8, USE_FAST_ACCUM=False, num_stages=4, num_warps=8
  triton_mm_43 0.0061 ms 99.5% ACC_TYPE='tl.float32', ALLOW_TF32=False, BLOCK_K=64, BLOCK_M=64, BLOCK_N=128, EVEN_K=True, GROUP_M=8, USE_FAST_ACCUM=False, num_stages=3, num_warps=4
  triton_mm_46 0.0061 ms 99.5% ACC_TYPE='tl.float32', ALLOW_TF32=False, BLOCK_K=32, BLOCK_M=128, BLOCK_N=64, EVEN_K=True, GROUP_M=8, USE_FAST_ACCUM=False, num_stages=4, num_warps=8
  triton_mm_41 0.0071 ms 85.7% ACC_TYPE='tl.float32', ALLOW_TF32=False, BLOCK_K=32, BLOCK_M=64, BLOCK_N=128, EVEN_K=True, GROUP_M=8, USE_FAST_ACCUM=False, num_stages=3, num_warps=4
  triton_mm_34 0.0076 ms 79.9% ACC_TYPE='tl.float32', ALLOW_TF32=False, BLOCK_K=32, BLOCK_M=32, BLOCK_N=64, EVEN_K=True, GROUP_M=8, USE_FAST_ACCUM=False, num_stages=5, num_warps=8
  triton_mm_45 0.0076 ms 79.9% ACC_TYPE='tl.float32', ALLOW_TF32=False, BLOCK_K=32, BLOCK_M=128, BLOCK_N=64, EVEN_K=True, GROUP_M=8, USE_FAST_ACCUM=False, num_stages=3, num_warps=4
SingleProcess AUTOTUNE benchmarking takes 0.3204 seconds and 0.0003 seconds precompiling for 22 choices
Autotune Choices Stats:
{"num_choices": 13, "num_triton_choices": 12, "best_kernel": "triton_mm_22", "best_kernel_desc": "ACC_TYPE='tl.float32', ALLOW_TF32=False, BLOCK_K=16, BLOCK_M=16, BLOCK_N=64, EVEN_K=False, GROUP_M=8, USE_FAST_ACCUM=False, num_stages=5, num_warps=4", "best_time": 0.0035520000383257866, "best_triton_pos": 0}
AUTOTUNE mm(4x1, 1x2048)
strides: [1, 0], [0, 1]
dtypes: torch.float32, torch.float32
  triton_mm_22 0.0036 ms 100.0% ACC_TYPE='tl.float32', ALLOW_TF32=False, BLOCK_K=16, BLOCK_M=16, BLOCK_N=64, EVEN_K=False, GROUP_M=8, USE_FAST_ACCUM=False, num_stages=5, num_warps=4
  triton_mm_24 0.0036 ms 100.0% ACC_TYPE='tl.float32', ALLOW_TF32=False, BLOCK_K=16, BLOCK_M=16, BLOCK_N=64, EVEN_K=False, GROUP_M=8, USE_FAST_ACCUM=False, num_stages=2, num_warps=4
  triton_mm_28 0.0036 ms 100.0% ACC_TYPE='tl.float32', ALLOW_TF32=False, BLOCK_K=16, BLOCK_M=16, BLOCK_N=128, EVEN_K=False, GROUP_M=8, USE_FAST_ACCUM=False, num_stages=4, num_warps=4
  mm 0.0036 ms 99.1% 
  triton_mm_23 0.0036 ms 99.1% ACC_TYPE='tl.float32', ALLOW_TF32=False, BLOCK_K=16, BLOCK_M=16, BLOCK_N=32, EVEN_K=False, GROUP_M=8, USE_FAST_ACCUM=False, num_stages=5, num_warps=2
  triton_mm_27 0.0036 ms 98.2% ACC_TYPE='tl.float32', ALLOW_TF32=False, BLOCK_K=16, BLOCK_M=16, BLOCK_N=128, EVEN_K=False, GROUP_M=8, USE_FAST_ACCUM=False, num_stages=4, num_warps=8
  triton_mm_29 0.0036 ms 98.2% ACC_TYPE='tl.float32', ALLOW_TF32=False, BLOCK_K=16, BLOCK_M=16, BLOCK_N=64, EVEN_K=False, GROUP_M=8, USE_FAST_ACCUM=False, num_stages=4, num_warps=4
  triton_mm_30 0.0036 ms 98.2% ACC_TYPE='tl.float32', ALLOW_TF32=False, BLOCK_K=16, BLOCK_M=16, BLOCK_N=128, EVEN_K=False, GROUP_M=8, USE_FAST_ACCUM=False, num_stages=2, num_warps=8
  triton_mm_31 0.0036 ms 98.2% ACC_TYPE='tl.float32', ALLOW_TF32=False, BLOCK_K=16, BLOCK_M=16, BLOCK_N=128, EVEN_K=False, GROUP_M=8, USE_FAST_ACCUM=False, num_stages=5, num_warps=8
  triton_mm_21 0.0036 ms 97.4% ACC_TYPE='tl.float32', ALLOW_TF32=False, BLOCK_K=16, BLOCK_M=16, BLOCK_N=32, EVEN_K=False, GROUP_M=8, USE_FAST_ACCUM=False, num_stages=2, num_warps=2
SingleProcess AUTOTUNE benchmarking takes 0.1936 seconds and 0.0002 seconds precompiling for 13 choices
E0906 12:08:10.116000 1175 torch/_inductor/select_algorithm.py:3924] [0/1] Runtime error during autotuning: 
E0906 12:08:10.116000 1175 torch/_inductor/select_algorithm.py:3924] [0/1] No valid triton configs. OutOfMemoryError: out of resource: triton_mm Required: 131072 Hardware limit:101376 Reducing block sizes or `num_stages` may help.. 
E0906 12:08:10.116000 1175 torch/_inductor/select_algorithm.py:3924] [0/1] Ignoring this choice.
Autotune Choices Stats:
{"num_choices": 22, "num_triton_choices": 20, "best_kernel": "triton_mm_10", "best_kernel_desc": "ACC_TYPE='tl.float32', ALLOW_TF32=False, BLOCK_K=32, BLOCK_M=64, BLOCK_N=128, EVEN_K=True, GROUP_M=8, USE_FAST_ACCUM=False, num_stages=4, num_warps=8", "best_time": 0.005824000108987093, "best_triton_pos": 0}
AUTOTUNE addmm(2048x384, 2048x128, 128x384)
strides: [0, 1], [128, 1], [1, 128]
dtypes: torch.bfloat16, torch.bfloat16, torch.bfloat16
  triton_mm_10 0.0058 ms 100.0% ACC_TYPE='tl.float32', ALLOW_TF32=False, BLOCK_K=32, BLOCK_M=64, BLOCK_N=128, EVEN_K=True, GROUP_M=8, USE_FAST_ACCUM=False, num_stages=4, num_warps=8
  triton_mm_14 0.0058 ms 100.0% ACC_TYPE='tl.float32', ALLOW_TF32=False, BLOCK_K=32, BLOCK_M=128, BLOCK_N=64, EVEN_K=True, GROUP_M=8, USE_FAST_ACCUM=False, num_stages=4, num_warps=8
  triton_mm_1 0.0061 ms 95.3% ACC_TYPE='tl.float32', ALLOW_TF32=False, BLOCK_K=128, BLOCK_M=32, BLOCK_N=32, EVEN_K=True, GROUP_M=8, USE_FAST_ACCUM=False, num_stages=2, num_warps=4
  triton_mm_3 0.0061 ms 95.3% ACC_TYPE='tl.float32', ALLOW_TF32=False, BLOCK_K=32, BLOCK_M=64, BLOCK_N=32, EVEN_K=True, GROUP_M=8, USE_FAST_ACCUM=False, num_stages=5, num_warps=8
  triton_mm_4 0.0061 ms 95.3% ACC_TYPE='tl.float32', ALLOW_TF32=False, BLOCK_K=128, BLOCK_M=64, BLOCK_N=32, EVEN_K=True, GROUP_M=8, USE_FAST_ACCUM=False, num_stages=5, num_warps=4
  triton_mm_13 0.0061 ms 95.3% ACC_TYPE='tl.float32', ALLOW_TF32=False, BLOCK_K=32, BLOCK_M=128, BLOCK_N=64, EVEN_K=True, GROUP_M=8, USE_FAST_ACCUM=False, num_stages=3, num_warps=4
  bias_addmm 0.0061 ms 94.8% 
  triton_mm_7 0.0061 ms 94.8% ACC_TYPE='tl.float32', ALLOW_TF32=False, BLOCK_K=64, BLOCK_M=64, BLOCK_N=64, EVEN_K=True, GROUP_M=8, USE_FAST_ACCUM=False, num_stages=3, num_warps=8
  triton_mm_9 0.0061 ms 94.8% ACC_TYPE='tl.float32', ALLOW_TF32=False, BLOCK_K=32, BLOCK_M=64, BLOCK_N=128, EVEN_K=True, GROUP_M=8, USE_FAST_ACCUM=False, num_stages=3, num_warps=4
  triton_mm_11 0.0061 ms 94.8% ACC_TYPE='tl.float32', ALLOW_TF32=False, BLOCK_K=64, BLOCK_M=64, BLOCK_N=128, EVEN_K=True, GROUP_M=8, USE_FAST_ACCUM=False, num_stages=3, num_warps=4
SingleProcess AUTOTUNE benchmarking takes 0.3163 seconds and 0.0001 seconds precompiling for 22 choices
E0906 12:08:10.286000 1175 torch/_inductor/select_algorithm.py:3924] [0/1] Runtime error during autotuning: 
E0906 12:08:10.286000 1175 torch/_inductor/select_algorithm.py:3924] [0/1] No valid triton configs. OutOfMemoryError: out of resource: triton_mm Required: 131072 Hardware limit:101376 Reducing block sizes or `num_stages` may help.. 
E0906 12:08:10.286000 1175 torch/_inductor/select_algorithm.py:3924] [0/1] Ignoring this choice.
E0906 12:08:10.334000 1175 torch/_inductor/select_algorithm.py:3924] [0/1] Runtime error during autotuning: 
E0906 12:08:10.334000 1175 torch/_inductor/select_algorithm.py:3924] [0/1] No valid triton configs. OutOfMemoryError: out of resource: triton_mm Required: 147456 Hardware limit:101376 Reducing block sizes or `num_stages` may help.. 
E0906 12:08:10.334000 1175 torch/_inductor/select_algorithm.py:3924] [0/1] Ignoring this choice.
E0906 12:08:10.415000 1175 torch/_inductor/select_algorithm.py:3924] [0/1] Runtime error during autotuning: 
E0906 12:08:10.415000 1175 torch/_inductor/select_algorithm.py:3924] [0/1] No valid triton configs. OutOfMemoryError: out of resource: triton_mm Required: 131072 Hardware limit:101376 Reducing block sizes or `num_stages` may help.. 
E0906 12:08:10.415000 1175 torch/_inductor/select_algorithm.py:3924] [0/1] Ignoring this choice.
E0906 12:08:10.417000 1175 torch/_inductor/select_algorithm.py:3924] [0/1] Runtime error during autotuning: 
E0906 12:08:10.417000 1175 torch/_inductor/select_algorithm.py:3924] [0/1] No valid triton configs. OutOfMemoryError: out of resource: triton_mm Required: 196608 Hardware limit:101376 Reducing block sizes or `num_stages` may help.. 
E0906 12:08:10.417000 1175 torch/_inductor/select_algorithm.py:3924] [0/1] Ignoring this choice.
Autotune Choices Stats:
{"num_choices": 22, "num_triton_choices": 20, "best_kernel": "triton_mm_56", "best_kernel_desc": "ACC_TYPE='tl.float32', ALLOW_TF32=False, BLOCK_K=128, BLOCK_M=64, BLOCK_N=32, EVEN_K=True, GROUP_M=8, USE_FAST_ACCUM=False, num_stages=5, num_warps=4", "best_time": 0.007712000049650669, "best_triton_pos": 0}
AUTOTUNE addmm(2048x128, 2048x512, 512x128)
strides: [0, 1], [512, 1], [1, 512]
dtypes: torch.bfloat16, torch.bfloat16, torch.bfloat16
  triton_mm_56 0.0077 ms 100.0% ACC_TYPE='tl.float32', ALLOW_TF32=False, BLOCK_K=128, BLOCK_M=64, BLOCK_N=32, EVEN_K=True, GROUP_M=8, USE_FAST_ACCUM=False, num_stages=5, num_warps=4
  triton_mm_53 0.0082 ms 94.1% ACC_TYPE='tl.float32', ALLOW_TF32=False, BLOCK_K=128, BLOCK_M=32, BLOCK_N=32, EVEN_K=True, GROUP_M=8, USE_FAST_ACCUM=False, num_stages=2, num_warps=4
  triton_mm_55 0.0097 ms 79.5% ACC_TYPE='tl.float32', ALLOW_TF32=False, BLOCK_K=32, BLOCK_M=64, BLOCK_N=32, EVEN_K=True, GROUP_M=8, USE_FAST_ACCUM=False, num_stages=5, num_warps=8
  bias_addmm 0.0098 ms 79.0% 
  triton_mm_59 0.0098 ms 78.8% ACC_TYPE='tl.float32', ALLOW_TF32=False, BLOCK_K=64, BLOCK_M=64, BLOCK_N=64, EVEN_K=True, GROUP_M=8, USE_FAST_ACCUM=False, num_stages=3, num_warps=8
  triton_mm_62 0.0099 ms 77.7% ACC_TYPE='tl.float32', ALLOW_TF32=False, BLOCK_K=32, BLOCK_M=64, BLOCK_N=128, EVEN_K=True, GROUP_M=8, USE_FAST_ACCUM=False, num_stages=4, num_warps=8
  triton_mm_63 0.0102 ms 75.3% ACC_TYPE='tl.float32', ALLOW_TF32=False, BLOCK_K=64, BLOCK_M=64, BLOCK_N=128, EVEN_K=True, GROUP_M=8, USE_FAST_ACCUM=False, num_stages=3, num_warps=4
  triton_mm_66 0.0118 ms 65.5% ACC_TYPE='tl.float32', ALLOW_TF32=False, BLOCK_K=32, BLOCK_M=128, BLOCK_N=64, EVEN_K=True, GROUP_M=8, USE_FAST_ACCUM=False, num_stages=4, num_warps=8
  triton_mm_54 0.0118 ms 65.1% ACC_TYPE='tl.float32', ALLOW_TF32=False, BLOCK_K=32, BLOCK_M=32, BLOCK_N=64, EVEN_K=True, GROUP_M=8, USE_FAST_ACCUM=False, num_stages=5, num_warps=8
  addmm 0.0119 ms 64.6% 
SingleProcess AUTOTUNE benchmarking takes 0.2849 seconds and 0.0001 seconds precompiling for 22 choices
E0906 12:08:10.724000 1175 torch/_inductor/select_algorithm.py:3924] [0/1] Runtime error during autotuning: 
E0906 12:08:10.724000 1175 torch/_inductor/select_algorithm.py:3924] [0/1] No valid triton configs. OutOfMemoryError: out of resource: triton_mm Required: 131072 Hardware limit:101376 Reducing block sizes or `num_stages` may help.. 
E0906 12:08:10.724000 1175 torch/_inductor/select_algorithm.py:3924] [0/1] Ignoring this choice.
Autotune Choices Stats:
{"num_choices": 22, "num_triton_choices": 20, "best_kernel": "triton_mm_76", "best_kernel_desc": "ACC_TYPE='tl.float32', ALLOW_TF32=False, BLOCK_K=128, BLOCK_M=64, BLOCK_N=32, EVEN_K=True, GROUP_M=8, USE_FAST_ACCUM=False, num_stages=5, num_warps=4", "best_time": 0.0055680000223219395, "best_triton_pos": 0}
AUTOTUNE addmm(2048x128, 2048x128, 128x128)
strides: [0, 1], [128, 1], [1, 128]
dtypes: torch.bfloat16, torch.bfloat16, torch.bfloat16
  triton_mm_76 0.0056 ms 100.0% ACC_TYPE='tl.float32', ALLOW_TF32=False, BLOCK_K=128, BLOCK_M=64, BLOCK_N=32, EVEN_K=True, GROUP_M=8, USE_FAST_ACCUM=False, num_stages=5, num_warps=4
  triton_mm_80 0.0056 ms 99.4% ACC_TYPE='tl.float32', ALLOW_TF32=False, BLOCK_K=128, BLOCK_M=64, BLOCK_N=64, EVEN_K=True, GROUP_M=8, USE_FAST_ACCUM=False, num_stages=5, num_warps=4
  triton_mm_73 0.0057 ms 98.3% ACC_TYPE='tl.float32', ALLOW_TF32=False, BLOCK_K=128, BLOCK_M=32, BLOCK_N=32, EVEN_K=True, GROUP_M=8, USE_FAST_ACCUM=False, num_stages=2, num_warps=4
  triton_mm_81 0.0057 ms 98.3% ACC_TYPE='tl.float32', ALLOW_TF32=False, BLOCK_K=32, BLOCK_M=64, BLOCK_N=128, EVEN_K=True, GROUP_M=8, USE_FAST_ACCUM=False, num_stages=3, num_warps=4
  triton_mm_74 0.0057 ms 97.8% ACC_TYPE='tl.float32', ALLOW_TF32=False, BLOCK_K=32, BLOCK_M=32, BLOCK_N=64, EVEN_K=True, GROUP_M=8, USE_FAST_ACCUM=False, num_stages=5, num_warps=8
  triton_mm_75 0.0057 ms 97.8% ACC_TYPE='tl.float32', ALLOW_TF32=False, BLOCK_K=32, BLOCK_M=64, BLOCK_N=32, EVEN_K=True, GROUP_M=8, USE_FAST_ACCUM=False, num_stages=5, num_warps=8
  triton_mm_79 0.0057 ms 97.8% ACC_TYPE='tl.float32', ALLOW_TF32=False, BLOCK_K=64, BLOCK_M=64, BLOCK_N=64, EVEN_K=True, GROUP_M=8, USE_FAST_ACCUM=False, num_stages=3, num_warps=8
  triton_mm_82 0.0057 ms 97.8% ACC_TYPE='tl.float32', ALLOW_TF32=False, BLOCK_K=32, BLOCK_M=64, BLOCK_N=128, EVEN_K=True, GROUP_M=8, USE_FAST_ACCUM=False, num_stages=4, num_warps=8
  bias_addmm 0.0057 ms 97.2% 
  triton_mm_86 0.0058 ms 96.1% ACC_TYPE='tl.float32', ALLOW_TF32=False, BLOCK_K=32, BLOCK_M=128, BLOCK_N=64, EVEN_K=True, GROUP_M=8, USE_FAST_ACCUM=False, num_stages=4, num_warps=8
SingleProcess AUTOTUNE benchmarking takes 0.3219 seconds and 0.0001 seconds precompiling for 22 choices
E0906 12:08:11.396000 1175 torch/_inductor/select_algorithm.py:3924] [0/1] Runtime error during autotuning: 
E0906 12:08:11.396000 1175 torch/_inductor/select_algorithm.py:3924] [0/1] No valid triton configs. OutOfMemoryError: out of resource: triton_mm Required: 131072 Hardware limit:101376 Reducing block sizes or `num_stages` may help.. 
E0906 12:08:11.396000 1175 torch/_inductor/select_algorithm.py:3924] [0/1] Ignoring this choice.
Autotune Choices Stats:
{"num_choices": 21, "num_triton_choices": 20, "best_kernel": "triton_mm_501", "best_kernel_desc": "ACC_TYPE='tl.float32', ALLOW_TF32=False, BLOCK_K=32, BLOCK_M=64, BLOCK_N=128, EVEN_K=True, GROUP_M=8, USE_FAST_ACCUM=False, num_stages=3, num_warps=4", "best_time": 0.15875199437141418, "best_triton_pos": 0}
AUTOTUNE mm(2048x128, 128x50304)
strides: [128, 1], [1, 128]
dtypes: torch.bfloat16, torch.bfloat16
  triton_mm_501 0.1588 ms 100.0% ACC_TYPE='tl.float32', ALLOW_TF32=False, BLOCK_K=32, BLOCK_M=64, BLOCK_N=128, EVEN_K=True, GROUP_M=8, USE_FAST_ACCUM=False, num_stages=3, num_warps=4
  triton_mm_502 0.1638 ms 96.9% ACC_TYPE='tl.float32', ALLOW_TF32=False, BLOCK_K=32, BLOCK_M=64, BLOCK_N=128, EVEN_K=True, GROUP_M=8, USE_FAST_ACCUM=False, num_stages=4, num_warps=8
  triton_mm_504 0.1652 ms 96.1% ACC_TYPE='tl.float32', ALLOW_TF32=False, BLOCK_K=128, BLOCK_M=64, BLOCK_N=128, EVEN_K=True, GROUP_M=8, USE_FAST_ACCUM=False, num_stages=4, num_warps=4
  triton_mm_503 0.1655 ms 95.9% ACC_TYPE='tl.float32', ALLOW_TF32=False, BLOCK_K=64, BLOCK_M=64, BLOCK_N=128, EVEN_K=True, GROUP_M=8, USE_FAST_ACCUM=False, num_stages=3, num_warps=4
  triton_mm_500 0.1731 ms 91.7% ACC_TYPE='tl.float32', ALLOW_TF32=False, BLOCK_K=128, BLOCK_M=64, BLOCK_N=64, EVEN_K=True, GROUP_M=8, USE_FAST_ACCUM=False, num_stages=5, num_warps=4
  triton_mm_498 0.1734 ms 91.5% ACC_TYPE='tl.float32', ALLOW_TF32=False, BLOCK_K=32, BLOCK_M=64, BLOCK_N=64, EVEN_K=True, GROUP_M=8, USE_FAST_ACCUM=False, num_stages=2, num_warps=4
  triton_mm_499 0.1744 ms 91.0% ACC_TYPE='tl.float32', ALLOW_TF32=False, BLOCK_K=64, BLOCK_M=64, BLOCK_N=64, EVEN_K=True, GROUP_M=8, USE_FAST_ACCUM=False, num_stages=3, num_warps=8
  triton_mm_508 0.1761 ms 90.1% ACC_TYPE='tl.float32', ALLOW_TF32=False, BLOCK_K=32, BLOCK_M=128, BLOCK_N=128, EVEN_K=True, GROUP_M=8, USE_FAST_ACCUM=False, num_stages=3, num_warps=4
  triton_mm_507 0.1777 ms 89.3% ACC_TYPE='tl.float32', ALLOW_TF32=False, BLOCK_K=32, BLOCK_M=128, BLOCK_N=128, EVEN_K=True, GROUP_M=8, USE_FAST_ACCUM=False, num_stages=2, num_warps=8
  triton_mm_506 0.1797 ms 88.3% ACC_TYPE='tl.float32', ALLOW_TF32=False, BLOCK_K=32, BLOCK_M=128, BLOCK_N=64, EVEN_K=True, GROUP_M=8, USE_FAST_ACCUM=False, num_stages=4, num_warps=8
SingleProcess AUTOTUNE benchmarking takes 0.6890 seconds and 0.0001 seconds precompiling for 21 choices
{"utc": "2026-09-06T12:08:20Z", "stage": "development_quality", "elapsed_seconds": 26.590016439091414}
{"utc": "2026-09-06T12:08:21Z", "stage": "timing", "elapsed_seconds": 27.290447804145515, "loss": {"native": 5.700043156954155, "graph": 5.7000058858523905, "compile_reduce_overhead": 5.700275728629168, "compile_max_autotune": 5.700269139098376}, "correctness": {"graph": false, "compile_reduce_overhead": false, "compile_max_autotune": false, "native": true}}
/workspace/sparsity-spillover/runs/026-2026-09-06-pythia14m-fused-sparse-kernel/runtime/venv/lib/python3.12/site-packages/torch/profiler/profiler.py:224: UserWarning: Warning: Profiler clears events at the end of each cycle.Only events from the current cycle will be reported.To keep events across cycles, set acc_events=True.
  _warn_once(
{"utc": "2026-09-06T12:08:22Z", "stage": "full_validation", "elapsed_seconds": 28.009286800166592, "loss": {"native": 5.700043156954155, "graph": 5.7000058858523905, "compile_reduce_overhead": 5.700275728629168, "compile_max_autotune": 5.700269139098376}}
{"utc": "2026-09-06T12:08:22Z", "stage": "full_validation", "elapsed_seconds": 28.625470879022032, "blocks": 16, "prediction_tokens": 32752, "loss": {"native": 5.433529643704965, "graph": 5.433588561862634, "compile_reduce_overhead": 5.432543867788608, "compile_max_autotune": 5.4325149305051985}}
{"utc": "2026-09-06T12:08:23Z", "stage": "full_validation", "elapsed_seconds": 29.241302066016942, "blocks": 32, "prediction_tokens": 65504, "loss": {"native": 5.4627757032848185, "graph": 5.46291955482919, "compile_reduce_overhead": 5.462535528305046, "compile_max_autotune": 5.462529639470968}}
{"utc": "2026-09-06T12:08:24Z", "stage": "full_validation", "elapsed_seconds": 29.857026993995532, "blocks": 48, "prediction_tokens": 98256, "loss": {"native": 5.8373225488058615, "graph": 5.8374227136494845, "compile_reduce_overhead": 5.8370816284040545, "compile_max_autotune": 5.837095841117527}}
{"utc": "2026-09-06T12:08:24Z", "stage": "full_validation", "elapsed_seconds": 30.47177036316134, "blocks": 64, "prediction_tokens": 131008, "loss": {"native": 5.963783443061445, "graph": 5.96385852196884, "compile_reduce_overhead": 5.964752812238804, "compile_max_autotune": 5.964782621665996}}
{"utc": "2026-09-06T12:08:25Z", "stage": "full_validation", "elapsed_seconds": 31.08644044212997, "blocks": 80, "prediction_tokens": 163760, "loss": {"native": 5.932614924398701, "graph": 5.932662559848445, "compile_reduce_overhead": 5.933847578129771, "compile_max_autotune": 5.933874323872397}}
{"utc": "2026-09-06T12:08:25Z", "stage": "full_validation", "elapsed_seconds": 31.701861722161993, "blocks": 96, "prediction_tokens": 196512, "loss": {"native": 5.941523398042327, "graph": 5.94154689871436, "compile_reduce_overhead": 5.942561343562193, "compile_max_autotune": 5.942585311365368}}
{"utc": "2026-09-06T12:08:26Z", "stage": "full_validation", "elapsed_seconds": 32.31848247908056, "blocks": 112, "prediction_tokens": 229264, "loss": {"native": 5.928813884542628, "graph": 5.928830130483444, "compile_reduce_overhead": 5.929984363260668, "compile_max_autotune": 5.930011654226268}}
{"utc": "2026-09-06T12:08:27Z", "stage": "full_validation", "elapsed_seconds": 32.932554447092116, "blocks": 128, "prediction_tokens": 262016, "loss": {"native": 5.831156502832246, "graph": 5.831165807562802, "compile_reduce_overhead": 5.832224944188761, "compile_max_autotune": 5.832254049192129}}
{"utc": "2026-09-06T12:08:27Z", "stage": "full_validation", "elapsed_seconds": 33.54781746910885, "blocks": 144, "prediction_tokens": 294768, "loss": {"native": 5.849604330977561, "graph": 5.849606085204084, "compile_reduce_overhead": 5.850756446992847, "compile_max_autotune": 5.850782815054975}}
{"utc": "2026-09-06T12:08:28Z", "stage": "full_validation", "elapsed_seconds": 34.16295339912176, "blocks": 160, "prediction_tokens": 327520, "loss": {"native": 5.855593878033689, "graph": 5.855587695503328, "compile_reduce_overhead": 5.856815831976864, "compile_max_autotune": 5.856836509984123}}
{"utc": "2026-09-06T12:08:29Z", "stage": "full_validation", "elapsed_seconds": 34.778806790011004, "blocks": 176, "prediction_tokens": 360272, "loss": {"native": 5.82820932078532, "graph": 5.828214067090715, "compile_reduce_overhead": 5.82928726068212, "compile_max_autotune": 5.829301242088877}}
{"utc": "2026-09-06T12:08:29Z", "stage": "full_validation", "elapsed_seconds": 35.394503004150465, "blocks": 192, "prediction_tokens": 393024, "loss": {"native": 5.827277839038217, "graph": 5.82727704392138, "compile_reduce_overhead": 5.8296215577304915, "compile_max_autotune": 5.8296370898409675}}
{"utc": "2026-09-06T12:08:30Z", "stage": "full_validation", "elapsed_seconds": 36.010060359025374, "blocks": 208, "prediction_tokens": 425776, "loss": {"native": 5.853064829303951, "graph": 5.853064788019037, "compile_reduce_overhead": 5.855405798535718, "compile_max_autotune": 5.855422220756557}}
{"utc": "2026-09-06T12:08:30Z", "stage": "full_validation", "elapsed_seconds": 36.625677444040775, "blocks": 224, "prediction_tokens": 458528, "loss": {"native": 5.860974186903867, "graph": 5.860968841162985, "compile_reduce_overhead": 5.863244955401101, "compile_max_autotune": 5.863262279009202}}
{"utc": "2026-09-06T12:08:31Z", "stage": "full_validation", "elapsed_seconds": 37.24187227920629, "blocks": 240, "prediction_tokens": 491280, "loss": {"native": 5.845817573123715, "graph": 5.845815044652172, "compile_reduce_overhead": 5.848028149004577, "compile_max_autotune": 5.848040656192434}}
{"utc": "2026-09-06T12:08:32Z", "stage": "full_validation", "elapsed_seconds": 37.856810082215816, "blocks": 256, "prediction_tokens": 524032, "loss": {"native": 5.860577907105685, "graph": 5.860573868781809, "compile_reduce_overhead": 5.8626787188464276, "compile_max_autotune": 5.862687667637961}}
{"utc": "2026-09-06T12:08:32Z", "stage": "full_validation", "elapsed_seconds": 38.472124450141564, "blocks": 272, "prediction_tokens": 556784, "loss": {"native": 5.871153765243513, "graph": 5.871152581337927, "compile_reduce_overhead": 5.873120874360894, "compile_max_autotune": 5.873129091542625}}
{"utc": "2026-09-06T12:08:33Z", "stage": "full_validation", "elapsed_seconds": 39.08752391813323, "blocks": 288, "prediction_tokens": 589536, "loss": {"native": 5.85495766628994, "graph": 5.854959582852818, "compile_reduce_overhead": 5.8568399944180145, "compile_max_autotune": 5.8568421520006835}}
{"utc": "2026-09-06T12:08:33Z", "stage": "full_validation", "elapsed_seconds": 39.702509922208264, "blocks": 304, "prediction_tokens": 622288, "loss": {"native": 5.859802871463605, "graph": 5.85980618584537, "compile_reduce_overhead": 5.861556380289101, "compile_max_autotune": 5.861557616120369}}
{"utc": "2026-09-06T12:08:34Z", "stage": "full_validation", "elapsed_seconds": 40.3179524152074, "blocks": 320, "prediction_tokens": 655040, "loss": {"native": 5.835200507197079, "graph": 5.835202599596733, "compile_reduce_overhead": 5.83665476297249, "compile_max_autotune": 5.836656609382872}}
{"utc": "2026-09-06T12:08:35Z", "stage": "full_validation", "elapsed_seconds": 40.93319433508441, "blocks": 336, "prediction_tokens": 687792, "loss": {"native": 5.828935494539274, "graph": 5.828938825510883, "compile_reduce_overhead": 5.830388598247181, "compile_max_autotune": 5.830392131547628}}
{"utc": "2026-09-06T12:08:35Z", "stage": "complete", "elapsed_seconds": 41.01726504508406, "primary_speedup": 1.0, "timing": {"compile_reduce_overhead": {"samples": 80, "median_host_ms": 1.0850089602172375, "paired_geomean_speedup": 3.8638799157165624, "input_tokens_per_second": null}, "compile_max_autotune": {"samples": 80, "median_host_ms": 1.0086995316669345, "paired_geomean_speedup": 4.142200452634765, "input_tokens_per_second": null}, "graph": {"samples": 80, "median_host_ms": 1.3898529578000307, "paired_geomean_speedup": 3.0111689514458835, "input_tokens_per_second": null}, "native": {"samples": 80, "median_host_ms": 4.17909340467304, "paired_geomean_speedup": 1.0, "input_tokens_per_second": null}}, "qualified": true, "loss": {"native": 5.83130066301001, "graph": 5.831301560692215, "compile_reduce_overhead": 5.832746767643983, "compile_max_autotune": 5.832752199609338}}
Loading weights:   0%|          | 0/76 [00:00<?, ?it/s]Loading weights: 100%|██████████| 76/76 [00:00<00:00, 16180.25it/s]
{"utc": "2026-09-06T12:08:39Z", "stage": "preparing_dense", "elapsed_seconds": 1.3206041699741036, "mode": "native"}
{"utc": "2026-09-06T12:08:39Z", "stage": "preparing_dense", "elapsed_seconds": 1.324502581031993, "mode": "graph"}
{"utc": "2026-09-06T12:08:39Z", "stage": "preparing_dense", "elapsed_seconds": 1.386976876994595, "mode": "compile_reduce_overhead"}
{"utc": "2026-09-06T12:08:41Z", "stage": "preparing_dense", "elapsed_seconds": 3.1218226719647646, "mode": "compile_max_autotune"}
{"utc": "2026-09-06T12:08:43Z", "stage": "preparing_candidate", "elapsed_seconds": 5.028396368958056, "implementation": "k017"}
Loading weights:   0%|          | 0/76 [00:00<?, ?it/s]Loading weights: 100%|██████████| 76/76 [00:00<00:00, 15087.42it/s]
ninja: no work to do.
{"utc": "2026-09-06T12:08:43Z", "stage": "development_quality", "elapsed_seconds": 5.291768735973164}
{"utc": "2026-09-06T12:08:44Z", "stage": "timing", "elapsed_seconds": 6.162065346958116, "loss": {"native": 5.700043156954155, "graph": 5.7000058858523905, "compile_reduce_overhead": 5.700275728629168, "compile_max_autotune": 5.700269139098376, "candidate": 5.700043156954155}, "correctness": {"graph": false, "compile_reduce_overhead": false, "compile_max_autotune": false, "candidate": true, "native": true}}
/workspace/sparsity-spillover/runs/026-2026-09-06-pythia14m-fused-sparse-kernel/runtime/venv/lib/python3.12/site-packages/torch/profiler/profiler.py:224: UserWarning: Warning: Profiler clears events at the end of each cycle.Only events from the current cycle will be reported.To keep events across cycles, set acc_events=True.
  _warn_once(
{"utc": "2026-09-06T12:08:45Z", "stage": "full_validation", "elapsed_seconds": 7.386220094980672, "loss": {"native": 5.700043156954155, "graph": 5.7000058858523905, "compile_reduce_overhead": 5.700275728629168, "compile_max_autotune": 5.700269139098376, "candidate": 5.700043156954155}}
{"utc": "2026-09-06T12:08:46Z", "stage": "full_validation", "elapsed_seconds": 8.223746543982998, "blocks": 16, "prediction_tokens": 32752, "loss": {"native": 5.433529643704965, "graph": 5.433588561862634, "compile_reduce_overhead": 5.432543867788608, "compile_max_autotune": 5.4325149305051985, "candidate": 5.433529643704965}}
{"utc": "2026-09-06T12:08:47Z", "stage": "full_validation", "elapsed_seconds": 9.060011673951522, "blocks": 32, "prediction_tokens": 65504, "loss": {"native": 5.4627757032848185, "graph": 5.46291955482919, "compile_reduce_overhead": 5.462535528305046, "compile_max_autotune": 5.462529639470968, "candidate": 5.4627757032848185}}
{"utc": "2026-09-06T12:08:47Z", "stage": "full_validation", "elapsed_seconds": 9.901145384879783, "blocks": 48, "prediction_tokens": 98256, "loss": {"native": 5.8373225488058615, "graph": 5.8374227136494845, "compile_reduce_overhead": 5.8370816284040545, "compile_max_autotune": 5.837095841117527, "candidate": 5.8373225488058615}}
{"utc": "2026-09-06T12:08:48Z", "stage": "full_validation", "elapsed_seconds": 10.737063721986488, "blocks": 64, "prediction_tokens": 131008, "loss": {"native": 5.963783443061445, "graph": 5.96385852196884, "compile_reduce_overhead": 5.964752812238804, "compile_max_autotune": 5.964782621665996, "candidate": 5.963783443061445}}
{"utc": "2026-09-06T12:08:49Z", "stage": "full_validation", "elapsed_seconds": 11.573030642932281, "blocks": 80, "prediction_tokens": 163760, "loss": {"native": 5.932614924398701, "graph": 5.932662559848445, "compile_reduce_overhead": 5.933847578129771, "compile_max_autotune": 5.933874323872397, "candidate": 5.932614924398701}}
{"utc": "2026-09-06T12:08:50Z", "stage": "full_validation", "elapsed_seconds": 12.409085504943505, "blocks": 96, "prediction_tokens": 196512, "loss": {"native": 5.941523398042327, "graph": 5.94154689871436, "compile_reduce_overhead": 5.942561343562193, "compile_max_autotune": 5.942585311365368, "candidate": 5.941523398042327}}
{"utc": "2026-09-06T12:08:51Z", "stage": "full_validation", "elapsed_seconds": 13.24577550496906, "blocks": 112, "prediction_tokens": 229264, "loss": {"native": 5.928813884542628, "graph": 5.928830130483444, "compile_reduce_overhead": 5.929984363260668, "compile_max_autotune": 5.930011654226268, "candidate": 5.928813884542628}}
{"utc": "2026-09-06T12:08:52Z", "stage": "full_validation", "elapsed_seconds": 14.082108275964856, "blocks": 128, "prediction_tokens": 262016, "loss": {"native": 5.831156502832246, "graph": 5.831165807562802, "compile_reduce_overhead": 5.832224944188761, "compile_max_autotune": 5.832254049192129, "candidate": 5.831156502832246}}
{"utc": "2026-09-06T12:08:52Z", "stage": "full_validation", "elapsed_seconds": 14.918178631924093, "blocks": 144, "prediction_tokens": 294768, "loss": {"native": 5.849604330977561, "graph": 5.849606085204084, "compile_reduce_overhead": 5.850756446992847, "compile_max_autotune": 5.850782815054975, "candidate": 5.849604330977561}}
{"utc": "2026-09-06T12:08:53Z", "stage": "full_validation", "elapsed_seconds": 15.754174466012046, "blocks": 160, "prediction_tokens": 327520, "loss": {"native": 5.855593878033689, "graph": 5.855587695503328, "compile_reduce_overhead": 5.856815831976864, "compile_max_autotune": 5.856836509984123, "candidate": 5.855593878033689}}
{"utc": "2026-09-06T12:08:54Z", "stage": "full_validation", "elapsed_seconds": 16.590754008851945, "blocks": 176, "prediction_tokens": 360272, "loss": {"native": 5.82820932078532, "graph": 5.828214067090715, "compile_reduce_overhead": 5.82928726068212, "compile_max_autotune": 5.829301242088877, "candidate": 5.82820932078532}}
{"utc": "2026-09-06T12:08:55Z", "stage": "full_validation", "elapsed_seconds": 17.428208388853818, "blocks": 192, "prediction_tokens": 393024, "loss": {"native": 5.827277839038217, "graph": 5.82727704392138, "compile_reduce_overhead": 5.8296215577304915, "compile_max_autotune": 5.8296370898409675, "candidate": 5.827277839038217}}
{"utc": "2026-09-06T12:08:56Z", "stage": "full_validation", "elapsed_seconds": 18.265115755843, "blocks": 208, "prediction_tokens": 425776, "loss": {"native": 5.853064829303951, "graph": 5.853064788019037, "compile_reduce_overhead": 5.855405798535718, "compile_max_autotune": 5.855422220756557, "candidate": 5.853064829303951}}
{"utc": "2026-09-06T12:08:57Z", "stage": "full_validation", "elapsed_seconds": 19.101387064903975, "blocks": 224, "prediction_tokens": 458528, "loss": {"native": 5.860974186903867, "graph": 5.860968841162985, "compile_reduce_overhead": 5.863244955401101, "compile_max_autotune": 5.863262279009202, "candidate": 5.860974186903867}}
{"utc": "2026-09-06T12:08:57Z", "stage": "full_validation", "elapsed_seconds": 19.938206519000232, "blocks": 240, "prediction_tokens": 491280, "loss": {"native": 5.845817573123715, "graph": 5.845815044652172, "compile_reduce_overhead": 5.848028149004577, "compile_max_autotune": 5.848040656192434, "candidate": 5.845817573123715}}
{"utc": "2026-09-06T12:08:58Z", "stage": "full_validation", "elapsed_seconds": 20.774824779946357, "blocks": 256, "prediction_tokens": 524032, "loss": {"native": 5.860577907105685, "graph": 5.860573868781809, "compile_reduce_overhead": 5.8626787188464276, "compile_max_autotune": 5.862687667637961, "candidate": 5.860577907105685}}
{"utc": "2026-09-06T12:08:59Z", "stage": "full_validation", "elapsed_seconds": 21.612329305848107, "blocks": 272, "prediction_tokens": 556784, "loss": {"native": 5.871153765243513, "graph": 5.871152581337927, "compile_reduce_overhead": 5.873120874360894, "compile_max_autotune": 5.873129091542625, "candidate": 5.871153765243513}}
{"utc": "2026-09-06T12:09:00Z", "stage": "full_validation", "elapsed_seconds": 22.449605627916753, "blocks": 288, "prediction_tokens": 589536, "loss": {"native": 5.85495766628994, "graph": 5.854959582852818, "compile_reduce_overhead": 5.8568399944180145, "compile_max_autotune": 5.8568421520006835, "candidate": 5.85495766628994}}
{"utc": "2026-09-06T12:09:01Z", "stage": "full_validation", "elapsed_seconds": 23.287008050829172, "blocks": 304, "prediction_tokens": 622288, "loss": {"native": 5.859802871463605, "graph": 5.85980618584537, "compile_reduce_overhead": 5.861556380289101, "compile_max_autotune": 5.861557616120369, "candidate": 5.859802871463605}}
{"utc": "2026-09-06T12:09:02Z", "stage": "full_validation", "elapsed_seconds": 24.1245946099516, "blocks": 320, "prediction_tokens": 655040, "loss": {"native": 5.835200507197079, "graph": 5.835202599596733, "compile_reduce_overhead": 5.83665476297249, "compile_max_autotune": 5.836656609382872, "candidate": 5.835200507197079}}
{"utc": "2026-09-06T12:09:02Z", "stage": "full_validation", "elapsed_seconds": 24.960212394827977, "blocks": 336, "prediction_tokens": 687792, "loss": {"native": 5.828935494539274, "graph": 5.828938825510883, "compile_reduce_overhead": 5.830388598247181, "compile_max_autotune": 5.830392131547628, "candidate": 5.828935494539274}}
{"utc": "2026-09-06T12:09:03Z", "stage": "complete", "elapsed_seconds": 25.073719796026126, "primary_speedup": 1.271296064398599, "timing": {"graph": {"samples": 80, "median_host_ms": 1.391901052556932, "paired_geomean_speedup": 3.1643325414358427, "input_tokens_per_second": null}, "candidate": {"samples": 80, "median_host_ms": 3.466921509243548, "paired_geomean_speedup": 1.271296064398599, "input_tokens_per_second": null}, "compile_reduce_overhead": {"samples": 80, "median_host_ms": 1.0662454878911376, "paired_geomean_speedup": 4.131498000684471, "input_tokens_per_second": null}, "compile_max_autotune": {"samples": 80, "median_host_ms": 1.0217789094895124, "paired_geomean_speedup": 4.3117059673407345, "input_tokens_per_second": null}, "native": {"samples": 80, "median_host_ms": 4.404863575473428, "paired_geomean_speedup": 1.0, "input_tokens_per_second": null}}, "qualified": true, "loss": {"native": 5.83130066301001, "graph": 5.831301560692215, "compile_reduce_overhead": 5.832746767643983, "compile_max_autotune": 5.832752199609338, "candidate": 5.83130066301001}}
Loading weights:   0%|          | 0/76 [00:00<?, ?it/s]Loading weights: 100%|██████████| 76/76 [00:00<00:00, 17052.75it/s]
{"utc": "2026-09-06T12:09:06Z", "stage": "preparing_dense", "elapsed_seconds": 1.2910985848866403, "mode": "native"}
{"utc": "2026-09-06T12:09:06Z", "stage": "preparing_dense", "elapsed_seconds": 1.2944077290594578, "mode": "graph"}
{"utc": "2026-09-06T12:09:06Z", "stage": "preparing_dense", "elapsed_seconds": 1.356718567898497, "mode": "compile_reduce_overhead"}
{"utc": "2026-09-06T12:09:08Z", "stage": "preparing_dense", "elapsed_seconds": 3.038907782873139, "mode": "compile_max_autotune"}
{"utc": "2026-09-06T12:09:11Z", "stage": "preparing_candidate", "elapsed_seconds": 5.626577476039529, "implementation": "k017"}
Loading weights:   0%|          | 0/76 [00:00<?, ?it/s]Loading weights: 100%|██████████| 76/76 [00:00<00:00, 15648.85it/s]
ninja: no work to do.
{"utc": "2026-09-06T12:09:11Z", "stage": "development_quality", "elapsed_seconds": 5.807439862983301}
{"utc": "2026-09-06T12:09:12Z", "stage": "timing", "elapsed_seconds": 6.709644797956571, "loss": {"native": 5.700043156954155, "graph": 5.7000058858523905, "compile_reduce_overhead": 5.700275728629168, "compile_max_autotune": 5.700269139098376, "candidate": 5.7000058858523905}, "correctness": {"graph": false, "compile_reduce_overhead": false, "compile_max_autotune": false, "candidate": false, "native": true}}
/workspace/sparsity-spillover/runs/026-2026-09-06-pythia14m-fused-sparse-kernel/runtime/venv/lib/python3.12/site-packages/torch/profiler/profiler.py:224: UserWarning: Warning: Profiler clears events at the end of each cycle.Only events from the current cycle will be reported.To keep events across cycles, set acc_events=True.
  _warn_once(
{"utc": "2026-09-06T12:09:13Z", "stage": "full_validation", "elapsed_seconds": 7.760831357911229, "loss": {"native": 5.700043156954155, "graph": 5.7000058858523905, "compile_reduce_overhead": 5.700275728629168, "compile_max_autotune": 5.700269139098376, "candidate": 5.7000058858523905}}
{"utc": "2026-09-06T12:09:14Z", "stage": "full_validation", "elapsed_seconds": 8.557544210925698, "blocks": 16, "prediction_tokens": 32752, "loss": {"native": 5.433529643704965, "graph": 5.433588561862634, "compile_reduce_overhead": 5.432543867788608, "compile_max_autotune": 5.432515526842827, "candidate": 5.433588561862634}}
{"utc": "2026-09-06T12:09:14Z", "stage": "full_validation", "elapsed_seconds": 9.352047968888655, "blocks": 32, "prediction_tokens": 65504, "loss": {"native": 5.4627757032848185, "graph": 5.46291955482919, "compile_reduce_overhead": 5.462535528305046, "compile_max_autotune": 5.462530161266392, "candidate": 5.46291955482919}}
{"utc": "2026-09-06T12:09:15Z", "stage": "full_validation", "elapsed_seconds": 10.146460898919031, "blocks": 48, "prediction_tokens": 98256, "loss": {"native": 5.8373225488058615, "graph": 5.8374227136494845, "compile_reduce_overhead": 5.8370816284040545, "compile_max_autotune": 5.8370961889811435, "candidate": 5.8374227136494845}}
{"utc": "2026-09-06T12:09:16Z", "stage": "full_validation", "elapsed_seconds": 10.93962260405533, "blocks": 64, "prediction_tokens": 131008, "loss": {"native": 5.963783443061445, "graph": 5.96385852196884, "compile_reduce_overhead": 5.964752812238804, "compile_max_autotune": 5.964782882563708, "candidate": 5.96385852196884}}
{"utc": "2026-09-06T12:09:17Z", "stage": "full_validation", "elapsed_seconds": 11.734731732867658, "blocks": 80, "prediction_tokens": 163760, "loss": {"native": 5.932614924398701, "graph": 5.932662559848445, "compile_reduce_overhead": 5.933847578129771, "compile_max_autotune": 5.933874526627191, "candidate": 5.932662559848445}}
{"utc": "2026-09-06T12:09:18Z", "stage": "full_validation", "elapsed_seconds": 12.529814601875842, "blocks": 96, "prediction_tokens": 196512, "loss": {"native": 5.941523398042327, "graph": 5.94154689871436, "compile_reduce_overhead": 5.942561343562193, "compile_max_autotune": 5.942585480327696, "candidate": 5.94154689871436}}
{"utc": "2026-09-06T12:09:18Z", "stage": "full_validation", "elapsed_seconds": 13.323671384947374, "blocks": 112, "prediction_tokens": 229264, "loss": {"native": 5.928813884542628, "graph": 5.928830130483444, "compile_reduce_overhead": 5.929984363260668, "compile_max_autotune": 5.930011799051122, "candidate": 5.928830130483444}}
{"utc": "2026-09-06T12:09:19Z", "stage": "full_validation", "elapsed_seconds": 14.117972276872024, "blocks": 128, "prediction_tokens": 262016, "loss": {"native": 5.831156502832246, "graph": 5.831165807562802, "compile_reduce_overhead": 5.832224944188761, "compile_max_autotune": 5.832254175913875, "candidate": 5.831165807562802}}
{"utc": "2026-09-06T12:09:20Z", "stage": "full_validation", "elapsed_seconds": 14.911783891031519, "blocks": 144, "prediction_tokens": 294768, "loss": {"native": 5.849604330977561, "graph": 5.849606085204084, "compile_reduce_overhead": 5.850756446992847, "compile_max_autotune": 5.850782927696527, "candidate": 5.849606085204084}}
{"utc": "2026-09-06T12:09:21Z", "stage": "full_validation", "elapsed_seconds": 15.707702829968184, "blocks": 160, "prediction_tokens": 327520, "loss": {"native": 5.855593878033689, "graph": 5.855587695503328, "compile_reduce_overhead": 5.856815831976864, "compile_max_autotune": 5.85683661136152, "candidate": 5.855587695503328}}
{"utc": "2026-09-06T12:09:22Z", "stage": "full_validation", "elapsed_seconds": 16.501878723036498, "blocks": 176, "prediction_tokens": 360272, "loss": {"native": 5.82820932078532, "graph": 5.828214067090715, "compile_reduce_overhead": 5.82928726068212, "compile_max_autotune": 5.829301353224525, "candidate": 5.828214067090715}}
{"utc": "2026-09-06T12:09:22Z", "stage": "full_validation", "elapsed_seconds": 17.296179194003344, "blocks": 192, "prediction_tokens": 393024, "loss": {"native": 5.827277839038217, "graph": 5.82727704392138, "compile_reduce_overhead": 5.8296215577304915, "compile_max_autotune": 5.829637191715312, "candidate": 5.82727704392138}}
{"utc": "2026-09-06T12:09:23Z", "stage": "full_validation", "elapsed_seconds": 18.091364346910268, "blocks": 208, "prediction_tokens": 425776, "loss": {"native": 5.853064829303951, "graph": 5.853064788019037, "compile_reduce_overhead": 5.855405798535718, "compile_max_autotune": 5.8554223147944136, "candidate": 5.853064788019037}}
{"utc": "2026-09-06T12:09:24Z", "stage": "full_validation", "elapsed_seconds": 18.885234579909593, "blocks": 224, "prediction_tokens": 458528, "loss": {"native": 5.860974186903867, "graph": 5.860968841162985, "compile_reduce_overhead": 5.863244955401101, "compile_max_autotune": 5.863262362070515, "candidate": 5.860968841162985}}
{"utc": "2026-09-06T12:09:25Z", "stage": "full_validation", "elapsed_seconds": 19.679376892978325, "blocks": 240, "prediction_tokens": 491280, "loss": {"native": 5.845817573123715, "graph": 5.845815044652172, "compile_reduce_overhead": 5.848028149004577, "compile_max_autotune": 5.848040733716325, "candidate": 5.845815044652172}}
{"utc": "2026-09-06T12:09:25Z", "stage": "full_validation", "elapsed_seconds": 20.47367966803722, "blocks": 256, "prediction_tokens": 524032, "loss": {"native": 5.860577907105685, "graph": 5.860573868781809, "compile_reduce_overhead": 5.8626787188464276, "compile_max_autotune": 5.862687758952161, "candidate": 5.860573868781809}}
{"utc": "2026-09-06T12:09:26Z", "stage": "full_validation", "elapsed_seconds": 21.267956071998924, "blocks": 272, "prediction_tokens": 556784, "loss": {"native": 5.871153765243513, "graph": 5.871152581337927, "compile_reduce_overhead": 5.873120874360894, "compile_max_autotune": 5.873129173977532, "candidate": 5.871152581337927}}
{"utc": "2026-09-06T12:09:27Z", "stage": "full_validation", "elapsed_seconds": 22.06233044504188, "blocks": 288, "prediction_tokens": 589536, "loss": {"native": 5.85495766628994, "graph": 5.854959582852818, "compile_reduce_overhead": 5.8568399944180145, "compile_max_autotune": 5.856842254703275, "candidate": 5.854959582852818}}
{"utc": "2026-09-06T12:09:28Z", "stage": "full_validation", "elapsed_seconds": 22.85632835002616, "blocks": 304, "prediction_tokens": 622288, "loss": {"native": 5.859802871463605, "graph": 5.85980618584537, "compile_reduce_overhead": 5.861556380289101, "compile_max_autotune": 5.861557713417562, "candidate": 5.85980618584537}}
{"utc": "2026-09-06T12:09:29Z", "stage": "full_validation", "elapsed_seconds": 23.651465140050277, "blocks": 320, "prediction_tokens": 655040, "loss": {"native": 5.835200507197079, "graph": 5.835202599596733, "compile_reduce_overhead": 5.83665476297249, "compile_max_autotune": 5.836656698833516, "candidate": 5.835202599596733}}
{"utc": "2026-09-06T12:09:29Z", "stage": "full_validation", "elapsed_seconds": 24.445619852049276, "blocks": 336, "prediction_tokens": 687792, "loss": {"native": 5.828935494539274, "graph": 5.828938825510883, "compile_reduce_overhead": 5.830388598247181, "compile_max_autotune": 5.830392213899015, "candidate": 5.828938825510883}}
{"utc": "2026-09-06T12:09:30Z", "stage": "complete", "elapsed_seconds": 24.55448019504547, "primary_speedup": 3.2227272101838444, "timing": {"graph": {"samples": 80, "median_host_ms": 1.3915153685957193, "paired_geomean_speedup": 3.1281914157398485, "input_tokens_per_second": null}, "candidate": {"samples": 80, "median_host_ms": 1.3507949188351631, "paired_geomean_speedup": 3.2227272101838444, "input_tokens_per_second": null}, "compile_reduce_overhead": {"samples": 80, "median_host_ms": 1.0560204973444343, "paired_geomean_speedup": 4.109825910261839, "input_tokens_per_second": null}, "compile_max_autotune": {"samples": 80, "median_host_ms": 1.0144325206056237, "paired_geomean_speedup": 4.293909566362796, "input_tokens_per_second": null}, "native": {"samples": 80, "median_host_ms": 4.349460010416806, "paired_geomean_speedup": 1.0, "input_tokens_per_second": null}}, "qualified": false, "loss": {"native": 5.83130066301001, "graph": 5.831301560692215, "compile_reduce_overhead": 5.832746767643983, "compile_max_autotune": 5.8327522814734385, "candidate": 5.831301560692215}}
4 iterations recorded
