{"stage": "loading", "elapsed_seconds": 1.469998302985914, "mode": "native"}
Loading weights:   0%|          | 0/76 [00:00<?, ?it/s]Loading weights: 100%|██████████| 76/76 [00:00<00:00, 17555.19it/s]
{"stage": "loading", "elapsed_seconds": 1.8256317110499367, "mode": "previous"}
Loading weights:   0%|          | 0/76 [00:00<?, ?it/s]Loading weights: 100%|██████████| 76/76 [00:00<00:00, 13413.30it/s]
ninja: no work to do.
ninja: no work to do.
{"stage": "loading", "elapsed_seconds": 1.9790663460735232, "mode": "unfused"}
Loading weights:   0%|          | 0/76 [00:00<?, ?it/s]Loading weights: 100%|██████████| 76/76 [00:00<00:00, 15172.16it/s]
ninja: no work to do.
ninja: no work to do.
ninja: no work to do.
{"stage": "loading", "elapsed_seconds": 2.728571617975831, "mode": "sparse"}
Loading weights:   0%|          | 0/76 [00:00<?, ?it/s]Loading weights: 100%|██████████| 76/76 [00:00<00:00, 8885.49it/s]
ninja: no work to do.
{"stage": "loading", "elapsed_seconds": 3.384495971025899, "mode": "no_skip"}
Loading weights:   0%|          | 0/76 [00:00<?, ?it/s]Loading weights: 100%|██████████| 76/76 [00:00<00:00, 11138.69it/s]
{"stage": "loading", "elapsed_seconds": 3.970314097008668, "mode": "attention_dense"}
Loading weights:   0%|          | 0/76 [00:00<?, ?it/s]Loading weights: 100%|██████████| 76/76 [00:00<00:00, 10328.45it/s]
{"stage": "timing", "elapsed_seconds": 4.606870512012392, "inputs": 4, "passes": 2}
{"stage": "validation", "elapsed_seconds": 4.701335748075508, "target_blocks": 8}
{"stage": "diagnostics", "elapsed_seconds": 5.514445911976509, "target_blocks": 8, "loss": {"native": 4.386053565192584, "native_graph": 4.386053565192584, "previous": 4.3861924522262, "previous_graph": 4.3861924522262, "unfused_graph": 4.386053565192584, "sparse": 4.386053565192584, "sparse_graph": 4.386053565192584, "no_skip_graph": 4.386053565192584, "attention_dense_graph": 4.386053565192584}}
{"stage": "complete", "elapsed_seconds": 5.81845872302074, "qualified": {"native_graph": true, "previous": true, "previous_graph": true, "unfused_graph": true, "sparse": true, "sparse_graph": true, "no_skip_graph": true, "attention_dense_graph": true, "native": true}, "loss": {"native": 4.386053565192584, "native_graph": 4.386053565192584, "previous": 4.3861924522262, "previous_graph": 4.3861924522262, "unfused_graph": 4.386053565192584, "sparse": 4.386053565192584, "sparse_graph": 4.386053565192584, "no_skip_graph": 4.386053565192584, "attention_dense_graph": 4.386053565192584}, "timing": {"previous_graph": {"samples": 8, "median_host_ms": 1.8872380023822188, "paired_geomean_speedup": 1.26165388420269, "input_tokens_per_second": null}, "native_graph": {"samples": 8, "median_host_ms": 0.6466475315392017, "paired_geomean_speedup": 3.663525367428184, "input_tokens_per_second": null}, "no_skip_graph": {"samples": 8, "median_host_ms": 0.6261619855649769, "paired_geomean_speedup": 3.8128339723066076, "input_tokens_per_second": null}, "sparse": {"samples": 8, "median_host_ms": 1.2854250380769372, "paired_geomean_speedup": 1.8513884979372335, "input_tokens_per_second": null}, "unfused_graph": {"samples": 8, "median_host_ms": 0.6891374941915274, "paired_geomean_speedup": 3.4555828530427437, "input_tokens_per_second": null}, "sparse_graph": {"samples": 8, "median_host_ms": 0.6607919931411743, "paired_geomean_speedup": 3.6084223524855243, "input_tokens_per_second": null}, "native": {"samples": 8, "median_host_ms": 2.370811009313911, "paired_geomean_speedup": 1.0, "input_tokens_per_second": null}, "previous": {"samples": 8, "median_host_ms": 2.448856073897332, "paired_geomean_speedup": 0.9701028637165101, "input_tokens_per_second": null}, "attention_dense_graph": {"samples": 8, "median_host_ms": 0.6454670219682157, "paired_geomean_speedup": 3.6860055276286405, "input_tokens_per_second": null}}}
