{"stage": "loading", "elapsed_seconds": 1.4075428270734847, "mode": "native"}
Loading weights:   0%|          | 0/76 [00:00<?, ?it/s]Loading weights: 100%|██████████| 76/76 [00:00<00:00, 12820.94it/s]
{"stage": "loading", "elapsed_seconds": 1.845198387047276, "mode": "previous"}
Loading weights:   0%|          | 0/76 [00:00<?, ?it/s]Loading weights: 100%|██████████| 76/76 [00:00<00:00, 10243.16it/s]
ninja: no work to do.
ninja: no work to do.
{"stage": "loading", "elapsed_seconds": 2.012553840992041, "mode": "unfused"}
Loading weights:   0%|          | 0/76 [00:00<?, ?it/s]Loading weights: 100%|██████████| 76/76 [00:00<00:00, 12721.17it/s]
ninja: no work to do.
ninja: no work to do.
ninja: no work to do.
{"stage": "loading", "elapsed_seconds": 2.782076157978736, "mode": "sparse"}
Loading weights:   0%|          | 0/76 [00:00<?, ?it/s]Loading weights: 100%|██████████| 76/76 [00:00<00:00, 10656.12it/s]
ninja: no work to do.
{"stage": "loading", "elapsed_seconds": 3.4246624810621142, "mode": "no_skip"}
Loading weights:   0%|          | 0/76 [00:00<?, ?it/s]Loading weights: 100%|██████████| 76/76 [00:00<00:00, 9812.75it/s]
{"stage": "loading", "elapsed_seconds": 4.313112503034063, "mode": "attention_dense"}
Loading weights:   0%|          | 0/76 [00:00<?, ?it/s]Loading weights: 100%|██████████| 76/76 [00:00<00:00, 11949.14it/s]
{"stage": "timing", "elapsed_seconds": 5.268716613063589, "inputs": 4, "passes": 2}
{"stage": "validation", "elapsed_seconds": 5.358824215014465, "target_blocks": 8}
{"stage": "diagnostics", "elapsed_seconds": 6.174691998981871, "target_blocks": 8, "loss": {"native": 5.075195670302577, "native_graph": 5.075195670302577, "previous": 5.075195670302577, "previous_graph": 5.075195670302577, "unfused_graph": 5.075195670302577, "sparse": 5.075195670302577, "sparse_graph": 5.075195670302577, "no_skip_graph": 5.075195670302577, "attention_dense_graph": 5.075195670302577}}
{"stage": "complete", "elapsed_seconds": 6.488317994051613, "qualified": {"native_graph": true, "previous": true, "previous_graph": true, "unfused_graph": true, "sparse": true, "sparse_graph": true, "no_skip_graph": true, "attention_dense_graph": true, "native": true}, "loss": {"native": 5.075195670302577, "native_graph": 5.075195670302577, "previous": 5.075195670302577, "previous_graph": 5.075195670302577, "unfused_graph": 5.075195670302577, "sparse": 5.075195670302577, "sparse_graph": 5.075195670302577, "no_skip_graph": 5.075195670302577, "attention_dense_graph": 5.075195670302577}, "timing": {"previous_graph": {"samples": 8, "median_host_ms": 0.5195229896344244, "paired_geomean_speedup": 7.444979044650255, "input_tokens_per_second": null}, "native_graph": {"samples": 8, "median_host_ms": 0.8230870007537305, "paired_geomean_speedup": 4.715002333087896, "input_tokens_per_second": null}, "no_skip_graph": {"samples": 8, "median_host_ms": 0.6229880382306874, "paired_geomean_speedup": 6.223053219640459, "input_tokens_per_second": null}, "sparse": {"samples": 8, "median_host_ms": 1.2606155942194164, "paired_geomean_speedup": 2.98606603530429, "input_tokens_per_second": null}, "unfused_graph": {"samples": 8, "median_host_ms": 0.5460480460897088, "paired_geomean_speedup": 7.110789387543976, "input_tokens_per_second": null}, "sparse_graph": {"samples": 8, "median_host_ms": 0.469773483928293, "paired_geomean_speedup": 8.27323217666351, "input_tokens_per_second": null}, "native": {"samples": 8, "median_host_ms": 3.807200992014259, "paired_geomean_speedup": 1.0, "input_tokens_per_second": null}, "previous": {"samples": 8, "median_host_ms": 2.07639200380072, "paired_geomean_speedup": 1.8464715489198127, "input_tokens_per_second": null}, "attention_dense_graph": {"samples": 8, "median_host_ms": 0.4652029601857066, "paired_geomean_speedup": 8.34884411803998, "input_tokens_per_second": null}}}
