{"stage": "loading", "elapsed_seconds": 1.3673867989564314, "mode": "native"}
Loading weights:   0%|          | 0/76 [00:00<?, ?it/s]Loading weights: 100%|██████████| 76/76 [00:00<00:00, 15086.00it/s]
{"stage": "loading", "elapsed_seconds": 1.7767727429745719, "mode": "previous"}
Loading weights:   0%|          | 0/76 [00:00<?, ?it/s]Loading weights: 100%|██████████| 76/76 [00:00<00:00, 10619.91it/s]
ninja: no work to do.
ninja: no work to do.
{"stage": "loading", "elapsed_seconds": 1.9343360729981214, "mode": "sparse"}
Loading weights:   0%|          | 0/76 [00:00<?, ?it/s]Loading weights: 100%|██████████| 76/76 [00:00<00:00, 15131.83it/s]
ninja: no work to do.
ninja: no work to do.
{"stage": "loading", "elapsed_seconds": 2.3371027020039037, "mode": "attention_dense"}
Loading weights:   0%|          | 0/76 [00:00<?, ?it/s]Loading weights: 100%|██████████| 76/76 [00:00<00:00, 12971.72it/s]
{"stage": "loading", "elapsed_seconds": 2.3767329959664494, "mode": "no_prefix"}
Loading weights:   0%|          | 0/76 [00:00<?, ?it/s]Loading weights: 100%|██████████| 76/76 [00:00<00:00, 14272.73it/s]
{"stage": "loading", "elapsed_seconds": 2.412045866018161, "mode": "all_dense"}
Loading weights:   0%|          | 0/76 [00:00<?, ?it/s]Loading weights: 100%|██████████| 76/76 [00:00<00:00, 14856.78it/s]
{"stage": "timing", "elapsed_seconds": 2.7651170269818977, "inputs": 32, "passes": 7}
{"stage": "quality", "elapsed_seconds": 4.971259710029699, "timing": {"attention_dense": {"samples": 224, "median_host_ms": 0.5936530069448054, "paired_geomean_speedup": 1.3814802143367713, "input_tokens_per_second": null}, "no_prefix": {"samples": 224, "median_host_ms": 0.5994929815642536, "paired_geomean_speedup": 1.3686088090171242, "input_tokens_per_second": null}, "sparse": {"samples": 224, "median_host_ms": 0.6094225682318211, "paired_geomean_speedup": 1.3476070777051594, "input_tokens_per_second": null}, "native": {"samples": 224, "median_host_ms": 0.8205120684579015, "paired_geomean_speedup": 1.0, "input_tokens_per_second": null}, "all_dense": {"samples": 224, "median_host_ms": 2.56991054629907, "paired_geomean_speedup": 0.31948367911812237, "input_tokens_per_second": null}, "previous": {"samples": 224, "median_host_ms": 0.5185384652577341, "paired_geomean_speedup": 1.581506543667816, "input_tokens_per_second": null}, "eager_stock": {"samples": 224, "median_host_ms": 3.832155547570437, "paired_geomean_speedup": 0.2116191393650008, "input_tokens_per_second": null}}}
{"stage": "quality", "elapsed_seconds": 6.171745834057219, "blocks": 16, "prediction_tokens": 32752, "loss": {"native": 5.433529643704965, "previous": 5.433529643704965, "sparse": 5.433529643704965, "attention_dense": 5.433529643704965, "no_prefix": 5.433529643704965, "all_dense": 5.433529643704965, "eager_stock": 5.433529643704965}}
{"stage": "quality", "elapsed_seconds": 7.271964095998555, "blocks": 32, "prediction_tokens": 65504, "loss": {"native": 5.4627757032848185, "previous": 5.4627757032848185, "sparse": 5.4627757032848185, "attention_dense": 5.4627757032848185, "no_prefix": 5.4627757032848185, "all_dense": 5.4627757032848185, "eager_stock": 5.4627757032848185}}
{"stage": "quality", "elapsed_seconds": 8.376258612959646, "blocks": 48, "prediction_tokens": 98256, "loss": {"native": 5.8373225488058615, "previous": 5.8373225488058615, "sparse": 5.8373225488058615, "attention_dense": 5.8373225488058615, "no_prefix": 5.8373225488058615, "all_dense": 5.8373225488058615, "eager_stock": 5.8373225488058615}}
{"stage": "quality", "elapsed_seconds": 9.476727923960425, "blocks": 64, "prediction_tokens": 131008, "loss": {"native": 5.963783443061445, "previous": 5.963783443061445, "sparse": 5.963783443061445, "attention_dense": 5.963783443061445, "no_prefix": 5.963783443061445, "all_dense": 5.963783443061445, "eager_stock": 5.963783443061445}}
{"stage": "quality", "elapsed_seconds": 10.576239838963374, "blocks": 80, "prediction_tokens": 163760, "loss": {"native": 5.932614924398701, "previous": 5.932614924398701, "sparse": 5.932614924398701, "attention_dense": 5.932614924398701, "no_prefix": 5.932614924398701, "all_dense": 5.932614924398701, "eager_stock": 5.932614924398701}}
{"stage": "quality", "elapsed_seconds": 11.675881003029644, "blocks": 96, "prediction_tokens": 196512, "loss": {"native": 5.941523398042327, "previous": 5.941523398042327, "sparse": 5.941523398042327, "attention_dense": 5.941523398042327, "no_prefix": 5.941523398042327, "all_dense": 5.941523398042327, "eager_stock": 5.941523398042327}}
{"stage": "quality", "elapsed_seconds": 12.77641858404968, "blocks": 112, "prediction_tokens": 229264, "loss": {"native": 5.928813884542628, "previous": 5.928813884542628, "sparse": 5.928813884542628, "attention_dense": 5.928813884542628, "no_prefix": 5.928813884542628, "all_dense": 5.928813884542628, "eager_stock": 5.928813884542628}}
{"stage": "quality", "elapsed_seconds": 13.877261294052005, "blocks": 128, "prediction_tokens": 262016, "loss": {"native": 5.831156502832246, "previous": 5.831156502832246, "sparse": 5.831156514013577, "attention_dense": 5.831156514013577, "no_prefix": 5.831156514013577, "all_dense": 5.831156514013577, "eager_stock": 5.831156502832246}}
{"stage": "quality", "elapsed_seconds": 14.977900185040198, "blocks": 144, "prediction_tokens": 294768, "loss": {"native": 5.849604330977561, "previous": 5.849604330977561, "sparse": 5.849604340916522, "attention_dense": 5.849604340916522, "no_prefix": 5.849604340916522, "all_dense": 5.849604340916522, "eager_stock": 5.849604330977561}}
{"stage": "quality", "elapsed_seconds": 16.078134816954844, "blocks": 160, "prediction_tokens": 327520, "loss": {"native": 5.855593878033689, "previous": 5.855593878033689, "sparse": 5.855593886978753, "attention_dense": 5.855593886978753, "no_prefix": 5.855593886978753, "all_dense": 5.855593886978753, "eager_stock": 5.855593878033689}}
{"stage": "quality", "elapsed_seconds": 17.17924887605477, "blocks": 176, "prediction_tokens": 360272, "loss": {"native": 5.82820932078532, "previous": 5.82820932078532, "sparse": 5.828209328917197, "attention_dense": 5.828209328917197, "no_prefix": 5.828209328917197, "all_dense": 5.828209328917197, "eager_stock": 5.82820932078532}}
{"stage": "quality", "elapsed_seconds": 18.281663520028815, "blocks": 192, "prediction_tokens": 393024, "loss": {"native": 5.827277839038217, "previous": 5.827277839038217, "sparse": 5.8272778464924375, "attention_dense": 5.8272778464924375, "no_prefix": 5.8272778464924375, "all_dense": 5.8272778464924375, "eager_stock": 5.827277839038217}}
{"stage": "quality", "elapsed_seconds": 19.382386179990135, "blocks": 208, "prediction_tokens": 425776, "loss": {"native": 5.853064829303951, "previous": 5.853064829303951, "sparse": 5.853064836184769, "attention_dense": 5.853064836184769, "no_prefix": 5.853064836184769, "all_dense": 5.853064836184769, "eager_stock": 5.853064829303951}}
{"stage": "quality", "elapsed_seconds": 20.486737497034483, "blocks": 224, "prediction_tokens": 458528, "loss": {"native": 5.860974186903867, "previous": 5.860974186903867, "sparse": 5.860974193293199, "attention_dense": 5.860974193293199, "no_prefix": 5.860974193293199, "all_dense": 5.860974193293199, "eager_stock": 5.860974186903867}}
{"stage": "quality", "elapsed_seconds": 21.588713322998956, "blocks": 240, "prediction_tokens": 491280, "loss": {"native": 5.845817573123715, "previous": 5.845817573123715, "sparse": 5.845817579087091, "attention_dense": 5.845817579087091, "no_prefix": 5.845817579087091, "all_dense": 5.845817579087091, "eager_stock": 5.845817573123715}}
{"stage": "quality", "elapsed_seconds": 22.692467791959643, "blocks": 256, "prediction_tokens": 524032, "loss": {"native": 5.860577907105685, "previous": 5.860577907105685, "sparse": 5.86057791269635, "attention_dense": 5.86057791269635, "no_prefix": 5.86057791269635, "all_dense": 5.86057791269635, "eager_stock": 5.860577907105685}}
{"stage": "quality", "elapsed_seconds": 23.79820290405769, "blocks": 272, "prediction_tokens": 556784, "loss": {"native": 5.871153765243513, "previous": 5.871153765243513, "sparse": 5.871153770505315, "attention_dense": 5.871153770505315, "no_prefix": 5.871153770505315, "all_dense": 5.871153770505315, "eager_stock": 5.871153765243513}}
{"stage": "quality", "elapsed_seconds": 24.904461044003256, "blocks": 288, "prediction_tokens": 589536, "loss": {"native": 5.85495766628994, "previous": 5.85495766628994, "sparse": 5.85495767125942, "attention_dense": 5.85495767125942, "no_prefix": 5.85495767125942, "all_dense": 5.85495767125942, "eager_stock": 5.85495766628994}}
{"stage": "quality", "elapsed_seconds": 26.006536660017446, "blocks": 304, "prediction_tokens": 622288, "loss": {"native": 5.859802871463605, "previous": 5.859802871463605, "sparse": 5.859802873032915, "attention_dense": 5.859802873032915, "no_prefix": 5.859802873032915, "all_dense": 5.859802873032915, "eager_stock": 5.859802871463605}}
{"stage": "quality", "elapsed_seconds": 27.10893315402791, "blocks": 320, "prediction_tokens": 655040, "loss": {"native": 5.835200507197079, "previous": 5.835200507197079, "sparse": 5.835200504215392, "attention_dense": 5.835200504215392, "no_prefix": 5.835200504215392, "all_dense": 5.835200504215392, "eager_stock": 5.835200507197079}}
{"stage": "quality", "elapsed_seconds": 28.211968305986375, "blocks": 336, "prediction_tokens": 687792, "loss": {"native": 5.828935494539274, "previous": 5.828935494539274, "sparse": 5.828935491699571, "attention_dense": 5.828935491699571, "no_prefix": 5.828935491699571, "all_dense": 5.828935491699571, "eager_stock": 5.828935494539274}}
{"stage": "complete", "elapsed_seconds": 28.365564411040395, "qualified": {"previous": true, "sparse": true, "attention_dense": true, "no_prefix": true, "all_dense": true, "eager_stock": true, "native": true}, "loss": {"native": 5.83130066301001, "previous": 5.83130066301001, "sparse": 5.83130066018711, "attention_dense": 5.83130066018711, "no_prefix": 5.83130066018711, "all_dense": 5.83130066018711, "eager_stock": 5.83130066301001}, "timing": {"attention_dense": {"samples": 224, "median_host_ms": 0.5936530069448054, "paired_geomean_speedup": 1.3814802143367713, "input_tokens_per_second": null}, "no_prefix": {"samples": 224, "median_host_ms": 0.5994929815642536, "paired_geomean_speedup": 1.3686088090171242, "input_tokens_per_second": null}, "sparse": {"samples": 224, "median_host_ms": 0.6094225682318211, "paired_geomean_speedup": 1.3476070777051594, "input_tokens_per_second": null}, "native": {"samples": 224, "median_host_ms": 0.8205120684579015, "paired_geomean_speedup": 1.0, "input_tokens_per_second": null}, "all_dense": {"samples": 224, "median_host_ms": 2.56991054629907, "paired_geomean_speedup": 0.31948367911812237, "input_tokens_per_second": null}, "previous": {"samples": 224, "median_host_ms": 0.5185384652577341, "paired_geomean_speedup": 1.581506543667816, "input_tokens_per_second": null}, "eager_stock": {"samples": 224, "median_host_ms": 3.832155547570437, "paired_geomean_speedup": 0.2116191393650008, "input_tokens_per_second": null}}}
