{"stage": "loading", "elapsed_seconds": 1.4208479020744562, "mode": "native"}
Loading weights:   0%|          | 0/76 [00:00<?, ?it/s]Loading weights: 100%|██████████| 76/76 [00:00<00:00, 12388.93it/s]
{"stage": "loading", "elapsed_seconds": 1.9144720759941265, "mode": "previous"}
Loading weights:   0%|          | 0/76 [00:00<?, ?it/s]Loading weights: 100%|██████████| 76/76 [00:00<00:00, 8740.05it/s]
ninja: no work to do.
ninja: no work to do.
{"stage": "loading", "elapsed_seconds": 2.0815103920176625, "mode": "sparse"}
Loading weights:   0%|          | 0/76 [00:00<?, ?it/s]Loading weights: 100%|██████████| 76/76 [00:00<00:00, 8965.97it/s]
ninja: no work to do.
ninja: no work to do.
{"stage": "failed", "elapsed_seconds": 2.4932876370148733, "error": "Only unmasked ordinary uncached causal inference"}
Traceback (most recent call last):
  File "/workspace/sparsity-spillover/runs/028-2026-09-06-pythia14m-all-site-sparse-kernels/36_attribution.py", line 101, in <module>
    if __name__=='__main__':main()
                            ^^^^^^
  File "/workspace/sparsity-spillover/runs/028-2026-09-06-pythia14m-all-site-sparse-kernels/36_attribution.py", line 62, in main
    runners[mode].prepare()
  File "/workspace/sparsity-spillover/runs/025-2026-09-05-pythia-agentic-sparse-kernel-search/autoresearch/dense_probe/probe.py", line 56, in prepare
    self.output = self.forward(self.static_input)
                  ^^^^^^^^^^^^^^^^^^^^^^^^^^^^^^^
  File "/workspace/sparsity-spillover/runs/028-2026-09-06-pythia14m-all-site-sparse-kernels/36_attribution.py", line 61, in <lambda>
    runners[mode]=dense.DenseRunner(lambda ids,model=net:model(input_ids=ids,use_cache=False).logits,inputs[0].clone(),a.execution)
                                                         ^^^^^^^^^^^^^^^^^^^^^^^^^^^^^^^^^^^^
  File "/workspace/sparsity-spillover/runs/028-2026-09-06-pythia14m-all-site-sparse-kernels/runtime/venv/lib/python3.12/site-packages/torch/nn/modules/module.py", line 1779, in _wrapped_call_impl
    return self._call_impl(*args, **kwargs)
           ^^^^^^^^^^^^^^^^^^^^^^^^^^^^^^^^
  File "/workspace/sparsity-spillover/runs/028-2026-09-06-pythia14m-all-site-sparse-kernels/runtime/venv/lib/python3.12/site-packages/torch/nn/modules/module.py", line 1790, in _call_impl
    return forward_call(*args, **kwargs)
           ^^^^^^^^^^^^^^^^^^^^^^^^^^^^^
  File "/workspace/sparsity-spillover/runs/028-2026-09-06-pythia14m-all-site-sparse-kernels/runtime/venv/lib/python3.12/site-packages/transformers/utils/generic.py", line 907, in wrapper
    output = func(self, *args, **kwargs)
             ^^^^^^^^^^^^^^^^^^^^^^^^^^^
  File "/workspace/sparsity-spillover/runs/028-2026-09-06-pythia14m-all-site-sparse-kernels/runtime/venv/lib/python3.12/site-packages/transformers/models/gpt_neox/modeling_gpt_neox.py", line 452, in forward
    outputs: BaseModelOutputWithPast = self.gpt_neox(
                                       ^^^^^^^^^^^^^^
  File "/workspace/sparsity-spillover/runs/028-2026-09-06-pythia14m-all-site-sparse-kernels/runtime/venv/lib/python3.12/site-packages/torch/nn/modules/module.py", line 1779, in _wrapped_call_impl
    return self._call_impl(*args, **kwargs)
           ^^^^^^^^^^^^^^^^^^^^^^^^^^^^^^^^
  File "/workspace/sparsity-spillover/runs/028-2026-09-06-pythia14m-all-site-sparse-kernels/runtime/venv/lib/python3.12/site-packages/torch/nn/modules/module.py", line 1790, in _call_impl
    return forward_call(*args, **kwargs)
           ^^^^^^^^^^^^^^^^^^^^^^^^^^^^^
  File "/workspace/sparsity-spillover/runs/028-2026-09-06-pythia14m-all-site-sparse-kernels/runtime/venv/lib/python3.12/site-packages/transformers/utils/generic.py", line 1036, in wrapper
    output = func(self, *args, **kwargs)
             ^^^^^^^^^^^^^^^^^^^^^^^^^^^
  File "/workspace/sparsity-spillover/runs/028-2026-09-06-pythia14m-all-site-sparse-kernels/runtime/venv/lib/python3.12/site-packages/transformers/utils/output_capturing.py", line 252, in wrapper
    outputs = func(self, *args, **kwargs)
              ^^^^^^^^^^^^^^^^^^^^^^^^^^^
  File "/workspace/sparsity-spillover/runs/028-2026-09-06-pythia14m-all-site-sparse-kernels/runtime/venv/lib/python3.12/site-packages/transformers/models/gpt_neox/modeling_gpt_neox.py", line 366, in forward
    hidden_states = layer(
                    ^^^^^^
  File "/workspace/sparsity-spillover/runs/028-2026-09-06-pythia14m-all-site-sparse-kernels/runtime/venv/lib/python3.12/site-packages/transformers/modeling_layers.py", line 93, in __call__
    return super().__call__(*args, **kwargs)
           ^^^^^^^^^^^^^^^^^^^^^^^^^^^^^^^^^
  File "/workspace/sparsity-spillover/runs/028-2026-09-06-pythia14m-all-site-sparse-kernels/runtime/venv/lib/python3.12/site-packages/torch/nn/modules/module.py", line 1779, in _wrapped_call_impl
    return self._call_impl(*args, **kwargs)
           ^^^^^^^^^^^^^^^^^^^^^^^^^^^^^^^^
  File "/workspace/sparsity-spillover/runs/028-2026-09-06-pythia14m-all-site-sparse-kernels/runtime/venv/lib/python3.12/site-packages/torch/nn/modules/module.py", line 1790, in _call_impl
    return forward_call(*args, **kwargs)
           ^^^^^^^^^^^^^^^^^^^^^^^^^^^^^
  File "/workspace/sparsity-spillover/runs/026-2026-09-06-pythia14m-fused-sparse-kernel/autoresearch/candidates/k018/candidate.py", line 52, in layer_forward
    z,_=self.attention(self.input_layernorm(hidden_states),attention_mask=attention_mask,
        ^^^^^^^^^^^^^^^^^^^^^^^^^^^^^^^^^^^^^^^^^^^^^^^^^^^^^^^^^^^^^^^^^^^^^^^^^^^^^^^^^
  File "/workspace/sparsity-spillover/runs/028-2026-09-06-pythia14m-all-site-sparse-kernels/runtime/venv/lib/python3.12/site-packages/torch/nn/modules/module.py", line 1779, in _wrapped_call_impl
    return self._call_impl(*args, **kwargs)
           ^^^^^^^^^^^^^^^^^^^^^^^^^^^^^^^^
  File "/workspace/sparsity-spillover/runs/028-2026-09-06-pythia14m-all-site-sparse-kernels/runtime/venv/lib/python3.12/site-packages/torch/nn/modules/module.py", line 1790, in _call_impl
    return forward_call(*args, **kwargs)
           ^^^^^^^^^^^^^^^^^^^^^^^^^^^^^
  File "/workspace/sparsity-spillover/runs/028-2026-09-06-pythia14m-all-site-sparse-kernels/candidates/k020/candidate.py", line 58, in attention_forward
    raise ValueError('Only unmasked ordinary uncached causal inference')
ValueError: Only unmasked ordinary uncached causal inference
