{"stage": "loading", "elapsed_seconds": 1.5367801659740508, "mode": "native"}
Loading weights:   0%|          | 0/76 [00:00<?, ?it/s]Loading weights: 100%|██████████| 76/76 [00:00<00:00, 12382.19it/s]
{"stage": "loading", "elapsed_seconds": 1.9728811610257253, "mode": "previous"}
Loading weights:   0%|          | 0/76 [00:00<?, ?it/s]Loading weights: 100%|██████████| 76/76 [00:00<00:00, 11155.45it/s]
ninja: no work to do.
ninja: no work to do.
{"stage": "loading", "elapsed_seconds": 2.132444604067132, "mode": "sparse"}
Loading weights:   0%|          | 0/76 [00:00<?, ?it/s]Loading weights: 100%|██████████| 76/76 [00:00<00:00, 9401.22it/s]
ninja: no work to do.
ninja: no work to do.
{"stage": "loading", "elapsed_seconds": 2.5445637879893184, "mode": "attention_dense"}
Loading weights:   0%|          | 0/76 [00:00<?, ?it/s]Loading weights: 100%|██████████| 76/76 [00:00<00:00, 9931.99it/s]
{"stage": "loading", "elapsed_seconds": 2.8681427070405334, "mode": "no_prefix"}
Loading weights:   0%|          | 0/76 [00:00<?, ?it/s]Loading weights: 100%|██████████| 76/76 [00:00<00:00, 14146.05it/s]
{"stage": "loading", "elapsed_seconds": 3.175994344986975, "mode": "all_dense"}
Loading weights:   0%|          | 0/76 [00:00<?, ?it/s]Loading weights: 100%|██████████| 76/76 [00:00<00:00, 10571.30it/s]
{"stage": "timing", "elapsed_seconds": 3.7936342320172116, "inputs": 32, "passes": 7}
{"stage": "quality", "elapsed_seconds": 5.926834824029356, "timing": {"attention_dense": {"samples": 224, "median_host_ms": 0.6300029926933348, "paired_geomean_speedup": 1.3058072951885311, "input_tokens_per_second": null}, "no_prefix": {"samples": 224, "median_host_ms": 0.6369979819282889, "paired_geomean_speedup": 1.2917762252780778, "input_tokens_per_second": null}, "sparse": {"samples": 224, "median_host_ms": 0.6551375263370574, "paired_geomean_speedup": 1.255945128120607, "input_tokens_per_second": null}, "native": {"samples": 224, "median_host_ms": 0.8229019585996866, "paired_geomean_speedup": 1.0, "input_tokens_per_second": null}, "all_dense": {"samples": 224, "median_host_ms": 2.013107994571328, "paired_geomean_speedup": 0.40900070023161417, "input_tokens_per_second": null}, "previous": {"samples": 224, "median_host_ms": 0.5195185076445341, "paired_geomean_speedup": 1.58293117282961, "input_tokens_per_second": null}, "eager_stock": {"samples": 224, "median_host_ms": 3.8770149694755673, "paired_geomean_speedup": 0.20718569931193634, "input_tokens_per_second": null}}}
{"stage": "quality", "elapsed_seconds": 7.128136654035188, "blocks": 16, "prediction_tokens": 32752, "loss": {"native": 5.306671709098872, "previous": 5.306671709098872, "sparse": 5.306671709098872, "attention_dense": 5.306671709098872, "no_prefix": 5.306671709098872, "all_dense": 5.306671709098872, "eager_stock": 5.306671709098872}}
{"stage": "quality", "elapsed_seconds": 8.235363901010714, "blocks": 32, "prediction_tokens": 65504, "loss": {"native": 5.331999897549196, "previous": 5.331999897549196, "sparse": 5.331999897549196, "attention_dense": 5.331999897549196, "no_prefix": 5.331999897549196, "all_dense": 5.331999897549196, "eager_stock": 5.331999897549196}}
{"stage": "quality", "elapsed_seconds": 9.330480072065257, "blocks": 48, "prediction_tokens": 98256, "loss": {"native": 5.737122188307839, "previous": 5.737122188307839, "sparse": 5.737122188307839, "attention_dense": 5.737122188307839, "no_prefix": 5.737122188307839, "all_dense": 5.737122188307839, "eager_stock": 5.737122188307839}}
{"stage": "quality", "elapsed_seconds": 10.434375080047175, "blocks": 64, "prediction_tokens": 131008, "loss": {"native": 5.871181255092723, "previous": 5.871181255092723, "sparse": 5.871181255092723, "attention_dense": 5.871181255092723, "no_prefix": 5.871181255092723, "all_dense": 5.871181255092723, "eager_stock": 5.871181255092723}}
{"stage": "quality", "elapsed_seconds": 11.529110873001628, "blocks": 80, "prediction_tokens": 163760, "loss": {"native": 5.840198582815553, "previous": 5.840198582815553, "sparse": 5.840198582815553, "attention_dense": 5.840198582815553, "no_prefix": 5.840198582815553, "all_dense": 5.840198582815553, "eager_stock": 5.840198582815553}}
{"stage": "quality", "elapsed_seconds": 12.622828659019433, "blocks": 96, "prediction_tokens": 196512, "loss": {"native": 5.845940755605891, "previous": 5.845940755605891, "sparse": 5.845940755605891, "attention_dense": 5.845940755605891, "no_prefix": 5.845940755605891, "all_dense": 5.845940755605891, "eager_stock": 5.845940755605891}}
{"stage": "quality", "elapsed_seconds": 13.718635487020947, "blocks": 112, "prediction_tokens": 229264, "loss": {"native": 5.833146784724706, "previous": 5.833146784724706, "sparse": 5.833146784724706, "attention_dense": 5.833146784724706, "no_prefix": 5.833146784724706, "all_dense": 5.833146784724706, "eager_stock": 5.833146784724706}}
{"stage": "quality", "elapsed_seconds": 14.812269904068671, "blocks": 128, "prediction_tokens": 262016, "loss": {"native": 5.726214169873572, "previous": 5.726214169873572, "sparse": 5.726214169873572, "attention_dense": 5.726214169873572, "no_prefix": 5.726214169873572, "all_dense": 5.726214169873572, "eager_stock": 5.726214169873572}}
{"stage": "quality", "elapsed_seconds": 15.906853587017395, "blocks": 144, "prediction_tokens": 294768, "loss": {"native": 5.747373919581989, "previous": 5.747373919581989, "sparse": 5.747373919581989, "attention_dense": 5.747373919581989, "no_prefix": 5.747373919581989, "all_dense": 5.747373919581989, "eager_stock": 5.747373919581989}}
{"stage": "quality", "elapsed_seconds": 17.00087450200226, "blocks": 160, "prediction_tokens": 327520, "loss": {"native": 5.751794980733524, "previous": 5.751794980733524, "sparse": 5.751794980733524, "attention_dense": 5.751794980733524, "no_prefix": 5.751794980733524, "all_dense": 5.751794980733524, "eager_stock": 5.751794980733524}}
{"stage": "quality", "elapsed_seconds": 18.094930837047286, "blocks": 176, "prediction_tokens": 360272, "loss": {"native": 5.722244650992427, "previous": 5.722244650992427, "sparse": 5.722244650992427, "attention_dense": 5.722244650992427, "no_prefix": 5.722244650992427, "all_dense": 5.722244650992427, "eager_stock": 5.722244650992427}}
{"stage": "quality", "elapsed_seconds": 19.189195101032965, "blocks": 192, "prediction_tokens": 393024, "loss": {"native": 5.708487579787987, "previous": 5.708487579787987, "sparse": 5.708487579787987, "attention_dense": 5.708487579787987, "no_prefix": 5.708487579787987, "all_dense": 5.708487579787987, "eager_stock": 5.708487579787987}}
{"stage": "quality", "elapsed_seconds": 20.284785559982993, "blocks": 208, "prediction_tokens": 425776, "loss": {"native": 5.736139527491055, "previous": 5.736139527491055, "sparse": 5.736139527491055, "attention_dense": 5.736139527491055, "no_prefix": 5.736139527491055, "all_dense": 5.736139527491055, "eager_stock": 5.736139527491055}}
{"stage": "quality", "elapsed_seconds": 21.383183588972315, "blocks": 224, "prediction_tokens": 458528, "loss": {"native": 5.744317380537898, "previous": 5.744317380537898, "sparse": 5.744317380537898, "attention_dense": 5.744317380537898, "no_prefix": 5.744317380537898, "all_dense": 5.744317380537898, "eager_stock": 5.744317380537898}}
{"stage": "quality", "elapsed_seconds": 22.476389677030966, "blocks": 240, "prediction_tokens": 491280, "loss": {"native": 5.730159031119919, "previous": 5.730159031119919, "sparse": 5.730159031119919, "attention_dense": 5.730159031119919, "no_prefix": 5.730159031119919, "all_dense": 5.730159031119919, "eager_stock": 5.730159031119919}}
{"stage": "quality", "elapsed_seconds": 23.570025652996264, "blocks": 256, "prediction_tokens": 524032, "loss": {"native": 5.743961111533682, "previous": 5.743961111533682, "sparse": 5.743961111533682, "attention_dense": 5.743961111533682, "no_prefix": 5.743961111533682, "all_dense": 5.743961111533682, "eager_stock": 5.743961111533682}}
{"stage": "quality", "elapsed_seconds": 24.663817479042336, "blocks": 272, "prediction_tokens": 556784, "loss": {"native": 5.754034628336853, "previous": 5.754034628336853, "sparse": 5.754034628336853, "attention_dense": 5.754034628336853, "no_prefix": 5.754034628336853, "all_dense": 5.754034628336853, "eager_stock": 5.754034628336853}}
{"stage": "quality", "elapsed_seconds": 25.757340076030232, "blocks": 288, "prediction_tokens": 589536, "loss": {"native": 5.737114115387197, "previous": 5.737114115387197, "sparse": 5.737114115387197, "attention_dense": 5.737114115387197, "no_prefix": 5.737114115387197, "all_dense": 5.737114115387197, "eager_stock": 5.737114115387197}}
{"stage": "quality", "elapsed_seconds": 26.855076326988637, "blocks": 304, "prediction_tokens": 622288, "loss": {"native": 5.741783389452261, "previous": 5.741783389452261, "sparse": 5.741783389452261, "attention_dense": 5.741783389452261, "no_prefix": 5.741783389452261, "all_dense": 5.741783389452261, "eager_stock": 5.741783389452261}}
{"stage": "quality", "elapsed_seconds": 27.957794920075685, "blocks": 320, "prediction_tokens": 655040, "loss": {"native": 5.715576907606549, "previous": 5.715576907606549, "sparse": 5.715576907606549, "attention_dense": 5.715576907606549, "no_prefix": 5.715576907606549, "all_dense": 5.715576907606549, "eager_stock": 5.715576907606549}}
{"stage": "quality", "elapsed_seconds": 29.05829369102139, "blocks": 336, "prediction_tokens": 687792, "loss": {"native": 5.705570814888895, "previous": 5.705570814888895, "sparse": 5.705570814888895, "attention_dense": 5.705570814888895, "no_prefix": 5.705570814888895, "all_dense": 5.705570814888895, "eager_stock": 5.705570814888895}}
{"stage": "complete", "elapsed_seconds": 29.20705768407788, "qualified": {"previous": true, "sparse": true, "attention_dense": true, "no_prefix": true, "all_dense": true, "eager_stock": true, "native": true}, "loss": {"native": 5.707563187398737, "previous": 5.707563187398737, "sparse": 5.707563187398737, "attention_dense": 5.707563187398737, "no_prefix": 5.707563187398737, "all_dense": 5.707563187398737, "eager_stock": 5.707563187398737}, "timing": {"attention_dense": {"samples": 224, "median_host_ms": 0.6300029926933348, "paired_geomean_speedup": 1.3058072951885311, "input_tokens_per_second": null}, "no_prefix": {"samples": 224, "median_host_ms": 0.6369979819282889, "paired_geomean_speedup": 1.2917762252780778, "input_tokens_per_second": null}, "sparse": {"samples": 224, "median_host_ms": 0.6551375263370574, "paired_geomean_speedup": 1.255945128120607, "input_tokens_per_second": null}, "native": {"samples": 224, "median_host_ms": 0.8229019585996866, "paired_geomean_speedup": 1.0, "input_tokens_per_second": null}, "all_dense": {"samples": 224, "median_host_ms": 2.013107994571328, "paired_geomean_speedup": 0.40900070023161417, "input_tokens_per_second": null}, "previous": {"samples": 224, "median_host_ms": 0.5195185076445341, "paired_geomean_speedup": 1.58293117282961, "input_tokens_per_second": null}, "eager_stock": {"samples": 224, "median_host_ms": 3.8770149694755673, "paired_geomean_speedup": 0.20718569931193634, "input_tokens_per_second": null}}}
