{"stage": "loading", "elapsed_seconds": 1.3787911760155112, "mode": "native"}
Loading weights:   0%|          | 0/76 [00:00<?, ?it/s]Loading weights: 100%|██████████| 76/76 [00:00<00:00, 12777.77it/s]
{"stage": "loading", "elapsed_seconds": 1.799947569030337, "mode": "previous"}
Loading weights:   0%|          | 0/76 [00:00<?, ?it/s]Loading weights: 100%|██████████| 76/76 [00:00<00:00, 9514.30it/s]
ninja: no work to do.
ninja: no work to do.
{"stage": "loading", "elapsed_seconds": 2.057843900984153, "mode": "sparse"}
Loading weights:   0%|          | 0/76 [00:00<?, ?it/s]Loading weights: 100%|██████████| 76/76 [00:00<00:00, 9489.09it/s]
ninja: no work to do.
ninja: no work to do.
{"stage": "loading", "elapsed_seconds": 2.4554266310296953, "mode": "attention_dense"}
Loading weights:   0%|          | 0/76 [00:00<?, ?it/s]Loading weights: 100%|██████████| 76/76 [00:00<00:00, 10176.77it/s]
{"stage": "loading", "elapsed_seconds": 2.767524254973978, "mode": "no_prefix"}
Loading weights:   0%|          | 0/76 [00:00<?, ?it/s]Loading weights: 100%|██████████| 76/76 [00:00<00:00, 10125.70it/s]
{"stage": "loading", "elapsed_seconds": 3.2949585770256817, "mode": "all_dense"}
Loading weights:   0%|          | 0/76 [00:00<?, ?it/s]Loading weights: 100%|██████████| 76/76 [00:00<00:00, 10546.12it/s]
{"stage": "timing", "elapsed_seconds": 3.901716468972154, "inputs": 32, "passes": 7}
{"stage": "quality", "elapsed_seconds": 5.891867427970283, "timing": {"attention_dense": {"samples": 224, "median_host_ms": 0.8560569840483367, "paired_geomean_speedup": 0.9614961369854483, "input_tokens_per_second": null}, "no_prefix": {"samples": 224, "median_host_ms": 0.8599464781582355, "paired_geomean_speedup": 0.9572452644622839, "input_tokens_per_second": null}, "sparse": {"samples": 224, "median_host_ms": 0.868742004968226, "paired_geomean_speedup": 0.9478468262787417, "input_tokens_per_second": null}, "native": {"samples": 224, "median_host_ms": 0.8229420054703951, "paired_geomean_speedup": 1.0, "input_tokens_per_second": null}, "all_dense": {"samples": 224, "median_host_ms": 0.7223320426419377, "paired_geomean_speedup": 1.1393978789878094, "input_tokens_per_second": null}, "previous": {"samples": 224, "median_host_ms": 0.5204729386605322, "paired_geomean_speedup": 1.580660086516397, "input_tokens_per_second": null}, "eager_stock": {"samples": 224, "median_host_ms": 3.8760604802519083, "paired_geomean_speedup": 0.2079311338384335, "input_tokens_per_second": null}}}
{"stage": "quality", "elapsed_seconds": 7.077283164020628, "blocks": 16, "prediction_tokens": 32752, "loss": {"native": 5.433529643704965, "previous": 5.433529643704965, "sparse": 5.433529643704965, "attention_dense": 5.433529643704965, "no_prefix": 5.433529643704965, "all_dense": 5.433529643704965, "eager_stock": 5.433529643704965}}
{"stage": "quality", "elapsed_seconds": 8.161409202031791, "blocks": 32, "prediction_tokens": 65504, "loss": {"native": 5.4627757032848185, "previous": 5.4627757032848185, "sparse": 5.4627757032848185, "attention_dense": 5.4627757032848185, "no_prefix": 5.4627757032848185, "all_dense": 5.4627757032848185, "eager_stock": 5.4627757032848185}}
{"stage": "quality", "elapsed_seconds": 9.245947928051464, "blocks": 48, "prediction_tokens": 98256, "loss": {"native": 5.8373225488058615, "previous": 5.8373225488058615, "sparse": 5.8373225488058615, "attention_dense": 5.8373225488058615, "no_prefix": 5.8373225488058615, "all_dense": 5.8373225488058615, "eager_stock": 5.8373225488058615}}
{"stage": "quality", "elapsed_seconds": 10.329980956041254, "blocks": 64, "prediction_tokens": 131008, "loss": {"native": 5.963783443061445, "previous": 5.963783443061445, "sparse": 5.963783443061445, "attention_dense": 5.963783443061445, "no_prefix": 5.963783443061445, "all_dense": 5.963783443061445, "eager_stock": 5.963783443061445}}
{"stage": "quality", "elapsed_seconds": 11.413983074948192, "blocks": 80, "prediction_tokens": 163760, "loss": {"native": 5.932614924398701, "previous": 5.932614924398701, "sparse": 5.932614924398701, "attention_dense": 5.932614924398701, "no_prefix": 5.932614924398701, "all_dense": 5.932614924398701, "eager_stock": 5.932614924398701}}
{"stage": "quality", "elapsed_seconds": 12.497571464977227, "blocks": 96, "prediction_tokens": 196512, "loss": {"native": 5.941523398042327, "previous": 5.941523398042327, "sparse": 5.941523398042327, "attention_dense": 5.941523398042327, "no_prefix": 5.941523398042327, "all_dense": 5.941523398042327, "eager_stock": 5.941523398042327}}
{"stage": "quality", "elapsed_seconds": 13.585840967018157, "blocks": 112, "prediction_tokens": 229264, "loss": {"native": 5.928813884542628, "previous": 5.928813884542628, "sparse": 5.928813884542628, "attention_dense": 5.928813884542628, "no_prefix": 5.928813884542628, "all_dense": 5.928813884542628, "eager_stock": 5.928813884542628}}
{"stage": "quality", "elapsed_seconds": 14.677787906024605, "blocks": 128, "prediction_tokens": 262016, "loss": {"native": 5.831156502832246, "previous": 5.831156502832246, "sparse": 5.831156502832246, "attention_dense": 5.831156502832246, "no_prefix": 5.831156502832246, "all_dense": 5.831156502832246, "eager_stock": 5.831156502832246}}
{"stage": "quality", "elapsed_seconds": 15.77302264305763, "blocks": 144, "prediction_tokens": 294768, "loss": {"native": 5.849604330977561, "previous": 5.849604330977561, "sparse": 5.849604330977561, "attention_dense": 5.849604330977561, "no_prefix": 5.849604330977561, "all_dense": 5.849604330977561, "eager_stock": 5.849604330977561}}
{"stage": "quality", "elapsed_seconds": 16.870901381014846, "blocks": 160, "prediction_tokens": 327520, "loss": {"native": 5.855593878033689, "previous": 5.855593878033689, "sparse": 5.855593878033689, "attention_dense": 5.855593878033689, "no_prefix": 5.855593878033689, "all_dense": 5.855593878033689, "eager_stock": 5.855593878033689}}
{"stage": "quality", "elapsed_seconds": 17.959993520053104, "blocks": 176, "prediction_tokens": 360272, "loss": {"native": 5.82820932078532, "previous": 5.82820932078532, "sparse": 5.82820932078532, "attention_dense": 5.82820932078532, "no_prefix": 5.82820932078532, "all_dense": 5.82820932078532, "eager_stock": 5.82820932078532}}
{"stage": "quality", "elapsed_seconds": 19.044307857053354, "blocks": 192, "prediction_tokens": 393024, "loss": {"native": 5.827277839038217, "previous": 5.827277839038217, "sparse": 5.827277839038217, "attention_dense": 5.827277839038217, "no_prefix": 5.827277839038217, "all_dense": 5.827277839038217, "eager_stock": 5.827277839038217}}
{"stage": "quality", "elapsed_seconds": 20.131338414968923, "blocks": 208, "prediction_tokens": 425776, "loss": {"native": 5.853064829303951, "previous": 5.853064829303951, "sparse": 5.853064829303951, "attention_dense": 5.853064829303951, "no_prefix": 5.853064829303951, "all_dense": 5.853064829303951, "eager_stock": 5.853064829303951}}
{"stage": "quality", "elapsed_seconds": 21.21461166604422, "blocks": 224, "prediction_tokens": 458528, "loss": {"native": 5.860974186903867, "previous": 5.860974186903867, "sparse": 5.860974186903867, "attention_dense": 5.860974186903867, "no_prefix": 5.860974186903867, "all_dense": 5.860974186903867, "eager_stock": 5.860974186903867}}
{"stage": "quality", "elapsed_seconds": 22.299718659953214, "blocks": 240, "prediction_tokens": 491280, "loss": {"native": 5.845817573123715, "previous": 5.845817573123715, "sparse": 5.845817573123715, "attention_dense": 5.845817573123715, "no_prefix": 5.845817573123715, "all_dense": 5.845817573123715, "eager_stock": 5.845817573123715}}
{"stage": "quality", "elapsed_seconds": 23.390206233947538, "blocks": 256, "prediction_tokens": 524032, "loss": {"native": 5.860577907105685, "previous": 5.860577907105685, "sparse": 5.860577907105685, "attention_dense": 5.860577907105685, "no_prefix": 5.860577907105685, "all_dense": 5.860577907105685, "eager_stock": 5.860577907105685}}
{"stage": "quality", "elapsed_seconds": 24.481828134972602, "blocks": 272, "prediction_tokens": 556784, "loss": {"native": 5.871153765243513, "previous": 5.871153765243513, "sparse": 5.871153765243513, "attention_dense": 5.871153765243513, "no_prefix": 5.871153765243513, "all_dense": 5.871153765243513, "eager_stock": 5.871153765243513}}
{"stage": "quality", "elapsed_seconds": 25.573014645953663, "blocks": 288, "prediction_tokens": 589536, "loss": {"native": 5.85495766628994, "previous": 5.85495766628994, "sparse": 5.85495766628994, "attention_dense": 5.85495766628994, "no_prefix": 5.85495766628994, "all_dense": 5.85495766628994, "eager_stock": 5.85495766628994}}
{"stage": "quality", "elapsed_seconds": 26.663204572047107, "blocks": 304, "prediction_tokens": 622288, "loss": {"native": 5.859802871463605, "previous": 5.859802871463605, "sparse": 5.859802871463605, "attention_dense": 5.859802871463605, "no_prefix": 5.859802871463605, "all_dense": 5.859802871463605, "eager_stock": 5.859802871463605}}
{"stage": "quality", "elapsed_seconds": 27.747670768992975, "blocks": 320, "prediction_tokens": 655040, "loss": {"native": 5.835200507197079, "previous": 5.835200507197079, "sparse": 5.835200507197079, "attention_dense": 5.835200507197079, "no_prefix": 5.835200507197079, "all_dense": 5.835200507197079, "eager_stock": 5.835200507197079}}
{"stage": "quality", "elapsed_seconds": 28.833257250953466, "blocks": 336, "prediction_tokens": 687792, "loss": {"native": 5.828935494539274, "previous": 5.828935494539274, "sparse": 5.828935494539274, "attention_dense": 5.828935494539274, "no_prefix": 5.828935494539274, "all_dense": 5.828935494539274, "eager_stock": 5.828935494539274}}
{"stage": "complete", "elapsed_seconds": 28.9822112940019, "qualified": {"previous": true, "sparse": true, "attention_dense": true, "no_prefix": true, "all_dense": true, "eager_stock": true, "native": true}, "loss": {"native": 5.83130066301001, "previous": 5.83130066301001, "sparse": 5.83130066301001, "attention_dense": 5.83130066301001, "no_prefix": 5.83130066301001, "all_dense": 5.83130066301001, "eager_stock": 5.83130066301001}, "timing": {"attention_dense": {"samples": 224, "median_host_ms": 0.8560569840483367, "paired_geomean_speedup": 0.9614961369854483, "input_tokens_per_second": null}, "no_prefix": {"samples": 224, "median_host_ms": 0.8599464781582355, "paired_geomean_speedup": 0.9572452644622839, "input_tokens_per_second": null}, "sparse": {"samples": 224, "median_host_ms": 0.868742004968226, "paired_geomean_speedup": 0.9478468262787417, "input_tokens_per_second": null}, "native": {"samples": 224, "median_host_ms": 0.8229420054703951, "paired_geomean_speedup": 1.0, "input_tokens_per_second": null}, "all_dense": {"samples": 224, "median_host_ms": 0.7223320426419377, "paired_geomean_speedup": 1.1393978789878094, "input_tokens_per_second": null}, "previous": {"samples": 224, "median_host_ms": 0.5204729386605322, "paired_geomean_speedup": 1.580660086516397, "input_tokens_per_second": null}, "eager_stock": {"samples": 224, "median_host_ms": 3.8760604802519083, "paired_geomean_speedup": 0.2079311338384335, "input_tokens_per_second": null}}}
