{"stage": "loading", "elapsed_seconds": 1.5101031929953024, "mode": "native"}
Loading weights:   0%|          | 0/76 [00:00<?, ?it/s]Loading weights: 100%|██████████| 76/76 [00:00<00:00, 11878.78it/s]
{"stage": "loading", "elapsed_seconds": 1.8949084540363401, "mode": "previous"}
Loading weights:   0%|          | 0/76 [00:00<?, ?it/s]Loading weights: 100%|██████████| 76/76 [00:00<00:00, 9788.94it/s]
ninja: no work to do.
ninja: no work to do.
{"stage": "loading", "elapsed_seconds": 2.062708375044167, "mode": "sparse"}
Loading weights:   0%|          | 0/76 [00:00<?, ?it/s]Loading weights: 100%|██████████| 76/76 [00:00<00:00, 11396.34it/s]
ninja: no work to do.
ninja: no work to do.
ninja: no work to do.
{"stage": "loading", "elapsed_seconds": 2.797296616015956, "mode": "attention_dense"}
Loading weights:   0%|          | 0/76 [00:00<?, ?it/s]Loading weights: 100%|██████████| 76/76 [00:00<00:00, 11768.27it/s]
{"stage": "loading", "elapsed_seconds": 3.1226947270333767, "mode": "no_prefix"}
Loading weights:   0%|          | 0/76 [00:00<?, ?it/s]Loading weights: 100%|██████████| 76/76 [00:00<00:00, 9228.93it/s]
{"stage": "loading", "elapsed_seconds": 3.4400197570212185, "mode": "all_dense"}
Loading weights:   0%|          | 0/76 [00:00<?, ?it/s]Loading weights: 100%|██████████| 76/76 [00:00<00:00, 12265.93it/s]
{"stage": "timing", "elapsed_seconds": 3.9642607040004805, "inputs": 32, "passes": 7}
{"stage": "quality", "elapsed_seconds": 5.4091118960641325, "timing": {"attention_dense": {"samples": 224, "median_host_ms": 0.5731179844588041, "paired_geomean_speedup": 1.1201526399293391, "input_tokens_per_second": null}, "no_prefix": {"samples": 224, "median_host_ms": 0.5810025031678379, "paired_geomean_speedup": 1.1058087616257837, "input_tokens_per_second": null}, "sparse": {"samples": 224, "median_host_ms": 0.6024980102665722, "paired_geomean_speedup": 1.0664559640102607, "input_tokens_per_second": null}, "native": {"samples": 224, "median_host_ms": 0.6426729960367084, "paired_geomean_speedup": 1.0, "input_tokens_per_second": null}, "all_dense": {"samples": 224, "median_host_ms": 0.5625130143016577, "paired_geomean_speedup": 1.1418726255069942, "input_tokens_per_second": null}, "previous": {"samples": 224, "median_host_ms": 0.8262169430963695, "paired_geomean_speedup": 0.7781767697150517, "input_tokens_per_second": null}, "eager_stock": {"samples": 224, "median_host_ms": 2.3624764871783555, "paired_geomean_speedup": 0.2666250340512674, "input_tokens_per_second": null}}}
{"stage": "quality", "elapsed_seconds": 6.556026867008768, "blocks": 16, "prediction_tokens": 32752, "loss": {"native": 4.792787209917524, "previous": 4.792722462559539, "sparse": 4.792787209917524, "attention_dense": 4.792787209917524, "no_prefix": 4.792787209917524, "all_dense": 4.792787209917524, "eager_stock": 4.792787209917524}}
{"stage": "quality", "elapsed_seconds": 7.607341721071862, "blocks": 32, "prediction_tokens": 65504, "loss": {"native": 4.777272621829392, "previous": 4.777187129376164, "sparse": 4.777272621829392, "attention_dense": 4.777272621829392, "no_prefix": 4.777272621829392, "all_dense": 4.777272621829392, "eager_stock": 4.777272621829392}}
{"stage": "quality", "elapsed_seconds": 8.65932724205777, "blocks": 48, "prediction_tokens": 98256, "loss": {"native": 5.246968020718836, "previous": 5.246989404392289, "sparse": 5.246968020718836, "attention_dense": 5.246968020718836, "no_prefix": 5.246968020718836, "all_dense": 5.246968020718836, "eager_stock": 5.246968020718836}}
{"stage": "quality", "elapsed_seconds": 9.706081732991152, "blocks": 64, "prediction_tokens": 131008, "loss": {"native": 5.427110456756457, "previous": 5.427183101860908, "sparse": 5.427110456756457, "attention_dense": 5.427110456756457, "no_prefix": 5.427110456756457, "all_dense": 5.427110456756457, "eager_stock": 5.427110456756457}}
{"stage": "quality", "elapsed_seconds": 10.755513173062354, "blocks": 80, "prediction_tokens": 163760, "loss": {"native": 5.404231218227131, "previous": 5.404258211449873, "sparse": 5.404231218227131, "attention_dense": 5.404231218227131, "no_prefix": 5.404231218227131, "all_dense": 5.404231218227131, "eager_stock": 5.404231218227131}}
{"stage": "quality", "elapsed_seconds": 11.80530341307167, "blocks": 96, "prediction_tokens": 196512, "loss": {"native": 5.3937722016499, "previous": 5.3936917134632685, "sparse": 5.3937722016499, "attention_dense": 5.3937722016499, "no_prefix": 5.3937722016499, "all_dense": 5.3937722016499, "eager_stock": 5.3937722016499}}
{"stage": "quality", "elapsed_seconds": 12.851509615080431, "blocks": 112, "prediction_tokens": 229264, "loss": {"native": 5.361860228546567, "previous": 5.361793521793516, "sparse": 5.361860228546567, "attention_dense": 5.361860228546567, "no_prefix": 5.361860228546567, "all_dense": 5.361860228546567, "eager_stock": 5.361860228546567}}
{"stage": "quality", "elapsed_seconds": 13.897353509091772, "blocks": 128, "prediction_tokens": 262016, "loss": {"native": 5.224708665215101, "previous": 5.224671228256934, "sparse": 5.224708665215101, "attention_dense": 5.224708665215101, "no_prefix": 5.224708665215101, "all_dense": 5.224708665215101, "eager_stock": 5.224708665215101}}
{"stage": "quality", "elapsed_seconds": 14.948340444010682, "blocks": 144, "prediction_tokens": 294768, "loss": {"native": 5.241873276451735, "previous": 5.241835841357123, "sparse": 5.241873276451735, "attention_dense": 5.241873276451735, "no_prefix": 5.241873276451735, "all_dense": 5.241873276451735, "eager_stock": 5.241873276451735}}
{"stage": "quality", "elapsed_seconds": 16.001621480099857, "blocks": 160, "prediction_tokens": 327520, "loss": {"native": 5.2373955335742854, "previous": 5.237347306259446, "sparse": 5.2373955335742854, "attention_dense": 5.2373955335742854, "no_prefix": 5.2373955335742854, "all_dense": 5.2373955335742854, "eager_stock": 5.2373955335742854}}
{"stage": "quality", "elapsed_seconds": 17.056976639083587, "blocks": 176, "prediction_tokens": 360272, "loss": {"native": 5.190899219352843, "previous": 5.190853820440268, "sparse": 5.190899219352843, "attention_dense": 5.190899219352843, "no_prefix": 5.190899219352843, "all_dense": 5.190899219352843, "eager_stock": 5.190899219352843}}
{"stage": "quality", "elapsed_seconds": 18.10834616201464, "blocks": 192, "prediction_tokens": 393024, "loss": {"native": 5.184979449807773, "previous": 5.184936857635046, "sparse": 5.184979449807773, "attention_dense": 5.184979449807773, "no_prefix": 5.184979449807773, "all_dense": 5.184979449807773, "eager_stock": 5.184979449807773}}
{"stage": "quality", "elapsed_seconds": 19.16128792008385, "blocks": 208, "prediction_tokens": 425776, "loss": {"native": 5.215986945288573, "previous": 5.215931592541838, "sparse": 5.215986945288573, "attention_dense": 5.215986945288573, "no_prefix": 5.215986945288573, "all_dense": 5.215986945288573, "eager_stock": 5.215986945288573}}
{"stage": "quality", "elapsed_seconds": 20.20783140102867, "blocks": 224, "prediction_tokens": 458528, "loss": {"native": 5.224436497786463, "previous": 5.224378973567999, "sparse": 5.224436497786463, "attention_dense": 5.224436497786463, "no_prefix": 5.224436497786463, "all_dense": 5.224436497786463, "eager_stock": 5.224436497786463}}
{"stage": "quality", "elapsed_seconds": 21.256478275055997, "blocks": 240, "prediction_tokens": 491280, "loss": {"native": 5.2085315400586225, "previous": 5.208478100255964, "sparse": 5.2085315400586225, "attention_dense": 5.2085315400586225, "no_prefix": 5.2085315400586225, "all_dense": 5.2085315400586225, "eager_stock": 5.2085315400586225}}
{"stage": "quality", "elapsed_seconds": 22.307051861076616, "blocks": 256, "prediction_tokens": 524032, "loss": {"native": 5.220783744256672, "previous": 5.220736840438656, "sparse": 5.220783744256672, "attention_dense": 5.220783744256672, "no_prefix": 5.220783744256672, "all_dense": 5.220783744256672, "eager_stock": 5.220783744256672}}
{"stage": "quality", "elapsed_seconds": 23.353132384014316, "blocks": 272, "prediction_tokens": 556784, "loss": {"native": 5.225581550910564, "previous": 5.225522978277932, "sparse": 5.225581550910564, "attention_dense": 5.225581550910564, "no_prefix": 5.225581550910564, "all_dense": 5.225581550910564, "eager_stock": 5.225581550910564}}
{"stage": "quality", "elapsed_seconds": 24.400904451031238, "blocks": 288, "prediction_tokens": 589536, "loss": {"native": 5.201007224524351, "previous": 5.200946623369374, "sparse": 5.201007224524351, "attention_dense": 5.201007224524351, "no_prefix": 5.201007224524351, "all_dense": 5.201007224524351, "eager_stock": 5.201007224524351}}
{"stage": "quality", "elapsed_seconds": 25.44712474301923, "blocks": 304, "prediction_tokens": 622288, "loss": {"native": 5.202915062476598, "previous": 5.2028644553822945, "sparse": 5.202915062476598, "attention_dense": 5.202915062476598, "no_prefix": 5.202915062476598, "all_dense": 5.202915062476598, "eager_stock": 5.202915062476598}}
{"stage": "quality", "elapsed_seconds": 26.494367512059398, "blocks": 320, "prediction_tokens": 655040, "loss": {"native": 5.1729633087173115, "previous": 5.172890525709785, "sparse": 5.1729633087173115, "attention_dense": 5.1729633087173115, "no_prefix": 5.1729633087173115, "all_dense": 5.1729633087173115, "eager_stock": 5.1729633087173115}}
{"stage": "quality", "elapsed_seconds": 27.541193192009814, "blocks": 336, "prediction_tokens": 687792, "loss": {"native": 5.1584389197379075, "previous": 5.158371883579311, "sparse": 5.1584389197379075, "attention_dense": 5.1584389197379075, "no_prefix": 5.1584389197379075, "all_dense": 5.1584389197379075, "eager_stock": 5.1584389197379075}}
{"stage": "complete", "elapsed_seconds": 27.682876490056515, "qualified": {"previous": true, "sparse": true, "attention_dense": true, "no_prefix": true, "all_dense": true, "eager_stock": true, "native": true}, "loss": {"native": 5.160890057213183, "previous": 5.16082610794196, "sparse": 5.160890057213183, "attention_dense": 5.160890057213183, "no_prefix": 5.160890057213183, "all_dense": 5.160890057213183, "eager_stock": 5.160890057213183}, "timing": {"attention_dense": {"samples": 224, "median_host_ms": 0.5731179844588041, "paired_geomean_speedup": 1.1201526399293391, "input_tokens_per_second": null}, "no_prefix": {"samples": 224, "median_host_ms": 0.5810025031678379, "paired_geomean_speedup": 1.1058087616257837, "input_tokens_per_second": null}, "sparse": {"samples": 224, "median_host_ms": 0.6024980102665722, "paired_geomean_speedup": 1.0664559640102607, "input_tokens_per_second": null}, "native": {"samples": 224, "median_host_ms": 0.6426729960367084, "paired_geomean_speedup": 1.0, "input_tokens_per_second": null}, "all_dense": {"samples": 224, "median_host_ms": 0.5625130143016577, "paired_geomean_speedup": 1.1418726255069942, "input_tokens_per_second": null}, "previous": {"samples": 224, "median_host_ms": 0.8262169430963695, "paired_geomean_speedup": 0.7781767697150517, "input_tokens_per_second": null}, "eager_stock": {"samples": 224, "median_host_ms": 2.3624764871783555, "paired_geomean_speedup": 0.2666250340512674, "input_tokens_per_second": null}}}
