{"stage": "loading", "elapsed_seconds": 1.4837512719677761, "mode": "native"}
Loading weights:   0%|          | 0/76 [00:00<?, ?it/s]Loading weights: 100%|██████████| 76/76 [00:00<00:00, 12788.54it/s]
{"stage": "loading", "elapsed_seconds": 1.9123486469034106, "mode": "previous"}
Loading weights:   0%|          | 0/76 [00:00<?, ?it/s]Loading weights: 100%|██████████| 76/76 [00:00<00:00, 10188.81it/s]
ninja: no work to do.
ninja: no work to do.
{"stage": "loading", "elapsed_seconds": 2.082921895897016, "mode": "sparse"}
Loading weights:   0%|          | 0/76 [00:00<?, ?it/s]Loading weights: 100%|██████████| 76/76 [00:00<00:00, 10808.60it/s]
ninja: no work to do.
ninja: no work to do.
ninja: no work to do.
{"stage": "loading", "elapsed_seconds": 2.8139610519865528, "mode": "attention_dense"}
Loading weights:   0%|          | 0/76 [00:00<?, ?it/s]Loading weights: 100%|██████████| 76/76 [00:00<00:00, 11568.81it/s]
{"stage": "loading", "elapsed_seconds": 3.124974881997332, "mode": "no_prefix"}
Loading weights:   0%|          | 0/76 [00:00<?, ?it/s]Loading weights: 100%|██████████| 76/76 [00:00<00:00, 14347.25it/s]
{"stage": "loading", "elapsed_seconds": 3.444809648906812, "mode": "all_dense"}
Loading weights:   0%|          | 0/76 [00:00<?, ?it/s]Loading weights: 100%|██████████| 76/76 [00:00<00:00, 9470.49it/s]
{"stage": "timing", "elapsed_seconds": 4.013311275979504, "inputs": 32, "passes": 7}
{"stage": "quality", "elapsed_seconds": 5.7126290609594434, "timing": {"attention_dense": {"samples": 224, "median_host_ms": 0.6178824696689844, "paired_geomean_speedup": 1.1706624101534735, "input_tokens_per_second": null}, "no_prefix": {"samples": 224, "median_host_ms": 0.6252574967220426, "paired_geomean_speedup": 1.1572527119285592, "input_tokens_per_second": null}, "sparse": {"samples": 224, "median_host_ms": 0.6468025385402143, "paired_geomean_speedup": 1.1187512594567022, "input_tokens_per_second": null}, "native": {"samples": 224, "median_host_ms": 0.7232020725496113, "paired_geomean_speedup": 1.0, "input_tokens_per_second": null}, "all_dense": {"samples": 224, "median_host_ms": 0.6074474658817053, "paired_geomean_speedup": 1.1909907631278318, "input_tokens_per_second": null}, "previous": {"samples": 224, "median_host_ms": 0.6973919807933271, "paired_geomean_speedup": 1.035761858948692, "input_tokens_per_second": null}, "eager_stock": {"samples": 224, "median_host_ms": 3.3005275181494653, "paired_geomean_speedup": 0.21284896536454737, "input_tokens_per_second": null}}}
{"stage": "quality", "elapsed_seconds": 6.901157604996115, "blocks": 16, "prediction_tokens": 32752, "loss": {"native": 5.069705815913913, "previous": 5.0697388828353995, "sparse": 5.069705815913913, "attention_dense": 5.069705815913913, "no_prefix": 5.069705815913913, "all_dense": 5.069705815913913, "eager_stock": 5.069705815913913}}
{"stage": "quality", "elapsed_seconds": 7.977987352991477, "blocks": 32, "prediction_tokens": 65504, "loss": {"native": 5.086330985929772, "previous": 5.08631637565788, "sparse": 5.086330985929772, "attention_dense": 5.086330985929772, "no_prefix": 5.086330985929772, "all_dense": 5.086330985929772, "eager_stock": 5.086330985929772}}
{"stage": "quality", "elapsed_seconds": 9.054044452961534, "blocks": 48, "prediction_tokens": 98256, "loss": {"native": 5.514379355053699, "previous": 5.514402323991346, "sparse": 5.514379355053699, "attention_dense": 5.514379355053699, "no_prefix": 5.514379355053699, "all_dense": 5.514379355053699, "eager_stock": 5.514379355053699}}
{"stage": "quality", "elapsed_seconds": 10.137253135908395, "blocks": 64, "prediction_tokens": 131008, "loss": {"native": 5.670071865094832, "previous": 5.670099117724442, "sparse": 5.670071865094832, "attention_dense": 5.670071865094832, "no_prefix": 5.670071865094832, "all_dense": 5.670071865094832, "eager_stock": 5.670071865094832}}
{"stage": "quality", "elapsed_seconds": 11.223438238957897, "blocks": 80, "prediction_tokens": 163760, "loss": {"native": 5.643595652913372, "previous": 5.643595652913372, "sparse": 5.643595652913372, "attention_dense": 5.643595652913372, "no_prefix": 5.643595652913372, "all_dense": 5.643595652913372, "eager_stock": 5.643595652913372}}
{"stage": "quality", "elapsed_seconds": 12.30439572094474, "blocks": 96, "prediction_tokens": 196512, "loss": {"native": 5.644690554143163, "previous": 5.644666034727682, "sparse": 5.644690554143163, "attention_dense": 5.644690554143163, "no_prefix": 5.644690554143163, "all_dense": 5.644690554143163, "eager_stock": 5.644690554143163}}
{"stage": "quality", "elapsed_seconds": 13.382428513956256, "blocks": 112, "prediction_tokens": 229264, "loss": {"native": 5.620486848676634, "previous": 5.620487551503126, "sparse": 5.620486848676634, "attention_dense": 5.620486848676634, "no_prefix": 5.620486848676634, "all_dense": 5.620486848676634, "eager_stock": 5.620486848676634}}
{"stage": "quality", "elapsed_seconds": 14.458052534959279, "blocks": 128, "prediction_tokens": 262016, "loss": {"native": 5.507317487589021, "previous": 5.507328154578347, "sparse": 5.507317487589021, "attention_dense": 5.507317487589021, "no_prefix": 5.507317487589021, "all_dense": 5.507317487589021, "eager_stock": 5.507317487589021}}
{"stage": "quality", "elapsed_seconds": 15.534661613986827, "blocks": 144, "prediction_tokens": 294768, "loss": {"native": 5.528403157048509, "previous": 5.528402388435566, "sparse": 5.528403157048509, "attention_dense": 5.528403157048509, "no_prefix": 5.528403157048509, "all_dense": 5.528403157048509, "eager_stock": 5.528403157048509}}
{"stage": "quality", "elapsed_seconds": 16.611549920984544, "blocks": 160, "prediction_tokens": 327520, "loss": {"native": 5.531575326029708, "previous": 5.5315554799134405, "sparse": 5.531575326029708, "attention_dense": 5.531575326029708, "no_prefix": 5.531575326029708, "all_dense": 5.531575326029708, "eager_stock": 5.531575326029708}}
{"stage": "quality", "elapsed_seconds": 17.688261327915825, "blocks": 176, "prediction_tokens": 360272, "loss": {"native": 5.4930865833336515, "previous": 5.493041402626436, "sparse": 5.4930865833336515, "attention_dense": 5.4930865833336515, "no_prefix": 5.4930865833336515, "all_dense": 5.4930865833336515, "eager_stock": 5.4930865833336515}}
{"stage": "quality", "elapsed_seconds": 18.774886708939448, "blocks": 192, "prediction_tokens": 393024, "loss": {"native": 5.4841169435879715, "previous": 5.484105849223345, "sparse": 5.4841169435879715, "attention_dense": 5.4841169435879715, "no_prefix": 5.4841169435879715, "all_dense": 5.4841169435879715, "eager_stock": 5.4841169435879715}}
{"stage": "quality", "elapsed_seconds": 19.85779893398285, "blocks": 208, "prediction_tokens": 425776, "loss": {"native": 5.514604922055185, "previous": 5.514588293409783, "sparse": 5.514604922055185, "attention_dense": 5.514604922055185, "no_prefix": 5.514604922055185, "all_dense": 5.514604922055185, "eager_stock": 5.514604922055185}}
{"stage": "quality", "elapsed_seconds": 20.933906844002195, "blocks": 224, "prediction_tokens": 458528, "loss": {"native": 5.5232805279629185, "previous": 5.523249676009766, "sparse": 5.5232805279629185, "attention_dense": 5.5232805279629185, "no_prefix": 5.5232805279629185, "all_dense": 5.5232805279629185, "eager_stock": 5.5232805279629185}}
{"stage": "quality", "elapsed_seconds": 22.01071466098074, "blocks": 240, "prediction_tokens": 491280, "loss": {"native": 5.507357408914595, "previous": 5.507336476469948, "sparse": 5.507357408914595, "attention_dense": 5.507357408914595, "no_prefix": 5.507357408914595, "all_dense": 5.507357408914595, "eager_stock": 5.507357408914595}}
{"stage": "quality", "elapsed_seconds": 23.082914965925738, "blocks": 256, "prediction_tokens": 524032, "loss": {"native": 5.520138152122032, "previous": 5.520108753608737, "sparse": 5.520138152122032, "attention_dense": 5.520138152122032, "no_prefix": 5.520138152122032, "all_dense": 5.520138152122032, "eager_stock": 5.520138152122032}}
{"stage": "quality", "elapsed_seconds": 24.15618099598214, "blocks": 272, "prediction_tokens": 556784, "loss": {"native": 5.526723318577648, "previous": 5.526707607712046, "sparse": 5.526723318577648, "attention_dense": 5.526723318577648, "no_prefix": 5.526723318577648, "all_dense": 5.526723318577648, "eager_stock": 5.526723318577648}}
{"stage": "quality", "elapsed_seconds": 25.229042287915945, "blocks": 288, "prediction_tokens": 589536, "loss": {"native": 5.5052440638962254, "previous": 5.505211671995805, "sparse": 5.5052440638962254, "attention_dense": 5.5052440638962254, "no_prefix": 5.5052440638962254, "all_dense": 5.5052440638962254, "eager_stock": 5.5052440638962254}}
{"stage": "quality", "elapsed_seconds": 26.29791604494676, "blocks": 304, "prediction_tokens": 622288, "loss": {"native": 5.510409369900372, "previous": 5.510357787480184, "sparse": 5.510409369900372, "attention_dense": 5.510409369900372, "no_prefix": 5.510409369900372, "all_dense": 5.510409369900372, "eager_stock": 5.510409369900372}}
{"stage": "quality", "elapsed_seconds": 27.373754116008058, "blocks": 320, "prediction_tokens": 655040, "loss": {"native": 5.4826277277675795, "previous": 5.482579524306245, "sparse": 5.4826277277675795, "attention_dense": 5.4826277277675795, "no_prefix": 5.4826277277675795, "all_dense": 5.4826277277675795, "eager_stock": 5.4826277277675795}}
{"stage": "quality", "elapsed_seconds": 28.451802418916486, "blocks": 336, "prediction_tokens": 687792, "loss": {"native": 5.470052524907149, "previous": 5.470014577956071, "sparse": 5.470052524907149, "attention_dense": 5.470052524907149, "no_prefix": 5.470052524907149, "all_dense": 5.470052524907149, "eager_stock": 5.470052524907149}}
{"stage": "complete", "elapsed_seconds": 28.600553737953305, "qualified": {"previous": false, "sparse": true, "attention_dense": true, "no_prefix": true, "all_dense": true, "eager_stock": true, "native": true}, "loss": {"native": 5.472691942747794, "previous": 5.472652818765031, "sparse": 5.472691942747794, "attention_dense": 5.472691942747794, "no_prefix": 5.472691942747794, "all_dense": 5.472691942747794, "eager_stock": 5.472691942747794}, "timing": {"attention_dense": {"samples": 224, "median_host_ms": 0.6178824696689844, "paired_geomean_speedup": 1.1706624101534735, "input_tokens_per_second": null}, "no_prefix": {"samples": 224, "median_host_ms": 0.6252574967220426, "paired_geomean_speedup": 1.1572527119285592, "input_tokens_per_second": null}, "sparse": {"samples": 224, "median_host_ms": 0.6468025385402143, "paired_geomean_speedup": 1.1187512594567022, "input_tokens_per_second": null}, "native": {"samples": 224, "median_host_ms": 0.7232020725496113, "paired_geomean_speedup": 1.0, "input_tokens_per_second": null}, "all_dense": {"samples": 224, "median_host_ms": 0.6074474658817053, "paired_geomean_speedup": 1.1909907631278318, "input_tokens_per_second": null}, "previous": {"samples": 224, "median_host_ms": 0.6973919807933271, "paired_geomean_speedup": 1.035761858948692, "input_tokens_per_second": null}, "eager_stock": {"samples": 224, "median_host_ms": 3.3005275181494653, "paired_geomean_speedup": 0.21284896536454737, "input_tokens_per_second": null}}}
