{"stage": "loading", "elapsed_seconds": 1.355065403971821, "mode": "native"}
Loading weights:   0%|          | 0/76 [00:00<?, ?it/s]Loading weights: 100%|██████████| 76/76 [00:00<00:00, 14404.95it/s]
{"stage": "loading", "elapsed_seconds": 1.8028811529511586, "mode": "previous"}
Loading weights:   0%|          | 0/76 [00:00<?, ?it/s]Loading weights: 100%|██████████| 76/76 [00:00<00:00, 5982.08it/s]
ninja: no work to do.
ninja: no work to do.
{"stage": "loading", "elapsed_seconds": 2.3199330660281703, "mode": "sparse"}
Loading weights:   0%|          | 0/76 [00:00<?, ?it/s]Loading weights: 100%|██████████| 76/76 [00:00<00:00, 11325.08it/s]
ninja: no work to do.
ninja: no work to do.
ninja: no work to do.
{"stage": "loading", "elapsed_seconds": 3.0465791969327256, "mode": "attention_dense"}
Loading weights:   0%|          | 0/76 [00:00<?, ?it/s]Loading weights: 100%|██████████| 76/76 [00:00<00:00, 9561.96it/s]
{"stage": "loading", "elapsed_seconds": 3.3627214019652456, "mode": "no_prefix"}
Loading weights:   0%|          | 0/76 [00:00<?, ?it/s]Loading weights: 100%|██████████| 76/76 [00:00<00:00, 12134.26it/s]
{"stage": "loading", "elapsed_seconds": 3.6776757199550048, "mode": "all_dense"}
Loading weights:   0%|          | 0/76 [00:00<?, ?it/s]Loading weights: 100%|██████████| 76/76 [00:00<00:00, 10942.54it/s]
{"stage": "timing", "elapsed_seconds": 4.2607087809592485, "inputs": 32, "passes": 7}
{"stage": "quality", "elapsed_seconds": 6.072841819026507, "timing": {"attention_dense": {"samples": 224, "median_host_ms": 0.6175425369292498, "paired_geomean_speedup": 1.3328734861136446, "input_tokens_per_second": null}, "no_prefix": {"samples": 224, "median_host_ms": 0.6247574929147959, "paired_geomean_speedup": 1.3183071246519222, "input_tokens_per_second": null}, "sparse": {"samples": 224, "median_host_ms": 0.646852480713278, "paired_geomean_speedup": 1.2730081853211554, "input_tokens_per_second": null}, "native": {"samples": 224, "median_host_ms": 0.8238919544965029, "paired_geomean_speedup": 1.0, "input_tokens_per_second": null}, "all_dense": {"samples": 224, "median_host_ms": 0.6073430413380265, "paired_geomean_speedup": 1.355779634129461, "input_tokens_per_second": null}, "previous": {"samples": 224, "median_host_ms": 0.6163674988783896, "paired_geomean_speedup": 1.3354137218551194, "input_tokens_per_second": null}, "eager_stock": {"samples": 224, "median_host_ms": 3.802205959800631, "paired_geomean_speedup": 0.21166503379876409, "input_tokens_per_second": null}}}
{"stage": "quality", "elapsed_seconds": 7.2567858339753, "blocks": 16, "prediction_tokens": 32752, "loss": {"native": 5.0421338176867065, "previous": 5.042657685384671, "sparse": 5.0421338176867065, "attention_dense": 5.0421338176867065, "no_prefix": 5.0421338176867065, "all_dense": 5.0421338176867065, "eager_stock": 5.0421338176867065}}
{"stage": "quality", "elapsed_seconds": 8.333755953004584, "blocks": 32, "prediction_tokens": 65504, "loss": {"native": 5.047555182698766, "previous": 5.047702001022838, "sparse": 5.047555182698766, "attention_dense": 5.047555182698766, "no_prefix": 5.047555182698766, "all_dense": 5.047555182698766, "eager_stock": 5.047555182698766}}
{"stage": "quality", "elapsed_seconds": 9.40720022493042, "blocks": 48, "prediction_tokens": 98256, "loss": {"native": 5.487406283553931, "previous": 5.4874368061015355, "sparse": 5.487406283553931, "attention_dense": 5.487406283553931, "no_prefix": 5.487406283553931, "all_dense": 5.487406283553931, "eager_stock": 5.487406283553931}}
{"stage": "quality", "elapsed_seconds": 10.48243909003213, "blocks": 64, "prediction_tokens": 131008, "loss": {"native": 5.647615344220391, "previous": 5.6477014255570275, "sparse": 5.647615344220391, "attention_dense": 5.647615344220391, "no_prefix": 5.647615344220391, "all_dense": 5.647615344220391, "eager_stock": 5.647615344220391}}
{"stage": "quality", "elapsed_seconds": 11.55653134000022, "blocks": 80, "prediction_tokens": 163760, "loss": {"native": 5.619514498876023, "previous": 5.61958365615077, "sparse": 5.619514498876023, "attention_dense": 5.619514498876023, "no_prefix": 5.619514498876023, "all_dense": 5.619514498876023, "eager_stock": 5.619514498876023}}
{"stage": "quality", "elapsed_seconds": 12.631353046977893, "blocks": 96, "prediction_tokens": 196512, "loss": {"native": 5.619557594208623, "previous": 5.619618818205122, "sparse": 5.619557594208623, "attention_dense": 5.619557594208623, "no_prefix": 5.619557594208623, "all_dense": 5.619557594208623, "eager_stock": 5.619557594208623}}
{"stage": "quality", "elapsed_seconds": 13.708014947012998, "blocks": 112, "prediction_tokens": 229264, "loss": {"native": 5.595378093305507, "previous": 5.595436387438444, "sparse": 5.595378093305507, "attention_dense": 5.595378093305507, "no_prefix": 5.595378093305507, "all_dense": 5.595378093305507, "eager_stock": 5.595378093305507}}
{"stage": "quality", "elapsed_seconds": 14.786363500985317, "blocks": 128, "prediction_tokens": 262016, "loss": {"native": 5.478548475749095, "previous": 5.478644005310029, "sparse": 5.478548475749095, "attention_dense": 5.478548475749095, "no_prefix": 5.478548475749095, "all_dense": 5.478548475749095, "eager_stock": 5.478548475749095}}
{"stage": "quality", "elapsed_seconds": 15.861230417969637, "blocks": 144, "prediction_tokens": 294768, "loss": {"native": 5.499077647903394, "previous": 5.4991899316528166, "sparse": 5.499077647903394, "attention_dense": 5.499077647903394, "no_prefix": 5.499077647903394, "all_dense": 5.499077647903394, "eager_stock": 5.499077647903394}}
{"stage": "quality", "elapsed_seconds": 16.934413751005195, "blocks": 160, "prediction_tokens": 327520, "loss": {"native": 5.501811190681104, "previous": 5.501903942054112, "sparse": 5.501811190681104, "attention_dense": 5.501811190681104, "no_prefix": 5.501811190681104, "all_dense": 5.501811190681104, "eager_stock": 5.501811190681104}}
{"stage": "quality", "elapsed_seconds": 18.006831766921096, "blocks": 176, "prediction_tokens": 360272, "loss": {"native": 5.461257712976671, "previous": 5.461317737069579, "sparse": 5.461257712976671, "attention_dense": 5.461257712976671, "no_prefix": 5.461257712976671, "all_dense": 5.461257712976671, "eager_stock": 5.461257712976671}}
{"stage": "quality", "elapsed_seconds": 19.078632154967636, "blocks": 192, "prediction_tokens": 393024, "loss": {"native": 5.4533894248009505, "previous": 5.453432584736794, "sparse": 5.4533894248009505, "attention_dense": 5.4533894248009505, "no_prefix": 5.4533894248009505, "all_dense": 5.4533894248009505, "eager_stock": 5.4533894248009505}}
{"stage": "quality", "elapsed_seconds": 20.15192966698669, "blocks": 208, "prediction_tokens": 425776, "loss": {"native": 5.484647589370276, "previous": 5.484705837794918, "sparse": 5.484647589370276, "attention_dense": 5.484647589370276, "no_prefix": 5.484647589370276, "all_dense": 5.484647589370276, "eager_stock": 5.484647589370276}}
{"stage": "quality", "elapsed_seconds": 21.223902334924787, "blocks": 224, "prediction_tokens": 458528, "loss": {"native": 5.4929348569379215, "previous": 5.492985639346521, "sparse": 5.4929348569379215, "attention_dense": 5.4929348569379215, "no_prefix": 5.4929348569379215, "all_dense": 5.4929348569379215, "eager_stock": 5.4929348569379215}}
{"stage": "quality", "elapsed_seconds": 22.29623089102097, "blocks": 240, "prediction_tokens": 491280, "loss": {"native": 5.477100969024792, "previous": 5.477159607897673, "sparse": 5.477100969024792, "attention_dense": 5.477100969024792, "no_prefix": 5.477100969024792, "all_dense": 5.477100969024792, "eager_stock": 5.477100969024792}}
{"stage": "quality", "elapsed_seconds": 23.368321868008934, "blocks": 256, "prediction_tokens": 524032, "loss": {"native": 5.490050183078633, "previous": 5.49009885447865, "sparse": 5.490050183078633, "attention_dense": 5.490050183078633, "no_prefix": 5.490050183078633, "all_dense": 5.490050183078633, "eager_stock": 5.490050183078633}}
{"stage": "quality", "elapsed_seconds": 24.44106169301085, "blocks": 272, "prediction_tokens": 556784, "loss": {"native": 5.496417775312105, "previous": 5.496453575740042, "sparse": 5.496417775312105, "attention_dense": 5.496417775312105, "no_prefix": 5.496417775312105, "all_dense": 5.496417775312105, "eager_stock": 5.496417775312105}}
{"stage": "quality", "elapsed_seconds": 25.513486397918314, "blocks": 288, "prediction_tokens": 589536, "loss": {"native": 5.474261988453631, "previous": 5.474311993020252, "sparse": 5.474261988453631, "attention_dense": 5.474261988453631, "no_prefix": 5.474261988453631, "all_dense": 5.474261988453631, "eager_stock": 5.474261988453631}}
{"stage": "quality", "elapsed_seconds": 26.58482447802089, "blocks": 304, "prediction_tokens": 622288, "loss": {"native": 5.4794423022880885, "previous": 5.479492885842749, "sparse": 5.4794423022880885, "attention_dense": 5.4794423022880885, "no_prefix": 5.4794423022880885, "all_dense": 5.4794423022880885, "eager_stock": 5.4794423022880885}}
{"stage": "quality", "elapsed_seconds": 27.65848654997535, "blocks": 320, "prediction_tokens": 655040, "loss": {"native": 5.450211622334132, "previous": 5.450250965709155, "sparse": 5.450211622334132, "attention_dense": 5.450211622334132, "no_prefix": 5.450211622334132, "all_dense": 5.450211622334132, "eager_stock": 5.450211622334132}}
{"stage": "quality", "elapsed_seconds": 28.731505292933434, "blocks": 336, "prediction_tokens": 687792, "loss": {"native": 5.437886393416587, "previous": 5.437934534901403, "sparse": 5.437886393416587, "attention_dense": 5.437886393416587, "no_prefix": 5.437886393416587, "all_dense": 5.437886393416587, "eager_stock": 5.437886393416587}}
{"stage": "complete", "elapsed_seconds": 28.876268149004318, "qualified": {"previous": false, "sparse": true, "attention_dense": true, "no_prefix": true, "all_dense": true, "eager_stock": true, "native": true}, "loss": {"native": 5.440461140957695, "previous": 5.440508582615353, "sparse": 5.440461140957695, "attention_dense": 5.440461140957695, "no_prefix": 5.440461140957695, "all_dense": 5.440461140957695, "eager_stock": 5.440461140957695}, "timing": {"attention_dense": {"samples": 224, "median_host_ms": 0.6175425369292498, "paired_geomean_speedup": 1.3328734861136446, "input_tokens_per_second": null}, "no_prefix": {"samples": 224, "median_host_ms": 0.6247574929147959, "paired_geomean_speedup": 1.3183071246519222, "input_tokens_per_second": null}, "sparse": {"samples": 224, "median_host_ms": 0.646852480713278, "paired_geomean_speedup": 1.2730081853211554, "input_tokens_per_second": null}, "native": {"samples": 224, "median_host_ms": 0.8238919544965029, "paired_geomean_speedup": 1.0, "input_tokens_per_second": null}, "all_dense": {"samples": 224, "median_host_ms": 0.6073430413380265, "paired_geomean_speedup": 1.355779634129461, "input_tokens_per_second": null}, "previous": {"samples": 224, "median_host_ms": 0.6163674988783896, "paired_geomean_speedup": 1.3354137218551194, "input_tokens_per_second": null}, "eager_stock": {"samples": 224, "median_host_ms": 3.802205959800631, "paired_geomean_speedup": 0.21166503379876409, "input_tokens_per_second": null}}}
