{"stage": "loading", "elapsed_seconds": 1.375893766991794, "mode": "native"}
Loading weights:   0%|          | 0/76 [00:00<?, ?it/s]Loading weights: 100%|██████████| 76/76 [00:00<00:00, 12728.79it/s]
{"stage": "loading", "elapsed_seconds": 1.788581725093536, "mode": "previous"}
Loading weights:   0%|          | 0/76 [00:00<?, ?it/s]Loading weights: 100%|██████████| 76/76 [00:00<00:00, 11227.75it/s]
ninja: no work to do.
ninja: no work to do.
{"stage": "loading", "elapsed_seconds": 1.9461927940137684, "mode": "sparse"}
Loading weights:   0%|          | 0/76 [00:00<?, ?it/s]Loading weights: 100%|██████████| 76/76 [00:00<00:00, 10691.50it/s]
ninja: no work to do.
ninja: no work to do.
ninja: no work to do.
{"stage": "loading", "elapsed_seconds": 2.66640579898376, "mode": "attention_dense"}
Loading weights:   0%|          | 0/76 [00:00<?, ?it/s]Loading weights: 100%|██████████| 76/76 [00:00<00:00, 10084.38it/s]
{"stage": "loading", "elapsed_seconds": 2.9861095499945804, "mode": "no_prefix"}
Loading weights:   0%|          | 0/76 [00:00<?, ?it/s]Loading weights: 100%|██████████| 76/76 [00:00<00:00, 9691.62it/s]
{"stage": "loading", "elapsed_seconds": 3.7909771819831803, "mode": "all_dense"}
Loading weights:   0%|          | 0/76 [00:00<?, ?it/s]Loading weights: 100%|██████████| 76/76 [00:00<00:00, 10469.92it/s]
{"stage": "timing", "elapsed_seconds": 4.335742033086717, "inputs": 32, "passes": 7}
{"stage": "quality", "elapsed_seconds": 5.950697389082052, "timing": {"attention_dense": {"samples": 224, "median_host_ms": 0.5879279924556613, "paired_geomean_speedup": 1.2277174468522065, "input_tokens_per_second": null}, "no_prefix": {"samples": 224, "median_host_ms": 0.5953480140306056, "paired_geomean_speedup": 1.2126113864701855, "input_tokens_per_second": null}, "sparse": {"samples": 224, "median_host_ms": 0.6176629685796797, "paired_geomean_speedup": 1.168826345930824, "input_tokens_per_second": null}, "native": {"samples": 224, "median_host_ms": 0.722271972335875, "paired_geomean_speedup": 1.0, "input_tokens_per_second": null}, "all_dense": {"samples": 224, "median_host_ms": 0.6061730091460049, "paired_geomean_speedup": 1.1909664344368434, "input_tokens_per_second": null}, "previous": {"samples": 224, "median_host_ms": 0.5200534942559898, "paired_geomean_speedup": 1.3886564472323415, "input_tokens_per_second": null}, "eager_stock": {"samples": 224, "median_host_ms": 3.271963039878756, "paired_geomean_speedup": 0.21853120747604862, "input_tokens_per_second": null}}}
{"stage": "quality", "elapsed_seconds": 7.120153516996652, "blocks": 16, "prediction_tokens": 32752, "loss": {"native": 5.2868853011361905, "previous": 5.2868853011361905, "sparse": 5.2868853011361905, "attention_dense": 5.2868853011361905, "no_prefix": 5.2868853011361905, "all_dense": 5.2868853011361905, "eager_stock": 5.2868853011361905}}
{"stage": "quality", "elapsed_seconds": 8.18078738602344, "blocks": 32, "prediction_tokens": 65504, "loss": {"native": 5.295223599477227, "previous": 5.295223599477227, "sparse": 5.295223599477227, "attention_dense": 5.295223599477227, "no_prefix": 5.295223599477227, "all_dense": 5.295223599477227, "eager_stock": 5.295223599477227}}
{"stage": "quality", "elapsed_seconds": 9.241625015041791, "blocks": 48, "prediction_tokens": 98256, "loss": {"native": 5.706755071135923, "previous": 5.706755071135923, "sparse": 5.706755071135923, "attention_dense": 5.706755071135923, "no_prefix": 5.706755071135923, "all_dense": 5.706755071135923, "eager_stock": 5.706755071135923}}
{"stage": "quality", "elapsed_seconds": 10.302440072991885, "blocks": 64, "prediction_tokens": 131008, "loss": {"native": 5.845680139911542, "previous": 5.845680139911542, "sparse": 5.845680139911542, "attention_dense": 5.845680139911542, "no_prefix": 5.845680139911542, "all_dense": 5.845680139911542, "eager_stock": 5.845680139911542}}
{"stage": "quality", "elapsed_seconds": 11.360155962989666, "blocks": 80, "prediction_tokens": 163760, "loss": {"native": 5.8172729879806955, "previous": 5.8172729879806955, "sparse": 5.8172729879806955, "attention_dense": 5.8172729879806955, "no_prefix": 5.8172729879806955, "all_dense": 5.8172729879806955, "eager_stock": 5.8172729879806955}}
{"stage": "quality", "elapsed_seconds": 12.425935924053192, "blocks": 96, "prediction_tokens": 196512, "loss": {"native": 5.822199886230707, "previous": 5.822199886230707, "sparse": 5.822199886230707, "attention_dense": 5.822199886230707, "no_prefix": 5.822199886230707, "all_dense": 5.822199886230707, "eager_stock": 5.822199886230707}}
{"stage": "quality", "elapsed_seconds": 13.486976711079478, "blocks": 112, "prediction_tokens": 229264, "loss": {"native": 5.799984234110976, "previous": 5.799984234110976, "sparse": 5.799984234110976, "attention_dense": 5.799984234110976, "no_prefix": 5.799984234110976, "all_dense": 5.799984234110976, "eager_stock": 5.799984234110976}}
{"stage": "quality", "elapsed_seconds": 14.549719703034498, "blocks": 128, "prediction_tokens": 262016, "loss": {"native": 5.693649780243621, "previous": 5.693649780243621, "sparse": 5.693649780243621, "attention_dense": 5.693649780243621, "no_prefix": 5.693649780243621, "all_dense": 5.693649780243621, "eager_stock": 5.693649780243621}}
{"stage": "quality", "elapsed_seconds": 15.610464381985366, "blocks": 144, "prediction_tokens": 294768, "loss": {"native": 5.712499354630166, "previous": 5.712499354630166, "sparse": 5.712499354630166, "attention_dense": 5.712499354630166, "no_prefix": 5.712499354630166, "all_dense": 5.712499354630166, "eager_stock": 5.712499354630166}}
{"stage": "quality", "elapsed_seconds": 16.670530003029853, "blocks": 160, "prediction_tokens": 327520, "loss": {"native": 5.715208440276548, "previous": 5.715208440276548, "sparse": 5.715208440276548, "attention_dense": 5.715208440276548, "no_prefix": 5.715208440276548, "all_dense": 5.715208440276548, "eager_stock": 5.715208440276548}}
{"stage": "quality", "elapsed_seconds": 17.731705591082573, "blocks": 176, "prediction_tokens": 360272, "loss": {"native": 5.678523958547292, "previous": 5.678523958547292, "sparse": 5.678523958547292, "attention_dense": 5.678523958547292, "no_prefix": 5.678523958547292, "all_dense": 5.678523958547292, "eager_stock": 5.678523958547292}}
{"stage": "quality", "elapsed_seconds": 18.793813094031066, "blocks": 192, "prediction_tokens": 393024, "loss": {"native": 5.665964687827588, "previous": 5.665964687827588, "sparse": 5.665964687827588, "attention_dense": 5.665964687827588, "no_prefix": 5.665964687827588, "all_dense": 5.665964687827588, "eager_stock": 5.665964687827588}}
{"stage": "quality", "elapsed_seconds": 19.853773456066847, "blocks": 208, "prediction_tokens": 425776, "loss": {"native": 5.695464297743268, "previous": 5.695464297743268, "sparse": 5.695464297743268, "attention_dense": 5.695464297743268, "no_prefix": 5.695464297743268, "all_dense": 5.695464297743268, "eager_stock": 5.695464297743268}}
{"stage": "quality", "elapsed_seconds": 20.913403129088692, "blocks": 224, "prediction_tokens": 458528, "loss": {"native": 5.704849540267988, "previous": 5.704849540267988, "sparse": 5.704849540267988, "attention_dense": 5.704849540267988, "no_prefix": 5.704849540267988, "all_dense": 5.704849540267988, "eager_stock": 5.704849540267988}}
{"stage": "quality", "elapsed_seconds": 21.97413836803753, "blocks": 240, "prediction_tokens": 491280, "loss": {"native": 5.691112653107698, "previous": 5.691112653107698, "sparse": 5.691112653107698, "attention_dense": 5.691112653107698, "no_prefix": 5.691112653107698, "all_dense": 5.691112653107698, "eager_stock": 5.691112653107698}}
{"stage": "quality", "elapsed_seconds": 23.03484025702346, "blocks": 256, "prediction_tokens": 524032, "loss": {"native": 5.704893577139612, "previous": 5.704893577139612, "sparse": 5.704893577139612, "attention_dense": 5.704893577139612, "no_prefix": 5.704893577139612, "all_dense": 5.704893577139612, "eager_stock": 5.704893577139612}}
{"stage": "quality", "elapsed_seconds": 24.094925087993033, "blocks": 272, "prediction_tokens": 556784, "loss": {"native": 5.711429362783638, "previous": 5.711429362783638, "sparse": 5.711429362783638, "attention_dense": 5.711429362783638, "no_prefix": 5.711429362783638, "all_dense": 5.711429362783638, "eager_stock": 5.711429362783638}}
{"stage": "quality", "elapsed_seconds": 25.156033816048875, "blocks": 288, "prediction_tokens": 589536, "loss": {"native": 5.690891257793735, "previous": 5.690891257793735, "sparse": 5.690891257793735, "attention_dense": 5.690891257793735, "no_prefix": 5.690891257793735, "all_dense": 5.690891257793735, "eager_stock": 5.690891257793735}}
{"stage": "quality", "elapsed_seconds": 26.21668951504398, "blocks": 304, "prediction_tokens": 622288, "loss": {"native": 5.696712755676933, "previous": 5.696712755676933, "sparse": 5.696712755676933, "attention_dense": 5.696712755676933, "no_prefix": 5.696712755676933, "all_dense": 5.696712755676933, "eager_stock": 5.696712755676933}}
{"stage": "quality", "elapsed_seconds": 27.277454784023575, "blocks": 320, "prediction_tokens": 655040, "loss": {"native": 5.668833615480543, "previous": 5.668833615480543, "sparse": 5.668833615480543, "attention_dense": 5.668833615480543, "no_prefix": 5.668833615480543, "all_dense": 5.668833615480543, "eager_stock": 5.668833615480543}}
{"stage": "quality", "elapsed_seconds": 28.338023043004796, "blocks": 336, "prediction_tokens": 687792, "loss": {"native": 5.659974955551833, "previous": 5.659974955551833, "sparse": 5.659974955551833, "attention_dense": 5.659974955551833, "no_prefix": 5.659974955551833, "all_dense": 5.659974955551833, "eager_stock": 5.659974955551833}}
{"stage": "complete", "elapsed_seconds": 28.481027506059036, "qualified": {"previous": true, "sparse": true, "attention_dense": true, "no_prefix": true, "all_dense": true, "eager_stock": true, "native": true}, "loss": {"native": 5.662304621585284, "previous": 5.662304621585284, "sparse": 5.662304621585284, "attention_dense": 5.662304621585284, "no_prefix": 5.662304621585284, "all_dense": 5.662304621585284, "eager_stock": 5.662304621585284}, "timing": {"attention_dense": {"samples": 224, "median_host_ms": 0.5879279924556613, "paired_geomean_speedup": 1.2277174468522065, "input_tokens_per_second": null}, "no_prefix": {"samples": 224, "median_host_ms": 0.5953480140306056, "paired_geomean_speedup": 1.2126113864701855, "input_tokens_per_second": null}, "sparse": {"samples": 224, "median_host_ms": 0.6176629685796797, "paired_geomean_speedup": 1.168826345930824, "input_tokens_per_second": null}, "native": {"samples": 224, "median_host_ms": 0.722271972335875, "paired_geomean_speedup": 1.0, "input_tokens_per_second": null}, "all_dense": {"samples": 224, "median_host_ms": 0.6061730091460049, "paired_geomean_speedup": 1.1909664344368434, "input_tokens_per_second": null}, "previous": {"samples": 224, "median_host_ms": 0.5200534942559898, "paired_geomean_speedup": 1.3886564472323415, "input_tokens_per_second": null}, "eager_stock": {"samples": 224, "median_host_ms": 3.271963039878756, "paired_geomean_speedup": 0.21853120747604862, "input_tokens_per_second": null}}}
