{"stage": "loading", "elapsed_seconds": 1.418371342937462, "mode": "native"}
Loading weights:   0%|          | 0/76 [00:00<?, ?it/s]Loading weights: 100%|██████████| 76/76 [00:00<00:00, 16348.71it/s]
{"stage": "loading", "elapsed_seconds": 1.8061773260124028, "mode": "k036"}
Loading weights:   0%|          | 0/76 [00:00<?, ?it/s]Loading weights: 100%|██████████| 76/76 [00:00<00:00, 12882.08it/s]
ninja: no work to do.
ninja: no work to do.
ninja: no work to do.
ninja: no work to do.
{"stage": "loading", "elapsed_seconds": 2.685630450025201, "mode": "k038"}
Loading weights:   0%|          | 0/76 [00:00<?, ?it/s]Loading weights: 100%|██████████| 76/76 [00:00<00:00, 14956.46it/s]
ninja: no work to do.
{"stage": "loading", "elapsed_seconds": 3.3158784999977797, "mode": "selected"}
Loading weights:   0%|          | 0/76 [00:00<?, ?it/s]Loading weights: 100%|██████████| 76/76 [00:00<00:00, 9862.54it/s]
ninja: no work to do.
{"stage": "loading", "elapsed_seconds": 3.9430271700257435, "mode": "no_skip"}
Loading weights:   0%|          | 0/76 [00:00<?, ?it/s]Loading weights: 100%|██████████| 76/76 [00:00<00:00, 13422.90it/s]
{"stage": "loading", "elapsed_seconds": 4.8807494739303365, "mode": "attention_dense"}
Loading weights:   0%|          | 0/76 [00:00<?, ?it/s]Loading weights: 100%|██████████| 76/76 [00:00<00:00, 7734.25it/s]
{"stage": "timing", "elapsed_seconds": 5.717247599037364}
{"stage": "validation", "elapsed_seconds": 7.16993732994888}
{"stage": "validation", "elapsed_seconds": 8.336276496993378, "blocks": 16, "prediction_tokens": 32752, "loss": {"native": 4.8226428234583, "native_graph": 4.8226428234583, "k036_graph": 4.8226428234583, "k038_graph": 4.8226428234583, "selected_graph": 4.8226428234583, "no_skip_graph": 4.8226428234583, "attention_dense_graph": 4.8226428234583}}
{"stage": "validation", "elapsed_seconds": 9.382392177009024, "blocks": 32, "prediction_tokens": 65504, "loss": {"native": 4.815816650986963, "native_graph": 4.815816650986963, "k036_graph": 4.815816650986963, "k038_graph": 4.815816650986963, "selected_graph": 4.815816650986963, "no_skip_graph": 4.815816650986963, "attention_dense_graph": 4.815816650986963}}
{"stage": "validation", "elapsed_seconds": 10.433036861941218, "blocks": 48, "prediction_tokens": 98256, "loss": {"native": 5.284550987185261, "native_graph": 5.284550987185261, "k036_graph": 5.284550987185261, "k038_graph": 5.284550987185261, "selected_graph": 5.284550987185261, "no_skip_graph": 5.284550987185261, "attention_dense_graph": 5.284550987185261}}
{"stage": "validation", "elapsed_seconds": 11.479961849981919, "blocks": 64, "prediction_tokens": 131008, "loss": {"native": 5.460645331833266, "native_graph": 5.460645331833266, "k036_graph": 5.460645331833266, "k038_graph": 5.460645331833266, "selected_graph": 5.460645331833266, "no_skip_graph": 5.460645331833266, "attention_dense_graph": 5.460645331833266}}
{"stage": "validation", "elapsed_seconds": 12.526224368950352, "blocks": 80, "prediction_tokens": 163760, "loss": {"native": 5.433339674390114, "native_graph": 5.433339674390114, "k036_graph": 5.433339674390114, "k038_graph": 5.433339674390114, "selected_graph": 5.433339674390114, "no_skip_graph": 5.433339674390114, "attention_dense_graph": 5.433339674390114}}
{"stage": "validation", "elapsed_seconds": 13.574021833948791, "blocks": 96, "prediction_tokens": 196512, "loss": {"native": 5.427263109250326, "native_graph": 5.427263109250326, "k036_graph": 5.427263109250326, "k038_graph": 5.427263109250326, "selected_graph": 5.427263109250326, "no_skip_graph": 5.427263109250326, "attention_dense_graph": 5.427263109250326}}
{"stage": "validation", "elapsed_seconds": 14.621434179018252, "blocks": 112, "prediction_tokens": 229264, "loss": {"native": 5.396765837841419, "native_graph": 5.396765837841419, "k036_graph": 5.396765837841419, "k038_graph": 5.396765837841419, "selected_graph": 5.396765837841419, "no_skip_graph": 5.396765837841419, "attention_dense_graph": 5.396765837841419}}
{"stage": "validation", "elapsed_seconds": 15.670984537922777, "blocks": 128, "prediction_tokens": 262016, "loss": {"native": 5.26103944503568, "native_graph": 5.26103944503568, "k036_graph": 5.26103944503568, "k038_graph": 5.26103944503568, "selected_graph": 5.26103944503568, "no_skip_graph": 5.26103944503568, "attention_dense_graph": 5.26103944503568}}
{"stage": "validation", "elapsed_seconds": 16.72020858793985, "blocks": 144, "prediction_tokens": 294768, "loss": {"native": 5.280452390139767, "native_graph": 5.280452390139767, "k036_graph": 5.280452390139767, "k038_graph": 5.280452390139767, "selected_graph": 5.280452390139767, "no_skip_graph": 5.280452390139767, "attention_dense_graph": 5.280452390139767}}
{"stage": "validation", "elapsed_seconds": 17.77040743501857, "blocks": 160, "prediction_tokens": 327520, "loss": {"native": 5.279367813833411, "native_graph": 5.279367813833411, "k036_graph": 5.279367813833411, "k038_graph": 5.279367813833411, "selected_graph": 5.279367813833411, "no_skip_graph": 5.279367813833411, "attention_dense_graph": 5.279367813833411}}
{"stage": "validation", "elapsed_seconds": 18.820559251937084, "blocks": 176, "prediction_tokens": 360272, "loss": {"native": 5.234690762129464, "native_graph": 5.234690762129464, "k036_graph": 5.234690762129464, "k038_graph": 5.234690762129464, "selected_graph": 5.234690762129464, "no_skip_graph": 5.234690762129464, "attention_dense_graph": 5.234690762129464}}
{"stage": "validation", "elapsed_seconds": 19.869393612956628, "blocks": 192, "prediction_tokens": 393024, "loss": {"native": 5.230112692952991, "native_graph": 5.230112692952991, "k036_graph": 5.230112692952991, "k038_graph": 5.230112692952991, "selected_graph": 5.230112692952991, "no_skip_graph": 5.230112692952991, "attention_dense_graph": 5.230112692952991}}
{"stage": "validation", "elapsed_seconds": 20.91867285198532, "blocks": 208, "prediction_tokens": 425776, "loss": {"native": 5.2619361299739325, "native_graph": 5.2619361299739325, "k036_graph": 5.2619361299739325, "k038_graph": 5.2619361299739325, "selected_graph": 5.2619361299739325, "no_skip_graph": 5.2619361299739325, "attention_dense_graph": 5.2619361299739325}}
{"stage": "validation", "elapsed_seconds": 21.96627247799188, "blocks": 224, "prediction_tokens": 458528, "loss": {"native": 5.27099022088925, "native_graph": 5.27099022088925, "k036_graph": 5.27099022088925, "k038_graph": 5.27099022088925, "selected_graph": 5.27099022088925, "no_skip_graph": 5.27099022088925, "attention_dense_graph": 5.27099022088925}}
{"stage": "validation", "elapsed_seconds": 23.01575216697529, "blocks": 240, "prediction_tokens": 491280, "loss": {"native": 5.25440719348564, "native_graph": 5.25440719348564, "k036_graph": 5.25440719348564, "k038_graph": 5.25440719348564, "selected_graph": 5.25440719348564, "no_skip_graph": 5.25440719348564, "attention_dense_graph": 5.25440719348564}}
{"stage": "validation", "elapsed_seconds": 24.065553004969843, "blocks": 256, "prediction_tokens": 524032, "loss": {"native": 5.2669109424615295, "native_graph": 5.2669109424615295, "k036_graph": 5.2669109424615295, "k038_graph": 5.2669109424615295, "selected_graph": 5.2669109424615295, "no_skip_graph": 5.2669109424615295, "attention_dense_graph": 5.2669109424615295}}
{"stage": "validation", "elapsed_seconds": 25.113316708942875, "blocks": 272, "prediction_tokens": 556784, "loss": {"native": 5.272723417261003, "native_graph": 5.272723417261003, "k036_graph": 5.272723417261003, "k038_graph": 5.272723417261003, "selected_graph": 5.272723417261003, "no_skip_graph": 5.272723417261003, "attention_dense_graph": 5.272723417261003}}
{"stage": "validation", "elapsed_seconds": 26.160528965992853, "blocks": 288, "prediction_tokens": 589536, "loss": {"native": 5.249613749633451, "native_graph": 5.249613749633451, "k036_graph": 5.249613749633451, "k038_graph": 5.249613749633451, "selected_graph": 5.249613749633451, "no_skip_graph": 5.249613749633451, "attention_dense_graph": 5.249613749633451}}
{"stage": "validation", "elapsed_seconds": 27.20851558994036, "blocks": 304, "prediction_tokens": 622288, "loss": {"native": 5.252715719205025, "native_graph": 5.252715719205025, "k036_graph": 5.252715719205025, "k038_graph": 5.252715719205025, "selected_graph": 5.252715719205025, "no_skip_graph": 5.252715719205025, "attention_dense_graph": 5.252715719205025}}
{"stage": "validation", "elapsed_seconds": 28.25684313196689, "blocks": 320, "prediction_tokens": 655040, "loss": {"native": 5.221953564500832, "native_graph": 5.221953564500832, "k036_graph": 5.221953564500832, "k038_graph": 5.221953564500832, "selected_graph": 5.221953564500832, "no_skip_graph": 5.221953564500832, "attention_dense_graph": 5.221953564500832}}
{"stage": "validation", "elapsed_seconds": 29.304394347942434, "blocks": 336, "prediction_tokens": 687792, "loss": {"native": 5.207537307080802, "native_graph": 5.207537307080802, "k036_graph": 5.207537307080802, "k038_graph": 5.207537307080802, "selected_graph": 5.207537307080802, "no_skip_graph": 5.207537307080802, "attention_dense_graph": 5.207537307080802}}
{"stage": "complete", "elapsed_seconds": 29.4475064399885, "qualified": {"native_graph": true, "k036_graph": true, "k038_graph": true, "selected_graph": true, "no_skip_graph": true, "attention_dense_graph": true, "native": true}, "loss": {"native": 5.209999415744384, "native_graph": 5.209999415744384, "k036_graph": 5.209999415744384, "k038_graph": 5.209999415744384, "selected_graph": 5.209999415744384, "no_skip_graph": 5.209999415744384, "attention_dense_graph": 5.209999415744384}, "timing": {"k038_graph": {"samples": 224, "median_host_ms": 0.6513929693028331, "paired_geomean_speedup": 0.9892706754847568, "input_tokens_per_second": null}, "selected_graph": {"samples": 224, "median_host_ms": 0.6501780007965863, "paired_geomean_speedup": 0.9922675278512304, "input_tokens_per_second": null}, "k036_graph": {"samples": 224, "median_host_ms": 0.5888679879717529, "paired_geomean_speedup": 1.0928271183149265, "input_tokens_per_second": null}, "native": {"samples": 224, "median_host_ms": 2.3811875144019723, "paired_geomean_speedup": 0.2675226445169862, "input_tokens_per_second": null}, "no_skip_graph": {"samples": 224, "median_host_ms": 0.6267279968596995, "paired_geomean_speedup": 1.0286463319013783, "input_tokens_per_second": null}, "native_graph": {"samples": 224, "median_host_ms": 0.6436429684981704, "paired_geomean_speedup": 1.0, "input_tokens_per_second": null}, "attention_dense_graph": {"samples": 224, "median_host_ms": 0.6492329994216561, "paired_geomean_speedup": 0.9922545483996525, "input_tokens_per_second": null}}}
