{"stage": "loading", "elapsed_seconds": 1.3647428979165852, "mode": "native"}
Loading weights:   0%|          | 0/76 [00:00<?, ?it/s]Loading weights: 100%|██████████| 76/76 [00:00<00:00, 13343.68it/s]
{"stage": "loading", "elapsed_seconds": 1.803343053907156, "mode": "k036"}
Loading weights:   0%|          | 0/76 [00:00<?, ?it/s]Loading weights: 100%|██████████| 76/76 [00:00<00:00, 10015.62it/s]
ninja: no work to do.
ninja: no work to do.
ninja: no work to do.
ninja: no work to do.
{"stage": "loading", "elapsed_seconds": 2.6043728159274906, "mode": "k038"}
Loading weights:   0%|          | 0/76 [00:00<?, ?it/s]Loading weights: 100%|██████████| 76/76 [00:00<00:00, 10727.48it/s]
ninja: no work to do.
{"stage": "loading", "elapsed_seconds": 3.2315235550049692, "mode": "selected"}
Loading weights:   0%|          | 0/76 [00:00<?, ?it/s]Loading weights: 100%|██████████| 76/76 [00:00<00:00, 11816.25it/s]
ninja: no work to do.
{"stage": "loading", "elapsed_seconds": 3.920148523990065, "mode": "no_skip"}
Loading weights:   0%|          | 0/76 [00:00<?, ?it/s]Loading weights: 100%|██████████| 76/76 [00:00<00:00, 14420.59it/s]
{"stage": "loading", "elapsed_seconds": 4.683632378000766, "mode": "attention_dense"}
Loading weights:   0%|          | 0/76 [00:00<?, ?it/s]Loading weights: 100%|██████████| 76/76 [00:00<00:00, 7588.25it/s]
{"stage": "timing", "elapsed_seconds": 5.547108144965023}
{"stage": "validation", "elapsed_seconds": 7.302114477963187}
{"stage": "validation", "elapsed_seconds": 8.468980122939683, "blocks": 16, "prediction_tokens": 32752, "loss": {"native": 5.433529643704965, "native_graph": 5.433529643704965, "k036_graph": 5.433529643704965, "k038_graph": 5.433529643704965, "selected_graph": 5.433529643704965, "no_skip_graph": 5.433529643704965, "attention_dense_graph": 5.433529643704965}}
{"stage": "validation", "elapsed_seconds": 9.537495809956454, "blocks": 32, "prediction_tokens": 65504, "loss": {"native": 5.4627757032848185, "native_graph": 5.4627757032848185, "k036_graph": 5.4627757032848185, "k038_graph": 5.4627757032848185, "selected_graph": 5.4627757032848185, "no_skip_graph": 5.4627757032848185, "attention_dense_graph": 5.4627757032848185}}
{"stage": "validation", "elapsed_seconds": 10.60720459301956, "blocks": 48, "prediction_tokens": 98256, "loss": {"native": 5.8373225488058615, "native_graph": 5.8373225488058615, "k036_graph": 5.8373225488058615, "k038_graph": 5.8373225488058615, "selected_graph": 5.8373225488058615, "no_skip_graph": 5.8373225488058615, "attention_dense_graph": 5.8373225488058615}}
{"stage": "validation", "elapsed_seconds": 11.682513766922057, "blocks": 64, "prediction_tokens": 131008, "loss": {"native": 5.963783443061445, "native_graph": 5.963783443061445, "k036_graph": 5.963783443061445, "k038_graph": 5.963783443061445, "selected_graph": 5.963783443061445, "no_skip_graph": 5.963783443061445, "attention_dense_graph": 5.963783443061445}}
{"stage": "validation", "elapsed_seconds": 12.75256148900371, "blocks": 80, "prediction_tokens": 163760, "loss": {"native": 5.932614924398701, "native_graph": 5.932614924398701, "k036_graph": 5.932614924398701, "k038_graph": 5.932614924398701, "selected_graph": 5.932614924398701, "no_skip_graph": 5.932614924398701, "attention_dense_graph": 5.932614924398701}}
{"stage": "validation", "elapsed_seconds": 13.82982257695403, "blocks": 96, "prediction_tokens": 196512, "loss": {"native": 5.941523398042327, "native_graph": 5.941523398042327, "k036_graph": 5.941523398042327, "k038_graph": 5.941523398042327, "selected_graph": 5.941523398042327, "no_skip_graph": 5.941523398042327, "attention_dense_graph": 5.941523398042327}}
{"stage": "validation", "elapsed_seconds": 14.907801243010908, "blocks": 112, "prediction_tokens": 229264, "loss": {"native": 5.928813884542628, "native_graph": 5.928813884542628, "k036_graph": 5.928813884542628, "k038_graph": 5.928813884542628, "selected_graph": 5.928813884542628, "no_skip_graph": 5.928813884542628, "attention_dense_graph": 5.928813884542628}}
{"stage": "validation", "elapsed_seconds": 15.978468532906845, "blocks": 128, "prediction_tokens": 262016, "loss": {"native": 5.831156502832246, "native_graph": 5.831156502832246, "k036_graph": 5.831156502832246, "k038_graph": 5.831156502832246, "selected_graph": 5.831156502832246, "no_skip_graph": 5.831156502832246, "attention_dense_graph": 5.831156502832246}}
{"stage": "validation", "elapsed_seconds": 17.052034402964637, "blocks": 144, "prediction_tokens": 294768, "loss": {"native": 5.849604330977561, "native_graph": 5.849604330977561, "k036_graph": 5.849604330977561, "k038_graph": 5.849604330977561, "selected_graph": 5.849604330977561, "no_skip_graph": 5.849604330977561, "attention_dense_graph": 5.849604330977561}}
{"stage": "validation", "elapsed_seconds": 18.129727079998702, "blocks": 160, "prediction_tokens": 327520, "loss": {"native": 5.855593878033689, "native_graph": 5.855593878033689, "k036_graph": 5.855593878033689, "k038_graph": 5.855593878033689, "selected_graph": 5.855593878033689, "no_skip_graph": 5.855593878033689, "attention_dense_graph": 5.855593878033689}}
{"stage": "validation", "elapsed_seconds": 19.210338716977276, "blocks": 176, "prediction_tokens": 360272, "loss": {"native": 5.82820932078532, "native_graph": 5.82820932078532, "k036_graph": 5.82820932078532, "k038_graph": 5.82820932078532, "selected_graph": 5.82820932078532, "no_skip_graph": 5.82820932078532, "attention_dense_graph": 5.82820932078532}}
{"stage": "validation", "elapsed_seconds": 20.292480868985876, "blocks": 192, "prediction_tokens": 393024, "loss": {"native": 5.827277839038217, "native_graph": 5.827277839038217, "k036_graph": 5.827277839038217, "k038_graph": 5.827277839038217, "selected_graph": 5.827277839038217, "no_skip_graph": 5.827277839038217, "attention_dense_graph": 5.827277839038217}}
{"stage": "validation", "elapsed_seconds": 21.368166532018222, "blocks": 208, "prediction_tokens": 425776, "loss": {"native": 5.853064829303951, "native_graph": 5.853064829303951, "k036_graph": 5.853064829303951, "k038_graph": 5.853064829303951, "selected_graph": 5.853064829303951, "no_skip_graph": 5.853064829303951, "attention_dense_graph": 5.853064829303951}}
{"stage": "validation", "elapsed_seconds": 22.43947619991377, "blocks": 224, "prediction_tokens": 458528, "loss": {"native": 5.860974186903867, "native_graph": 5.860974186903867, "k036_graph": 5.860974186903867, "k038_graph": 5.860974186903867, "selected_graph": 5.860974186903867, "no_skip_graph": 5.860974186903867, "attention_dense_graph": 5.860974186903867}}
{"stage": "validation", "elapsed_seconds": 23.518842231016606, "blocks": 240, "prediction_tokens": 491280, "loss": {"native": 5.845817573123715, "native_graph": 5.845817573123715, "k036_graph": 5.845817573123715, "k038_graph": 5.845817573123715, "selected_graph": 5.845817573123715, "no_skip_graph": 5.845817573123715, "attention_dense_graph": 5.845817573123715}}
{"stage": "validation", "elapsed_seconds": 24.587967645958997, "blocks": 256, "prediction_tokens": 524032, "loss": {"native": 5.860577907105685, "native_graph": 5.860577907105685, "k036_graph": 5.860577907105685, "k038_graph": 5.860577907105685, "selected_graph": 5.860577907105685, "no_skip_graph": 5.860577907105685, "attention_dense_graph": 5.860577907105685}}
{"stage": "validation", "elapsed_seconds": 25.65712836093735, "blocks": 272, "prediction_tokens": 556784, "loss": {"native": 5.871153765243513, "native_graph": 5.871153765243513, "k036_graph": 5.871153765243513, "k038_graph": 5.871153765243513, "selected_graph": 5.871153765243513, "no_skip_graph": 5.871153765243513, "attention_dense_graph": 5.871153765243513}}
{"stage": "validation", "elapsed_seconds": 26.72603594593238, "blocks": 288, "prediction_tokens": 589536, "loss": {"native": 5.85495766628994, "native_graph": 5.85495766628994, "k036_graph": 5.85495766628994, "k038_graph": 5.85495766628994, "selected_graph": 5.85495766628994, "no_skip_graph": 5.85495766628994, "attention_dense_graph": 5.85495766628994}}
{"stage": "validation", "elapsed_seconds": 27.79439456399996, "blocks": 304, "prediction_tokens": 622288, "loss": {"native": 5.859802871463605, "native_graph": 5.859802871463605, "k036_graph": 5.859802871463605, "k038_graph": 5.859802871463605, "selected_graph": 5.859802871463605, "no_skip_graph": 5.859802871463605, "attention_dense_graph": 5.859802871463605}}
{"stage": "validation", "elapsed_seconds": 28.863173629972152, "blocks": 320, "prediction_tokens": 655040, "loss": {"native": 5.835200507197079, "native_graph": 5.835200507197079, "k036_graph": 5.835200507197079, "k038_graph": 5.835200507197079, "selected_graph": 5.835200507197079, "no_skip_graph": 5.835200507197079, "attention_dense_graph": 5.835200507197079}}
{"stage": "validation", "elapsed_seconds": 29.931500986916944, "blocks": 336, "prediction_tokens": 687792, "loss": {"native": 5.828935494539274, "native_graph": 5.828935494539274, "k036_graph": 5.828935494539274, "k038_graph": 5.828935494539274, "selected_graph": 5.828935494539274, "no_skip_graph": 5.828935494539274, "attention_dense_graph": 5.828935494539274}}
{"stage": "complete", "elapsed_seconds": 30.075917894952, "qualified": {"native_graph": true, "k036_graph": true, "k038_graph": true, "selected_graph": true, "no_skip_graph": true, "attention_dense_graph": true, "native": true}, "loss": {"native": 5.83130066301001, "native_graph": 5.83130066301001, "k036_graph": 5.83130066301001, "k038_graph": 5.83130066301001, "selected_graph": 5.83130066301001, "no_skip_graph": 5.83130066301001, "attention_dense_graph": 5.83130066301001}, "timing": {"k038_graph": {"samples": 224, "median_host_ms": 0.5733129801228642, "paired_geomean_speedup": 1.432661919182904, "input_tokens_per_second": null}, "selected_graph": {"samples": 224, "median_host_ms": 0.5792230367660522, "paired_geomean_speedup": 1.4174480328413177, "input_tokens_per_second": null}, "k036_graph": {"samples": 224, "median_host_ms": 0.5933329812251031, "paired_geomean_speedup": 1.3834707556872856, "input_tokens_per_second": null}, "native": {"samples": 224, "median_host_ms": 3.7327580503188074, "paired_geomean_speedup": 0.21833334076585295, "input_tokens_per_second": null}, "no_skip_graph": {"samples": 224, "median_host_ms": 0.6639924831688404, "paired_geomean_speedup": 1.2365478391408937, "input_tokens_per_second": null}, "native_graph": {"samples": 224, "median_host_ms": 0.8210774976760149, "paired_geomean_speedup": 1.0, "input_tokens_per_second": null}, "attention_dense_graph": {"samples": 224, "median_host_ms": 0.5748734693042934, "paired_geomean_speedup": 1.4283238190187981, "input_tokens_per_second": null}}}
