{"stage": "loading", "elapsed_seconds": 1.4687498579733074, "mode": "native"}
Loading weights:   0%|          | 0/76 [00:00<?, ?it/s]Loading weights: 100%|██████████| 76/76 [00:00<00:00, 10302.42it/s]
{"stage": "loading", "elapsed_seconds": 1.8812082400545478, "mode": "k036"}
Loading weights:   0%|          | 0/76 [00:00<?, ?it/s]Loading weights: 100%|██████████| 76/76 [00:00<00:00, 11288.59it/s]
ninja: no work to do.
ninja: no work to do.
ninja: no work to do.
ninja: no work to do.
{"stage": "loading", "elapsed_seconds": 2.999900422990322, "mode": "selected"}
Loading weights:   0%|          | 0/76 [00:00<?, ?it/s]Loading weights: 100%|██████████| 76/76 [00:00<00:00, 7388.45it/s]
ninja: no work to do.
{"stage": "loading", "elapsed_seconds": 4.036876333062537, "mode": "no_skip"}
Loading weights:   0%|          | 0/76 [00:00<?, ?it/s]Loading weights: 100%|██████████| 76/76 [00:00<00:00, 11625.35it/s]
{"stage": "loading", "elapsed_seconds": 4.34059952001553, "mode": "attention_dense"}
Loading weights:   0%|          | 0/76 [00:00<?, ?it/s]Loading weights: 100%|██████████| 76/76 [00:00<00:00, 12216.58it/s]
{"stage": "timing", "elapsed_seconds": 4.84021263604518}
{"stage": "validation", "elapsed_seconds": 6.091388585977256}
{"stage": "validation", "elapsed_seconds": 7.079808513983153, "blocks": 16, "prediction_tokens": 32752, "loss": {"native": 4.8226428234583, "native_graph": 4.8226428234583, "k036_graph": 4.8226428234583, "selected_graph": 4.8226428234583, "no_skip_graph": 4.8226428234583, "attention_dense_graph": 4.8226428234583}}
{"stage": "validation", "elapsed_seconds": 7.957494435016997, "blocks": 32, "prediction_tokens": 65504, "loss": {"native": 4.815816650986963, "native_graph": 4.815816650986963, "k036_graph": 4.815816650986963, "selected_graph": 4.815816650986963, "no_skip_graph": 4.815816650986963, "attention_dense_graph": 4.815816650986963}}
{"stage": "validation", "elapsed_seconds": 8.835039025987498, "blocks": 48, "prediction_tokens": 98256, "loss": {"native": 5.284550987185261, "native_graph": 5.284550987185261, "k036_graph": 5.284550987185261, "selected_graph": 5.284550987185261, "no_skip_graph": 5.284550987185261, "attention_dense_graph": 5.284550987185261}}
{"stage": "validation", "elapsed_seconds": 9.712294867960736, "blocks": 64, "prediction_tokens": 131008, "loss": {"native": 5.460645331833266, "native_graph": 5.460645331833266, "k036_graph": 5.460645331833266, "selected_graph": 5.460645331833266, "no_skip_graph": 5.460645331833266, "attention_dense_graph": 5.460645331833266}}
{"stage": "validation", "elapsed_seconds": 10.590864505968057, "blocks": 80, "prediction_tokens": 163760, "loss": {"native": 5.433339674390114, "native_graph": 5.433339674390114, "k036_graph": 5.433339674390114, "selected_graph": 5.433339674390114, "no_skip_graph": 5.433339674390114, "attention_dense_graph": 5.433339674390114}}
{"stage": "validation", "elapsed_seconds": 11.468427277053706, "blocks": 96, "prediction_tokens": 196512, "loss": {"native": 5.427263109250326, "native_graph": 5.427263109250326, "k036_graph": 5.427263109250326, "selected_graph": 5.427263109250326, "no_skip_graph": 5.427263109250326, "attention_dense_graph": 5.427263109250326}}
{"stage": "validation", "elapsed_seconds": 12.34865522896871, "blocks": 112, "prediction_tokens": 229264, "loss": {"native": 5.396765837841419, "native_graph": 5.396765837841419, "k036_graph": 5.396765837841419, "selected_graph": 5.396765837841419, "no_skip_graph": 5.396765837841419, "attention_dense_graph": 5.396765837841419}}
{"stage": "validation", "elapsed_seconds": 13.227023637969978, "blocks": 128, "prediction_tokens": 262016, "loss": {"native": 5.26103944503568, "native_graph": 5.26103944503568, "k036_graph": 5.26103944503568, "selected_graph": 5.26103944503568, "no_skip_graph": 5.26103944503568, "attention_dense_graph": 5.26103944503568}}
{"stage": "validation", "elapsed_seconds": 14.10585331497714, "blocks": 144, "prediction_tokens": 294768, "loss": {"native": 5.280452390139767, "native_graph": 5.280452390139767, "k036_graph": 5.280452390139767, "selected_graph": 5.280452390139767, "no_skip_graph": 5.280452390139767, "attention_dense_graph": 5.280452390139767}}
{"stage": "validation", "elapsed_seconds": 14.98310162697453, "blocks": 160, "prediction_tokens": 327520, "loss": {"native": 5.279367813833411, "native_graph": 5.279367813833411, "k036_graph": 5.279367813833411, "selected_graph": 5.279367813833411, "no_skip_graph": 5.279367813833411, "attention_dense_graph": 5.279367813833411}}
{"stage": "validation", "elapsed_seconds": 15.86012348998338, "blocks": 176, "prediction_tokens": 360272, "loss": {"native": 5.234690762129464, "native_graph": 5.234690762129464, "k036_graph": 5.234690762129464, "selected_graph": 5.234690762129464, "no_skip_graph": 5.234690762129464, "attention_dense_graph": 5.234690762129464}}
{"stage": "validation", "elapsed_seconds": 16.73798778001219, "blocks": 192, "prediction_tokens": 393024, "loss": {"native": 5.230112692952991, "native_graph": 5.230112692952991, "k036_graph": 5.230112692952991, "selected_graph": 5.230112692952991, "no_skip_graph": 5.230112692952991, "attention_dense_graph": 5.230112692952991}}
{"stage": "validation", "elapsed_seconds": 17.615844269981608, "blocks": 208, "prediction_tokens": 425776, "loss": {"native": 5.2619361299739325, "native_graph": 5.2619361299739325, "k036_graph": 5.2619361299739325, "selected_graph": 5.2619361299739325, "no_skip_graph": 5.2619361299739325, "attention_dense_graph": 5.2619361299739325}}
{"stage": "validation", "elapsed_seconds": 18.49740846804343, "blocks": 224, "prediction_tokens": 458528, "loss": {"native": 5.27099022088925, "native_graph": 5.27099022088925, "k036_graph": 5.27099022088925, "selected_graph": 5.27099022088925, "no_skip_graph": 5.27099022088925, "attention_dense_graph": 5.27099022088925}}
{"stage": "validation", "elapsed_seconds": 19.382557473960333, "blocks": 240, "prediction_tokens": 491280, "loss": {"native": 5.25440719348564, "native_graph": 5.25440719348564, "k036_graph": 5.25440719348564, "selected_graph": 5.25440719348564, "no_skip_graph": 5.25440719348564, "attention_dense_graph": 5.25440719348564}}
{"stage": "validation", "elapsed_seconds": 20.261088161962107, "blocks": 256, "prediction_tokens": 524032, "loss": {"native": 5.2669109424615295, "native_graph": 5.2669109424615295, "k036_graph": 5.2669109424615295, "selected_graph": 5.2669109424615295, "no_skip_graph": 5.2669109424615295, "attention_dense_graph": 5.2669109424615295}}
{"stage": "validation", "elapsed_seconds": 21.138179795001633, "blocks": 272, "prediction_tokens": 556784, "loss": {"native": 5.272723417261003, "native_graph": 5.272723417261003, "k036_graph": 5.272723417261003, "selected_graph": 5.272723417261003, "no_skip_graph": 5.272723417261003, "attention_dense_graph": 5.272723417261003}}
{"stage": "validation", "elapsed_seconds": 22.015539656043984, "blocks": 288, "prediction_tokens": 589536, "loss": {"native": 5.249613749633451, "native_graph": 5.249613749633451, "k036_graph": 5.249613749633451, "selected_graph": 5.249613749633451, "no_skip_graph": 5.249613749633451, "attention_dense_graph": 5.249613749633451}}
{"stage": "validation", "elapsed_seconds": 22.893469886039384, "blocks": 304, "prediction_tokens": 622288, "loss": {"native": 5.252715719205025, "native_graph": 5.252715719205025, "k036_graph": 5.252715719205025, "selected_graph": 5.252715719205025, "no_skip_graph": 5.252715719205025, "attention_dense_graph": 5.252715719205025}}
{"stage": "validation", "elapsed_seconds": 23.77141086605843, "blocks": 320, "prediction_tokens": 655040, "loss": {"native": 5.221953564500832, "native_graph": 5.221953564500832, "k036_graph": 5.221953564500832, "selected_graph": 5.221953564500832, "no_skip_graph": 5.221953564500832, "attention_dense_graph": 5.221953564500832}}
{"stage": "validation", "elapsed_seconds": 24.64887535700109, "blocks": 336, "prediction_tokens": 687792, "loss": {"native": 5.207537307080802, "native_graph": 5.207537307080802, "k036_graph": 5.207537307080802, "selected_graph": 5.207537307080802, "no_skip_graph": 5.207537307080802, "attention_dense_graph": 5.207537307080802}}
{"stage": "complete", "elapsed_seconds": 24.767759968992323, "qualified": {"native_graph": true, "k036_graph": true, "selected_graph": true, "no_skip_graph": true, "attention_dense_graph": true, "native": true}, "loss": {"native": 5.209999415744384, "native_graph": 5.209999415744384, "k036_graph": 5.209999415744384, "selected_graph": 5.209999415744384, "no_skip_graph": 5.209999415744384, "attention_dense_graph": 5.209999415744384}, "timing": {"selected_graph": {"samples": 224, "median_host_ms": 0.6002279696986079, "paired_geomean_speedup": 1.0728618984610903, "input_tokens_per_second": null}, "no_skip_graph": {"samples": 224, "median_host_ms": 0.5662484909407794, "paired_geomean_speedup": 1.1371381439082384, "input_tokens_per_second": null}, "k036_graph": {"samples": 224, "median_host_ms": 0.5890034954063594, "paired_geomean_speedup": 1.0929378259828866, "input_tokens_per_second": null}, "native": {"samples": 224, "median_host_ms": 2.3436620249412954, "paired_geomean_speedup": 0.27169007528516226, "input_tokens_per_second": null}, "attention_dense_graph": {"samples": 224, "median_host_ms": 0.5814880132675171, "paired_geomean_speedup": 1.1073289680155183, "input_tokens_per_second": null}, "native_graph": {"samples": 224, "median_host_ms": 0.643762992694974, "paired_geomean_speedup": 1.0, "input_tokens_per_second": null}}}
