{"stage": "loading", "elapsed_seconds": 1.310131941922009, "mode": "native"}
Loading weights:   0%|          | 0/76 [00:00<?, ?it/s]Loading weights: 100%|██████████| 76/76 [00:00<00:00, 10887.23it/s]
{"stage": "loading", "elapsed_seconds": 1.7548954079393297, "mode": "k036"}
Loading weights:   0%|          | 0/76 [00:00<?, ?it/s]Loading weights: 100%|██████████| 76/76 [00:00<00:00, 10340.18it/s]
ninja: no work to do.
ninja: no work to do.
ninja: no work to do.
ninja: no work to do.
{"stage": "loading", "elapsed_seconds": 2.5478757409146056, "mode": "selected"}
Loading weights:   0%|          | 0/76 [00:00<?, ?it/s]Loading weights: 100%|██████████| 76/76 [00:00<00:00, 10282.15it/s]
ninja: no work to do.
ninja: no work to do.
{"stage": "loading", "elapsed_seconds": 2.9508495539193973, "mode": "no_skip"}
Loading weights:   0%|          | 0/76 [00:00<?, ?it/s]Loading weights: 100%|██████████| 76/76 [00:00<00:00, 9268.10it/s]
{"stage": "loading", "elapsed_seconds": 2.994757649023086, "mode": "attention_dense"}
Loading weights:   0%|          | 0/76 [00:00<?, ?it/s]Loading weights: 100%|██████████| 76/76 [00:00<00:00, 11748.75it/s]
{"stage": "timing", "elapsed_seconds": 3.292938253027387}
{"stage": "validation", "elapsed_seconds": 4.990336774964817}
{"stage": "validation", "elapsed_seconds": 6.009437058004551, "blocks": 16, "prediction_tokens": 32752, "loss": {"native": 5.433529643704965, "native_graph": 5.433529643704965, "k036_graph": 5.433529643704965, "selected_graph": 5.433529643704965, "no_skip_graph": 5.433529643704965, "attention_dense_graph": 5.433529643704965}}
{"stage": "validation", "elapsed_seconds": 6.921938197920099, "blocks": 32, "prediction_tokens": 65504, "loss": {"native": 5.4627757032848185, "native_graph": 5.4627757032848185, "k036_graph": 5.4627757032848185, "selected_graph": 5.4627757032848185, "no_skip_graph": 5.4627757032848185, "attention_dense_graph": 5.4627757032848185}}
{"stage": "validation", "elapsed_seconds": 7.838819751981646, "blocks": 48, "prediction_tokens": 98256, "loss": {"native": 5.8373225488058615, "native_graph": 5.8373225488058615, "k036_graph": 5.8373225488058615, "selected_graph": 5.8373225488058615, "no_skip_graph": 5.8373225488058615, "attention_dense_graph": 5.8373225488058615}}
{"stage": "validation", "elapsed_seconds": 8.752246308955364, "blocks": 64, "prediction_tokens": 131008, "loss": {"native": 5.963783443061445, "native_graph": 5.963783443061445, "k036_graph": 5.963783443061445, "selected_graph": 5.963783443061445, "no_skip_graph": 5.963783443061445, "attention_dense_graph": 5.963783443061445}}
{"stage": "validation", "elapsed_seconds": 9.663674862938933, "blocks": 80, "prediction_tokens": 163760, "loss": {"native": 5.932614924398701, "native_graph": 5.932614924398701, "k036_graph": 5.932614924398701, "selected_graph": 5.932614924398701, "no_skip_graph": 5.932614924398701, "attention_dense_graph": 5.932614924398701}}
{"stage": "validation", "elapsed_seconds": 10.574721707962453, "blocks": 96, "prediction_tokens": 196512, "loss": {"native": 5.941523398042327, "native_graph": 5.941523398042327, "k036_graph": 5.941523398042327, "selected_graph": 5.941523398042327, "no_skip_graph": 5.941523398042327, "attention_dense_graph": 5.941523398042327}}
{"stage": "validation", "elapsed_seconds": 11.48579217295628, "blocks": 112, "prediction_tokens": 229264, "loss": {"native": 5.928813884542628, "native_graph": 5.928813884542628, "k036_graph": 5.928813884542628, "selected_graph": 5.928813884542628, "no_skip_graph": 5.928813884542628, "attention_dense_graph": 5.928813884542628}}
{"stage": "validation", "elapsed_seconds": 12.396637488971464, "blocks": 128, "prediction_tokens": 262016, "loss": {"native": 5.831156502832246, "native_graph": 5.831156502832246, "k036_graph": 5.831156502832246, "selected_graph": 5.831156502832246, "no_skip_graph": 5.831156502832246, "attention_dense_graph": 5.831156502832246}}
{"stage": "validation", "elapsed_seconds": 13.3081596220145, "blocks": 144, "prediction_tokens": 294768, "loss": {"native": 5.849604330977561, "native_graph": 5.849604330977561, "k036_graph": 5.849604330977561, "selected_graph": 5.849604330977561, "no_skip_graph": 5.849604330977561, "attention_dense_graph": 5.849604330977561}}
{"stage": "validation", "elapsed_seconds": 14.220224304008298, "blocks": 160, "prediction_tokens": 327520, "loss": {"native": 5.855593878033689, "native_graph": 5.855593878033689, "k036_graph": 5.855593878033689, "selected_graph": 5.855593878033689, "no_skip_graph": 5.855593878033689, "attention_dense_graph": 5.855593878033689}}
{"stage": "validation", "elapsed_seconds": 15.131282378919423, "blocks": 176, "prediction_tokens": 360272, "loss": {"native": 5.82820932078532, "native_graph": 5.82820932078532, "k036_graph": 5.82820932078532, "selected_graph": 5.82820932078532, "no_skip_graph": 5.82820932078532, "attention_dense_graph": 5.82820932078532}}
{"stage": "validation", "elapsed_seconds": 16.04258980299346, "blocks": 192, "prediction_tokens": 393024, "loss": {"native": 5.827277839038217, "native_graph": 5.827277839038217, "k036_graph": 5.827277839038217, "selected_graph": 5.827277839038217, "no_skip_graph": 5.827277839038217, "attention_dense_graph": 5.827277839038217}}
{"stage": "validation", "elapsed_seconds": 16.954478324973024, "blocks": 208, "prediction_tokens": 425776, "loss": {"native": 5.853064829303951, "native_graph": 5.853064829303951, "k036_graph": 5.853064829303951, "selected_graph": 5.853064829303951, "no_skip_graph": 5.853064829303951, "attention_dense_graph": 5.853064829303951}}
{"stage": "validation", "elapsed_seconds": 17.865877558942884, "blocks": 224, "prediction_tokens": 458528, "loss": {"native": 5.860974186903867, "native_graph": 5.860974186903867, "k036_graph": 5.860974186903867, "selected_graph": 5.860974186903867, "no_skip_graph": 5.860974186903867, "attention_dense_graph": 5.860974186903867}}
{"stage": "validation", "elapsed_seconds": 18.776677164947614, "blocks": 240, "prediction_tokens": 491280, "loss": {"native": 5.845817573123715, "native_graph": 5.845817573123715, "k036_graph": 5.845817573123715, "selected_graph": 5.845817573123715, "no_skip_graph": 5.845817573123715, "attention_dense_graph": 5.845817573123715}}
{"stage": "validation", "elapsed_seconds": 19.6864968650043, "blocks": 256, "prediction_tokens": 524032, "loss": {"native": 5.860577907105685, "native_graph": 5.860577907105685, "k036_graph": 5.860577907105685, "selected_graph": 5.860577907105685, "no_skip_graph": 5.860577907105685, "attention_dense_graph": 5.860577907105685}}
{"stage": "validation", "elapsed_seconds": 20.598404287011363, "blocks": 272, "prediction_tokens": 556784, "loss": {"native": 5.871153765243513, "native_graph": 5.871153765243513, "k036_graph": 5.871153765243513, "selected_graph": 5.871153765243513, "no_skip_graph": 5.871153765243513, "attention_dense_graph": 5.871153765243513}}
{"stage": "validation", "elapsed_seconds": 21.509670121013187, "blocks": 288, "prediction_tokens": 589536, "loss": {"native": 5.85495766628994, "native_graph": 5.85495766628994, "k036_graph": 5.85495766628994, "selected_graph": 5.85495766628994, "no_skip_graph": 5.85495766628994, "attention_dense_graph": 5.85495766628994}}
{"stage": "validation", "elapsed_seconds": 22.42294497799594, "blocks": 304, "prediction_tokens": 622288, "loss": {"native": 5.859802871463605, "native_graph": 5.859802871463605, "k036_graph": 5.859802871463605, "selected_graph": 5.859802871463605, "no_skip_graph": 5.859802871463605, "attention_dense_graph": 5.859802871463605}}
{"stage": "validation", "elapsed_seconds": 23.335788176977076, "blocks": 320, "prediction_tokens": 655040, "loss": {"native": 5.835200507197079, "native_graph": 5.835200507197079, "k036_graph": 5.835200507197079, "selected_graph": 5.835200507197079, "no_skip_graph": 5.835200507197079, "attention_dense_graph": 5.835200507197079}}
{"stage": "validation", "elapsed_seconds": 24.246536753023975, "blocks": 336, "prediction_tokens": 687792, "loss": {"native": 5.828935494539274, "native_graph": 5.828935494539274, "k036_graph": 5.828935494539274, "selected_graph": 5.828935494539274, "no_skip_graph": 5.828935494539274, "attention_dense_graph": 5.828935494539274}}
{"stage": "complete", "elapsed_seconds": 24.3769736510003, "qualified": {"native_graph": true, "k036_graph": true, "selected_graph": true, "no_skip_graph": true, "attention_dense_graph": true, "native": true}, "loss": {"native": 5.83130066301001, "native_graph": 5.83130066301001, "k036_graph": 5.83130066301001, "selected_graph": 5.83130066301001, "no_skip_graph": 5.83130066301001, "attention_dense_graph": 5.83130066301001}, "timing": {"selected_graph": {"samples": 224, "median_host_ms": 0.6883030291646719, "paired_geomean_speedup": 1.1933988122824166, "input_tokens_per_second": null}, "no_skip_graph": {"samples": 224, "median_host_ms": 0.707047525793314, "paired_geomean_speedup": 1.1618193345207113, "input_tokens_per_second": null}, "k036_graph": {"samples": 224, "median_host_ms": 0.5941380513831973, "paired_geomean_speedup": 1.382476813468069, "input_tokens_per_second": null}, "native": {"samples": 224, "median_host_ms": 3.7856415729038417, "paired_geomean_speedup": 0.21515062520281078, "input_tokens_per_second": null}, "attention_dense_graph": {"samples": 224, "median_host_ms": 0.6816625245846808, "paired_geomean_speedup": 1.2047732362114894, "input_tokens_per_second": null}, "native_graph": {"samples": 224, "median_host_ms": 0.8216519490815699, "paired_geomean_speedup": 1.0, "input_tokens_per_second": null}}}
