{"stage": "loading", "elapsed_seconds": 1.3147612059256062, "mode": "native"}
Loading weights:   0%|          | 0/76 [00:00<?, ?it/s]Loading weights: 100%|██████████| 76/76 [00:00<00:00, 11915.64it/s]
{"stage": "loading", "elapsed_seconds": 1.7564083619508892, "mode": "k036"}
Loading weights:   0%|          | 0/76 [00:00<?, ?it/s]Loading weights: 100%|██████████| 76/76 [00:00<00:00, 10838.36it/s]
ninja: no work to do.
ninja: no work to do.
ninja: no work to do.
ninja: no work to do.
{"stage": "loading", "elapsed_seconds": 2.5440166539046913, "mode": "selected"}
Loading weights:   0%|          | 0/76 [00:00<?, ?it/s]Loading weights: 100%|██████████| 76/76 [00:00<00:00, 10707.30it/s]
ninja: no work to do.
ninja: no work to do.
{"stage": "loading", "elapsed_seconds": 2.9428440429037437, "mode": "no_skip"}
Loading weights:   0%|          | 0/76 [00:00<?, ?it/s]Loading weights: 100%|██████████| 76/76 [00:00<00:00, 9630.14it/s]
{"stage": "loading", "elapsed_seconds": 2.9852201628964394, "mode": "attention_dense"}
Loading weights:   0%|          | 0/76 [00:00<?, ?it/s]Loading weights: 100%|██████████| 76/76 [00:00<00:00, 10649.00it/s]
{"stage": "timing", "elapsed_seconds": 3.302219590987079}
{"stage": "validation", "elapsed_seconds": 4.987320875981823}
{"stage": "validation", "elapsed_seconds": 5.999220033991151, "blocks": 16, "prediction_tokens": 32752, "loss": {"native": 5.306671709098872, "native_graph": 5.306671709098872, "k036_graph": 5.306671709098872, "selected_graph": 5.306671709098872, "no_skip_graph": 5.306671709098872, "attention_dense_graph": 5.306671709098872}}
{"stage": "validation", "elapsed_seconds": 6.910769026959315, "blocks": 32, "prediction_tokens": 65504, "loss": {"native": 5.331999897549196, "native_graph": 5.331999897549196, "k036_graph": 5.331999897549196, "selected_graph": 5.331999897549196, "no_skip_graph": 5.331999897549196, "attention_dense_graph": 5.331999897549196}}
{"stage": "validation", "elapsed_seconds": 7.82288691890426, "blocks": 48, "prediction_tokens": 98256, "loss": {"native": 5.737122188307839, "native_graph": 5.737122188307839, "k036_graph": 5.737122188307839, "selected_graph": 5.737122188307839, "no_skip_graph": 5.737122188307839, "attention_dense_graph": 5.737122188307839}}
{"stage": "validation", "elapsed_seconds": 8.73339098598808, "blocks": 64, "prediction_tokens": 131008, "loss": {"native": 5.871181255092723, "native_graph": 5.871181255092723, "k036_graph": 5.871181255092723, "selected_graph": 5.871181255092723, "no_skip_graph": 5.871181255092723, "attention_dense_graph": 5.871181255092723}}
{"stage": "validation", "elapsed_seconds": 9.644659199984744, "blocks": 80, "prediction_tokens": 163760, "loss": {"native": 5.840198582815553, "native_graph": 5.840198582815553, "k036_graph": 5.840198582815553, "selected_graph": 5.840198582815553, "no_skip_graph": 5.840198582815553, "attention_dense_graph": 5.840198582815553}}
{"stage": "validation", "elapsed_seconds": 10.555636484990828, "blocks": 96, "prediction_tokens": 196512, "loss": {"native": 5.845940755605891, "native_graph": 5.845940755605891, "k036_graph": 5.845940755605891, "selected_graph": 5.845940755605891, "no_skip_graph": 5.845940755605891, "attention_dense_graph": 5.845940755605891}}
{"stage": "validation", "elapsed_seconds": 11.466866349917836, "blocks": 112, "prediction_tokens": 229264, "loss": {"native": 5.833146784724706, "native_graph": 5.833146784724706, "k036_graph": 5.833146784724706, "selected_graph": 5.833146784724706, "no_skip_graph": 5.833146784724706, "attention_dense_graph": 5.833146784724706}}
{"stage": "validation", "elapsed_seconds": 12.377902854932472, "blocks": 128, "prediction_tokens": 262016, "loss": {"native": 5.726214169873572, "native_graph": 5.726214169873572, "k036_graph": 5.726214169873572, "selected_graph": 5.726214169873572, "no_skip_graph": 5.726214169873572, "attention_dense_graph": 5.726214169873572}}
{"stage": "validation", "elapsed_seconds": 13.289153618970886, "blocks": 144, "prediction_tokens": 294768, "loss": {"native": 5.747373919581989, "native_graph": 5.747373919581989, "k036_graph": 5.747373919581989, "selected_graph": 5.747373919581989, "no_skip_graph": 5.747373919581989, "attention_dense_graph": 5.747373919581989}}
{"stage": "validation", "elapsed_seconds": 14.200622282922268, "blocks": 160, "prediction_tokens": 327520, "loss": {"native": 5.751794980733524, "native_graph": 5.751794980733524, "k036_graph": 5.751794980733524, "selected_graph": 5.751794980733524, "no_skip_graph": 5.751794980733524, "attention_dense_graph": 5.751794980733524}}
{"stage": "validation", "elapsed_seconds": 15.11171291791834, "blocks": 176, "prediction_tokens": 360272, "loss": {"native": 5.722244650992427, "native_graph": 5.722244650992427, "k036_graph": 5.722244650992427, "selected_graph": 5.722244650992427, "no_skip_graph": 5.722244650992427, "attention_dense_graph": 5.722244650992427}}
{"stage": "validation", "elapsed_seconds": 16.02252714394126, "blocks": 192, "prediction_tokens": 393024, "loss": {"native": 5.708487579787987, "native_graph": 5.708487579787987, "k036_graph": 5.708487579787987, "selected_graph": 5.708487579787987, "no_skip_graph": 5.708487579787987, "attention_dense_graph": 5.708487579787987}}
{"stage": "validation", "elapsed_seconds": 16.93347140890546, "blocks": 208, "prediction_tokens": 425776, "loss": {"native": 5.736139527491055, "native_graph": 5.736139527491055, "k036_graph": 5.736139527491055, "selected_graph": 5.736139527491055, "no_skip_graph": 5.736139527491055, "attention_dense_graph": 5.736139527491055}}
{"stage": "validation", "elapsed_seconds": 17.845289601944387, "blocks": 224, "prediction_tokens": 458528, "loss": {"native": 5.744317380537898, "native_graph": 5.744317380537898, "k036_graph": 5.744317380537898, "selected_graph": 5.744317380537898, "no_skip_graph": 5.744317380537898, "attention_dense_graph": 5.744317380537898}}
{"stage": "validation", "elapsed_seconds": 18.756751574925147, "blocks": 240, "prediction_tokens": 491280, "loss": {"native": 5.730159031119919, "native_graph": 5.730159031119919, "k036_graph": 5.730159031119919, "selected_graph": 5.730159031119919, "no_skip_graph": 5.730159031119919, "attention_dense_graph": 5.730159031119919}}
{"stage": "validation", "elapsed_seconds": 19.668606767896563, "blocks": 256, "prediction_tokens": 524032, "loss": {"native": 5.743961111533682, "native_graph": 5.743961111533682, "k036_graph": 5.743961111533682, "selected_graph": 5.743961111533682, "no_skip_graph": 5.743961111533682, "attention_dense_graph": 5.743961111533682}}
{"stage": "validation", "elapsed_seconds": 20.580117080942728, "blocks": 272, "prediction_tokens": 556784, "loss": {"native": 5.754034628336853, "native_graph": 5.754034628336853, "k036_graph": 5.754034628336853, "selected_graph": 5.754034628336853, "no_skip_graph": 5.754034628336853, "attention_dense_graph": 5.754034628336853}}
{"stage": "validation", "elapsed_seconds": 21.491043896996416, "blocks": 288, "prediction_tokens": 589536, "loss": {"native": 5.737114115387197, "native_graph": 5.737114115387197, "k036_graph": 5.737114115387197, "selected_graph": 5.737114115387197, "no_skip_graph": 5.737114115387197, "attention_dense_graph": 5.737114115387197}}
{"stage": "validation", "elapsed_seconds": 22.40343069692608, "blocks": 304, "prediction_tokens": 622288, "loss": {"native": 5.741783389452261, "native_graph": 5.741783389452261, "k036_graph": 5.741783389452261, "selected_graph": 5.741783389452261, "no_skip_graph": 5.741783389452261, "attention_dense_graph": 5.741783389452261}}
{"stage": "validation", "elapsed_seconds": 23.3150060599437, "blocks": 320, "prediction_tokens": 655040, "loss": {"native": 5.715576907606549, "native_graph": 5.715576907606549, "k036_graph": 5.715576907606549, "selected_graph": 5.715576907606549, "no_skip_graph": 5.715576907606549, "attention_dense_graph": 5.715576907606549}}
{"stage": "validation", "elapsed_seconds": 24.22654760396108, "blocks": 336, "prediction_tokens": 687792, "loss": {"native": 5.705570814888895, "native_graph": 5.705570814888895, "k036_graph": 5.705570814888895, "selected_graph": 5.705570814888895, "no_skip_graph": 5.705570814888895, "attention_dense_graph": 5.705570814888895}}
{"stage": "complete", "elapsed_seconds": 24.34952012798749, "qualified": {"native_graph": true, "k036_graph": true, "selected_graph": true, "no_skip_graph": true, "attention_dense_graph": true, "native": true}, "loss": {"native": 5.707563187398737, "native_graph": 5.707563187398737, "k036_graph": 5.707563187398737, "selected_graph": 5.707563187398737, "no_skip_graph": 5.707563187398737, "attention_dense_graph": 5.707563187398737}, "timing": {"selected_graph": {"samples": 224, "median_host_ms": 0.6914280238561332, "paired_geomean_speedup": 1.1895791361748944, "input_tokens_per_second": null}, "no_skip_graph": {"samples": 224, "median_host_ms": 0.7071925210766494, "paired_geomean_speedup": 1.1633250513328544, "input_tokens_per_second": null}, "k036_graph": {"samples": 224, "median_host_ms": 0.5966630415059626, "paired_geomean_speedup": 1.378035603661056, "input_tokens_per_second": null}, "native": {"samples": 224, "median_host_ms": 3.7782160216011107, "paired_geomean_speedup": 0.21725970312748383, "input_tokens_per_second": null}, "attention_dense_graph": {"samples": 224, "median_host_ms": 0.6814724765717983, "paired_geomean_speedup": 1.2067351684323686, "input_tokens_per_second": null}, "native_graph": {"samples": 224, "median_host_ms": 0.8227125508710742, "paired_geomean_speedup": 1.0, "input_tokens_per_second": null}}}
