{"stage": "loading", "elapsed_seconds": 1.3434408629545942, "mode": "native"}
Loading weights:   0%|          | 0/76 [00:00<?, ?it/s]Loading weights: 100%|██████████| 76/76 [00:00<00:00, 13093.20it/s]
{"stage": "loading", "elapsed_seconds": 1.778464003931731, "mode": "k036"}
Loading weights:   0%|          | 0/76 [00:00<?, ?it/s]Loading weights: 100%|██████████| 76/76 [00:00<00:00, 11169.13it/s]
ninja: no work to do.
ninja: no work to do.
ninja: no work to do.
ninja: no work to do.
{"stage": "loading", "elapsed_seconds": 2.7047333519440144, "mode": "selected"}
Loading weights:   0%|          | 0/76 [00:00<?, ?it/s]Loading weights: 100%|██████████| 76/76 [00:00<00:00, 9210.79it/s]
ninja: no work to do.
ninja: no work to do.
{"stage": "loading", "elapsed_seconds": 3.4233395089395344, "mode": "no_skip"}
Loading weights:   0%|          | 0/76 [00:00<?, ?it/s]Loading weights: 100%|██████████| 76/76 [00:00<00:00, 10396.84it/s]
{"stage": "loading", "elapsed_seconds": 4.013512999983504, "mode": "attention_dense"}
Loading weights:   0%|          | 0/76 [00:00<?, ?it/s]Loading weights: 100%|██████████| 76/76 [00:00<00:00, 10314.08it/s]
{"stage": "timing", "elapsed_seconds": 4.839079772005789}
{"stage": "validation", "elapsed_seconds": 6.389719926984981}
{"stage": "validation", "elapsed_seconds": 7.382358425995335, "blocks": 16, "prediction_tokens": 32752, "loss": {"native": 5.069705815913913, "native_graph": 5.069705815913913, "k036_graph": 5.069705815913913, "selected_graph": 5.069705815913913, "no_skip_graph": 5.069705815913913, "attention_dense_graph": 5.069705815913913}}
{"stage": "validation", "elapsed_seconds": 8.283511745044962, "blocks": 32, "prediction_tokens": 65504, "loss": {"native": 5.086330985929772, "native_graph": 5.086330985929772, "k036_graph": 5.086330985929772, "selected_graph": 5.086330985929772, "no_skip_graph": 5.086330985929772, "attention_dense_graph": 5.086330985929772}}
{"stage": "validation", "elapsed_seconds": 9.186572397011332, "blocks": 48, "prediction_tokens": 98256, "loss": {"native": 5.514379355053699, "native_graph": 5.514379355053699, "k036_graph": 5.514379355053699, "selected_graph": 5.514379355053699, "no_skip_graph": 5.514379355053699, "attention_dense_graph": 5.514379355053699}}
{"stage": "validation", "elapsed_seconds": 10.088953651022166, "blocks": 64, "prediction_tokens": 131008, "loss": {"native": 5.670071865094832, "native_graph": 5.670071865094832, "k036_graph": 5.670071865094832, "selected_graph": 5.670071865094832, "no_skip_graph": 5.670071865094832, "attention_dense_graph": 5.670071865094832}}
{"stage": "validation", "elapsed_seconds": 10.990077530033886, "blocks": 80, "prediction_tokens": 163760, "loss": {"native": 5.643595652913372, "native_graph": 5.643595652913372, "k036_graph": 5.643595652913372, "selected_graph": 5.643595652913372, "no_skip_graph": 5.643595652913372, "attention_dense_graph": 5.643595652913372}}
{"stage": "validation", "elapsed_seconds": 11.891723637003452, "blocks": 96, "prediction_tokens": 196512, "loss": {"native": 5.644690554143163, "native_graph": 5.644690554143163, "k036_graph": 5.644690554143163, "selected_graph": 5.644690554143163, "no_skip_graph": 5.644690554143163, "attention_dense_graph": 5.644690554143163}}
{"stage": "validation", "elapsed_seconds": 12.793085695011541, "blocks": 112, "prediction_tokens": 229264, "loss": {"native": 5.620486848676634, "native_graph": 5.620486848676634, "k036_graph": 5.620486848676634, "selected_graph": 5.620486848676634, "no_skip_graph": 5.620486848676634, "attention_dense_graph": 5.620486848676634}}
{"stage": "validation", "elapsed_seconds": 13.694184693973511, "blocks": 128, "prediction_tokens": 262016, "loss": {"native": 5.507317487589021, "native_graph": 5.507317487589021, "k036_graph": 5.507317487589021, "selected_graph": 5.507317487589021, "no_skip_graph": 5.507317487589021, "attention_dense_graph": 5.507317487589021}}
{"stage": "validation", "elapsed_seconds": 14.59514670399949, "blocks": 144, "prediction_tokens": 294768, "loss": {"native": 5.528403157048509, "native_graph": 5.528403157048509, "k036_graph": 5.528403157048509, "selected_graph": 5.528403157048509, "no_skip_graph": 5.528403157048509, "attention_dense_graph": 5.528403157048509}}
{"stage": "validation", "elapsed_seconds": 15.496164852986112, "blocks": 160, "prediction_tokens": 327520, "loss": {"native": 5.531575326029708, "native_graph": 5.531575326029708, "k036_graph": 5.531575326029708, "selected_graph": 5.531575326029708, "no_skip_graph": 5.531575326029708, "attention_dense_graph": 5.531575326029708}}
{"stage": "validation", "elapsed_seconds": 16.39728303195443, "blocks": 176, "prediction_tokens": 360272, "loss": {"native": 5.4930865833336515, "native_graph": 5.4930865833336515, "k036_graph": 5.4930865833336515, "selected_graph": 5.4930865833336515, "no_skip_graph": 5.4930865833336515, "attention_dense_graph": 5.4930865833336515}}
{"stage": "validation", "elapsed_seconds": 17.29765643295832, "blocks": 192, "prediction_tokens": 393024, "loss": {"native": 5.4841169435879715, "native_graph": 5.4841169435879715, "k036_graph": 5.4841169435879715, "selected_graph": 5.4841169435879715, "no_skip_graph": 5.4841169435879715, "attention_dense_graph": 5.4841169435879715}}
{"stage": "validation", "elapsed_seconds": 18.198575543006882, "blocks": 208, "prediction_tokens": 425776, "loss": {"native": 5.514604922055185, "native_graph": 5.514604922055185, "k036_graph": 5.514604922055185, "selected_graph": 5.514604922055185, "no_skip_graph": 5.514604922055185, "attention_dense_graph": 5.514604922055185}}
{"stage": "validation", "elapsed_seconds": 19.099625461967662, "blocks": 224, "prediction_tokens": 458528, "loss": {"native": 5.5232805279629185, "native_graph": 5.5232805279629185, "k036_graph": 5.5232805279629185, "selected_graph": 5.5232805279629185, "no_skip_graph": 5.5232805279629185, "attention_dense_graph": 5.5232805279629185}}
{"stage": "validation", "elapsed_seconds": 20.000116182956845, "blocks": 240, "prediction_tokens": 491280, "loss": {"native": 5.507357408914595, "native_graph": 5.507357408914595, "k036_graph": 5.507357408914595, "selected_graph": 5.507357408914595, "no_skip_graph": 5.507357408914595, "attention_dense_graph": 5.507357408914595}}
{"stage": "validation", "elapsed_seconds": 20.901230501942337, "blocks": 256, "prediction_tokens": 524032, "loss": {"native": 5.520138152122032, "native_graph": 5.520138152122032, "k036_graph": 5.520138152122032, "selected_graph": 5.520138152122032, "no_skip_graph": 5.520138152122032, "attention_dense_graph": 5.520138152122032}}
{"stage": "validation", "elapsed_seconds": 21.80170554399956, "blocks": 272, "prediction_tokens": 556784, "loss": {"native": 5.526723318577648, "native_graph": 5.526723318577648, "k036_graph": 5.526723318577648, "selected_graph": 5.526723318577648, "no_skip_graph": 5.526723318577648, "attention_dense_graph": 5.526723318577648}}
{"stage": "validation", "elapsed_seconds": 22.70308176195249, "blocks": 288, "prediction_tokens": 589536, "loss": {"native": 5.5052440638962254, "native_graph": 5.5052440638962254, "k036_graph": 5.5052440638962254, "selected_graph": 5.5052440638962254, "no_skip_graph": 5.5052440638962254, "attention_dense_graph": 5.5052440638962254}}
{"stage": "validation", "elapsed_seconds": 23.604150371043943, "blocks": 304, "prediction_tokens": 622288, "loss": {"native": 5.510409369900372, "native_graph": 5.510409369900372, "k036_graph": 5.510409369900372, "selected_graph": 5.510409369900372, "no_skip_graph": 5.510409369900372, "attention_dense_graph": 5.510409369900372}}
{"stage": "validation", "elapsed_seconds": 24.505184769979678, "blocks": 320, "prediction_tokens": 655040, "loss": {"native": 5.4826277277675795, "native_graph": 5.4826277277675795, "k036_graph": 5.4826277277675795, "selected_graph": 5.4826277277675795, "no_skip_graph": 5.4826277277675795, "attention_dense_graph": 5.4826277277675795}}
{"stage": "validation", "elapsed_seconds": 25.406520928023383, "blocks": 336, "prediction_tokens": 687792, "loss": {"native": 5.470052524907149, "native_graph": 5.470052524907149, "k036_graph": 5.470052524907149, "selected_graph": 5.470052524907149, "no_skip_graph": 5.470052524907149, "attention_dense_graph": 5.470052524907149}}
{"stage": "complete", "elapsed_seconds": 25.52833932894282, "qualified": {"native_graph": true, "k036_graph": true, "selected_graph": true, "no_skip_graph": true, "attention_dense_graph": true, "native": true}, "loss": {"native": 5.472691942747794, "native_graph": 5.472691942747794, "k036_graph": 5.472691942747794, "selected_graph": 5.472691942747794, "no_skip_graph": 5.472691942747794, "attention_dense_graph": 5.472691942747794}, "timing": {"selected_graph": {"samples": 224, "median_host_ms": 0.6764875142835081, "paired_geomean_speedup": 1.0682276010167944, "input_tokens_per_second": null}, "no_skip_graph": {"samples": 224, "median_host_ms": 0.7006230298429728, "paired_geomean_speedup": 1.0323110785314518, "input_tokens_per_second": null}, "k036_graph": {"samples": 224, "median_host_ms": 0.6253320025280118, "paired_geomean_speedup": 1.154877033102033, "input_tokens_per_second": null}, "native": {"samples": 224, "median_host_ms": 3.2709879451431334, "paired_geomean_speedup": 0.21938966201213564, "input_tokens_per_second": null}, "attention_dense_graph": {"samples": 224, "median_host_ms": 0.6682875100523233, "paired_geomean_speedup": 1.0810383677099047, "input_tokens_per_second": null}, "native_graph": {"samples": 224, "median_host_ms": 0.7224924629554152, "paired_geomean_speedup": 1.0, "input_tokens_per_second": null}}}
