{"stage": "loading", "elapsed_seconds": 1.3685491420328617, "mode": "native"}
Loading weights:   0%|          | 0/76 [00:00<?, ?it/s]Loading weights: 100%|██████████| 76/76 [00:00<00:00, 13936.39it/s]
{"stage": "loading", "elapsed_seconds": 1.7996901869773865, "mode": "k036"}
Loading weights:   0%|          | 0/76 [00:00<?, ?it/s]Loading weights: 100%|██████████| 76/76 [00:00<00:00, 10039.28it/s]
ninja: no work to do.
ninja: no work to do.
ninja: no work to do.
ninja: no work to do.
{"stage": "loading", "elapsed_seconds": 2.582117293961346, "mode": "selected"}
Loading weights:   0%|          | 0/76 [00:00<?, ?it/s]Loading weights: 100%|██████████| 76/76 [00:00<00:00, 9449.43it/s]
ninja: no work to do.
{"stage": "loading", "elapsed_seconds": 3.21064527600538, "mode": "no_skip"}
Loading weights:   0%|          | 0/76 [00:00<?, ?it/s]Loading weights: 100%|██████████| 76/76 [00:00<00:00, 10329.79it/s]
{"stage": "loading", "elapsed_seconds": 3.520473598036915, "mode": "attention_dense"}
Loading weights:   0%|          | 0/76 [00:00<?, ?it/s]Loading weights: 100%|██████████| 76/76 [00:00<00:00, 10311.08it/s]
{"stage": "timing", "elapsed_seconds": 4.083944765035994}
{"stage": "validation", "elapsed_seconds": 5.706078183022328}
{"stage": "validation", "elapsed_seconds": 6.7131251899991184, "blocks": 16, "prediction_tokens": 32752, "loss": {"native": 5.433529643704965, "native_graph": 5.433529643704965, "k036_graph": 5.433529643704965, "selected_graph": 5.433529643704965, "no_skip_graph": 5.433529643704965, "attention_dense_graph": 5.433529643704965}}
{"stage": "validation", "elapsed_seconds": 7.620034768013284, "blocks": 32, "prediction_tokens": 65504, "loss": {"native": 5.4627757032848185, "native_graph": 5.4627757032848185, "k036_graph": 5.4627757032848185, "selected_graph": 5.4627757032848185, "no_skip_graph": 5.4627757032848185, "attention_dense_graph": 5.4627757032848185}}
{"stage": "validation", "elapsed_seconds": 8.52810358197894, "blocks": 48, "prediction_tokens": 98256, "loss": {"native": 5.8373225488058615, "native_graph": 5.8373225488058615, "k036_graph": 5.8373225488058615, "selected_graph": 5.8373225488058615, "no_skip_graph": 5.8373225488058615, "attention_dense_graph": 5.8373225488058615}}
{"stage": "validation", "elapsed_seconds": 9.43768244003877, "blocks": 64, "prediction_tokens": 131008, "loss": {"native": 5.963783443061445, "native_graph": 5.963783443061445, "k036_graph": 5.963783443061445, "selected_graph": 5.963783443061445, "no_skip_graph": 5.963783443061445, "attention_dense_graph": 5.963783443061445}}
{"stage": "validation", "elapsed_seconds": 10.344502198975533, "blocks": 80, "prediction_tokens": 163760, "loss": {"native": 5.932614924398701, "native_graph": 5.932614924398701, "k036_graph": 5.932614924398701, "selected_graph": 5.932614924398701, "no_skip_graph": 5.932614924398701, "attention_dense_graph": 5.932614924398701}}
{"stage": "validation", "elapsed_seconds": 11.25173697504215, "blocks": 96, "prediction_tokens": 196512, "loss": {"native": 5.941523398042327, "native_graph": 5.941523398042327, "k036_graph": 5.941523398042327, "selected_graph": 5.941523398042327, "no_skip_graph": 5.941523398042327, "attention_dense_graph": 5.941523398042327}}
{"stage": "validation", "elapsed_seconds": 12.158583604032174, "blocks": 112, "prediction_tokens": 229264, "loss": {"native": 5.928813884542628, "native_graph": 5.928813884542628, "k036_graph": 5.928813884542628, "selected_graph": 5.928813884542628, "no_skip_graph": 5.928813884542628, "attention_dense_graph": 5.928813884542628}}
{"stage": "validation", "elapsed_seconds": 13.065825621015392, "blocks": 128, "prediction_tokens": 262016, "loss": {"native": 5.831156502832246, "native_graph": 5.831156502832246, "k036_graph": 5.831156502832246, "selected_graph": 5.831156502832246, "no_skip_graph": 5.831156502832246, "attention_dense_graph": 5.831156502832246}}
{"stage": "validation", "elapsed_seconds": 13.972843558061868, "blocks": 144, "prediction_tokens": 294768, "loss": {"native": 5.849604330977561, "native_graph": 5.849604330977561, "k036_graph": 5.849604330977561, "selected_graph": 5.849604330977561, "no_skip_graph": 5.849604330977561, "attention_dense_graph": 5.849604330977561}}
{"stage": "validation", "elapsed_seconds": 14.879890086012892, "blocks": 160, "prediction_tokens": 327520, "loss": {"native": 5.855593878033689, "native_graph": 5.855593878033689, "k036_graph": 5.855593878033689, "selected_graph": 5.855593878033689, "no_skip_graph": 5.855593878033689, "attention_dense_graph": 5.855593878033689}}
{"stage": "validation", "elapsed_seconds": 15.787572021014057, "blocks": 176, "prediction_tokens": 360272, "loss": {"native": 5.82820932078532, "native_graph": 5.82820932078532, "k036_graph": 5.82820932078532, "selected_graph": 5.82820932078532, "no_skip_graph": 5.82820932078532, "attention_dense_graph": 5.82820932078532}}
{"stage": "validation", "elapsed_seconds": 16.695634815027006, "blocks": 192, "prediction_tokens": 393024, "loss": {"native": 5.827277839038217, "native_graph": 5.827277839038217, "k036_graph": 5.827277839038217, "selected_graph": 5.827277839038217, "no_skip_graph": 5.827277839038217, "attention_dense_graph": 5.827277839038217}}
{"stage": "validation", "elapsed_seconds": 17.603088460979052, "blocks": 208, "prediction_tokens": 425776, "loss": {"native": 5.853064829303951, "native_graph": 5.853064829303951, "k036_graph": 5.853064829303951, "selected_graph": 5.853064829303951, "no_skip_graph": 5.853064829303951, "attention_dense_graph": 5.853064829303951}}
{"stage": "validation", "elapsed_seconds": 18.51000281900633, "blocks": 224, "prediction_tokens": 458528, "loss": {"native": 5.860974186903867, "native_graph": 5.860974186903867, "k036_graph": 5.860974186903867, "selected_graph": 5.860974186903867, "no_skip_graph": 5.860974186903867, "attention_dense_graph": 5.860974186903867}}
{"stage": "validation", "elapsed_seconds": 19.41764471400529, "blocks": 240, "prediction_tokens": 491280, "loss": {"native": 5.845817573123715, "native_graph": 5.845817573123715, "k036_graph": 5.845817573123715, "selected_graph": 5.845817573123715, "no_skip_graph": 5.845817573123715, "attention_dense_graph": 5.845817573123715}}
{"stage": "validation", "elapsed_seconds": 20.324260352994315, "blocks": 256, "prediction_tokens": 524032, "loss": {"native": 5.860577907105685, "native_graph": 5.860577907105685, "k036_graph": 5.860577907105685, "selected_graph": 5.860577907105685, "no_skip_graph": 5.860577907105685, "attention_dense_graph": 5.860577907105685}}
{"stage": "validation", "elapsed_seconds": 21.231385351042263, "blocks": 272, "prediction_tokens": 556784, "loss": {"native": 5.871153765243513, "native_graph": 5.871153765243513, "k036_graph": 5.871153765243513, "selected_graph": 5.871153765243513, "no_skip_graph": 5.871153765243513, "attention_dense_graph": 5.871153765243513}}
{"stage": "validation", "elapsed_seconds": 22.139071515994146, "blocks": 288, "prediction_tokens": 589536, "loss": {"native": 5.85495766628994, "native_graph": 5.85495766628994, "k036_graph": 5.85495766628994, "selected_graph": 5.85495766628994, "no_skip_graph": 5.85495766628994, "attention_dense_graph": 5.85495766628994}}
{"stage": "validation", "elapsed_seconds": 23.046171123045497, "blocks": 304, "prediction_tokens": 622288, "loss": {"native": 5.859802871463605, "native_graph": 5.859802871463605, "k036_graph": 5.859802871463605, "selected_graph": 5.859802871463605, "no_skip_graph": 5.859802871463605, "attention_dense_graph": 5.859802871463605}}
{"stage": "validation", "elapsed_seconds": 23.953190731001087, "blocks": 320, "prediction_tokens": 655040, "loss": {"native": 5.835200507197079, "native_graph": 5.835200507197079, "k036_graph": 5.835200507197079, "selected_graph": 5.835200507197079, "no_skip_graph": 5.835200507197079, "attention_dense_graph": 5.835200507197079}}
{"stage": "validation", "elapsed_seconds": 24.860724517027847, "blocks": 336, "prediction_tokens": 687792, "loss": {"native": 5.828935494539274, "native_graph": 5.828935494539274, "k036_graph": 5.828935494539274, "selected_graph": 5.828935494539274, "no_skip_graph": 5.828935494539274, "attention_dense_graph": 5.828935494539274}}
{"stage": "complete", "elapsed_seconds": 24.98323889495805, "qualified": {"native_graph": true, "k036_graph": true, "selected_graph": true, "no_skip_graph": true, "attention_dense_graph": true, "native": true}, "loss": {"native": 5.83130066301001, "native_graph": 5.83130066301001, "k036_graph": 5.83130066301001, "selected_graph": 5.83130066301001, "no_skip_graph": 5.83130066301001, "attention_dense_graph": 5.83130066301001}, "timing": {"selected_graph": {"samples": 224, "median_host_ms": 0.5944479489699006, "paired_geomean_speedup": 1.381061010974758, "input_tokens_per_second": null}, "no_skip_graph": {"samples": 224, "median_host_ms": 0.6055125268176198, "paired_geomean_speedup": 1.355884870834919, "input_tokens_per_second": null}, "k036_graph": {"samples": 224, "median_host_ms": 0.5935174995101988, "paired_geomean_speedup": 1.3835330070260865, "input_tokens_per_second": null}, "native": {"samples": 224, "median_host_ms": 3.79363598767668, "paired_geomean_speedup": 0.21607596362057194, "input_tokens_per_second": null}, "attention_dense_graph": {"samples": 224, "median_host_ms": 0.5882175173610449, "paired_geomean_speedup": 1.3960125056408623, "input_tokens_per_second": null}, "native_graph": {"samples": 224, "median_host_ms": 0.8215170237235725, "paired_geomean_speedup": 1.0, "input_tokens_per_second": null}}}
