{"stage": "loading", "elapsed_seconds": 1.347446148050949, "mode": "native"}
Loading weights:   0%|          | 0/76 [00:00<?, ?it/s]Loading weights: 100%|██████████| 76/76 [00:00<00:00, 12118.12it/s]
{"stage": "loading", "elapsed_seconds": 1.711050587007776, "mode": "k036"}
Loading weights:   0%|          | 0/76 [00:00<?, ?it/s]Loading weights: 100%|██████████| 76/76 [00:00<00:00, 10617.08it/s]
ninja: no work to do.
ninja: no work to do.
ninja: no work to do.
ninja: no work to do.
{"stage": "loading", "elapsed_seconds": 2.502865710062906, "mode": "selected"}
Loading weights:   0%|          | 0/76 [00:00<?, ?it/s]Loading weights: 100%|██████████| 76/76 [00:00<00:00, 10414.16it/s]
ninja: no work to do.
{"stage": "loading", "elapsed_seconds": 3.149077668087557, "mode": "no_skip"}
Loading weights:   0%|          | 0/76 [00:00<?, ?it/s]Loading weights: 100%|██████████| 76/76 [00:00<00:00, 10761.89it/s]
{"stage": "loading", "elapsed_seconds": 3.4544631470926106, "mode": "attention_dense"}
Loading weights:   0%|          | 0/76 [00:00<?, ?it/s]Loading weights: 100%|██████████| 76/76 [00:00<00:00, 10178.40it/s]
{"stage": "timing", "elapsed_seconds": 3.9531053480459377}
{"stage": "validation", "elapsed_seconds": 5.19932947109919}
{"stage": "validation", "elapsed_seconds": 6.184326998074539, "blocks": 16, "prediction_tokens": 32752, "loss": {"native": 4.8226428234583, "native_graph": 4.8226428234583, "k036_graph": 4.8226428234583, "selected_graph": 4.8226428234583, "no_skip_graph": 4.8226428234583, "attention_dense_graph": 4.8226428234583}}
{"stage": "validation", "elapsed_seconds": 7.062917968025431, "blocks": 32, "prediction_tokens": 65504, "loss": {"native": 4.815816650986963, "native_graph": 4.815816650986963, "k036_graph": 4.815816650986963, "selected_graph": 4.815816650986963, "no_skip_graph": 4.815816650986963, "attention_dense_graph": 4.815816650986963}}
{"stage": "validation", "elapsed_seconds": 7.941704087075777, "blocks": 48, "prediction_tokens": 98256, "loss": {"native": 5.284550987185261, "native_graph": 5.284550987185261, "k036_graph": 5.284550987185261, "selected_graph": 5.284550987185261, "no_skip_graph": 5.284550987185261, "attention_dense_graph": 5.284550987185261}}
{"stage": "validation", "elapsed_seconds": 8.821207494009286, "blocks": 64, "prediction_tokens": 131008, "loss": {"native": 5.460645331833266, "native_graph": 5.460645331833266, "k036_graph": 5.460645331833266, "selected_graph": 5.460645331833266, "no_skip_graph": 5.460645331833266, "attention_dense_graph": 5.460645331833266}}
{"stage": "validation", "elapsed_seconds": 9.701216570101678, "blocks": 80, "prediction_tokens": 163760, "loss": {"native": 5.433339674390114, "native_graph": 5.433339674390114, "k036_graph": 5.433339674390114, "selected_graph": 5.433339674390114, "no_skip_graph": 5.433339674390114, "attention_dense_graph": 5.433339674390114}}
{"stage": "validation", "elapsed_seconds": 10.579980949056335, "blocks": 96, "prediction_tokens": 196512, "loss": {"native": 5.427263109250326, "native_graph": 5.427263109250326, "k036_graph": 5.427263109250326, "selected_graph": 5.427263109250326, "no_skip_graph": 5.427263109250326, "attention_dense_graph": 5.427263109250326}}
{"stage": "validation", "elapsed_seconds": 11.458597849006765, "blocks": 112, "prediction_tokens": 229264, "loss": {"native": 5.396765837841419, "native_graph": 5.396765837841419, "k036_graph": 5.396765837841419, "selected_graph": 5.396765837841419, "no_skip_graph": 5.396765837841419, "attention_dense_graph": 5.396765837841419}}
{"stage": "validation", "elapsed_seconds": 12.337637598044239, "blocks": 128, "prediction_tokens": 262016, "loss": {"native": 5.26103944503568, "native_graph": 5.26103944503568, "k036_graph": 5.26103944503568, "selected_graph": 5.26103944503568, "no_skip_graph": 5.26103944503568, "attention_dense_graph": 5.26103944503568}}
{"stage": "validation", "elapsed_seconds": 13.217261764104478, "blocks": 144, "prediction_tokens": 294768, "loss": {"native": 5.280452390139767, "native_graph": 5.280452390139767, "k036_graph": 5.280452390139767, "selected_graph": 5.280452390139767, "no_skip_graph": 5.280452390139767, "attention_dense_graph": 5.280452390139767}}
{"stage": "validation", "elapsed_seconds": 14.09627394308336, "blocks": 160, "prediction_tokens": 327520, "loss": {"native": 5.279367813833411, "native_graph": 5.279367813833411, "k036_graph": 5.279367813833411, "selected_graph": 5.279367813833411, "no_skip_graph": 5.279367813833411, "attention_dense_graph": 5.279367813833411}}
{"stage": "validation", "elapsed_seconds": 14.974690154078417, "blocks": 176, "prediction_tokens": 360272, "loss": {"native": 5.234690762129464, "native_graph": 5.234690762129464, "k036_graph": 5.234690762129464, "selected_graph": 5.234690762129464, "no_skip_graph": 5.234690762129464, "attention_dense_graph": 5.234690762129464}}
{"stage": "validation", "elapsed_seconds": 15.853338134009391, "blocks": 192, "prediction_tokens": 393024, "loss": {"native": 5.230112692952991, "native_graph": 5.230112692952991, "k036_graph": 5.230112692952991, "selected_graph": 5.230112692952991, "no_skip_graph": 5.230112692952991, "attention_dense_graph": 5.230112692952991}}
{"stage": "validation", "elapsed_seconds": 16.732864551013336, "blocks": 208, "prediction_tokens": 425776, "loss": {"native": 5.2619361299739325, "native_graph": 5.2619361299739325, "k036_graph": 5.2619361299739325, "selected_graph": 5.2619361299739325, "no_skip_graph": 5.2619361299739325, "attention_dense_graph": 5.2619361299739325}}
{"stage": "validation", "elapsed_seconds": 17.61496412800625, "blocks": 224, "prediction_tokens": 458528, "loss": {"native": 5.27099022088925, "native_graph": 5.27099022088925, "k036_graph": 5.27099022088925, "selected_graph": 5.27099022088925, "no_skip_graph": 5.27099022088925, "attention_dense_graph": 5.27099022088925}}
{"stage": "validation", "elapsed_seconds": 18.49606637004763, "blocks": 240, "prediction_tokens": 491280, "loss": {"native": 5.25440719348564, "native_graph": 5.25440719348564, "k036_graph": 5.25440719348564, "selected_graph": 5.25440719348564, "no_skip_graph": 5.25440719348564, "attention_dense_graph": 5.25440719348564}}
{"stage": "validation", "elapsed_seconds": 19.375221088062972, "blocks": 256, "prediction_tokens": 524032, "loss": {"native": 5.2669109424615295, "native_graph": 5.2669109424615295, "k036_graph": 5.2669109424615295, "selected_graph": 5.2669109424615295, "no_skip_graph": 5.2669109424615295, "attention_dense_graph": 5.2669109424615295}}
{"stage": "validation", "elapsed_seconds": 20.25405916699674, "blocks": 272, "prediction_tokens": 556784, "loss": {"native": 5.272723417261003, "native_graph": 5.272723417261003, "k036_graph": 5.272723417261003, "selected_graph": 5.272723417261003, "no_skip_graph": 5.272723417261003, "attention_dense_graph": 5.272723417261003}}
{"stage": "validation", "elapsed_seconds": 21.132819477003068, "blocks": 288, "prediction_tokens": 589536, "loss": {"native": 5.249613749633451, "native_graph": 5.249613749633451, "k036_graph": 5.249613749633451, "selected_graph": 5.249613749633451, "no_skip_graph": 5.249613749633451, "attention_dense_graph": 5.249613749633451}}
{"stage": "validation", "elapsed_seconds": 22.011556646088138, "blocks": 304, "prediction_tokens": 622288, "loss": {"native": 5.252715719205025, "native_graph": 5.252715719205025, "k036_graph": 5.252715719205025, "selected_graph": 5.252715719205025, "no_skip_graph": 5.252715719205025, "attention_dense_graph": 5.252715719205025}}
{"stage": "validation", "elapsed_seconds": 22.889972457080148, "blocks": 320, "prediction_tokens": 655040, "loss": {"native": 5.221953564500832, "native_graph": 5.221953564500832, "k036_graph": 5.221953564500832, "selected_graph": 5.221953564500832, "no_skip_graph": 5.221953564500832, "attention_dense_graph": 5.221953564500832}}
{"stage": "validation", "elapsed_seconds": 23.76873362704646, "blocks": 336, "prediction_tokens": 687792, "loss": {"native": 5.207537307080802, "native_graph": 5.207537307080802, "k036_graph": 5.207537307080802, "selected_graph": 5.207537307080802, "no_skip_graph": 5.207537307080802, "attention_dense_graph": 5.207537307080802}}
{"stage": "complete", "elapsed_seconds": 23.887713027070276, "qualified": {"native_graph": true, "k036_graph": true, "selected_graph": true, "no_skip_graph": true, "attention_dense_graph": true, "native": true}, "loss": {"native": 5.209999415744384, "native_graph": 5.209999415744384, "k036_graph": 5.209999415744384, "selected_graph": 5.209999415744384, "no_skip_graph": 5.209999415744384, "attention_dense_graph": 5.209999415744384}, "timing": {"selected_graph": {"samples": 224, "median_host_ms": 0.5906624719500542, "paired_geomean_speedup": 1.0884050843438842, "input_tokens_per_second": null}, "no_skip_graph": {"samples": 224, "median_host_ms": 0.5659529706463218, "paired_geomean_speedup": 1.1362078562378586, "input_tokens_per_second": null}, "k036_graph": {"samples": 224, "median_host_ms": 0.5884430138394237, "paired_geomean_speedup": 1.0925088703425685, "input_tokens_per_second": null}, "native": {"samples": 224, "median_host_ms": 2.3567770258523524, "paired_geomean_speedup": 0.272253296645883, "input_tokens_per_second": null}, "attention_dense_graph": {"samples": 224, "median_host_ms": 0.5811980227008462, "paired_geomean_speedup": 1.106495170529329, "input_tokens_per_second": null}, "native_graph": {"samples": 224, "median_host_ms": 0.643262465018779, "paired_geomean_speedup": 1.0, "input_tokens_per_second": null}}}
