{"stage": "loading", "elapsed_seconds": 1.327525291009806, "mode": "native"}
Loading weights:   0%|          | 0/76 [00:00<?, ?it/s]Loading weights: 100%|██████████| 76/76 [00:00<00:00, 12521.79it/s]
{"stage": "loading", "elapsed_seconds": 1.7571525410749018, "mode": "previous"}
Loading weights:   0%|          | 0/76 [00:00<?, ?it/s]Loading weights: 100%|██████████| 76/76 [00:00<00:00, 10655.41it/s]
ninja: no work to do.
ninja: no work to do.
{"stage": "loading", "elapsed_seconds": 1.9299360370496288, "mode": "k036"}
Loading weights:   0%|          | 0/76 [00:00<?, ?it/s]Loading weights: 100%|██████████| 76/76 [00:00<00:00, 10496.81it/s]
ninja: no work to do.
ninja: no work to do.
ninja: no work to do.
{"stage": "loading", "elapsed_seconds": 2.649893180001527, "mode": "k042"}
Loading weights:   0%|          | 0/76 [00:00<?, ?it/s]Loading weights: 100%|██████████| 76/76 [00:00<00:00, 10572.36it/s]
ninja: no work to do.
{"stage": "loading", "elapsed_seconds": 3.278510222095065, "mode": "selected"}
Loading weights:   0%|          | 0/76 [00:00<?, ?it/s]Loading weights: 100%|██████████| 76/76 [00:00<00:00, 10319.76it/s]
ninja: no work to do.
{"stage": "loading", "elapsed_seconds": 4.09578368300572, "mode": "no_skip"}
Loading weights:   0%|          | 0/76 [00:00<?, ?it/s]Loading weights: 100%|██████████| 76/76 [00:00<00:00, 10588.51it/s]
{"stage": "loading", "elapsed_seconds": 4.670383110060357, "mode": "attention_dense"}
Loading weights:   0%|          | 0/76 [00:00<?, ?it/s]Loading weights: 100%|██████████| 76/76 [00:00<00:00, 10330.13it/s]
{"stage": "timing", "elapsed_seconds": 5.52831414504908}
{"stage": "validation", "elapsed_seconds": 7.39004858804401}
{"stage": "validation", "elapsed_seconds": 8.725554730044678, "blocks": 16, "prediction_tokens": 32752, "loss": {"native": 5.069705815913913, "native_graph": 5.069705815913913, "previous_graph": 5.0697388828353995, "k036_graph": 5.069705815913913, "k042_graph": 5.069705815913913, "selected_graph": 5.069705815913913, "no_skip_graph": 5.069705815913913, "attention_dense_graph": 5.069705815913913}}
{"stage": "validation", "elapsed_seconds": 9.959864997072145, "blocks": 32, "prediction_tokens": 65504, "loss": {"native": 5.086330985929772, "native_graph": 5.086330985929772, "previous_graph": 5.08631637565788, "k036_graph": 5.086330985929772, "k042_graph": 5.086330985929772, "selected_graph": 5.086330985929772, "no_skip_graph": 5.086330985929772, "attention_dense_graph": 5.086330985929772}}
{"stage": "validation", "elapsed_seconds": 11.194362043053843, "blocks": 48, "prediction_tokens": 98256, "loss": {"native": 5.514379355053699, "native_graph": 5.514379355053699, "previous_graph": 5.514402323991346, "k036_graph": 5.514379355053699, "k042_graph": 5.514379355053699, "selected_graph": 5.514379355053699, "no_skip_graph": 5.514379355053699, "attention_dense_graph": 5.514379355053699}}
{"stage": "validation", "elapsed_seconds": 12.431382209993899, "blocks": 64, "prediction_tokens": 131008, "loss": {"native": 5.670071865094832, "native_graph": 5.670071865094832, "previous_graph": 5.670099117724442, "k036_graph": 5.670071865094832, "k042_graph": 5.670071865094832, "selected_graph": 5.670071865094832, "no_skip_graph": 5.670071865094832, "attention_dense_graph": 5.670071865094832}}
{"stage": "validation", "elapsed_seconds": 13.663341735024005, "blocks": 80, "prediction_tokens": 163760, "loss": {"native": 5.643595652913372, "native_graph": 5.643595652913372, "previous_graph": 5.643595652913372, "k036_graph": 5.643595652913372, "k042_graph": 5.643595652913372, "selected_graph": 5.643595652913372, "no_skip_graph": 5.643595652913372, "attention_dense_graph": 5.643595652913372}}
{"stage": "validation", "elapsed_seconds": 14.896347147063352, "blocks": 96, "prediction_tokens": 196512, "loss": {"native": 5.644690554143163, "native_graph": 5.644690554143163, "previous_graph": 5.644666034727682, "k036_graph": 5.644690554143163, "k042_graph": 5.644690554143163, "selected_graph": 5.644690554143163, "no_skip_graph": 5.644690554143163, "attention_dense_graph": 5.644690554143163}}
{"stage": "validation", "elapsed_seconds": 16.131752360030077, "blocks": 112, "prediction_tokens": 229264, "loss": {"native": 5.620486848676634, "native_graph": 5.620486848676634, "previous_graph": 5.620487551503126, "k036_graph": 5.620486848676634, "k042_graph": 5.620486848676634, "selected_graph": 5.620486848676634, "no_skip_graph": 5.620486848676634, "attention_dense_graph": 5.620486848676634}}
{"stage": "validation", "elapsed_seconds": 17.367013553041033, "blocks": 128, "prediction_tokens": 262016, "loss": {"native": 5.507317487589021, "native_graph": 5.507317487589021, "previous_graph": 5.507328154578347, "k036_graph": 5.507317487589021, "k042_graph": 5.507317487589021, "selected_graph": 5.507317487589021, "no_skip_graph": 5.507317487589021, "attention_dense_graph": 5.507317487589021}}
{"stage": "validation", "elapsed_seconds": 18.60017086402513, "blocks": 144, "prediction_tokens": 294768, "loss": {"native": 5.528403157048509, "native_graph": 5.528403157048509, "previous_graph": 5.528402388435566, "k036_graph": 5.528403157048509, "k042_graph": 5.528403157048509, "selected_graph": 5.528403157048509, "no_skip_graph": 5.528403157048509, "attention_dense_graph": 5.528403157048509}}
{"stage": "validation", "elapsed_seconds": 19.83516152901575, "blocks": 160, "prediction_tokens": 327520, "loss": {"native": 5.531575326029708, "native_graph": 5.531575326029708, "previous_graph": 5.5315554799134405, "k036_graph": 5.531575326029708, "k042_graph": 5.531575326029708, "selected_graph": 5.531575326029708, "no_skip_graph": 5.531575326029708, "attention_dense_graph": 5.531575326029708}}
{"stage": "validation", "elapsed_seconds": 21.068720828043297, "blocks": 176, "prediction_tokens": 360272, "loss": {"native": 5.4930865833336515, "native_graph": 5.4930865833336515, "previous_graph": 5.493041402626436, "k036_graph": 5.4930865833336515, "k042_graph": 5.4930865833336515, "selected_graph": 5.4930865833336515, "no_skip_graph": 5.4930865833336515, "attention_dense_graph": 5.4930865833336515}}
{"stage": "validation", "elapsed_seconds": 22.301871309056878, "blocks": 192, "prediction_tokens": 393024, "loss": {"native": 5.4841169435879715, "native_graph": 5.4841169435879715, "previous_graph": 5.484105849223345, "k036_graph": 5.4841169435879715, "k042_graph": 5.4841169435879715, "selected_graph": 5.4841169435879715, "no_skip_graph": 5.4841169435879715, "attention_dense_graph": 5.4841169435879715}}
{"stage": "validation", "elapsed_seconds": 23.53525575902313, "blocks": 208, "prediction_tokens": 425776, "loss": {"native": 5.514604922055185, "native_graph": 5.514604922055185, "previous_graph": 5.514588293409783, "k036_graph": 5.514604922055185, "k042_graph": 5.514604922055185, "selected_graph": 5.514604922055185, "no_skip_graph": 5.514604922055185, "attention_dense_graph": 5.514604922055185}}
{"stage": "validation", "elapsed_seconds": 24.76879786909558, "blocks": 224, "prediction_tokens": 458528, "loss": {"native": 5.5232805279629185, "native_graph": 5.5232805279629185, "previous_graph": 5.523249676009766, "k036_graph": 5.5232805279629185, "k042_graph": 5.5232805279629185, "selected_graph": 5.5232805279629185, "no_skip_graph": 5.5232805279629185, "attention_dense_graph": 5.5232805279629185}}
{"stage": "validation", "elapsed_seconds": 26.00122401304543, "blocks": 240, "prediction_tokens": 491280, "loss": {"native": 5.507357408914595, "native_graph": 5.507357408914595, "previous_graph": 5.507336476469948, "k036_graph": 5.507357408914595, "k042_graph": 5.507357408914595, "selected_graph": 5.507357408914595, "no_skip_graph": 5.507357408914595, "attention_dense_graph": 5.507357408914595}}
{"stage": "validation", "elapsed_seconds": 27.236836285097525, "blocks": 256, "prediction_tokens": 524032, "loss": {"native": 5.520138152122032, "native_graph": 5.520138152122032, "previous_graph": 5.520108753608737, "k036_graph": 5.520138152122032, "k042_graph": 5.520138152122032, "selected_graph": 5.520138152122032, "no_skip_graph": 5.520138152122032, "attention_dense_graph": 5.520138152122032}}
{"stage": "validation", "elapsed_seconds": 28.47225219802931, "blocks": 272, "prediction_tokens": 556784, "loss": {"native": 5.526723318577648, "native_graph": 5.526723318577648, "previous_graph": 5.526707607712046, "k036_graph": 5.526723318577648, "k042_graph": 5.526723318577648, "selected_graph": 5.526723318577648, "no_skip_graph": 5.526723318577648, "attention_dense_graph": 5.526723318577648}}
{"stage": "validation", "elapsed_seconds": 29.708643397083506, "blocks": 288, "prediction_tokens": 589536, "loss": {"native": 5.5052440638962254, "native_graph": 5.5052440638962254, "previous_graph": 5.505211671995805, "k036_graph": 5.5052440638962254, "k042_graph": 5.5052440638962254, "selected_graph": 5.5052440638962254, "no_skip_graph": 5.5052440638962254, "attention_dense_graph": 5.5052440638962254}}
{"stage": "validation", "elapsed_seconds": 30.941729678073898, "blocks": 304, "prediction_tokens": 622288, "loss": {"native": 5.510409369900372, "native_graph": 5.510409369900372, "previous_graph": 5.510357787480184, "k036_graph": 5.510409369900372, "k042_graph": 5.510409369900372, "selected_graph": 5.510409369900372, "no_skip_graph": 5.510409369900372, "attention_dense_graph": 5.510409369900372}}
{"stage": "validation", "elapsed_seconds": 32.17789015802555, "blocks": 320, "prediction_tokens": 655040, "loss": {"native": 5.4826277277675795, "native_graph": 5.4826277277675795, "previous_graph": 5.482579524306245, "k036_graph": 5.4826277277675795, "k042_graph": 5.4826277277675795, "selected_graph": 5.4826277277675795, "no_skip_graph": 5.4826277277675795, "attention_dense_graph": 5.4826277277675795}}
{"stage": "validation", "elapsed_seconds": 33.41130047803745, "blocks": 336, "prediction_tokens": 687792, "loss": {"native": 5.470052524907149, "native_graph": 5.470052524907149, "previous_graph": 5.470014577956071, "k036_graph": 5.470052524907149, "k042_graph": 5.470052524907149, "selected_graph": 5.470052524907149, "no_skip_graph": 5.470052524907149, "attention_dense_graph": 5.470052524907149}}
{"stage": "complete", "elapsed_seconds": 33.579702321090735, "qualified": {"native_graph": true, "previous_graph": false, "k036_graph": true, "k042_graph": true, "selected_graph": true, "no_skip_graph": true, "attention_dense_graph": true, "native": true}, "loss": {"native": 5.472691942747794, "native_graph": 5.472691942747794, "previous_graph": 5.472652818765031, "k036_graph": 5.472691942747794, "k042_graph": 5.472691942747794, "selected_graph": 5.472691942747794, "no_skip_graph": 5.472691942747794, "attention_dense_graph": 5.472691942747794}, "timing": {"attention_dense_graph": {"samples": 224, "median_host_ms": 0.6801925483159721, "paired_geomean_speedup": 1.0628356266093495, "input_tokens_per_second": null}, "selected_graph": {"samples": 224, "median_host_ms": 0.6988219683989882, "paired_geomean_speedup": 1.0360879806570438, "input_tokens_per_second": null}, "no_skip_graph": {"samples": 224, "median_host_ms": 0.6772874621674418, "paired_geomean_speedup": 1.0690173094944333, "input_tokens_per_second": null}, "previous_graph": {"samples": 224, "median_host_ms": 0.6960525061003864, "paired_geomean_speedup": 1.0363436469312717, "input_tokens_per_second": null}, "k042_graph": {"samples": 224, "median_host_ms": 0.6151879788376391, "paired_geomean_speedup": 1.1744835038566257, "input_tokens_per_second": null}, "native": {"samples": 224, "median_host_ms": 3.286668041255325, "paired_geomean_speedup": 0.21941872319685174, "input_tokens_per_second": null}, "native_graph": {"samples": 224, "median_host_ms": 0.7227369933389127, "paired_geomean_speedup": 1.0, "input_tokens_per_second": null}, "k036_graph": {"samples": 224, "median_host_ms": 0.6248530116863549, "paired_geomean_speedup": 1.1568640258065115, "input_tokens_per_second": null}}}
