{"stage": "loading", "elapsed_seconds": 1.3542956440942362, "mode": "native"}
Loading weights:   0%|          | 0/76 [00:00<?, ?it/s]Loading weights: 100%|██████████| 76/76 [00:00<00:00, 11874.80it/s]
{"stage": "loading", "elapsed_seconds": 1.8150917910970747, "mode": "previous"}
Loading weights:   0%|          | 0/76 [00:00<?, ?it/s]Loading weights: 100%|██████████| 76/76 [00:00<00:00, 12708.49it/s]
ninja: no work to do.
ninja: no work to do.
{"stage": "loading", "elapsed_seconds": 1.9729205620242283, "mode": "k036"}
Loading weights:   0%|          | 0/76 [00:00<?, ?it/s]Loading weights: 100%|██████████| 76/76 [00:00<00:00, 13028.45it/s]
ninja: no work to do.
ninja: no work to do.
ninja: no work to do.
{"stage": "loading", "elapsed_seconds": 2.680687239044346, "mode": "k042"}
Loading weights:   0%|          | 0/76 [00:00<?, ?it/s]Loading weights: 100%|██████████| 76/76 [00:00<00:00, 9898.98it/s]
ninja: no work to do.
{"stage": "loading", "elapsed_seconds": 3.305966633022763, "mode": "k045"}
Loading weights:   0%|          | 0/76 [00:00<?, ?it/s]Loading weights: 100%|██████████| 76/76 [00:00<00:00, 9181.87it/s]
ninja: no work to do.
{"stage": "loading", "elapsed_seconds": 3.969849778106436, "mode": "selected"}
Loading weights:   0%|          | 0/76 [00:00<?, ?it/s]Loading weights: 100%|██████████| 76/76 [00:00<00:00, 9288.90it/s]
ninja: no work to do.
{"stage": "loading", "elapsed_seconds": 4.606730731087737, "mode": "no_skip"}
Loading weights:   0%|          | 0/76 [00:00<?, ?it/s]Loading weights: 100%|██████████| 76/76 [00:00<00:00, 9100.61it/s]
{"stage": "loading", "elapsed_seconds": 5.192344568087719, "mode": "attention_dense"}
Loading weights:   0%|          | 0/76 [00:00<?, ?it/s]Loading weights: 100%|██████████| 76/76 [00:00<00:00, 10783.37it/s]
{"stage": "timing", "elapsed_seconds": 6.071352917002514}
{"stage": "validation", "elapsed_seconds": 8.100190288037993}
{"stage": "validation", "elapsed_seconds": 9.595617564045824, "blocks": 16, "prediction_tokens": 32752, "loss": {"native": 5.433529643704965, "native_graph": 5.433529643704965, "previous_graph": 5.433529643704965, "k036_graph": 5.433529643704965, "k042_graph": 5.433529643704965, "k045_graph": 5.433529643704965, "selected_graph": 5.433529643704965, "no_skip_graph": 5.433529643704965, "attention_dense_graph": 5.433529643704965}}
{"stage": "validation", "elapsed_seconds": 10.994327588006854, "blocks": 32, "prediction_tokens": 65504, "loss": {"native": 5.4627757032848185, "native_graph": 5.4627757032848185, "previous_graph": 5.4627757032848185, "k036_graph": 5.4627757032848185, "k042_graph": 5.4627757032848185, "k045_graph": 5.4627757032848185, "selected_graph": 5.4627757032848185, "no_skip_graph": 5.4627757032848185, "attention_dense_graph": 5.4627757032848185}}
{"stage": "validation", "elapsed_seconds": 12.392538943095133, "blocks": 48, "prediction_tokens": 98256, "loss": {"native": 5.8373225488058615, "native_graph": 5.8373225488058615, "previous_graph": 5.8373225488058615, "k036_graph": 5.8373225488058615, "k042_graph": 5.8373225488058615, "k045_graph": 5.8373225488058615, "selected_graph": 5.8373225488058615, "no_skip_graph": 5.8373225488058615, "attention_dense_graph": 5.8373225488058615}}
{"stage": "validation", "elapsed_seconds": 13.79092182801105, "blocks": 64, "prediction_tokens": 131008, "loss": {"native": 5.963783443061445, "native_graph": 5.963783443061445, "previous_graph": 5.963783443061445, "k036_graph": 5.963783443061445, "k042_graph": 5.963783443061445, "k045_graph": 5.963783443061445, "selected_graph": 5.963783443061445, "no_skip_graph": 5.963783443061445, "attention_dense_graph": 5.963783443061445}}
{"stage": "validation", "elapsed_seconds": 15.189079764066264, "blocks": 80, "prediction_tokens": 163760, "loss": {"native": 5.932614924398701, "native_graph": 5.932614924398701, "previous_graph": 5.932614924398701, "k036_graph": 5.932614924398701, "k042_graph": 5.932614924398701, "k045_graph": 5.932614924398701, "selected_graph": 5.932614924398701, "no_skip_graph": 5.932614924398701, "attention_dense_graph": 5.932614924398701}}
{"stage": "validation", "elapsed_seconds": 16.588133726036176, "blocks": 96, "prediction_tokens": 196512, "loss": {"native": 5.941523398042327, "native_graph": 5.941523398042327, "previous_graph": 5.941523398042327, "k036_graph": 5.941523398042327, "k042_graph": 5.941523398042327, "k045_graph": 5.941523398042327, "selected_graph": 5.941523398042327, "no_skip_graph": 5.941523398042327, "attention_dense_graph": 5.941523398042327}}
{"stage": "validation", "elapsed_seconds": 17.986306172097102, "blocks": 112, "prediction_tokens": 229264, "loss": {"native": 5.928813884542628, "native_graph": 5.928813884542628, "previous_graph": 5.928813884542628, "k036_graph": 5.928813884542628, "k042_graph": 5.928813884542628, "k045_graph": 5.928813884542628, "selected_graph": 5.928813884542628, "no_skip_graph": 5.928813884542628, "attention_dense_graph": 5.928813884542628}}
{"stage": "validation", "elapsed_seconds": 19.38613008207176, "blocks": 128, "prediction_tokens": 262016, "loss": {"native": 5.831156502832246, "native_graph": 5.831156502832246, "previous_graph": 5.831156502832246, "k036_graph": 5.831156502832246, "k042_graph": 5.831156502832246, "k045_graph": 5.831156502832246, "selected_graph": 5.831156502832246, "no_skip_graph": 5.831156502832246, "attention_dense_graph": 5.831156502832246}}
{"stage": "validation", "elapsed_seconds": 20.78772210504394, "blocks": 144, "prediction_tokens": 294768, "loss": {"native": 5.849604330977561, "native_graph": 5.849604330977561, "previous_graph": 5.849604330977561, "k036_graph": 5.849604330977561, "k042_graph": 5.849604330977561, "k045_graph": 5.849604330977561, "selected_graph": 5.849604330977561, "no_skip_graph": 5.849604330977561, "attention_dense_graph": 5.849604330977561}}
{"stage": "validation", "elapsed_seconds": 22.189300879021175, "blocks": 160, "prediction_tokens": 327520, "loss": {"native": 5.855593878033689, "native_graph": 5.855593878033689, "previous_graph": 5.855593878033689, "k036_graph": 5.855593878033689, "k042_graph": 5.855593878033689, "k045_graph": 5.855593878033689, "selected_graph": 5.855593878033689, "no_skip_graph": 5.855593878033689, "attention_dense_graph": 5.855593878033689}}
{"stage": "validation", "elapsed_seconds": 23.591069781105034, "blocks": 176, "prediction_tokens": 360272, "loss": {"native": 5.82820932078532, "native_graph": 5.82820932078532, "previous_graph": 5.82820932078532, "k036_graph": 5.82820932078532, "k042_graph": 5.82820932078532, "k045_graph": 5.82820932078532, "selected_graph": 5.82820932078532, "no_skip_graph": 5.82820932078532, "attention_dense_graph": 5.82820932078532}}
{"stage": "validation", "elapsed_seconds": 24.99365412106272, "blocks": 192, "prediction_tokens": 393024, "loss": {"native": 5.827277839038217, "native_graph": 5.827277839038217, "previous_graph": 5.827277839038217, "k036_graph": 5.827277839038217, "k042_graph": 5.827277839038217, "k045_graph": 5.827277839038217, "selected_graph": 5.827277839038217, "no_skip_graph": 5.827277839038217, "attention_dense_graph": 5.827277839038217}}
{"stage": "validation", "elapsed_seconds": 26.397093898034655, "blocks": 208, "prediction_tokens": 425776, "loss": {"native": 5.853064829303951, "native_graph": 5.853064829303951, "previous_graph": 5.853064829303951, "k036_graph": 5.853064829303951, "k042_graph": 5.853064829303951, "k045_graph": 5.853064829303951, "selected_graph": 5.853064829303951, "no_skip_graph": 5.853064829303951, "attention_dense_graph": 5.853064829303951}}
{"stage": "validation", "elapsed_seconds": 27.799136599060148, "blocks": 224, "prediction_tokens": 458528, "loss": {"native": 5.860974186903867, "native_graph": 5.860974186903867, "previous_graph": 5.860974186903867, "k036_graph": 5.860974186903867, "k042_graph": 5.860974186903867, "k045_graph": 5.860974186903867, "selected_graph": 5.860974186903867, "no_skip_graph": 5.860974186903867, "attention_dense_graph": 5.860974186903867}}
{"stage": "validation", "elapsed_seconds": 29.20301045407541, "blocks": 240, "prediction_tokens": 491280, "loss": {"native": 5.845817573123715, "native_graph": 5.845817573123715, "previous_graph": 5.845817573123715, "k036_graph": 5.845817573123715, "k042_graph": 5.845817573123715, "k045_graph": 5.845817573123715, "selected_graph": 5.845817573123715, "no_skip_graph": 5.845817573123715, "attention_dense_graph": 5.845817573123715}}
{"stage": "validation", "elapsed_seconds": 30.606190652004443, "blocks": 256, "prediction_tokens": 524032, "loss": {"native": 5.860577907105685, "native_graph": 5.860577907105685, "previous_graph": 5.860577907105685, "k036_graph": 5.860577907105685, "k042_graph": 5.860577907105685, "k045_graph": 5.860577907105685, "selected_graph": 5.860577907105685, "no_skip_graph": 5.860577907105685, "attention_dense_graph": 5.860577907105685}}
{"stage": "validation", "elapsed_seconds": 32.0095891590463, "blocks": 272, "prediction_tokens": 556784, "loss": {"native": 5.871153765243513, "native_graph": 5.871153765243513, "previous_graph": 5.871153765243513, "k036_graph": 5.871153765243513, "k042_graph": 5.871153765243513, "k045_graph": 5.871153765243513, "selected_graph": 5.871153765243513, "no_skip_graph": 5.871153765243513, "attention_dense_graph": 5.871153765243513}}
{"stage": "validation", "elapsed_seconds": 33.41251416702289, "blocks": 288, "prediction_tokens": 589536, "loss": {"native": 5.85495766628994, "native_graph": 5.85495766628994, "previous_graph": 5.85495766628994, "k036_graph": 5.85495766628994, "k042_graph": 5.85495766628994, "k045_graph": 5.85495766628994, "selected_graph": 5.85495766628994, "no_skip_graph": 5.85495766628994, "attention_dense_graph": 5.85495766628994}}
{"stage": "validation", "elapsed_seconds": 34.81394918099977, "blocks": 304, "prediction_tokens": 622288, "loss": {"native": 5.859802871463605, "native_graph": 5.859802871463605, "previous_graph": 5.859802871463605, "k036_graph": 5.859802871463605, "k042_graph": 5.859802871463605, "k045_graph": 5.859802871463605, "selected_graph": 5.859802871463605, "no_skip_graph": 5.859802871463605, "attention_dense_graph": 5.859802871463605}}
{"stage": "validation", "elapsed_seconds": 36.2158912330633, "blocks": 320, "prediction_tokens": 655040, "loss": {"native": 5.835200507197079, "native_graph": 5.835200507197079, "previous_graph": 5.835200507197079, "k036_graph": 5.835200507197079, "k042_graph": 5.835200507197079, "k045_graph": 5.835200507197079, "selected_graph": 5.835200507197079, "no_skip_graph": 5.835200507197079, "attention_dense_graph": 5.835200507197079}}
{"stage": "validation", "elapsed_seconds": 37.615599233075045, "blocks": 336, "prediction_tokens": 687792, "loss": {"native": 5.828935494539274, "native_graph": 5.828935494539274, "previous_graph": 5.828935494539274, "k036_graph": 5.828935494539274, "k042_graph": 5.828935494539274, "k045_graph": 5.828935494539274, "selected_graph": 5.828935494539274, "no_skip_graph": 5.828935494539274, "attention_dense_graph": 5.828935494539274}}
{"stage": "complete", "elapsed_seconds": 37.80563003802672, "qualified": {"native_graph": true, "previous_graph": true, "k036_graph": true, "k042_graph": true, "k045_graph": true, "selected_graph": true, "no_skip_graph": true, "attention_dense_graph": true, "native": true}, "loss": {"native": 5.83130066301001, "native_graph": 5.83130066301001, "previous_graph": 5.83130066301001, "k036_graph": 5.83130066301001, "k042_graph": 5.83130066301001, "k045_graph": 5.83130066301001, "selected_graph": 5.83130066301001, "no_skip_graph": 5.83130066301001, "attention_dense_graph": 5.83130066301001}, "timing": {"no_skip_graph": {"samples": 224, "median_host_ms": 0.6973679410293698, "paired_geomean_speedup": 1.176921567652754, "input_tokens_per_second": null}, "selected_graph": {"samples": 224, "median_host_ms": 0.5644130287691951, "paired_geomean_speedup": 1.4555800608838578, "input_tokens_per_second": null}, "native_graph": {"samples": 224, "median_host_ms": 0.8208869840018451, "paired_geomean_speedup": 1.0, "input_tokens_per_second": null}, "previous_graph": {"samples": 224, "median_host_ms": 0.5184279871173203, "paired_geomean_speedup": 1.5829617598832053, "input_tokens_per_second": null}, "k045_graph": {"samples": 224, "median_host_ms": 0.5599129945039749, "paired_geomean_speedup": 1.4671346023791532, "input_tokens_per_second": null}, "k042_graph": {"samples": 224, "median_host_ms": 0.5805329419672489, "paired_geomean_speedup": 1.4127877652938068, "input_tokens_per_second": null}, "native": {"samples": 224, "median_host_ms": 3.81518091307953, "paired_geomean_speedup": 0.21447941753871433, "input_tokens_per_second": null}, "attention_dense_graph": {"samples": 224, "median_host_ms": 0.5574430106207728, "paired_geomean_speedup": 1.4719752723903372, "input_tokens_per_second": null}, "k036_graph": {"samples": 224, "median_host_ms": 0.5938379908911884, "paired_geomean_speedup": 1.3820085527911552, "input_tokens_per_second": null}}}
