{"stage": "loading", "elapsed_seconds": 1.4039711110526696, "mode": "native"}
Loading weights:   0%|          | 0/76 [00:00<?, ?it/s]Loading weights: 100%|██████████| 76/76 [00:00<00:00, 11490.42it/s]
{"stage": "loading", "elapsed_seconds": 1.852560471976176, "mode": "previous"}
Loading weights:   0%|          | 0/76 [00:00<?, ?it/s]Loading weights: 100%|██████████| 76/76 [00:00<00:00, 10214.60it/s]
ninja: no work to do.
ninja: no work to do.
{"stage": "loading", "elapsed_seconds": 2.0240669060731307, "mode": "k036"}
Loading weights:   0%|          | 0/76 [00:00<?, ?it/s]Loading weights: 100%|██████████| 76/76 [00:00<00:00, 10317.09it/s]
ninja: no work to do.
ninja: no work to do.
ninja: no work to do.
{"stage": "loading", "elapsed_seconds": 2.7412414060672745, "mode": "k042"}
Loading weights:   0%|          | 0/76 [00:00<?, ?it/s]Loading weights: 100%|██████████| 76/76 [00:00<00:00, 10168.01it/s]
ninja: no work to do.
{"stage": "loading", "elapsed_seconds": 3.3704374170629308, "mode": "k045"}
Loading weights:   0%|          | 0/76 [00:00<?, ?it/s]Loading weights: 100%|██████████| 76/76 [00:00<00:00, 10988.56it/s]
ninja: no work to do.
{"stage": "loading", "elapsed_seconds": 4.044528444996104, "mode": "selected"}
Loading weights:   0%|          | 0/76 [00:00<?, ?it/s]Loading weights: 100%|██████████| 76/76 [00:00<00:00, 10286.79it/s]
ninja: no work to do.
{"stage": "loading", "elapsed_seconds": 4.67967621400021, "mode": "no_skip"}
Loading weights:   0%|          | 0/76 [00:00<?, ?it/s]Loading weights: 100%|██████████| 76/76 [00:00<00:00, 9764.95it/s]
{"stage": "loading", "elapsed_seconds": 5.271720111020841, "mode": "attention_dense"}
Loading weights:   0%|          | 0/76 [00:00<?, ?it/s]Loading weights: 100%|██████████| 76/76 [00:00<00:00, 9593.62it/s]
{"stage": "timing", "elapsed_seconds": 6.146571175078861}
{"stage": "validation", "elapsed_seconds": 8.18464784999378}
{"stage": "validation", "elapsed_seconds": 9.675792822032236, "blocks": 16, "prediction_tokens": 32752, "loss": {"native": 5.306671709098872, "native_graph": 5.306671709098872, "previous_graph": 5.306671709098872, "k036_graph": 5.306671709098872, "k042_graph": 5.306671709098872, "k045_graph": 5.306671709098872, "selected_graph": 5.306671709098872, "no_skip_graph": 5.306671709098872, "attention_dense_graph": 5.306671709098872}}
{"stage": "validation", "elapsed_seconds": 11.076767184073105, "blocks": 32, "prediction_tokens": 65504, "loss": {"native": 5.331999897549196, "native_graph": 5.331999897549196, "previous_graph": 5.331999897549196, "k036_graph": 5.331999897549196, "k042_graph": 5.331999897549196, "k045_graph": 5.331999897549196, "selected_graph": 5.331999897549196, "no_skip_graph": 5.331999897549196, "attention_dense_graph": 5.331999897549196}}
{"stage": "validation", "elapsed_seconds": 12.475985613069497, "blocks": 48, "prediction_tokens": 98256, "loss": {"native": 5.737122188307839, "native_graph": 5.737122188307839, "previous_graph": 5.737122188307839, "k036_graph": 5.737122188307839, "k042_graph": 5.737122188307839, "k045_graph": 5.737122188307839, "selected_graph": 5.737122188307839, "no_skip_graph": 5.737122188307839, "attention_dense_graph": 5.737122188307839}}
{"stage": "validation", "elapsed_seconds": 13.878048651036806, "blocks": 64, "prediction_tokens": 131008, "loss": {"native": 5.871181255092723, "native_graph": 5.871181255092723, "previous_graph": 5.871181255092723, "k036_graph": 5.871181255092723, "k042_graph": 5.871181255092723, "k045_graph": 5.871181255092723, "selected_graph": 5.871181255092723, "no_skip_graph": 5.871181255092723, "attention_dense_graph": 5.871181255092723}}
{"stage": "validation", "elapsed_seconds": 15.279699190054089, "blocks": 80, "prediction_tokens": 163760, "loss": {"native": 5.840198582815553, "native_graph": 5.840198582815553, "previous_graph": 5.840198582815553, "k036_graph": 5.840198582815553, "k042_graph": 5.840198582815553, "k045_graph": 5.840198582815553, "selected_graph": 5.840198582815553, "no_skip_graph": 5.840198582815553, "attention_dense_graph": 5.840198582815553}}
{"stage": "validation", "elapsed_seconds": 16.681982857058756, "blocks": 96, "prediction_tokens": 196512, "loss": {"native": 5.845940755605891, "native_graph": 5.845940755605891, "previous_graph": 5.845940755605891, "k036_graph": 5.845940755605891, "k042_graph": 5.845940755605891, "k045_graph": 5.845940755605891, "selected_graph": 5.845940755605891, "no_skip_graph": 5.845940755605891, "attention_dense_graph": 5.845940755605891}}
{"stage": "validation", "elapsed_seconds": 18.082433450967073, "blocks": 112, "prediction_tokens": 229264, "loss": {"native": 5.833146784724706, "native_graph": 5.833146784724706, "previous_graph": 5.833146784724706, "k036_graph": 5.833146784724706, "k042_graph": 5.833146784724706, "k045_graph": 5.833146784724706, "selected_graph": 5.833146784724706, "no_skip_graph": 5.833146784724706, "attention_dense_graph": 5.833146784724706}}
{"stage": "validation", "elapsed_seconds": 19.482833535061218, "blocks": 128, "prediction_tokens": 262016, "loss": {"native": 5.726214169873572, "native_graph": 5.726214169873572, "previous_graph": 5.726214169873572, "k036_graph": 5.726214169873572, "k042_graph": 5.726214169873572, "k045_graph": 5.726214169873572, "selected_graph": 5.726214169873572, "no_skip_graph": 5.726214169873572, "attention_dense_graph": 5.726214169873572}}
{"stage": "validation", "elapsed_seconds": 20.88408911600709, "blocks": 144, "prediction_tokens": 294768, "loss": {"native": 5.747373919581989, "native_graph": 5.747373919581989, "previous_graph": 5.747373919581989, "k036_graph": 5.747373919581989, "k042_graph": 5.747373919581989, "k045_graph": 5.747373919581989, "selected_graph": 5.747373919581989, "no_skip_graph": 5.747373919581989, "attention_dense_graph": 5.747373919581989}}
{"stage": "validation", "elapsed_seconds": 22.290062080021016, "blocks": 160, "prediction_tokens": 327520, "loss": {"native": 5.751794980733524, "native_graph": 5.751794980733524, "previous_graph": 5.751794980733524, "k036_graph": 5.751794980733524, "k042_graph": 5.751794980733524, "k045_graph": 5.751794980733524, "selected_graph": 5.751794980733524, "no_skip_graph": 5.751794980733524, "attention_dense_graph": 5.751794980733524}}
{"stage": "validation", "elapsed_seconds": 23.689097849070095, "blocks": 176, "prediction_tokens": 360272, "loss": {"native": 5.722244650992427, "native_graph": 5.722244650992427, "previous_graph": 5.722244650992427, "k036_graph": 5.722244650992427, "k042_graph": 5.722244650992427, "k045_graph": 5.722244650992427, "selected_graph": 5.722244650992427, "no_skip_graph": 5.722244650992427, "attention_dense_graph": 5.722244650992427}}
{"stage": "validation", "elapsed_seconds": 25.088127327966504, "blocks": 192, "prediction_tokens": 393024, "loss": {"native": 5.708487579787987, "native_graph": 5.708487579787987, "previous_graph": 5.708487579787987, "k036_graph": 5.708487579787987, "k042_graph": 5.708487579787987, "k045_graph": 5.708487579787987, "selected_graph": 5.708487579787987, "no_skip_graph": 5.708487579787987, "attention_dense_graph": 5.708487579787987}}
{"stage": "validation", "elapsed_seconds": 26.487665785010904, "blocks": 208, "prediction_tokens": 425776, "loss": {"native": 5.736139527491055, "native_graph": 5.736139527491055, "previous_graph": 5.736139527491055, "k036_graph": 5.736139527491055, "k042_graph": 5.736139527491055, "k045_graph": 5.736139527491055, "selected_graph": 5.736139527491055, "no_skip_graph": 5.736139527491055, "attention_dense_graph": 5.736139527491055}}
{"stage": "validation", "elapsed_seconds": 27.886785894050263, "blocks": 224, "prediction_tokens": 458528, "loss": {"native": 5.744317380537898, "native_graph": 5.744317380537898, "previous_graph": 5.744317380537898, "k036_graph": 5.744317380537898, "k042_graph": 5.744317380537898, "k045_graph": 5.744317380537898, "selected_graph": 5.744317380537898, "no_skip_graph": 5.744317380537898, "attention_dense_graph": 5.744317380537898}}
{"stage": "validation", "elapsed_seconds": 29.288796982029453, "blocks": 240, "prediction_tokens": 491280, "loss": {"native": 5.730159031119919, "native_graph": 5.730159031119919, "previous_graph": 5.730159031119919, "k036_graph": 5.730159031119919, "k042_graph": 5.730159031119919, "k045_graph": 5.730159031119919, "selected_graph": 5.730159031119919, "no_skip_graph": 5.730159031119919, "attention_dense_graph": 5.730159031119919}}
{"stage": "validation", "elapsed_seconds": 30.68960446503479, "blocks": 256, "prediction_tokens": 524032, "loss": {"native": 5.743961111533682, "native_graph": 5.743961111533682, "previous_graph": 5.743961111533682, "k036_graph": 5.743961111533682, "k042_graph": 5.743961111533682, "k045_graph": 5.743961111533682, "selected_graph": 5.743961111533682, "no_skip_graph": 5.743961111533682, "attention_dense_graph": 5.743961111533682}}
{"stage": "validation", "elapsed_seconds": 32.089828878990375, "blocks": 272, "prediction_tokens": 556784, "loss": {"native": 5.754034628336853, "native_graph": 5.754034628336853, "previous_graph": 5.754034628336853, "k036_graph": 5.754034628336853, "k042_graph": 5.754034628336853, "k045_graph": 5.754034628336853, "selected_graph": 5.754034628336853, "no_skip_graph": 5.754034628336853, "attention_dense_graph": 5.754034628336853}}
{"stage": "validation", "elapsed_seconds": 33.48971663496923, "blocks": 288, "prediction_tokens": 589536, "loss": {"native": 5.737114115387197, "native_graph": 5.737114115387197, "previous_graph": 5.737114115387197, "k036_graph": 5.737114115387197, "k042_graph": 5.737114115387197, "k045_graph": 5.737114115387197, "selected_graph": 5.737114115387197, "no_skip_graph": 5.737114115387197, "attention_dense_graph": 5.737114115387197}}
{"stage": "validation", "elapsed_seconds": 34.888990793027915, "blocks": 304, "prediction_tokens": 622288, "loss": {"native": 5.741783389452261, "native_graph": 5.741783389452261, "previous_graph": 5.741783389452261, "k036_graph": 5.741783389452261, "k042_graph": 5.741783389452261, "k045_graph": 5.741783389452261, "selected_graph": 5.741783389452261, "no_skip_graph": 5.741783389452261, "attention_dense_graph": 5.741783389452261}}
{"stage": "validation", "elapsed_seconds": 36.288142331992276, "blocks": 320, "prediction_tokens": 655040, "loss": {"native": 5.715576907606549, "native_graph": 5.715576907606549, "previous_graph": 5.715576907606549, "k036_graph": 5.715576907606549, "k042_graph": 5.715576907606549, "k045_graph": 5.715576907606549, "selected_graph": 5.715576907606549, "no_skip_graph": 5.715576907606549, "attention_dense_graph": 5.715576907606549}}
{"stage": "validation", "elapsed_seconds": 37.68642749404535, "blocks": 336, "prediction_tokens": 687792, "loss": {"native": 5.705570814888895, "native_graph": 5.705570814888895, "previous_graph": 5.705570814888895, "k036_graph": 5.705570814888895, "k042_graph": 5.705570814888895, "k045_graph": 5.705570814888895, "selected_graph": 5.705570814888895, "no_skip_graph": 5.705570814888895, "attention_dense_graph": 5.705570814888895}}
{"stage": "complete", "elapsed_seconds": 37.876792837982066, "qualified": {"native_graph": true, "previous_graph": true, "k036_graph": true, "k042_graph": true, "k045_graph": true, "selected_graph": true, "no_skip_graph": true, "attention_dense_graph": true, "native": true}, "loss": {"native": 5.707563187398737, "native_graph": 5.707563187398737, "previous_graph": 5.707563187398737, "k036_graph": 5.707563187398737, "k042_graph": 5.707563187398737, "k045_graph": 5.707563187398737, "selected_graph": 5.707563187398737, "no_skip_graph": 5.707563187398737, "attention_dense_graph": 5.707563187398737}, "timing": {"no_skip_graph": {"samples": 224, "median_host_ms": 0.6986180087551475, "paired_geomean_speedup": 1.178362706169059, "input_tokens_per_second": null}, "selected_graph": {"samples": 224, "median_host_ms": 0.5515330121852458, "paired_geomean_speedup": 1.493990462281643, "input_tokens_per_second": null}, "native_graph": {"samples": 224, "median_host_ms": 0.8228269871324301, "paired_geomean_speedup": 1.0, "input_tokens_per_second": null}, "previous_graph": {"samples": 224, "median_host_ms": 0.5194330005906522, "paired_geomean_speedup": 1.584193973626642, "input_tokens_per_second": null}, "k045_graph": {"samples": 224, "median_host_ms": 0.569597992580384, "paired_geomean_speedup": 1.4504549179057369, "input_tokens_per_second": null}, "k042_graph": {"samples": 224, "median_host_ms": 0.5841129459440708, "paired_geomean_speedup": 1.4088634497674113, "input_tokens_per_second": null}, "native": {"samples": 224, "median_host_ms": 3.817486052867025, "paired_geomean_speedup": 0.2124771357718664, "input_tokens_per_second": null}, "attention_dense_graph": {"samples": 224, "median_host_ms": 0.5428329459391534, "paired_geomean_speedup": 1.5176679858625042, "input_tokens_per_second": null}, "k036_graph": {"samples": 224, "median_host_ms": 0.596967525780201, "paired_geomean_speedup": 1.3786279900628406, "input_tokens_per_second": null}}}
