{"stage": "loading", "elapsed_seconds": 1.4196296540321782, "mode": "native"}
Loading weights:   0%|          | 0/76 [00:00<?, ?it/s]Loading weights: 100%|██████████| 76/76 [00:00<00:00, 12451.84it/s]
{"stage": "loading", "elapsed_seconds": 1.8095447990344837, "mode": "previous"}
Loading weights:   0%|          | 0/76 [00:00<?, ?it/s]Loading weights: 100%|██████████| 76/76 [00:00<00:00, 10177.10it/s]
ninja: no work to do.
ninja: no work to do.
{"stage": "loading", "elapsed_seconds": 1.9664712559897453, "mode": "k036"}
Loading weights:   0%|          | 0/76 [00:00<?, ?it/s]Loading weights: 100%|██████████| 76/76 [00:00<00:00, 15504.99it/s]
ninja: no work to do.
ninja: no work to do.
ninja: no work to do.
{"stage": "loading", "elapsed_seconds": 2.70028985501267, "mode": "k042"}
Loading weights:   0%|          | 0/76 [00:00<?, ?it/s]Loading weights: 100%|██████████| 76/76 [00:00<00:00, 10204.14it/s]
ninja: no work to do.
{"stage": "loading", "elapsed_seconds": 3.4255530460504815, "mode": "k045"}
Loading weights:   0%|          | 0/76 [00:00<?, ?it/s]Loading weights: 100%|██████████| 76/76 [00:00<00:00, 9921.78it/s]
ninja: no work to do.
{"stage": "loading", "elapsed_seconds": 4.0964366850676015, "mode": "selected"}
Loading weights:   0%|          | 0/76 [00:00<?, ?it/s]Loading weights: 100%|██████████| 76/76 [00:00<00:00, 15681.18it/s]
ninja: no work to do.
{"stage": "loading", "elapsed_seconds": 4.716787958052009, "mode": "no_skip"}
Loading weights:   0%|          | 0/76 [00:00<?, ?it/s]Loading weights: 100%|██████████| 76/76 [00:00<00:00, 10625.57it/s]
{"stage": "loading", "elapsed_seconds": 5.308026658021845, "mode": "attention_dense"}
Loading weights:   0%|          | 0/76 [00:00<?, ?it/s]Loading weights: 100%|██████████| 76/76 [00:00<00:00, 9457.28it/s]
{"stage": "timing", "elapsed_seconds": 6.187856864067726}
{"stage": "validation", "elapsed_seconds": 8.223854526062496}
{"stage": "validation", "elapsed_seconds": 9.709368459065445, "blocks": 16, "prediction_tokens": 32752, "loss": {"native": 4.8226428234583, "native_graph": 4.8226428234583, "previous_graph": 4.822758557683501, "k036_graph": 4.8226428234583, "k042_graph": 4.8226428234583, "k045_graph": 4.8226428234583, "selected_graph": 4.8226428234583, "no_skip_graph": 4.8226428234583, "attention_dense_graph": 4.8226428234583}}
{"stage": "validation", "elapsed_seconds": 11.107433062046766, "blocks": 32, "prediction_tokens": 65504, "loss": {"native": 4.815816650986963, "native_graph": 4.815816650986963, "previous_graph": 4.81585312448715, "k036_graph": 4.815816650986963, "k042_graph": 4.815816650986963, "k045_graph": 4.815816650986963, "selected_graph": 4.815816650986963, "no_skip_graph": 4.815816650986963, "attention_dense_graph": 4.815816650986963}}
{"stage": "validation", "elapsed_seconds": 12.509313491056673, "blocks": 48, "prediction_tokens": 98256, "loss": {"native": 5.284550987185261, "native_graph": 5.284550987185261, "previous_graph": 5.284538399491825, "k036_graph": 5.284550987185261, "k042_graph": 5.284550987185261, "k045_graph": 5.284550987185261, "selected_graph": 5.284550987185261, "no_skip_graph": 5.284550987185261, "attention_dense_graph": 5.284550987185261}}
{"stage": "validation", "elapsed_seconds": 13.908060371060856, "blocks": 64, "prediction_tokens": 131008, "loss": {"native": 5.460645331833266, "native_graph": 5.460645331833266, "previous_graph": 5.460743216927831, "k036_graph": 5.460645331833266, "k042_graph": 5.460645331833266, "k045_graph": 5.460645331833266, "selected_graph": 5.460645331833266, "no_skip_graph": 5.460645331833266, "attention_dense_graph": 5.460645331833266}}
{"stage": "validation", "elapsed_seconds": 15.307343358988874, "blocks": 80, "prediction_tokens": 163760, "loss": {"native": 5.433339674390114, "native_graph": 5.433339674390114, "previous_graph": 5.433410897974742, "k036_graph": 5.433339674390114, "k042_graph": 5.433339674390114, "k045_graph": 5.433339674390114, "selected_graph": 5.433339674390114, "no_skip_graph": 5.433339674390114, "attention_dense_graph": 5.433339674390114}}
{"stage": "validation", "elapsed_seconds": 16.70920427807141, "blocks": 96, "prediction_tokens": 196512, "loss": {"native": 5.427263109250326, "native_graph": 5.427263109250326, "previous_graph": 5.42732550355942, "k036_graph": 5.427263109250326, "k042_graph": 5.427263109250326, "k045_graph": 5.427263109250326, "selected_graph": 5.427263109250326, "no_skip_graph": 5.427263109250326, "attention_dense_graph": 5.427263109250326}}
{"stage": "validation", "elapsed_seconds": 18.11952705506701, "blocks": 112, "prediction_tokens": 229264, "loss": {"native": 5.396765837841419, "native_graph": 5.396765837841419, "previous_graph": 5.396847212370346, "k036_graph": 5.396765837841419, "k042_graph": 5.396765837841419, "k045_graph": 5.396765837841419, "selected_graph": 5.396765837841419, "no_skip_graph": 5.396765837841419, "attention_dense_graph": 5.396765837841419}}
{"stage": "validation", "elapsed_seconds": 19.528743647038937, "blocks": 128, "prediction_tokens": 262016, "loss": {"native": 5.26103944503568, "native_graph": 5.26103944503568, "previous_graph": 5.261106724965031, "k036_graph": 5.26103944503568, "k042_graph": 5.26103944503568, "k045_graph": 5.26103944503568, "selected_graph": 5.26103944503568, "no_skip_graph": 5.26103944503568, "attention_dense_graph": 5.26103944503568}}
{"stage": "validation", "elapsed_seconds": 20.92860233306419, "blocks": 144, "prediction_tokens": 294768, "loss": {"native": 5.280452390139767, "native_graph": 5.280452390139767, "previous_graph": 5.280512641774633, "k036_graph": 5.280452390139767, "k042_graph": 5.280452390139767, "k045_graph": 5.280452390139767, "selected_graph": 5.280452390139767, "no_skip_graph": 5.280452390139767, "attention_dense_graph": 5.280452390139767}}
{"stage": "validation", "elapsed_seconds": 22.327523563057184, "blocks": 160, "prediction_tokens": 327520, "loss": {"native": 5.279367813833411, "native_graph": 5.279367813833411, "previous_graph": 5.279395193184767, "k036_graph": 5.279367813833411, "k042_graph": 5.279367813833411, "k045_graph": 5.279367813833411, "selected_graph": 5.279367813833411, "no_skip_graph": 5.279367813833411, "attention_dense_graph": 5.279367813833411}}
{"stage": "validation", "elapsed_seconds": 23.73220130102709, "blocks": 176, "prediction_tokens": 360272, "loss": {"native": 5.234690762129464, "native_graph": 5.234690762129464, "previous_graph": 5.234713054314257, "k036_graph": 5.234690762129464, "k042_graph": 5.234690762129464, "k045_graph": 5.234690762129464, "selected_graph": 5.234690762129464, "no_skip_graph": 5.234690762129464, "attention_dense_graph": 5.234690762129464}}
{"stage": "validation", "elapsed_seconds": 25.133590370998718, "blocks": 192, "prediction_tokens": 393024, "loss": {"native": 5.230112692952991, "native_graph": 5.230112692952991, "previous_graph": 5.230145799630319, "k036_graph": 5.230112692952991, "k042_graph": 5.230112692952991, "k045_graph": 5.230112692952991, "selected_graph": 5.230112692952991, "no_skip_graph": 5.230112692952991, "attention_dense_graph": 5.230112692952991}}
{"stage": "validation", "elapsed_seconds": 26.531652944046073, "blocks": 208, "prediction_tokens": 425776, "loss": {"native": 5.2619361299739325, "native_graph": 5.2619361299739325, "previous_graph": 5.261946276888038, "k036_graph": 5.2619361299739325, "k042_graph": 5.2619361299739325, "k045_graph": 5.2619361299739325, "selected_graph": 5.2619361299739325, "no_skip_graph": 5.2619361299739325, "attention_dense_graph": 5.2619361299739325}}
{"stage": "validation", "elapsed_seconds": 27.938193705980666, "blocks": 224, "prediction_tokens": 458528, "loss": {"native": 5.27099022088925, "native_graph": 5.27099022088925, "previous_graph": 5.271017354251335, "k036_graph": 5.27099022088925, "k042_graph": 5.27099022088925, "k045_graph": 5.27099022088925, "selected_graph": 5.27099022088925, "no_skip_graph": 5.27099022088925, "attention_dense_graph": 5.27099022088925}}
{"stage": "validation", "elapsed_seconds": 29.341553649050184, "blocks": 240, "prediction_tokens": 491280, "loss": {"native": 5.25440719348564, "native_graph": 5.25440719348564, "previous_graph": 5.254413649834361, "k036_graph": 5.25440719348564, "k042_graph": 5.25440719348564, "k045_graph": 5.25440719348564, "selected_graph": 5.25440719348564, "no_skip_graph": 5.25440719348564, "attention_dense_graph": 5.25440719348564}}
{"stage": "validation", "elapsed_seconds": 30.741950383060612, "blocks": 256, "prediction_tokens": 524032, "loss": {"native": 5.2669109424615295, "native_graph": 5.2669109424615295, "previous_graph": 5.266900012710937, "k036_graph": 5.2669109424615295, "k042_graph": 5.2669109424615295, "k045_graph": 5.2669109424615295, "selected_graph": 5.2669109424615295, "no_skip_graph": 5.2669109424615295, "attention_dense_graph": 5.2669109424615295}}
{"stage": "validation", "elapsed_seconds": 32.146199143026024, "blocks": 272, "prediction_tokens": 556784, "loss": {"native": 5.272723417261003, "native_graph": 5.272723417261003, "previous_graph": 5.272705644645747, "k036_graph": 5.272723417261003, "k042_graph": 5.272723417261003, "k045_graph": 5.272723417261003, "selected_graph": 5.272723417261003, "no_skip_graph": 5.272723417261003, "attention_dense_graph": 5.272723417261003}}
{"stage": "validation", "elapsed_seconds": 33.54944091697689, "blocks": 288, "prediction_tokens": 589536, "loss": {"native": 5.249613749633451, "native_graph": 5.249613749633451, "previous_graph": 5.249589772719562, "k036_graph": 5.249613749633451, "k042_graph": 5.249613749633451, "k045_graph": 5.249613749633451, "selected_graph": 5.249613749633451, "no_skip_graph": 5.249613749633451, "attention_dense_graph": 5.249613749633451}}
{"stage": "validation", "elapsed_seconds": 34.947023371001706, "blocks": 304, "prediction_tokens": 622288, "loss": {"native": 5.252715719205025, "native_graph": 5.252715719205025, "previous_graph": 5.2526716223913805, "k036_graph": 5.252715719205025, "k042_graph": 5.252715719205025, "k045_graph": 5.252715719205025, "selected_graph": 5.252715719205025, "no_skip_graph": 5.252715719205025, "attention_dense_graph": 5.252715719205025}}
{"stage": "validation", "elapsed_seconds": 36.34956194704864, "blocks": 320, "prediction_tokens": 655040, "loss": {"native": 5.221953564500832, "native_graph": 5.221953564500832, "previous_graph": 5.221902259338409, "k036_graph": 5.221953564500832, "k042_graph": 5.221953564500832, "k045_graph": 5.221953564500832, "selected_graph": 5.221953564500832, "no_skip_graph": 5.221953564500832, "attention_dense_graph": 5.221953564500832}}
{"stage": "validation", "elapsed_seconds": 37.74656955397222, "blocks": 336, "prediction_tokens": 687792, "loss": {"native": 5.207537307080802, "native_graph": 5.207537307080802, "previous_graph": 5.20748095033523, "k036_graph": 5.207537307080802, "k042_graph": 5.207537307080802, "k045_graph": 5.207537307080802, "selected_graph": 5.207537307080802, "no_skip_graph": 5.207537307080802, "attention_dense_graph": 5.207537307080802}}
{"stage": "complete", "elapsed_seconds": 37.935571033041924, "qualified": {"native_graph": true, "previous_graph": false, "k036_graph": true, "k042_graph": true, "k045_graph": true, "selected_graph": true, "no_skip_graph": true, "attention_dense_graph": true, "native": true}, "loss": {"native": 5.209999415744384, "native_graph": 5.209999415744384, "previous_graph": 5.209946232308095, "k036_graph": 5.209999415744384, "k042_graph": 5.209999415744384, "k045_graph": 5.209999415744384, "selected_graph": 5.209999415744384, "no_skip_graph": 5.209999415744384, "attention_dense_graph": 5.209999415744384}, "timing": {"no_skip_graph": {"samples": 224, "median_host_ms": 0.6606429233215749, "paired_geomean_speedup": 0.9749565724035887, "input_tokens_per_second": null}, "selected_graph": {"samples": 224, "median_host_ms": 0.6854619714431465, "paired_geomean_speedup": 0.9398954168779267, "input_tokens_per_second": null}, "native_graph": {"samples": 224, "median_host_ms": 0.6436824914999306, "paired_geomean_speedup": 1.0, "input_tokens_per_second": null}, "previous_graph": {"samples": 224, "median_host_ms": 1.8840630073100328, "paired_geomean_speedup": 0.3417087396851508, "input_tokens_per_second": null}, "k045_graph": {"samples": 224, "median_host_ms": 0.6347130401991308, "paired_geomean_speedup": 1.01350992419085, "input_tokens_per_second": null}, "k042_graph": {"samples": 224, "median_host_ms": 0.5767479306086898, "paired_geomean_speedup": 1.1154286617434972, "input_tokens_per_second": null}, "native": {"samples": 224, "median_host_ms": 2.37451697466895, "paired_geomean_speedup": 0.2685876564575745, "input_tokens_per_second": null}, "attention_dense_graph": {"samples": 224, "median_host_ms": 0.6810779450461268, "paired_geomean_speedup": 0.945908719134823, "input_tokens_per_second": null}, "k036_graph": {"samples": 224, "median_host_ms": 0.5894324858672917, "paired_geomean_speedup": 1.0918167564743542, "input_tokens_per_second": null}}}
