{"stage": "loading", "elapsed_seconds": 1.3638403479708359, "mode": "native"}
Loading weights:   0%|          | 0/76 [00:00<?, ?it/s]Loading weights: 100%|██████████| 76/76 [00:00<00:00, 11850.96it/s]
{"stage": "loading", "elapsed_seconds": 1.801739588030614, "mode": "previous"}
Loading weights:   0%|          | 0/76 [00:00<?, ?it/s]Loading weights: 100%|██████████| 76/76 [00:00<00:00, 10986.67it/s]
ninja: no work to do.
ninja: no work to do.
{"stage": "loading", "elapsed_seconds": 1.966661505983211, "mode": "k036"}
Loading weights:   0%|          | 0/76 [00:00<?, ?it/s]Loading weights: 100%|██████████| 76/76 [00:00<00:00, 10043.39it/s]
ninja: no work to do.
ninja: no work to do.
ninja: no work to do.
{"stage": "loading", "elapsed_seconds": 2.6936549099627882, "mode": "k042"}
Loading weights:   0%|          | 0/76 [00:00<?, ?it/s]Loading weights: 100%|██████████| 76/76 [00:00<00:00, 8769.14it/s]
ninja: no work to do.
{"stage": "loading", "elapsed_seconds": 3.321514885989018, "mode": "k045"}
Loading weights:   0%|          | 0/76 [00:00<?, ?it/s]Loading weights: 100%|██████████| 76/76 [00:00<00:00, 9150.25it/s]
ninja: no work to do.
{"stage": "loading", "elapsed_seconds": 3.9894334259442985, "mode": "selected"}
Loading weights:   0%|          | 0/76 [00:00<?, ?it/s]Loading weights: 100%|██████████| 76/76 [00:00<00:00, 9118.05it/s]
ninja: no work to do.
{"stage": "loading", "elapsed_seconds": 4.629515897948295, "mode": "no_skip"}
Loading weights:   0%|          | 0/76 [00:00<?, ?it/s]Loading weights: 100%|██████████| 76/76 [00:00<00:00, 9816.37it/s]
{"stage": "loading", "elapsed_seconds": 5.216736512025818, "mode": "attention_dense"}
Loading weights:   0%|          | 0/76 [00:00<?, ?it/s]Loading weights: 100%|██████████| 76/76 [00:00<00:00, 9972.07it/s]
{"stage": "timing", "elapsed_seconds": 6.080649956013076}
{"stage": "validation", "elapsed_seconds": 8.10521383001469}
{"stage": "validation", "elapsed_seconds": 9.59470462903846, "blocks": 16, "prediction_tokens": 32752, "loss": {"native": 5.433529643704965, "native_graph": 5.433529643704965, "previous_graph": 5.433529643704965, "k036_graph": 5.433529643704965, "k042_graph": 5.433529643704965, "k045_graph": 5.433529643704965, "selected_graph": 5.433529643704965, "no_skip_graph": 5.433529643704965, "attention_dense_graph": 5.433529643704965}}
{"stage": "validation", "elapsed_seconds": 10.993592877988704, "blocks": 32, "prediction_tokens": 65504, "loss": {"native": 5.4627757032848185, "native_graph": 5.4627757032848185, "previous_graph": 5.4627757032848185, "k036_graph": 5.4627757032848185, "k042_graph": 5.4627757032848185, "k045_graph": 5.4627757032848185, "selected_graph": 5.4627757032848185, "no_skip_graph": 5.4627757032848185, "attention_dense_graph": 5.4627757032848185}}
{"stage": "validation", "elapsed_seconds": 12.391615691012703, "blocks": 48, "prediction_tokens": 98256, "loss": {"native": 5.8373225488058615, "native_graph": 5.8373225488058615, "previous_graph": 5.8373225488058615, "k036_graph": 5.8373225488058615, "k042_graph": 5.8373225488058615, "k045_graph": 5.8373225488058615, "selected_graph": 5.8373225488058615, "no_skip_graph": 5.8373225488058615, "attention_dense_graph": 5.8373225488058615}}
{"stage": "validation", "elapsed_seconds": 13.790954799042083, "blocks": 64, "prediction_tokens": 131008, "loss": {"native": 5.963783443061445, "native_graph": 5.963783443061445, "previous_graph": 5.963783443061445, "k036_graph": 5.963783443061445, "k042_graph": 5.963783443061445, "k045_graph": 5.963783443061445, "selected_graph": 5.963783443061445, "no_skip_graph": 5.963783443061445, "attention_dense_graph": 5.963783443061445}}
{"stage": "validation", "elapsed_seconds": 15.192484778934158, "blocks": 80, "prediction_tokens": 163760, "loss": {"native": 5.932614924398701, "native_graph": 5.932614924398701, "previous_graph": 5.932614924398701, "k036_graph": 5.932614924398701, "k042_graph": 5.932614924398701, "k045_graph": 5.932614924398701, "selected_graph": 5.932614924398701, "no_skip_graph": 5.932614924398701, "attention_dense_graph": 5.932614924398701}}
{"stage": "validation", "elapsed_seconds": 16.595306943985634, "blocks": 96, "prediction_tokens": 196512, "loss": {"native": 5.941523398042327, "native_graph": 5.941523398042327, "previous_graph": 5.941523398042327, "k036_graph": 5.941523398042327, "k042_graph": 5.941523398042327, "k045_graph": 5.941523398042327, "selected_graph": 5.941523398042327, "no_skip_graph": 5.941523398042327, "attention_dense_graph": 5.941523398042327}}
{"stage": "validation", "elapsed_seconds": 17.99951189395506, "blocks": 112, "prediction_tokens": 229264, "loss": {"native": 5.928813884542628, "native_graph": 5.928813884542628, "previous_graph": 5.928813884542628, "k036_graph": 5.928813884542628, "k042_graph": 5.928813884542628, "k045_graph": 5.928813884542628, "selected_graph": 5.928813884542628, "no_skip_graph": 5.928813884542628, "attention_dense_graph": 5.928813884542628}}
{"stage": "validation", "elapsed_seconds": 19.400632436037995, "blocks": 128, "prediction_tokens": 262016, "loss": {"native": 5.831156502832246, "native_graph": 5.831156502832246, "previous_graph": 5.831156502832246, "k036_graph": 5.831156502832246, "k042_graph": 5.831156502832246, "k045_graph": 5.831156502832246, "selected_graph": 5.831156502832246, "no_skip_graph": 5.831156502832246, "attention_dense_graph": 5.831156502832246}}
{"stage": "validation", "elapsed_seconds": 20.80443080700934, "blocks": 144, "prediction_tokens": 294768, "loss": {"native": 5.849604330977561, "native_graph": 5.849604330977561, "previous_graph": 5.849604330977561, "k036_graph": 5.849604330977561, "k042_graph": 5.849604330977561, "k045_graph": 5.849604330977561, "selected_graph": 5.849604330977561, "no_skip_graph": 5.849604330977561, "attention_dense_graph": 5.849604330977561}}
{"stage": "validation", "elapsed_seconds": 22.204306732979603, "blocks": 160, "prediction_tokens": 327520, "loss": {"native": 5.855593878033689, "native_graph": 5.855593878033689, "previous_graph": 5.855593878033689, "k036_graph": 5.855593878033689, "k042_graph": 5.855593878033689, "k045_graph": 5.855593878033689, "selected_graph": 5.855593878033689, "no_skip_graph": 5.855593878033689, "attention_dense_graph": 5.855593878033689}}
{"stage": "validation", "elapsed_seconds": 23.604363157995977, "blocks": 176, "prediction_tokens": 360272, "loss": {"native": 5.82820932078532, "native_graph": 5.82820932078532, "previous_graph": 5.82820932078532, "k036_graph": 5.82820932078532, "k042_graph": 5.82820932078532, "k045_graph": 5.82820932078532, "selected_graph": 5.82820932078532, "no_skip_graph": 5.82820932078532, "attention_dense_graph": 5.82820932078532}}
{"stage": "validation", "elapsed_seconds": 25.00423276494257, "blocks": 192, "prediction_tokens": 393024, "loss": {"native": 5.827277839038217, "native_graph": 5.827277839038217, "previous_graph": 5.827277839038217, "k036_graph": 5.827277839038217, "k042_graph": 5.827277839038217, "k045_graph": 5.827277839038217, "selected_graph": 5.827277839038217, "no_skip_graph": 5.827277839038217, "attention_dense_graph": 5.827277839038217}}
{"stage": "validation", "elapsed_seconds": 26.403342542937025, "blocks": 208, "prediction_tokens": 425776, "loss": {"native": 5.853064829303951, "native_graph": 5.853064829303951, "previous_graph": 5.853064829303951, "k036_graph": 5.853064829303951, "k042_graph": 5.853064829303951, "k045_graph": 5.853064829303951, "selected_graph": 5.853064829303951, "no_skip_graph": 5.853064829303951, "attention_dense_graph": 5.853064829303951}}
{"stage": "validation", "elapsed_seconds": 27.804581173928455, "blocks": 224, "prediction_tokens": 458528, "loss": {"native": 5.860974186903867, "native_graph": 5.860974186903867, "previous_graph": 5.860974186903867, "k036_graph": 5.860974186903867, "k042_graph": 5.860974186903867, "k045_graph": 5.860974186903867, "selected_graph": 5.860974186903867, "no_skip_graph": 5.860974186903867, "attention_dense_graph": 5.860974186903867}}
{"stage": "validation", "elapsed_seconds": 29.20762057893444, "blocks": 240, "prediction_tokens": 491280, "loss": {"native": 5.845817573123715, "native_graph": 5.845817573123715, "previous_graph": 5.845817573123715, "k036_graph": 5.845817573123715, "k042_graph": 5.845817573123715, "k045_graph": 5.845817573123715, "selected_graph": 5.845817573123715, "no_skip_graph": 5.845817573123715, "attention_dense_graph": 5.845817573123715}}
{"stage": "validation", "elapsed_seconds": 30.607999183004722, "blocks": 256, "prediction_tokens": 524032, "loss": {"native": 5.860577907105685, "native_graph": 5.860577907105685, "previous_graph": 5.860577907105685, "k036_graph": 5.860577907105685, "k042_graph": 5.860577907105685, "k045_graph": 5.860577907105685, "selected_graph": 5.860577907105685, "no_skip_graph": 5.860577907105685, "attention_dense_graph": 5.860577907105685}}
{"stage": "validation", "elapsed_seconds": 32.007610869943164, "blocks": 272, "prediction_tokens": 556784, "loss": {"native": 5.871153765243513, "native_graph": 5.871153765243513, "previous_graph": 5.871153765243513, "k036_graph": 5.871153765243513, "k042_graph": 5.871153765243513, "k045_graph": 5.871153765243513, "selected_graph": 5.871153765243513, "no_skip_graph": 5.871153765243513, "attention_dense_graph": 5.871153765243513}}
{"stage": "validation", "elapsed_seconds": 33.409081490011886, "blocks": 288, "prediction_tokens": 589536, "loss": {"native": 5.85495766628994, "native_graph": 5.85495766628994, "previous_graph": 5.85495766628994, "k036_graph": 5.85495766628994, "k042_graph": 5.85495766628994, "k045_graph": 5.85495766628994, "selected_graph": 5.85495766628994, "no_skip_graph": 5.85495766628994, "attention_dense_graph": 5.85495766628994}}
{"stage": "validation", "elapsed_seconds": 34.810361961019225, "blocks": 304, "prediction_tokens": 622288, "loss": {"native": 5.859802871463605, "native_graph": 5.859802871463605, "previous_graph": 5.859802871463605, "k036_graph": 5.859802871463605, "k042_graph": 5.859802871463605, "k045_graph": 5.859802871463605, "selected_graph": 5.859802871463605, "no_skip_graph": 5.859802871463605, "attention_dense_graph": 5.859802871463605}}
{"stage": "validation", "elapsed_seconds": 36.216913271928206, "blocks": 320, "prediction_tokens": 655040, "loss": {"native": 5.835200507197079, "native_graph": 5.835200507197079, "previous_graph": 5.835200507197079, "k036_graph": 5.835200507197079, "k042_graph": 5.835200507197079, "k045_graph": 5.835200507197079, "selected_graph": 5.835200507197079, "no_skip_graph": 5.835200507197079, "attention_dense_graph": 5.835200507197079}}
{"stage": "validation", "elapsed_seconds": 37.621977958944626, "blocks": 336, "prediction_tokens": 687792, "loss": {"native": 5.828935494539274, "native_graph": 5.828935494539274, "previous_graph": 5.828935494539274, "k036_graph": 5.828935494539274, "k042_graph": 5.828935494539274, "k045_graph": 5.828935494539274, "selected_graph": 5.828935494539274, "no_skip_graph": 5.828935494539274, "attention_dense_graph": 5.828935494539274}}
{"stage": "complete", "elapsed_seconds": 37.81286001193803, "qualified": {"native_graph": true, "previous_graph": true, "k036_graph": true, "k042_graph": true, "k045_graph": true, "selected_graph": true, "no_skip_graph": true, "attention_dense_graph": true, "native": true}, "loss": {"native": 5.83130066301001, "native_graph": 5.83130066301001, "previous_graph": 5.83130066301001, "k036_graph": 5.83130066301001, "k042_graph": 5.83130066301001, "k045_graph": 5.83130066301001, "selected_graph": 5.83130066301001, "no_skip_graph": 5.83130066301001, "attention_dense_graph": 5.83130066301001}, "timing": {"no_skip_graph": {"samples": 224, "median_host_ms": 0.6978029850870371, "paired_geomean_speedup": 1.1779182706864428, "input_tokens_per_second": null}, "selected_graph": {"samples": 224, "median_host_ms": 0.5441230023279786, "paired_geomean_speedup": 1.510579586945981, "input_tokens_per_second": null}, "native_graph": {"samples": 224, "median_host_ms": 0.8212020038627088, "paired_geomean_speedup": 1.0, "input_tokens_per_second": null}, "previous_graph": {"samples": 224, "median_host_ms": 0.5183079629205167, "paired_geomean_speedup": 1.5830122038243262, "input_tokens_per_second": null}, "k045_graph": {"samples": 224, "median_host_ms": 0.5605530459433794, "paired_geomean_speedup": 1.4673879863605575, "input_tokens_per_second": null}, "k042_graph": {"samples": 224, "median_host_ms": 0.5810830043628812, "paired_geomean_speedup": 1.4128847126681146, "input_tokens_per_second": null}, "native": {"samples": 224, "median_host_ms": 3.834241011645645, "paired_geomean_speedup": 0.2134756079556363, "input_tokens_per_second": null}, "attention_dense_graph": {"samples": 224, "median_host_ms": 0.5380830261856318, "paired_geomean_speedup": 1.5269828324041432, "input_tokens_per_second": null}, "k036_graph": {"samples": 224, "median_host_ms": 0.5935729714110494, "paired_geomean_speedup": 1.3832130010795716, "input_tokens_per_second": null}}}
