{"stage": "loading", "elapsed_seconds": 1.36530882504303, "mode": "native"}
Loading weights:   0%|          | 0/76 [00:00<?, ?it/s]Loading weights: 100%|██████████| 76/76 [00:00<00:00, 12235.33it/s]
{"stage": "loading", "elapsed_seconds": 1.8095603010151535, "mode": "previous"}
Loading weights:   0%|          | 0/76 [00:00<?, ?it/s]Loading weights: 100%|██████████| 76/76 [00:00<00:00, 10879.79it/s]
ninja: no work to do.
ninja: no work to do.
{"stage": "loading", "elapsed_seconds": 1.9741002150112763, "mode": "k036"}
Loading weights:   0%|          | 0/76 [00:00<?, ?it/s]Loading weights: 100%|██████████| 76/76 [00:00<00:00, 15330.50it/s]
ninja: no work to do.
ninja: no work to do.
ninja: no work to do.
{"stage": "loading", "elapsed_seconds": 2.6884018289856613, "mode": "k042"}
Loading weights:   0%|          | 0/76 [00:00<?, ?it/s]Loading weights: 100%|██████████| 76/76 [00:00<00:00, 8868.19it/s]
ninja: no work to do.
{"stage": "loading", "elapsed_seconds": 3.310029790038243, "mode": "k049"}
Loading weights:   0%|          | 0/76 [00:00<?, ?it/s]Loading weights: 100%|██████████| 76/76 [00:00<00:00, 10095.55it/s]
ninja: no work to do.
{"stage": "loading", "elapsed_seconds": 3.973087875987403, "mode": "selected"}
Loading weights:   0%|          | 0/76 [00:00<?, ?it/s]Loading weights: 100%|██████████| 76/76 [00:00<00:00, 8719.49it/s]
ninja: no work to do.
{"stage": "loading", "elapsed_seconds": 4.594181680004112, "mode": "no_skip"}
Loading weights:   0%|          | 0/76 [00:00<?, ?it/s]Loading weights: 100%|██████████| 76/76 [00:00<00:00, 11397.97it/s]
{"stage": "loading", "elapsed_seconds": 5.171553706983104, "mode": "attention_dense"}
Loading weights:   0%|          | 0/76 [00:00<?, ?it/s]Loading weights: 100%|██████████| 76/76 [00:00<00:00, 10828.05it/s]
{"stage": "timing", "elapsed_seconds": 6.046910388045944}
{"stage": "validation", "elapsed_seconds": 8.153356447000988}
{"stage": "validation", "elapsed_seconds": 9.64931773301214, "blocks": 16, "prediction_tokens": 32752, "loss": {"native": 5.059580957126664, "native_graph": 5.059580957126664, "previous_graph": 5.059724063249, "k036_graph": 5.059580957126664, "k042_graph": 5.059580957126664, "k049_graph": 5.059580957126664, "selected_graph": 5.059580957126664, "no_skip_graph": 5.059580957126664, "attention_dense_graph": 5.059580957126664}}
{"stage": "validation", "elapsed_seconds": 11.054274280089885, "blocks": 32, "prediction_tokens": 65504, "loss": {"native": 5.07363120835178, "native_graph": 5.07363120835178, "previous_graph": 5.07359530137234, "k036_graph": 5.07363120835178, "k042_graph": 5.07363120835178, "k049_graph": 5.07363120835178, "selected_graph": 5.07363120835178, "no_skip_graph": 5.07363120835178, "attention_dense_graph": 5.07363120835178}}
{"stage": "validation", "elapsed_seconds": 12.457782441983, "blocks": 48, "prediction_tokens": 98256, "loss": {"native": 5.508002006159293, "native_graph": 5.508002006159293, "previous_graph": 5.507889005148223, "k036_graph": 5.508002006159293, "k042_graph": 5.508002006159293, "k049_graph": 5.508002006159293, "selected_graph": 5.508002006159293, "no_skip_graph": 5.508002006159293, "attention_dense_graph": 5.508002006159293}}
{"stage": "validation", "elapsed_seconds": 13.86059857707005, "blocks": 64, "prediction_tokens": 131008, "loss": {"native": 5.66617127657519, "native_graph": 5.66617127657519, "previous_graph": 5.666095947951414, "k036_graph": 5.66617127657519, "k042_graph": 5.66617127657519, "k049_graph": 5.66617127657519, "selected_graph": 5.66617127657519, "no_skip_graph": 5.66617127657519, "attention_dense_graph": 5.66617127657519}}
{"stage": "validation", "elapsed_seconds": 15.263922540005296, "blocks": 80, "prediction_tokens": 163760, "loss": {"native": 5.638913379812683, "native_graph": 5.638913379812683, "previous_graph": 5.638853778848429, "k036_graph": 5.638913379812683, "k042_graph": 5.638913379812683, "k049_graph": 5.638913379812683, "selected_graph": 5.638913379812683, "no_skip_graph": 5.638913379812683, "attention_dense_graph": 5.638913379812683}}
{"stage": "validation", "elapsed_seconds": 16.666934624081478, "blocks": 96, "prediction_tokens": 196512, "loss": {"native": 5.640145713509226, "native_graph": 5.640145713509226, "previous_graph": 5.640111043930364, "k036_graph": 5.640145713509226, "k042_graph": 5.640145713509226, "k049_graph": 5.640145713509226, "selected_graph": 5.640145713509226, "no_skip_graph": 5.640145713509226, "attention_dense_graph": 5.640145713509226}}
{"stage": "validation", "elapsed_seconds": 18.07013436802663, "blocks": 112, "prediction_tokens": 229264, "loss": {"native": 5.616039528767873, "native_graph": 5.616039528767873, "previous_graph": 5.61597475585256, "k036_graph": 5.616039528767873, "k042_graph": 5.616039528767873, "k049_graph": 5.616039528767873, "selected_graph": 5.616039528767873, "no_skip_graph": 5.616039528767873, "attention_dense_graph": 5.616039528767873}}
{"stage": "validation", "elapsed_seconds": 19.474282518029213, "blocks": 128, "prediction_tokens": 262016, "loss": {"native": 5.499375347515753, "native_graph": 5.499375347515753, "previous_graph": 5.499322301420166, "k036_graph": 5.499375347515753, "k042_graph": 5.499375347515753, "k049_graph": 5.499375347515753, "selected_graph": 5.499375347515753, "no_skip_graph": 5.499375347515753, "attention_dense_graph": 5.499375347515753}}
{"stage": "validation", "elapsed_seconds": 20.877926780027337, "blocks": 144, "prediction_tokens": 294768, "loss": {"native": 5.52001791451243, "native_graph": 5.52001791451243, "previous_graph": 5.51995681143995, "k036_graph": 5.52001791451243, "k042_graph": 5.52001791451243, "k049_graph": 5.52001791451243, "selected_graph": 5.52001791451243, "no_skip_graph": 5.52001791451243, "attention_dense_graph": 5.52001791451243}}
{"stage": "validation", "elapsed_seconds": 22.281149483053014, "blocks": 160, "prediction_tokens": 327520, "loss": {"native": 5.522795122125175, "native_graph": 5.522795122125175, "previous_graph": 5.522730304697519, "k036_graph": 5.522795122125175, "k042_graph": 5.522795122125175, "k049_graph": 5.522795122125175, "selected_graph": 5.522795122125175, "no_skip_graph": 5.522795122125175, "attention_dense_graph": 5.522795122125175}}
{"stage": "validation", "elapsed_seconds": 23.683984518051147, "blocks": 176, "prediction_tokens": 360272, "loss": {"native": 5.4830478600955495, "native_graph": 5.4830478600955495, "previous_graph": 5.482968148729033, "k036_graph": 5.4830478600955495, "k042_graph": 5.4830478600955495, "k049_graph": 5.4830478600955495, "selected_graph": 5.4830478600955495, "no_skip_graph": 5.4830478600955495, "attention_dense_graph": 5.4830478600955495}}
{"stage": "validation", "elapsed_seconds": 25.089020765037276, "blocks": 192, "prediction_tokens": 393024, "loss": {"native": 5.474696416688691, "native_graph": 5.474696416688691, "previous_graph": 5.474615138354703, "k036_graph": 5.474696416688691, "k042_graph": 5.474696416688691, "k049_graph": 5.474696416688691, "selected_graph": 5.474696416688691, "no_skip_graph": 5.474696416688691, "attention_dense_graph": 5.474696416688691}}
{"stage": "validation", "elapsed_seconds": 26.493605302996002, "blocks": 208, "prediction_tokens": 425776, "loss": {"native": 5.505833648765357, "native_graph": 5.505833648765357, "previous_graph": 5.505762147883732, "k036_graph": 5.505833648765357, "k042_graph": 5.505833648765357, "k049_graph": 5.505833648765357, "selected_graph": 5.505833648765357, "no_skip_graph": 5.505833648765357, "attention_dense_graph": 5.505833648765357}}
{"stage": "validation", "elapsed_seconds": 27.897219105041586, "blocks": 224, "prediction_tokens": 458528, "loss": {"native": 5.515292457646057, "native_graph": 5.515292457646057, "previous_graph": 5.51524270179009, "k036_graph": 5.515292457646057, "k042_graph": 5.515292457646057, "k049_graph": 5.515292457646057, "selected_graph": 5.515292457646057, "no_skip_graph": 5.515292457646057, "attention_dense_graph": 5.515292457646057}}
{"stage": "validation", "elapsed_seconds": 29.302019383059815, "blocks": 240, "prediction_tokens": 491280, "loss": {"native": 5.499286437302493, "native_graph": 5.499286437302493, "previous_graph": 5.499219876084221, "k036_graph": 5.499286437302493, "k042_graph": 5.499286437302493, "k049_graph": 5.499286437302493, "selected_graph": 5.499286437302493, "no_skip_graph": 5.499286437302493, "attention_dense_graph": 5.499286437302493}}
{"stage": "validation", "elapsed_seconds": 30.706930180080235, "blocks": 256, "prediction_tokens": 524032, "loss": {"native": 5.5132412773024235, "native_graph": 5.5132412773024235, "previous_graph": 5.513204872753775, "k036_graph": 5.5132412773024235, "k042_graph": 5.5132412773024235, "k049_graph": 5.5132412773024235, "selected_graph": 5.5132412773024235, "no_skip_graph": 5.5132412773024235, "attention_dense_graph": 5.5132412773024235}}
{"stage": "validation", "elapsed_seconds": 32.11107948003337, "blocks": 272, "prediction_tokens": 556784, "loss": {"native": 5.520115652982968, "native_graph": 5.520115652982968, "previous_graph": 5.5200773751229715, "k036_graph": 5.520115652982968, "k042_graph": 5.520115652982968, "k049_graph": 5.520115652982968, "selected_graph": 5.520115652982968, "no_skip_graph": 5.520115652982968, "attention_dense_graph": 5.520115652982968}}
{"stage": "validation", "elapsed_seconds": 33.51546892907936, "blocks": 288, "prediction_tokens": 589536, "loss": {"native": 5.498616522378139, "native_graph": 5.498616522378139, "previous_graph": 5.498586352663631, "k036_graph": 5.498616522378139, "k042_graph": 5.498616522378139, "k049_graph": 5.498616522378139, "selected_graph": 5.498616522378139, "no_skip_graph": 5.498616522378139, "attention_dense_graph": 5.498616522378139}}
{"stage": "validation", "elapsed_seconds": 34.91895454109181, "blocks": 304, "prediction_tokens": 622288, "loss": {"native": 5.503540774284024, "native_graph": 5.503540774284024, "previous_graph": 5.503503873539311, "k036_graph": 5.503540774284024, "k042_graph": 5.503540774284024, "k049_graph": 5.503540774284024, "selected_graph": 5.503540774284024, "no_skip_graph": 5.503540774284024, "attention_dense_graph": 5.503540774284024}}
{"stage": "validation", "elapsed_seconds": 36.32232378399931, "blocks": 320, "prediction_tokens": 655040, "loss": {"native": 5.4747331881092185, "native_graph": 5.4747331881092185, "previous_graph": 5.4746917650067175, "k036_graph": 5.4747331881092185, "k042_graph": 5.4747331881092185, "k049_graph": 5.4747331881092185, "selected_graph": 5.4747331881092185, "no_skip_graph": 5.4747331881092185, "attention_dense_graph": 5.4747331881092185}}
{"stage": "validation", "elapsed_seconds": 37.72879353503231, "blocks": 336, "prediction_tokens": 687792, "loss": {"native": 5.4626814389890495, "native_graph": 5.4626814389890495, "previous_graph": 5.462637496715032, "k036_graph": 5.4626814389890495, "k042_graph": 5.4626814389890495, "k049_graph": 5.4626814389890495, "selected_graph": 5.4626814389890495, "no_skip_graph": 5.4626814389890495, "attention_dense_graph": 5.4626814389890495}}
{"stage": "complete", "elapsed_seconds": 37.9188010339858, "qualified": {"native_graph": true, "previous_graph": false, "k036_graph": true, "k042_graph": true, "k049_graph": true, "selected_graph": true, "no_skip_graph": true, "attention_dense_graph": true, "native": true}, "loss": {"native": 5.46514686947502, "native_graph": 5.46514686947502, "previous_graph": 5.465100906311245, "k036_graph": 5.46514686947502, "k042_graph": 5.46514686947502, "k049_graph": 5.46514686947502, "selected_graph": 5.46514686947502, "no_skip_graph": 5.46514686947502, "attention_dense_graph": 5.46514686947502}, "timing": {"no_skip_graph": {"samples": 224, "median_host_ms": 0.6234479951672256, "paired_geomean_speedup": 1.3233906978209022, "input_tokens_per_second": null}, "selected_graph": {"samples": 224, "median_host_ms": 0.6318175583146513, "paired_geomean_speedup": 1.3053241141437486, "input_tokens_per_second": null}, "native_graph": {"samples": 224, "median_host_ms": 0.8244419004768133, "paired_geomean_speedup": 1.0, "input_tokens_per_second": null}, "previous_graph": {"samples": 224, "median_host_ms": 0.6242279196158051, "paired_geomean_speedup": 1.3189623505595671, "input_tokens_per_second": null}, "k049_graph": {"samples": 224, "median_host_ms": 0.7054575253278017, "paired_geomean_speedup": 1.1690016389212368, "input_tokens_per_second": null}, "k042_graph": {"samples": 224, "median_host_ms": 0.6172024295665324, "paired_geomean_speedup": 1.3356821255270355, "input_tokens_per_second": null}, "native": {"samples": 224, "median_host_ms": 3.776651050429791, "paired_geomean_speedup": 0.21780358102984282, "input_tokens_per_second": null}, "attention_dense_graph": {"samples": 224, "median_host_ms": 0.6235380424186587, "paired_geomean_speedup": 1.321648709087012, "input_tokens_per_second": null}, "k036_graph": {"samples": 224, "median_host_ms": 0.6263325340114534, "paired_geomean_speedup": 1.3158793592800535, "input_tokens_per_second": null}}}
