{"stage": "loading", "elapsed_seconds": 1.3807213479885831, "mode": "native"}
Loading weights:   0%|          | 0/76 [00:00<?, ?it/s]Loading weights: 100%|██████████| 76/76 [00:00<00:00, 13343.68it/s]
{"stage": "loading", "elapsed_seconds": 1.811799963004887, "mode": "previous"}
Loading weights:   0%|          | 0/76 [00:00<?, ?it/s]Loading weights: 100%|██████████| 76/76 [00:00<00:00, 12216.58it/s]
ninja: no work to do.
ninja: no work to do.
{"stage": "loading", "elapsed_seconds": 1.9674148199846968, "mode": "k036"}
Loading weights:   0%|          | 0/76 [00:00<?, ?it/s]Loading weights: 100%|██████████| 76/76 [00:00<00:00, 10206.75it/s]
ninja: no work to do.
ninja: no work to do.
ninja: no work to do.
{"stage": "loading", "elapsed_seconds": 2.983586332993582, "mode": "k042"}
Loading weights:   0%|          | 0/76 [00:00<?, ?it/s]Loading weights: 100%|██████████| 76/76 [00:00<00:00, 13863.06it/s]
ninja: no work to do.
{"stage": "loading", "elapsed_seconds": 3.6163113829679787, "mode": "k049"}
Loading weights:   0%|          | 0/76 [00:00<?, ?it/s]Loading weights: 100%|██████████| 76/76 [00:00<00:00, 11138.69it/s]
ninja: no work to do.
{"stage": "loading", "elapsed_seconds": 4.299648912972771, "mode": "selected"}
Loading weights:   0%|          | 0/76 [00:00<?, ?it/s]Loading weights: 100%|██████████| 76/76 [00:00<00:00, 11914.75it/s]
ninja: no work to do.
{"stage": "loading", "elapsed_seconds": 4.926820973982103, "mode": "no_skip"}
Loading weights:   0%|          | 0/76 [00:00<?, ?it/s]Loading weights: 100%|██████████| 76/76 [00:00<00:00, 14787.17it/s]
{"stage": "loading", "elapsed_seconds": 5.515723617980257, "mode": "attention_dense"}
Loading weights:   0%|          | 0/76 [00:00<?, ?it/s]Loading weights: 100%|██████████| 76/76 [00:00<00:00, 10963.99it/s]
{"stage": "timing", "elapsed_seconds": 6.406734299962409}
{"stage": "validation", "elapsed_seconds": 8.55003950104583}
{"stage": "validation", "elapsed_seconds": 10.041528044035658, "blocks": 16, "prediction_tokens": 32752, "loss": {"native": 5.0421338176867065, "native_graph": 5.0421338176867065, "previous_graph": 5.042657685384671, "k036_graph": 5.0421338176867065, "k042_graph": 5.0421338176867065, "k049_graph": 5.0421338176867065, "selected_graph": 5.0421338176867065, "no_skip_graph": 5.0421338176867065, "attention_dense_graph": 5.0421338176867065}}
{"stage": "validation", "elapsed_seconds": 11.445219945977442, "blocks": 32, "prediction_tokens": 65504, "loss": {"native": 5.047555182698766, "native_graph": 5.047555182698766, "previous_graph": 5.047702001022838, "k036_graph": 5.047555182698766, "k042_graph": 5.047555182698766, "k049_graph": 5.047555182698766, "selected_graph": 5.047555182698766, "no_skip_graph": 5.047555182698766, "attention_dense_graph": 5.047555182698766}}
{"stage": "validation", "elapsed_seconds": 12.85265629296191, "blocks": 48, "prediction_tokens": 98256, "loss": {"native": 5.487406283553931, "native_graph": 5.487406283553931, "previous_graph": 5.4874368061015355, "k036_graph": 5.487406283553931, "k042_graph": 5.487406283553931, "k049_graph": 5.487406283553931, "selected_graph": 5.487406283553931, "no_skip_graph": 5.487406283553931, "attention_dense_graph": 5.487406283553931}}
{"stage": "validation", "elapsed_seconds": 14.260553688975051, "blocks": 64, "prediction_tokens": 131008, "loss": {"native": 5.647615344220391, "native_graph": 5.647615344220391, "previous_graph": 5.6477014255570275, "k036_graph": 5.647615344220391, "k042_graph": 5.647615344220391, "k049_graph": 5.647615344220391, "selected_graph": 5.647615344220391, "no_skip_graph": 5.647615344220391, "attention_dense_graph": 5.647615344220391}}
{"stage": "validation", "elapsed_seconds": 15.67060642701108, "blocks": 80, "prediction_tokens": 163760, "loss": {"native": 5.619514498876023, "native_graph": 5.619514498876023, "previous_graph": 5.61958365615077, "k036_graph": 5.619514498876023, "k042_graph": 5.619514498876023, "k049_graph": 5.619514498876023, "selected_graph": 5.619514498876023, "no_skip_graph": 5.619514498876023, "attention_dense_graph": 5.619514498876023}}
{"stage": "validation", "elapsed_seconds": 17.07861468300689, "blocks": 96, "prediction_tokens": 196512, "loss": {"native": 5.619557594208623, "native_graph": 5.619557594208623, "previous_graph": 5.619618818205122, "k036_graph": 5.619557594208623, "k042_graph": 5.619557594208623, "k049_graph": 5.619557594208623, "selected_graph": 5.619557594208623, "no_skip_graph": 5.619557594208623, "attention_dense_graph": 5.619557594208623}}
{"stage": "validation", "elapsed_seconds": 18.485344943008386, "blocks": 112, "prediction_tokens": 229264, "loss": {"native": 5.595378093305507, "native_graph": 5.595378093305507, "previous_graph": 5.595436387438444, "k036_graph": 5.595378093305507, "k042_graph": 5.595378093305507, "k049_graph": 5.595378093305507, "selected_graph": 5.595378093305507, "no_skip_graph": 5.595378093305507, "attention_dense_graph": 5.595378093305507}}
{"stage": "validation", "elapsed_seconds": 19.897099614026956, "blocks": 128, "prediction_tokens": 262016, "loss": {"native": 5.478548475749095, "native_graph": 5.478548475749095, "previous_graph": 5.478644005310029, "k036_graph": 5.478548475749095, "k042_graph": 5.478548475749095, "k049_graph": 5.478548475749095, "selected_graph": 5.478548475749095, "no_skip_graph": 5.478548475749095, "attention_dense_graph": 5.478548475749095}}
{"stage": "validation", "elapsed_seconds": 21.31345532904379, "blocks": 144, "prediction_tokens": 294768, "loss": {"native": 5.499077647903394, "native_graph": 5.499077647903394, "previous_graph": 5.4991899316528166, "k036_graph": 5.499077647903394, "k042_graph": 5.499077647903394, "k049_graph": 5.499077647903394, "selected_graph": 5.499077647903394, "no_skip_graph": 5.499077647903394, "attention_dense_graph": 5.499077647903394}}
{"stage": "validation", "elapsed_seconds": 22.721124654985033, "blocks": 160, "prediction_tokens": 327520, "loss": {"native": 5.501811190681104, "native_graph": 5.501811190681104, "previous_graph": 5.501903942054112, "k036_graph": 5.501811190681104, "k042_graph": 5.501811190681104, "k049_graph": 5.501811190681104, "selected_graph": 5.501811190681104, "no_skip_graph": 5.501811190681104, "attention_dense_graph": 5.501811190681104}}
{"stage": "validation", "elapsed_seconds": 24.13222059898544, "blocks": 176, "prediction_tokens": 360272, "loss": {"native": 5.461257712976671, "native_graph": 5.461257712976671, "previous_graph": 5.461317737069579, "k036_graph": 5.461257712976671, "k042_graph": 5.461257712976671, "k049_graph": 5.461257712976671, "selected_graph": 5.461257712976671, "no_skip_graph": 5.461257712976671, "attention_dense_graph": 5.461257712976671}}
{"stage": "validation", "elapsed_seconds": 25.54096822196152, "blocks": 192, "prediction_tokens": 393024, "loss": {"native": 5.4533894248009505, "native_graph": 5.4533894248009505, "previous_graph": 5.453432584736794, "k036_graph": 5.4533894248009505, "k042_graph": 5.4533894248009505, "k049_graph": 5.4533894248009505, "selected_graph": 5.4533894248009505, "no_skip_graph": 5.4533894248009505, "attention_dense_graph": 5.4533894248009505}}
{"stage": "validation", "elapsed_seconds": 26.948382870061323, "blocks": 208, "prediction_tokens": 425776, "loss": {"native": 5.484647589370276, "native_graph": 5.484647589370276, "previous_graph": 5.484705837794918, "k036_graph": 5.484647589370276, "k042_graph": 5.484647589370276, "k049_graph": 5.484647589370276, "selected_graph": 5.484647589370276, "no_skip_graph": 5.484647589370276, "attention_dense_graph": 5.484647589370276}}
{"stage": "validation", "elapsed_seconds": 28.35484607098624, "blocks": 224, "prediction_tokens": 458528, "loss": {"native": 5.4929348569379215, "native_graph": 5.4929348569379215, "previous_graph": 5.492985639346521, "k036_graph": 5.4929348569379215, "k042_graph": 5.4929348569379215, "k049_graph": 5.4929348569379215, "selected_graph": 5.4929348569379215, "no_skip_graph": 5.4929348569379215, "attention_dense_graph": 5.4929348569379215}}
{"stage": "validation", "elapsed_seconds": 29.765945674967952, "blocks": 240, "prediction_tokens": 491280, "loss": {"native": 5.477100969024792, "native_graph": 5.477100969024792, "previous_graph": 5.477159607897673, "k036_graph": 5.477100969024792, "k042_graph": 5.477100969024792, "k049_graph": 5.477100969024792, "selected_graph": 5.477100969024792, "no_skip_graph": 5.477100969024792, "attention_dense_graph": 5.477100969024792}}
{"stage": "validation", "elapsed_seconds": 31.171225570957176, "blocks": 256, "prediction_tokens": 524032, "loss": {"native": 5.490050183078633, "native_graph": 5.490050183078633, "previous_graph": 5.49009885447865, "k036_graph": 5.490050183078633, "k042_graph": 5.490050183078633, "k049_graph": 5.490050183078633, "selected_graph": 5.490050183078633, "no_skip_graph": 5.490050183078633, "attention_dense_graph": 5.490050183078633}}
{"stage": "validation", "elapsed_seconds": 32.57550266000908, "blocks": 272, "prediction_tokens": 556784, "loss": {"native": 5.496417775312105, "native_graph": 5.496417775312105, "previous_graph": 5.496453575740042, "k036_graph": 5.496417775312105, "k042_graph": 5.496417775312105, "k049_graph": 5.496417775312105, "selected_graph": 5.496417775312105, "no_skip_graph": 5.496417775312105, "attention_dense_graph": 5.496417775312105}}
{"stage": "validation", "elapsed_seconds": 33.98059072706383, "blocks": 288, "prediction_tokens": 589536, "loss": {"native": 5.474261988453631, "native_graph": 5.474261988453631, "previous_graph": 5.474311993020252, "k036_graph": 5.474261988453631, "k042_graph": 5.474261988453631, "k049_graph": 5.474261988453631, "selected_graph": 5.474261988453631, "no_skip_graph": 5.474261988453631, "attention_dense_graph": 5.474261988453631}}
{"stage": "validation", "elapsed_seconds": 35.38821015402209, "blocks": 304, "prediction_tokens": 622288, "loss": {"native": 5.4794423022880885, "native_graph": 5.4794423022880885, "previous_graph": 5.479492885842749, "k036_graph": 5.4794423022880885, "k042_graph": 5.4794423022880885, "k049_graph": 5.4794423022880885, "selected_graph": 5.4794423022880885, "no_skip_graph": 5.4794423022880885, "attention_dense_graph": 5.4794423022880885}}
{"stage": "validation", "elapsed_seconds": 36.7923419639701, "blocks": 320, "prediction_tokens": 655040, "loss": {"native": 5.450211622334132, "native_graph": 5.450211622334132, "previous_graph": 5.450250965709155, "k036_graph": 5.450211622334132, "k042_graph": 5.450211622334132, "k049_graph": 5.450211622334132, "selected_graph": 5.450211622334132, "no_skip_graph": 5.450211622334132, "attention_dense_graph": 5.450211622334132}}
{"stage": "validation", "elapsed_seconds": 38.20009756996296, "blocks": 336, "prediction_tokens": 687792, "loss": {"native": 5.437886393416587, "native_graph": 5.437886393416587, "previous_graph": 5.437934534901403, "k036_graph": 5.437886393416587, "k042_graph": 5.437886393416587, "k049_graph": 5.437886393416587, "selected_graph": 5.437886393416587, "no_skip_graph": 5.437886393416587, "attention_dense_graph": 5.437886393416587}}
{"stage": "complete", "elapsed_seconds": 38.39006377896294, "qualified": {"native_graph": true, "previous_graph": false, "k036_graph": true, "k042_graph": true, "k049_graph": true, "selected_graph": true, "no_skip_graph": true, "attention_dense_graph": true, "native": true}, "loss": {"native": 5.440461140957695, "native_graph": 5.440461140957695, "previous_graph": 5.440508582615353, "k036_graph": 5.440461140957695, "k042_graph": 5.440461140957695, "k049_graph": 5.440461140957695, "selected_graph": 5.440461140957695, "no_skip_graph": 5.440461140957695, "attention_dense_graph": 5.440461140957695}, "timing": {"no_skip_graph": {"samples": 224, "median_host_ms": 0.6234574248082936, "paired_geomean_speedup": 1.322571740749762, "input_tokens_per_second": null}, "selected_graph": {"samples": 224, "median_host_ms": 0.6291824975050986, "paired_geomean_speedup": 1.3104486857899051, "input_tokens_per_second": null}, "native_graph": {"samples": 224, "median_host_ms": 0.8240520255640149, "paired_geomean_speedup": 1.0, "input_tokens_per_second": null}, "previous_graph": {"samples": 224, "median_host_ms": 0.61622797511518, "paired_geomean_speedup": 1.336146622603438, "input_tokens_per_second": null}, "k049_graph": {"samples": 224, "median_host_ms": 0.703272467944771, "paired_geomean_speedup": 1.1726993715288252, "input_tokens_per_second": null}, "k042_graph": {"samples": 224, "median_host_ms": 0.6162879290059209, "paired_geomean_speedup": 1.3369977047020623, "input_tokens_per_second": null}, "native": {"samples": 224, "median_host_ms": 3.84945998666808, "paired_geomean_speedup": 0.20869893653203683, "input_tokens_per_second": null}, "attention_dense_graph": {"samples": 224, "median_host_ms": 0.6210579304024577, "paired_geomean_speedup": 1.3280001340295438, "input_tokens_per_second": null}, "k036_graph": {"samples": 224, "median_host_ms": 0.6256375345401466, "paired_geomean_speedup": 1.3164518543243335, "input_tokens_per_second": null}}}
