{"stage": "loading", "elapsed_seconds": 1.4395069880411029, "mode": "native"}
Loading weights:   0%|          | 0/76 [00:00<?, ?it/s]Loading weights: 100%|██████████| 76/76 [00:00<00:00, 12094.21it/s]
{"stage": "loading", "elapsed_seconds": 1.9188303119735792, "mode": "previous"}
Loading weights:   0%|          | 0/76 [00:00<?, ?it/s]Loading weights: 100%|██████████| 76/76 [00:00<00:00, 15196.75it/s]
ninja: no work to do.
ninja: no work to do.
{"stage": "loading", "elapsed_seconds": 2.1591597619699314, "mode": "k036"}
Loading weights:   0%|          | 0/76 [00:00<?, ?it/s]Loading weights: 100%|██████████| 76/76 [00:00<00:00, 12028.04it/s]
ninja: no work to do.
ninja: no work to do.
ninja: no work to do.
{"stage": "loading", "elapsed_seconds": 2.8863713380414993, "mode": "k042"}
Loading weights:   0%|          | 0/76 [00:00<?, ?it/s]Loading weights: 100%|██████████| 76/76 [00:00<00:00, 9242.84it/s]
ninja: no work to do.
{"stage": "loading", "elapsed_seconds": 3.5114947860129178, "mode": "k049"}
Loading weights:   0%|          | 0/76 [00:00<?, ?it/s]Loading weights: 100%|██████████| 76/76 [00:00<00:00, 9706.08it/s]
ninja: no work to do.
{"stage": "loading", "elapsed_seconds": 4.183290038956329, "mode": "selected"}
Loading weights:   0%|          | 0/76 [00:00<?, ?it/s]Loading weights: 100%|██████████| 76/76 [00:00<00:00, 11197.78it/s]
ninja: no work to do.
{"stage": "loading", "elapsed_seconds": 4.835030648042448, "mode": "no_skip"}
Loading weights:   0%|          | 0/76 [00:00<?, ?it/s]Loading weights: 100%|██████████| 76/76 [00:00<00:00, 14412.11it/s]
{"stage": "loading", "elapsed_seconds": 5.443436998990364, "mode": "attention_dense"}
Loading weights:   0%|          | 0/76 [00:00<?, ?it/s]Loading weights: 100%|██████████| 76/76 [00:00<00:00, 11924.55it/s]
{"stage": "timing", "elapsed_seconds": 6.348080300027505}
{"stage": "validation", "elapsed_seconds": 8.459678929997608}
{"stage": "validation", "elapsed_seconds": 9.948239782941528, "blocks": 16, "prediction_tokens": 32752, "loss": {"native": 4.8226428234583, "native_graph": 4.8226428234583, "previous_graph": 4.822758557683501, "k036_graph": 4.8226428234583, "k042_graph": 4.8226428234583, "k049_graph": 4.8226428234583, "selected_graph": 4.8226428234583, "no_skip_graph": 4.8226428234583, "attention_dense_graph": 4.8226428234583}}
{"stage": "validation", "elapsed_seconds": 11.345864988048561, "blocks": 32, "prediction_tokens": 65504, "loss": {"native": 4.815816650986963, "native_graph": 4.815816650986963, "previous_graph": 4.81585312448715, "k036_graph": 4.815816650986963, "k042_graph": 4.815816650986963, "k049_graph": 4.815816650986963, "selected_graph": 4.815816650986963, "no_skip_graph": 4.815816650986963, "attention_dense_graph": 4.815816650986963}}
{"stage": "validation", "elapsed_seconds": 12.744955857051536, "blocks": 48, "prediction_tokens": 98256, "loss": {"native": 5.284550987185261, "native_graph": 5.284550987185261, "previous_graph": 5.284538399491825, "k036_graph": 5.284550987185261, "k042_graph": 5.284550987185261, "k049_graph": 5.284550987185261, "selected_graph": 5.284550987185261, "no_skip_graph": 5.284550987185261, "attention_dense_graph": 5.284550987185261}}
{"stage": "validation", "elapsed_seconds": 14.142693330999464, "blocks": 64, "prediction_tokens": 131008, "loss": {"native": 5.460645331833266, "native_graph": 5.460645331833266, "previous_graph": 5.460743216927831, "k036_graph": 5.460645331833266, "k042_graph": 5.460645331833266, "k049_graph": 5.460645331833266, "selected_graph": 5.460645331833266, "no_skip_graph": 5.460645331833266, "attention_dense_graph": 5.460645331833266}}
{"stage": "validation", "elapsed_seconds": 15.543409363017417, "blocks": 80, "prediction_tokens": 163760, "loss": {"native": 5.433339674390114, "native_graph": 5.433339674390114, "previous_graph": 5.433410897974742, "k036_graph": 5.433339674390114, "k042_graph": 5.433339674390114, "k049_graph": 5.433339674390114, "selected_graph": 5.433339674390114, "no_skip_graph": 5.433339674390114, "attention_dense_graph": 5.433339674390114}}
{"stage": "validation", "elapsed_seconds": 16.941682455013506, "blocks": 96, "prediction_tokens": 196512, "loss": {"native": 5.427263109250326, "native_graph": 5.427263109250326, "previous_graph": 5.42732550355942, "k036_graph": 5.427263109250326, "k042_graph": 5.427263109250326, "k049_graph": 5.427263109250326, "selected_graph": 5.427263109250326, "no_skip_graph": 5.427263109250326, "attention_dense_graph": 5.427263109250326}}
{"stage": "validation", "elapsed_seconds": 18.339512108941562, "blocks": 112, "prediction_tokens": 229264, "loss": {"native": 5.396765837841419, "native_graph": 5.396765837841419, "previous_graph": 5.396847212370346, "k036_graph": 5.396765837841419, "k042_graph": 5.396765837841419, "k049_graph": 5.396765837841419, "selected_graph": 5.396765837841419, "no_skip_graph": 5.396765837841419, "attention_dense_graph": 5.396765837841419}}
{"stage": "validation", "elapsed_seconds": 19.737088834051974, "blocks": 128, "prediction_tokens": 262016, "loss": {"native": 5.26103944503568, "native_graph": 5.26103944503568, "previous_graph": 5.261106724965031, "k036_graph": 5.26103944503568, "k042_graph": 5.26103944503568, "k049_graph": 5.26103944503568, "selected_graph": 5.26103944503568, "no_skip_graph": 5.26103944503568, "attention_dense_graph": 5.26103944503568}}
{"stage": "validation", "elapsed_seconds": 21.13330953300465, "blocks": 144, "prediction_tokens": 294768, "loss": {"native": 5.280452390139767, "native_graph": 5.280452390139767, "previous_graph": 5.280512641774633, "k036_graph": 5.280452390139767, "k042_graph": 5.280452390139767, "k049_graph": 5.280452390139767, "selected_graph": 5.280452390139767, "no_skip_graph": 5.280452390139767, "attention_dense_graph": 5.280452390139767}}
{"stage": "validation", "elapsed_seconds": 22.53031345002819, "blocks": 160, "prediction_tokens": 327520, "loss": {"native": 5.279367813833411, "native_graph": 5.279367813833411, "previous_graph": 5.279395193184767, "k036_graph": 5.279367813833411, "k042_graph": 5.279367813833411, "k049_graph": 5.279367813833411, "selected_graph": 5.279367813833411, "no_skip_graph": 5.279367813833411, "attention_dense_graph": 5.279367813833411}}
{"stage": "validation", "elapsed_seconds": 23.93345303402748, "blocks": 176, "prediction_tokens": 360272, "loss": {"native": 5.234690762129464, "native_graph": 5.234690762129464, "previous_graph": 5.234713054314257, "k036_graph": 5.234690762129464, "k042_graph": 5.234690762129464, "k049_graph": 5.234690762129464, "selected_graph": 5.234690762129464, "no_skip_graph": 5.234690762129464, "attention_dense_graph": 5.234690762129464}}
{"stage": "validation", "elapsed_seconds": 25.33012180204969, "blocks": 192, "prediction_tokens": 393024, "loss": {"native": 5.230112692952991, "native_graph": 5.230112692952991, "previous_graph": 5.230145799630319, "k036_graph": 5.230112692952991, "k042_graph": 5.230112692952991, "k049_graph": 5.230112692952991, "selected_graph": 5.230112692952991, "no_skip_graph": 5.230112692952991, "attention_dense_graph": 5.230112692952991}}
{"stage": "validation", "elapsed_seconds": 26.727460596943274, "blocks": 208, "prediction_tokens": 425776, "loss": {"native": 5.2619361299739325, "native_graph": 5.2619361299739325, "previous_graph": 5.261946276888038, "k036_graph": 5.2619361299739325, "k042_graph": 5.2619361299739325, "k049_graph": 5.2619361299739325, "selected_graph": 5.2619361299739325, "no_skip_graph": 5.2619361299739325, "attention_dense_graph": 5.2619361299739325}}
{"stage": "validation", "elapsed_seconds": 28.130185022950172, "blocks": 224, "prediction_tokens": 458528, "loss": {"native": 5.27099022088925, "native_graph": 5.27099022088925, "previous_graph": 5.271017354251335, "k036_graph": 5.27099022088925, "k042_graph": 5.27099022088925, "k049_graph": 5.27099022088925, "selected_graph": 5.27099022088925, "no_skip_graph": 5.27099022088925, "attention_dense_graph": 5.27099022088925}}
{"stage": "validation", "elapsed_seconds": 29.532240909989923, "blocks": 240, "prediction_tokens": 491280, "loss": {"native": 5.25440719348564, "native_graph": 5.25440719348564, "previous_graph": 5.254413649834361, "k036_graph": 5.25440719348564, "k042_graph": 5.25440719348564, "k049_graph": 5.25440719348564, "selected_graph": 5.25440719348564, "no_skip_graph": 5.25440719348564, "attention_dense_graph": 5.25440719348564}}
{"stage": "validation", "elapsed_seconds": 30.931764787994325, "blocks": 256, "prediction_tokens": 524032, "loss": {"native": 5.2669109424615295, "native_graph": 5.2669109424615295, "previous_graph": 5.266900012710937, "k036_graph": 5.2669109424615295, "k042_graph": 5.2669109424615295, "k049_graph": 5.2669109424615295, "selected_graph": 5.2669109424615295, "no_skip_graph": 5.2669109424615295, "attention_dense_graph": 5.2669109424615295}}
{"stage": "validation", "elapsed_seconds": 32.334002105053514, "blocks": 272, "prediction_tokens": 556784, "loss": {"native": 5.272723417261003, "native_graph": 5.272723417261003, "previous_graph": 5.272705644645747, "k036_graph": 5.272723417261003, "k042_graph": 5.272723417261003, "k049_graph": 5.272723417261003, "selected_graph": 5.272723417261003, "no_skip_graph": 5.272723417261003, "attention_dense_graph": 5.272723417261003}}
{"stage": "validation", "elapsed_seconds": 33.73308886401355, "blocks": 288, "prediction_tokens": 589536, "loss": {"native": 5.249613749633451, "native_graph": 5.249613749633451, "previous_graph": 5.249589772719562, "k036_graph": 5.249613749633451, "k042_graph": 5.249613749633451, "k049_graph": 5.249613749633451, "selected_graph": 5.249613749633451, "no_skip_graph": 5.249613749633451, "attention_dense_graph": 5.249613749633451}}
{"stage": "validation", "elapsed_seconds": 35.129634452052414, "blocks": 304, "prediction_tokens": 622288, "loss": {"native": 5.252715719205025, "native_graph": 5.252715719205025, "previous_graph": 5.2526716223913805, "k036_graph": 5.252715719205025, "k042_graph": 5.252715719205025, "k049_graph": 5.252715719205025, "selected_graph": 5.252715719205025, "no_skip_graph": 5.252715719205025, "attention_dense_graph": 5.252715719205025}}
{"stage": "validation", "elapsed_seconds": 36.52683666802477, "blocks": 320, "prediction_tokens": 655040, "loss": {"native": 5.221953564500832, "native_graph": 5.221953564500832, "previous_graph": 5.221902259338409, "k036_graph": 5.221953564500832, "k042_graph": 5.221953564500832, "k049_graph": 5.221953564500832, "selected_graph": 5.221953564500832, "no_skip_graph": 5.221953564500832, "attention_dense_graph": 5.221953564500832}}
{"stage": "validation", "elapsed_seconds": 37.923368587042205, "blocks": 336, "prediction_tokens": 687792, "loss": {"native": 5.207537307080802, "native_graph": 5.207537307080802, "previous_graph": 5.20748095033523, "k036_graph": 5.207537307080802, "k042_graph": 5.207537307080802, "k049_graph": 5.207537307080802, "selected_graph": 5.207537307080802, "no_skip_graph": 5.207537307080802, "attention_dense_graph": 5.207537307080802}}
{"stage": "complete", "elapsed_seconds": 38.11207012995146, "qualified": {"native_graph": true, "previous_graph": false, "k036_graph": true, "k042_graph": true, "k049_graph": true, "selected_graph": true, "no_skip_graph": true, "attention_dense_graph": true, "native": true}, "loss": {"native": 5.209999415744384, "native_graph": 5.209999415744384, "previous_graph": 5.209946232308095, "k036_graph": 5.209999415744384, "k042_graph": 5.209999415744384, "k049_graph": 5.209999415744384, "selected_graph": 5.209999415744384, "no_skip_graph": 5.209999415744384, "attention_dense_graph": 5.209999415744384}, "timing": {"no_skip_graph": {"samples": 224, "median_host_ms": 0.6302575347945094, "paired_geomean_speedup": 1.0244422225121586, "input_tokens_per_second": null}, "selected_graph": {"samples": 224, "median_host_ms": 0.6542125483974814, "paired_geomean_speedup": 0.9874914369138725, "input_tokens_per_second": null}, "native_graph": {"samples": 224, "median_host_ms": 0.6450724904425442, "paired_geomean_speedup": 1.0, "input_tokens_per_second": null}, "previous_graph": {"samples": 224, "median_host_ms": 1.8912625382654369, "paired_geomean_speedup": 0.34125098900957795, "input_tokens_per_second": null}, "k049_graph": {"samples": 224, "median_host_ms": 0.6889770156703889, "paired_geomean_speedup": 0.937922328585856, "input_tokens_per_second": null}, "k042_graph": {"samples": 224, "median_host_ms": 0.5783080123364925, "paired_geomean_speedup": 1.1148161378962183, "input_tokens_per_second": null}, "native": {"samples": 224, "median_host_ms": 2.6084205019287765, "paired_geomean_speedup": 0.23962075666642807, "input_tokens_per_second": null}, "attention_dense_graph": {"samples": 224, "median_host_ms": 0.6484329933300614, "paired_geomean_speedup": 0.996315940497943, "input_tokens_per_second": null}, "k036_graph": {"samples": 224, "median_host_ms": 0.5913275526836514, "paired_geomean_speedup": 1.0898212351793788, "input_tokens_per_second": null}}}
