{"stage": "loading", "elapsed_seconds": 1.3293071399675682, "mode": "native"}
Loading weights:   0%|          | 0/76 [00:00<?, ?it/s]Loading weights: 100%|██████████| 76/76 [00:00<00:00, 13420.08it/s]
{"stage": "loading", "elapsed_seconds": 1.7724639599910006, "mode": "previous"}
Loading weights:   0%|          | 0/76 [00:00<?, ?it/s]Loading weights: 100%|██████████| 76/76 [00:00<00:00, 10645.80it/s]
ninja: no work to do.
ninja: no work to do.
{"stage": "loading", "elapsed_seconds": 1.9321217319229618, "mode": "k036"}
Loading weights:   0%|          | 0/76 [00:00<?, ?it/s]Loading weights: 100%|██████████| 76/76 [00:00<00:00, 9877.51it/s]
ninja: no work to do.
ninja: no work to do.
ninja: no work to do.
{"stage": "loading", "elapsed_seconds": 2.653201970970258, "mode": "k042"}
Loading weights:   0%|          | 0/76 [00:00<?, ?it/s]Loading weights: 100%|██████████| 76/76 [00:00<00:00, 9501.82it/s]
ninja: no work to do.
{"stage": "loading", "elapsed_seconds": 3.281767025939189, "mode": "k049"}
Loading weights:   0%|          | 0/76 [00:00<?, ?it/s]Loading weights: 100%|██████████| 76/76 [00:00<00:00, 8029.20it/s]
ninja: no work to do.
{"stage": "loading", "elapsed_seconds": 3.955443741986528, "mode": "selected"}
Loading weights:   0%|          | 0/76 [00:00<?, ?it/s]Loading weights: 100%|██████████| 76/76 [00:00<00:00, 10239.21it/s]
ninja: no work to do.
{"stage": "loading", "elapsed_seconds": 4.591779698967002, "mode": "no_skip"}
Loading weights:   0%|          | 0/76 [00:00<?, ?it/s]Loading weights: 100%|██████████| 76/76 [00:00<00:00, 9652.59it/s]
{"stage": "loading", "elapsed_seconds": 5.184572687954642, "mode": "attention_dense"}
Loading weights:   0%|          | 0/76 [00:00<?, ?it/s]Loading weights: 100%|██████████| 76/76 [00:00<00:00, 9404.27it/s]
{"stage": "timing", "elapsed_seconds": 6.22274108894635}
{"stage": "validation", "elapsed_seconds": 8.213040592963807}
{"stage": "validation", "elapsed_seconds": 9.698696827981621, "blocks": 16, "prediction_tokens": 32752, "loss": {"native": 5.433529643704965, "native_graph": 5.433529643704965, "previous_graph": 5.433529643704965, "k036_graph": 5.433529643704965, "k042_graph": 5.433529643704965, "k049_graph": 5.433529643704965, "selected_graph": 5.433529643704965, "no_skip_graph": 5.433529643704965, "attention_dense_graph": 5.433529643704965}}
{"stage": "validation", "elapsed_seconds": 11.094342779950239, "blocks": 32, "prediction_tokens": 65504, "loss": {"native": 5.4627757032848185, "native_graph": 5.4627757032848185, "previous_graph": 5.4627757032848185, "k036_graph": 5.4627757032848185, "k042_graph": 5.4627757032848185, "k049_graph": 5.4627757032848185, "selected_graph": 5.4627757032848185, "no_skip_graph": 5.4627757032848185, "attention_dense_graph": 5.4627757032848185}}
{"stage": "validation", "elapsed_seconds": 12.496910364949144, "blocks": 48, "prediction_tokens": 98256, "loss": {"native": 5.8373225488058615, "native_graph": 5.8373225488058615, "previous_graph": 5.8373225488058615, "k036_graph": 5.8373225488058615, "k042_graph": 5.8373225488058615, "k049_graph": 5.8373225488058615, "selected_graph": 5.8373225488058615, "no_skip_graph": 5.8373225488058615, "attention_dense_graph": 5.8373225488058615}}
{"stage": "validation", "elapsed_seconds": 13.89094164292328, "blocks": 64, "prediction_tokens": 131008, "loss": {"native": 5.963783443061445, "native_graph": 5.963783443061445, "previous_graph": 5.963783443061445, "k036_graph": 5.963783443061445, "k042_graph": 5.963783443061445, "k049_graph": 5.963783443061445, "selected_graph": 5.963783443061445, "no_skip_graph": 5.963783443061445, "attention_dense_graph": 5.963783443061445}}
{"stage": "validation", "elapsed_seconds": 15.286824863986112, "blocks": 80, "prediction_tokens": 163760, "loss": {"native": 5.932614924398701, "native_graph": 5.932614924398701, "previous_graph": 5.932614924398701, "k036_graph": 5.932614924398701, "k042_graph": 5.932614924398701, "k049_graph": 5.932614924398701, "selected_graph": 5.932614924398701, "no_skip_graph": 5.932614924398701, "attention_dense_graph": 5.932614924398701}}
{"stage": "validation", "elapsed_seconds": 16.68222011695616, "blocks": 96, "prediction_tokens": 196512, "loss": {"native": 5.941523398042327, "native_graph": 5.941523398042327, "previous_graph": 5.941523398042327, "k036_graph": 5.941523398042327, "k042_graph": 5.941523398042327, "k049_graph": 5.941523398042327, "selected_graph": 5.941523398042327, "no_skip_graph": 5.941523398042327, "attention_dense_graph": 5.941523398042327}}
{"stage": "validation", "elapsed_seconds": 18.077179480926134, "blocks": 112, "prediction_tokens": 229264, "loss": {"native": 5.928813884542628, "native_graph": 5.928813884542628, "previous_graph": 5.928813884542628, "k036_graph": 5.928813884542628, "k042_graph": 5.928813884542628, "k049_graph": 5.928813884542628, "selected_graph": 5.928813884542628, "no_skip_graph": 5.928813884542628, "attention_dense_graph": 5.928813884542628}}
{"stage": "validation", "elapsed_seconds": 19.47327461198438, "blocks": 128, "prediction_tokens": 262016, "loss": {"native": 5.831156502832246, "native_graph": 5.831156502832246, "previous_graph": 5.831156502832246, "k036_graph": 5.831156502832246, "k042_graph": 5.831156502832246, "k049_graph": 5.831156502832246, "selected_graph": 5.831156502832246, "no_skip_graph": 5.831156502832246, "attention_dense_graph": 5.831156502832246}}
{"stage": "validation", "elapsed_seconds": 20.869060172932222, "blocks": 144, "prediction_tokens": 294768, "loss": {"native": 5.849604330977561, "native_graph": 5.849604330977561, "previous_graph": 5.849604330977561, "k036_graph": 5.849604330977561, "k042_graph": 5.849604330977561, "k049_graph": 5.849604330977561, "selected_graph": 5.849604330977561, "no_skip_graph": 5.849604330977561, "attention_dense_graph": 5.849604330977561}}
{"stage": "validation", "elapsed_seconds": 22.266253218986094, "blocks": 160, "prediction_tokens": 327520, "loss": {"native": 5.855593878033689, "native_graph": 5.855593878033689, "previous_graph": 5.855593878033689, "k036_graph": 5.855593878033689, "k042_graph": 5.855593878033689, "k049_graph": 5.855593878033689, "selected_graph": 5.855593878033689, "no_skip_graph": 5.855593878033689, "attention_dense_graph": 5.855593878033689}}
{"stage": "validation", "elapsed_seconds": 23.663345425971784, "blocks": 176, "prediction_tokens": 360272, "loss": {"native": 5.82820932078532, "native_graph": 5.82820932078532, "previous_graph": 5.82820932078532, "k036_graph": 5.82820932078532, "k042_graph": 5.82820932078532, "k049_graph": 5.82820932078532, "selected_graph": 5.82820932078532, "no_skip_graph": 5.82820932078532, "attention_dense_graph": 5.82820932078532}}
{"stage": "validation", "elapsed_seconds": 25.059979893965647, "blocks": 192, "prediction_tokens": 393024, "loss": {"native": 5.827277839038217, "native_graph": 5.827277839038217, "previous_graph": 5.827277839038217, "k036_graph": 5.827277839038217, "k042_graph": 5.827277839038217, "k049_graph": 5.827277839038217, "selected_graph": 5.827277839038217, "no_skip_graph": 5.827277839038217, "attention_dense_graph": 5.827277839038217}}
{"stage": "validation", "elapsed_seconds": 26.45797731692437, "blocks": 208, "prediction_tokens": 425776, "loss": {"native": 5.853064829303951, "native_graph": 5.853064829303951, "previous_graph": 5.853064829303951, "k036_graph": 5.853064829303951, "k042_graph": 5.853064829303951, "k049_graph": 5.853064829303951, "selected_graph": 5.853064829303951, "no_skip_graph": 5.853064829303951, "attention_dense_graph": 5.853064829303951}}
{"stage": "validation", "elapsed_seconds": 27.855462731909938, "blocks": 224, "prediction_tokens": 458528, "loss": {"native": 5.860974186903867, "native_graph": 5.860974186903867, "previous_graph": 5.860974186903867, "k036_graph": 5.860974186903867, "k042_graph": 5.860974186903867, "k049_graph": 5.860974186903867, "selected_graph": 5.860974186903867, "no_skip_graph": 5.860974186903867, "attention_dense_graph": 5.860974186903867}}
{"stage": "validation", "elapsed_seconds": 29.25168160093017, "blocks": 240, "prediction_tokens": 491280, "loss": {"native": 5.845817573123715, "native_graph": 5.845817573123715, "previous_graph": 5.845817573123715, "k036_graph": 5.845817573123715, "k042_graph": 5.845817573123715, "k049_graph": 5.845817573123715, "selected_graph": 5.845817573123715, "no_skip_graph": 5.845817573123715, "attention_dense_graph": 5.845817573123715}}
{"stage": "validation", "elapsed_seconds": 30.64741851296276, "blocks": 256, "prediction_tokens": 524032, "loss": {"native": 5.860577907105685, "native_graph": 5.860577907105685, "previous_graph": 5.860577907105685, "k036_graph": 5.860577907105685, "k042_graph": 5.860577907105685, "k049_graph": 5.860577907105685, "selected_graph": 5.860577907105685, "no_skip_graph": 5.860577907105685, "attention_dense_graph": 5.860577907105685}}
{"stage": "validation", "elapsed_seconds": 32.04300768498797, "blocks": 272, "prediction_tokens": 556784, "loss": {"native": 5.871153765243513, "native_graph": 5.871153765243513, "previous_graph": 5.871153765243513, "k036_graph": 5.871153765243513, "k042_graph": 5.871153765243513, "k049_graph": 5.871153765243513, "selected_graph": 5.871153765243513, "no_skip_graph": 5.871153765243513, "attention_dense_graph": 5.871153765243513}}
{"stage": "validation", "elapsed_seconds": 33.438486647908576, "blocks": 288, "prediction_tokens": 589536, "loss": {"native": 5.85495766628994, "native_graph": 5.85495766628994, "previous_graph": 5.85495766628994, "k036_graph": 5.85495766628994, "k042_graph": 5.85495766628994, "k049_graph": 5.85495766628994, "selected_graph": 5.85495766628994, "no_skip_graph": 5.85495766628994, "attention_dense_graph": 5.85495766628994}}
{"stage": "validation", "elapsed_seconds": 34.83332710189279, "blocks": 304, "prediction_tokens": 622288, "loss": {"native": 5.859802871463605, "native_graph": 5.859802871463605, "previous_graph": 5.859802871463605, "k036_graph": 5.859802871463605, "k042_graph": 5.859802871463605, "k049_graph": 5.859802871463605, "selected_graph": 5.859802871463605, "no_skip_graph": 5.859802871463605, "attention_dense_graph": 5.859802871463605}}
{"stage": "validation", "elapsed_seconds": 36.23117387597449, "blocks": 320, "prediction_tokens": 655040, "loss": {"native": 5.835200507197079, "native_graph": 5.835200507197079, "previous_graph": 5.835200507197079, "k036_graph": 5.835200507197079, "k042_graph": 5.835200507197079, "k049_graph": 5.835200507197079, "selected_graph": 5.835200507197079, "no_skip_graph": 5.835200507197079, "attention_dense_graph": 5.835200507197079}}
{"stage": "validation", "elapsed_seconds": 37.625985350925475, "blocks": 336, "prediction_tokens": 687792, "loss": {"native": 5.828935494539274, "native_graph": 5.828935494539274, "previous_graph": 5.828935494539274, "k036_graph": 5.828935494539274, "k042_graph": 5.828935494539274, "k049_graph": 5.828935494539274, "selected_graph": 5.828935494539274, "no_skip_graph": 5.828935494539274, "attention_dense_graph": 5.828935494539274}}
{"stage": "complete", "elapsed_seconds": 37.81472683395259, "qualified": {"native_graph": true, "previous_graph": true, "k036_graph": true, "k042_graph": true, "k049_graph": true, "selected_graph": true, "no_skip_graph": true, "attention_dense_graph": true, "native": true}, "loss": {"native": 5.83130066301001, "native_graph": 5.83130066301001, "previous_graph": 5.83130066301001, "k036_graph": 5.83130066301001, "k042_graph": 5.83130066301001, "k049_graph": 5.83130066301001, "selected_graph": 5.83130066301001, "no_skip_graph": 5.83130066301001, "attention_dense_graph": 5.83130066301001}, "timing": {"no_skip_graph": {"samples": 224, "median_host_ms": 0.6221680087037385, "paired_geomean_speedup": 1.3219292064342856, "input_tokens_per_second": null}, "selected_graph": {"samples": 224, "median_host_ms": 0.4707879852503538, "paired_geomean_speedup": 1.7465038591182067, "input_tokens_per_second": null}, "native_graph": {"samples": 224, "median_host_ms": 0.8216220303438604, "paired_geomean_speedup": 1.0, "input_tokens_per_second": null}, "previous_graph": {"samples": 224, "median_host_ms": 0.518847955390811, "paired_geomean_speedup": 1.5830922682328965, "input_tokens_per_second": null}, "k049_graph": {"samples": 224, "median_host_ms": 0.5434974445961416, "paired_geomean_speedup": 1.5106819295845235, "input_tokens_per_second": null}, "k042_graph": {"samples": 224, "median_host_ms": 0.5811374867334962, "paired_geomean_speedup": 1.4126361167622545, "input_tokens_per_second": null}, "native": {"samples": 224, "median_host_ms": 3.8346050423569977, "paired_geomean_speedup": 0.20956266819858765, "input_tokens_per_second": null}, "attention_dense_graph": {"samples": 224, "median_host_ms": 0.4633985226973891, "paired_geomean_speedup": 1.7734512082588867, "input_tokens_per_second": null}, "k036_graph": {"samples": 224, "median_host_ms": 0.5941524286754429, "paired_geomean_speedup": 1.382437815893353, "input_tokens_per_second": null}}}
