Loading weights:   0%|          | 0/76 [00:00<?, ?it/s]Loading weights: 100%|██████████| 76/76 [00:00<00:00, 9761.07it/s]
/workspace/sparsity-spillover/runs/028-2026-09-06-pythia14m-all-site-sparse-kernels/runtime/venv/lib/python3.12/site-packages/torch/profiler/profiler.py:224: UserWarning: Warning: Profiler clears events at the end of each cycle.Only events from the current cycle will be reported.To keep events across cycles, set acc_events=True.
  _warn_once(
{'mode': 'native', 'gpu_events': 2960, 'sum_kernel_us_per_replay': 713.7947999999981}
Loading weights:   0%|          | 0/76 [00:00<?, ?it/s]Loading weights: 100%|██████████| 76/76 [00:00<00:00, 13699.81it/s]
ninja: no work to do.
ninja: no work to do.
{'mode': 'previous', 'gpu_events': 1040, 'sum_kernel_us_per_replay': 473.8197999999992}
Loading weights:   0%|          | 0/76 [00:00<?, ?it/s]Loading weights: 100%|██████████| 76/76 [00:00<00:00, 14715.50it/s]
ninja: no work to do.
ninja: no work to do.
ninja: no work to do.
{'mode': 'k036', 'gpu_events': 1040, 'sum_kernel_us_per_replay': 545.0776000000004}
Loading weights:   0%|          | 0/76 [00:00<?, ?it/s]Loading weights: 100%|██████████| 76/76 [00:00<00:00, 13971.21it/s]
ninja: no work to do.
{'mode': 'k039', 'gpu_events': 1040, 'sum_kernel_us_per_replay': 526.705}
Loading weights:   0%|          | 0/76 [00:00<?, ?it/s]Loading weights: 100%|██████████| 76/76 [00:00<00:00, 15320.19it/s]
ninja: no work to do.
{'mode': 'k042', 'gpu_events': 1040, 'sum_kernel_us_per_replay': 534.7124999999999}
Loading weights:   0%|          | 0/76 [00:00<?, ?it/s]Loading weights: 100%|██████████| 76/76 [00:00<00:00, 10354.62it/s]
ninja: no work to do.
{'mode': 'k045', 'gpu_events': 1040, 'sum_kernel_us_per_replay': 524.5503000000001}
Loading weights:   0%|          | 0/76 [00:00<?, ?it/s]Loading weights: 100%|██████████| 76/76 [00:00<00:00, 9879.35it/s]
{'mode': 'k047', 'gpu_events': 1040, 'sum_kernel_us_per_replay': 515.8969999999994}
Loading weights:   0%|          | 0/76 [00:00<?, ?it/s]Loading weights: 100%|██████████| 76/76 [00:00<00:00, 12349.09it/s]
ninja: no work to do.
{'mode': 'k048', 'gpu_events': 1040, 'sum_kernel_us_per_replay': 527.0752999999992}
