Loading weights:   0%|          | 0/76 [00:00<?, ?it/s]Loading weights: 100%|██████████| 76/76 [00:00<00:00, 11987.33it/s]
/workspace/sparsity-spillover/runs/028-2026-09-06-pythia14m-all-site-sparse-kernels/runtime/venv/lib/python3.12/site-packages/torch/profiler/profiler.py:224: UserWarning: Warning: Profiler clears events at the end of each cycle.Only events from the current cycle will be reported.To keep events across cycles, set acc_events=True.
  _warn_once(
{'mode': 'native', 'gpu_events': 2960, 'sum_kernel_us_per_replay': 712.8227000000012}
Loading weights:   0%|          | 0/76 [00:00<?, ?it/s]Loading weights: 100%|██████████| 76/76 [00:00<00:00, 9769.14it/s]
ninja: no work to do.
ninja: no work to do.
{'mode': 'previous', 'gpu_events': 1040, 'sum_kernel_us_per_replay': 473.35030000000023}
Loading weights:   0%|          | 0/76 [00:00<?, ?it/s]Loading weights: 100%|██████████| 76/76 [00:00<00:00, 10285.46it/s]
ninja: no work to do.
ninja: no work to do.
ninja: no work to do.
{'mode': 'k036', 'gpu_events': 1040, 'sum_kernel_us_per_replay': 544.8854999999992}
Loading weights:   0%|          | 0/76 [00:00<?, ?it/s]Loading weights: 100%|██████████| 76/76 [00:00<00:00, 10055.74it/s]
ninja: no work to do.
{'mode': 'k038', 'gpu_events': 1040, 'sum_kernel_us_per_replay': 525.635}
Loading weights:   0%|          | 0/76 [00:00<?, ?it/s]Loading weights: 100%|██████████| 76/76 [00:00<00:00, 9213.45it/s]
ninja: no work to do.
{'mode': 'k039', 'gpu_events': 1040, 'sum_kernel_us_per_replay': 526.0630999999995}
Loading weights:   0%|          | 0/76 [00:00<?, ?it/s]Loading weights: 100%|██████████| 76/76 [00:00<00:00, 8230.07it/s]
ninja: no work to do.
{'mode': 'k041', 'gpu_events': 1040, 'sum_kernel_us_per_replay': 555.6227000000005}
Loading weights:   0%|          | 0/76 [00:00<?, ?it/s]Loading weights: 100%|██████████| 76/76 [00:00<00:00, 8984.67it/s]
ninja: no work to do.
{'mode': 'k042', 'gpu_events': 1040, 'sum_kernel_us_per_replay': 533.8057000000002}
