Requirement already satisfied: pip==25.0.1 in /workspace/run016-venv/lib/python3.12/site-packages (25.0.1)
Requirement already satisfied: setuptools==70.2.0 in /workspace/run016-venv/lib/python3.12/site-packages (70.2.0)

[notice] A new release of pip is available: 25.0.1 -> 26.2.1
[notice] To update, run: python -m pip install --upgrade pip
Looking in indexes: https://download.pytorch.org/whl/cu128
Requirement already satisfied: torch==2.11.0 in /workspace/run016-venv/lib/python3.12/site-packages (2.11.0+cu128)
Requirement already satisfied: filelock in /workspace/run016-venv/lib/python3.12/site-packages (from torch==2.11.0) (3.32.3)
Requirement already satisfied: typing-extensions>=4.10.0 in /workspace/run016-venv/lib/python3.12/site-packages (from torch==2.11.0) (4.16.0)
Requirement already satisfied: setuptools<82 in /workspace/run016-venv/lib/python3.12/site-packages (from torch==2.11.0) (70.2.0)
Requirement already satisfied: sympy>=1.13.3 in /workspace/run016-venv/lib/python3.12/site-packages (from torch==2.11.0) (1.14.0)
Requirement already satisfied: networkx>=2.5.1 in /workspace/run016-venv/lib/python3.12/site-packages (from torch==2.11.0) (3.6.1)
Requirement already satisfied: jinja2 in /workspace/run016-venv/lib/python3.12/site-packages (from torch==2.11.0) (3.1.6)
Requirement already satisfied: fsspec>=0.8.5 in /workspace/run016-venv/lib/python3.12/site-packages (from torch==2.11.0) (2026.4.0)
Requirement already satisfied: cuda-toolkit==12.8.1 in /workspace/run016-venv/lib/python3.12/site-packages (from cuda-toolkit[cublas,cudart,cufft,cufile,cupti,curand,cusolver,cusparse,nvjitlink,nvrtc,nvtx]==12.8.1; platform_system == "Linux"->torch==2.11.0) (12.8.1)
Requirement already satisfied: cuda-bindings<13,>=12.9.4 in /workspace/run016-venv/lib/python3.12/site-packages (from torch==2.11.0) (12.9.7)
Requirement already satisfied: nvidia-cudnn-cu12==9.19.0.56 in /workspace/run016-venv/lib/python3.12/site-packages (from torch==2.11.0) (9.19.0.56)
Requirement already satisfied: nvidia-cusparselt-cu12==0.7.1 in /workspace/run016-venv/lib/python3.12/site-packages (from torch==2.11.0) (0.7.1)
Requirement already satisfied: nvidia-nccl-cu12==2.28.9 in /workspace/run016-venv/lib/python3.12/site-packages (from torch==2.11.0) (2.28.9)
Requirement already satisfied: nvidia-nvshmem-cu12==3.4.5 in /workspace/run016-venv/lib/python3.12/site-packages (from torch==2.11.0) (3.4.5)
Requirement already satisfied: triton==3.6.0 in /workspace/run016-venv/lib/python3.12/site-packages (from torch==2.11.0) (3.6.0)
Requirement already satisfied: nvidia-cublas-cu12==12.8.4.1.* in /workspace/run016-venv/lib/python3.12/site-packages (from cuda-toolkit[cublas,cudart,cufft,cufile,cupti,curand,cusolver,cusparse,nvjitlink,nvrtc,nvtx]==12.8.1; platform_system == "Linux"->torch==2.11.0) (12.8.4.1)
Requirement already satisfied: nvidia-cuda-runtime-cu12==12.8.90.* in /workspace/run016-venv/lib/python3.12/site-packages (from cuda-toolkit[cublas,cudart,cufft,cufile,cupti,curand,cusolver,cusparse,nvjitlink,nvrtc,nvtx]==12.8.1; platform_system == "Linux"->torch==2.11.0) (12.8.90)
Requirement already satisfied: nvidia-cufft-cu12==11.3.3.83.* in /workspace/run016-venv/lib/python3.12/site-packages (from cuda-toolkit[cublas,cudart,cufft,cufile,cupti,curand,cusolver,cusparse,nvjitlink,nvrtc,nvtx]==12.8.1; platform_system == "Linux"->torch==2.11.0) (11.3.3.83)
Requirement already satisfied: nvidia-cufile-cu12==1.13.1.3.* in /workspace/run016-venv/lib/python3.12/site-packages (from cuda-toolkit[cublas,cudart,cufft,cufile,cupti,curand,cusolver,cusparse,nvjitlink,nvrtc,nvtx]==12.8.1; platform_system == "Linux"->torch==2.11.0) (1.13.1.3)
Requirement already satisfied: nvidia-cuda-cupti-cu12==12.8.90.* in /workspace/run016-venv/lib/python3.12/site-packages (from cuda-toolkit[cublas,cudart,cufft,cufile,cupti,curand,cusolver,cusparse,nvjitlink,nvrtc,nvtx]==12.8.1; platform_system == "Linux"->torch==2.11.0) (12.8.90)
Requirement already satisfied: nvidia-curand-cu12==10.3.9.90.* in /workspace/run016-venv/lib/python3.12/site-packages (from cuda-toolkit[cublas,cudart,cufft,cufile,cupti,curand,cusolver,cusparse,nvjitlink,nvrtc,nvtx]==12.8.1; platform_system == "Linux"->torch==2.11.0) (10.3.9.90)
Requirement already satisfied: nvidia-cusolver-cu12==11.7.3.90.* in /workspace/run016-venv/lib/python3.12/site-packages (from cuda-toolkit[cublas,cudart,cufft,cufile,cupti,curand,cusolver,cusparse,nvjitlink,nvrtc,nvtx]==12.8.1; platform_system == "Linux"->torch==2.11.0) (11.7.3.90)
Requirement already satisfied: nvidia-cusparse-cu12==12.5.8.93.* in /workspace/run016-venv/lib/python3.12/site-packages (from cuda-toolkit[cublas,cudart,cufft,cufile,cupti,curand,cusolver,cusparse,nvjitlink,nvrtc,nvtx]==12.8.1; platform_system == "Linux"->torch==2.11.0) (12.5.8.93)
Requirement already satisfied: nvidia-nvjitlink-cu12==12.8.93.* in /workspace/run016-venv/lib/python3.12/site-packages (from cuda-toolkit[cublas,cudart,cufft,cufile,cupti,curand,cusolver,cusparse,nvjitlink,nvrtc,nvtx]==12.8.1; platform_system == "Linux"->torch==2.11.0) (12.8.93)
Requirement already satisfied: nvidia-cuda-nvrtc-cu12==12.8.93.* in /workspace/run016-venv/lib/python3.12/site-packages (from cuda-toolkit[cublas,cudart,cufft,cufile,cupti,curand,cusolver,cusparse,nvjitlink,nvrtc,nvtx]==12.8.1; platform_system == "Linux"->torch==2.11.0) (12.8.93)
Requirement already satisfied: nvidia-nvtx-cu12==12.8.90.* in /workspace/run016-venv/lib/python3.12/site-packages (from cuda-toolkit[cublas,cudart,cufft,cufile,cupti,curand,cusolver,cusparse,nvjitlink,nvrtc,nvtx]==12.8.1; platform_system == "Linux"->torch==2.11.0) (12.8.90)
Requirement already satisfied: cuda-pathfinder~=1.1 in /workspace/run016-venv/lib/python3.12/site-packages (from cuda-bindings<13,>=12.9.4->torch==2.11.0) (1.6.0)
Requirement already satisfied: mpmath<1.4,>=1.1.0 in /workspace/run016-venv/lib/python3.12/site-packages (from sympy>=1.13.3->torch==2.11.0) (1.3.0)
Requirement already satisfied: MarkupSafe>=2.0 in /workspace/run016-venv/lib/python3.12/site-packages (from jinja2->torch==2.11.0) (3.0.3)
Requirement already satisfied: datasets==5.0.0 in /workspace/run016-venv/lib/python3.12/site-packages (5.0.0)
Collecting matplotlib==3.11.0
  Downloading matplotlib-3.11.0-cp312-cp312-manylinux2014_x86_64.manylinux_2_17_x86_64.whl.metadata (80 kB)
Requirement already satisfied: numpy==2.5.0 in /workspace/run016-venv/lib/python3.12/site-packages (2.5.0)
Requirement already satisfied: pyyaml==6.0.3 in /workspace/run016-venv/lib/python3.12/site-packages (6.0.3)
Requirement already satisfied: safetensors==0.8.0 in /workspace/run016-venv/lib/python3.12/site-packages (0.8.0)
Requirement already satisfied: transformers==5.12.1 in /workspace/run016-venv/lib/python3.12/site-packages (5.12.1)
Requirement already satisfied: filelock in /workspace/run016-venv/lib/python3.12/site-packages (from datasets==5.0.0) (3.32.3)
Requirement already satisfied: pyarrow>=21.0.0 in /workspace/run016-venv/lib/python3.12/site-packages (from datasets==5.0.0) (25.0.1)
Requirement already satisfied: dill<0.4.2,>=0.3.0 in /workspace/run016-venv/lib/python3.12/site-packages (from datasets==5.0.0) (0.4.1)
Requirement already satisfied: pandas in /workspace/run016-venv/lib/python3.12/site-packages (from datasets==5.0.0) (3.0.5)
Requirement already satisfied: requests>=2.32.2 in /workspace/run016-venv/lib/python3.12/site-packages (from datasets==5.0.0) (2.34.2)
Requirement already satisfied: httpx<1.0.0 in /workspace/run016-venv/lib/python3.12/site-packages (from datasets==5.0.0) (0.28.1)
Requirement already satisfied: tqdm>=4.66.3 in /workspace/run016-venv/lib/python3.12/site-packages (from datasets==5.0.0) (4.70.0)
Requirement already satisfied: xxhash in /workspace/run016-venv/lib/python3.12/site-packages (from datasets==5.0.0) (4.0.1)
Requirement already satisfied: multiprocess<0.70.20 in /workspace/run016-venv/lib/python3.12/site-packages (from datasets==5.0.0) (0.70.19)
Requirement already satisfied: fsspec<=2026.4.0,>=2023.1.0 in /workspace/run016-venv/lib/python3.12/site-packages (from fsspec[http]<=2026.4.0,>=2023.1.0->datasets==5.0.0) (2026.4.0)
Requirement already satisfied: huggingface-hub<2.0,>=0.25.0 in /workspace/run016-venv/lib/python3.12/site-packages (from datasets==5.0.0) (1.29.0)
Requirement already satisfied: packaging in /workspace/run016-venv/lib/python3.12/site-packages (from datasets==5.0.0) (26.3)
Collecting contourpy>=1.0.1 (from matplotlib==3.11.0)
  Downloading contourpy-1.3.3-cp312-cp312-manylinux_2_27_x86_64.manylinux_2_28_x86_64.whl.metadata (5.5 kB)
Collecting cycler>=0.10 (from matplotlib==3.11.0)
  Downloading cycler-0.12.1-py3-none-any.whl.metadata (3.8 kB)
Collecting fonttools>=4.22.0 (from matplotlib==3.11.0)
  Downloading fonttools-4.64.0-cp312-cp312-manylinux2014_x86_64.manylinux_2_17_x86_64.whl.metadata (123 kB)
Collecting kiwisolver>=1.3.1 (from matplotlib==3.11.0)
  Downloading kiwisolver-1.5.1-cp312-cp312-manylinux2014_x86_64.manylinux_2_17_x86_64.whl.metadata (5.2 kB)
Collecting pillow>=9 (from matplotlib==3.11.0)
  Downloading pillow-12.3.0-cp312-cp312-manylinux_2_27_x86_64.manylinux_2_28_x86_64.whl.metadata (9.1 kB)
Collecting pyparsing>=3 (from matplotlib==3.11.0)
  Downloading pyparsing-3.3.2-py3-none-any.whl.metadata (5.8 kB)
Requirement already satisfied: python-dateutil>=2.7 in /workspace/run016-venv/lib/python3.12/site-packages (from matplotlib==3.11.0) (2.9.0.post0)
Requirement already satisfied: regex>=2025.10.22 in /workspace/run016-venv/lib/python3.12/site-packages (from transformers==5.12.1) (2026.8.31)
Requirement already satisfied: tokenizers<=0.23.0,>=0.22.0 in /workspace/run016-venv/lib/python3.12/site-packages (from transformers==5.12.1) (0.22.2)
Requirement already satisfied: typer in /workspace/run016-venv/lib/python3.12/site-packages (from transformers==5.12.1) (0.27.2)
Requirement already satisfied: aiohttp!=4.0.0a0,!=4.0.0a1 in /workspace/run016-venv/lib/python3.12/site-packages (from fsspec[http]<=2026.4.0,>=2023.1.0->datasets==5.0.0) (3.14.3)
Requirement already satisfied: anyio in /workspace/run016-venv/lib/python3.12/site-packages (from httpx<1.0.0->datasets==5.0.0) (4.14.2)
Requirement already satisfied: certifi in /workspace/run016-venv/lib/python3.12/site-packages (from httpx<1.0.0->datasets==5.0.0) (2026.7.22)
Requirement already satisfied: httpcore==1.* in /workspace/run016-venv/lib/python3.12/site-packages (from httpx<1.0.0->datasets==5.0.0) (1.0.9)
Requirement already satisfied: idna in /workspace/run016-venv/lib/python3.12/site-packages (from httpx<1.0.0->datasets==5.0.0) (3.19)
Requirement already satisfied: h11>=0.16 in /workspace/run016-venv/lib/python3.12/site-packages (from httpcore==1.*->httpx<1.0.0->datasets==5.0.0) (0.16.0)
Requirement already satisfied: click<9.0.0,>=8.4.2 in /workspace/run016-venv/lib/python3.12/site-packages (from huggingface-hub<2.0,>=0.25.0->datasets==5.0.0) (8.5.0)
Requirement already satisfied: hf-xet<2.0.0,>=1.5.2 in /workspace/run016-venv/lib/python3.12/site-packages (from huggingface-hub<2.0,>=0.25.0->datasets==5.0.0) (1.6.0)
Requirement already satisfied: typing-extensions>=4.1.0 in /workspace/run016-venv/lib/python3.12/site-packages (from huggingface-hub<2.0,>=0.25.0->datasets==5.0.0) (4.16.0)
Requirement already satisfied: six>=1.5 in /workspace/run016-venv/lib/python3.12/site-packages (from python-dateutil>=2.7->matplotlib==3.11.0) (1.17.0)
Requirement already satisfied: charset_normalizer<4,>=2 in /workspace/run016-venv/lib/python3.12/site-packages (from requests>=2.32.2->datasets==5.0.0) (3.5.1)
Requirement already satisfied: urllib3<3,>=1.26 in /workspace/run016-venv/lib/python3.12/site-packages (from requests>=2.32.2->datasets==5.0.0) (2.7.0)
Requirement already satisfied: shellingham>=1.3.0 in /workspace/run016-venv/lib/python3.12/site-packages (from typer->transformers==5.12.1) (1.5.4)
Requirement already satisfied: rich>=13.8.0 in /workspace/run016-venv/lib/python3.12/site-packages (from typer->transformers==5.12.1) (15.0.0)
Requirement already satisfied: annotated-doc>=0.0.2 in /workspace/run016-venv/lib/python3.12/site-packages (from typer->transformers==5.12.1) (0.0.5)
Requirement already satisfied: aiohappyeyeballs>=2.5.0 in /workspace/run016-venv/lib/python3.12/site-packages (from aiohttp!=4.0.0a0,!=4.0.0a1->fsspec[http]<=2026.4.0,>=2023.1.0->datasets==5.0.0) (2.7.1)
Requirement already satisfied: aiosignal>=1.4.0 in /workspace/run016-venv/lib/python3.12/site-packages (from aiohttp!=4.0.0a0,!=4.0.0a1->fsspec[http]<=2026.4.0,>=2023.1.0->datasets==5.0.0) (1.4.0)
Requirement already satisfied: attrs>=17.3.0 in /workspace/run016-venv/lib/python3.12/site-packages (from aiohttp!=4.0.0a0,!=4.0.0a1->fsspec[http]<=2026.4.0,>=2023.1.0->datasets==5.0.0) (26.1.0)
Requirement already satisfied: frozenlist>=1.1.1 in /workspace/run016-venv/lib/python3.12/site-packages (from aiohttp!=4.0.0a0,!=4.0.0a1->fsspec[http]<=2026.4.0,>=2023.1.0->datasets==5.0.0) (1.8.0)
Requirement already satisfied: multidict<7.0,>=4.5 in /workspace/run016-venv/lib/python3.12/site-packages (from aiohttp!=4.0.0a0,!=4.0.0a1->fsspec[http]<=2026.4.0,>=2023.1.0->datasets==5.0.0) (6.7.1)
Requirement already satisfied: propcache>=0.2.0 in /workspace/run016-venv/lib/python3.12/site-packages (from aiohttp!=4.0.0a0,!=4.0.0a1->fsspec[http]<=2026.4.0,>=2023.1.0->datasets==5.0.0) (0.5.2)
Requirement already satisfied: yarl<2.0,>=1.17.0 in /workspace/run016-venv/lib/python3.12/site-packages (from aiohttp!=4.0.0a0,!=4.0.0a1->fsspec[http]<=2026.4.0,>=2023.1.0->datasets==5.0.0) (1.24.5)
Requirement already satisfied: markdown-it-py>=2.2.0 in /workspace/run016-venv/lib/python3.12/site-packages (from rich>=13.8.0->typer->transformers==5.12.1) (4.2.0)
Requirement already satisfied: pygments<3.0.0,>=2.13.0 in /workspace/run016-venv/lib/python3.12/site-packages (from rich>=13.8.0->typer->transformers==5.12.1) (2.21.0)
Requirement already satisfied: mdurl~=0.1 in /workspace/run016-venv/lib/python3.12/site-packages (from markdown-it-py>=2.2.0->rich>=13.8.0->typer->transformers==5.12.1) (0.1.2)
Downloading matplotlib-3.11.0-cp312-cp312-manylinux2014_x86_64.manylinux_2_17_x86_64.whl (10.0 MB)
   ━━━━━━━━━━━━━━━━━━━━━━━━━━━━━━━━━━━━━━━━ 10.0/10.0 MB 629.0 MB/s eta 0:00:00
Downloading contourpy-1.3.3-cp312-cp312-manylinux_2_27_x86_64.manylinux_2_28_x86_64.whl (362 kB)
Downloading cycler-0.12.1-py3-none-any.whl (8.3 kB)
Downloading fonttools-4.64.0-cp312-cp312-manylinux2014_x86_64.manylinux_2_17_x86_64.whl (5.4 MB)
   ━━━━━━━━━━━━━━━━━━━━━━━━━━━━━━━━━━━━━━━━ 5.4/5.4 MB 605.2 MB/s eta 0:00:00
Downloading kiwisolver-1.5.1-cp312-cp312-manylinux2014_x86_64.manylinux_2_17_x86_64.whl (1.5 MB)
   ━━━━━━━━━━━━━━━━━━━━━━━━━━━━━━━━━━━━━━━━ 1.5/1.5 MB 175.3 MB/s eta 0:00:00
Downloading pillow-12.3.0-cp312-cp312-manylinux_2_27_x86_64.manylinux_2_28_x86_64.whl (6.9 MB)
   ━━━━━━━━━━━━━━━━━━━━━━━━━━━━━━━━━━━━━━━━ 6.9/6.9 MB 804.7 MB/s eta 0:00:00
Downloading pyparsing-3.3.2-py3-none-any.whl (122 kB)
Installing collected packages: pyparsing, pillow, kiwisolver, fonttools, cycler, contourpy, matplotlib
Successfully installed contourpy-1.3.3 cycler-0.12.1 fonttools-4.64.0 kiwisolver-1.5.1 matplotlib-3.11.0 pillow-12.3.0 pyparsing-3.3.2

[notice] A new release of pip is available: 25.0.1 -> 26.2.1
[notice] To update, run: python -m pip install --upgrade pip
Obtaining file:///workspace/sparsity-spillover
  Installing build dependencies: started
  Installing build dependencies: finished with status 'done'
  Checking if build backend supports build_editable: started
  Checking if build backend supports build_editable: finished with status 'done'
  Getting requirements to build editable: started
  Getting requirements to build editable: finished with status 'done'
  Preparing editable metadata (pyproject.toml): started
  Preparing editable metadata (pyproject.toml): finished with status 'done'
Building wheels for collected packages: sparsity-research
  Building editable for sparsity-research (pyproject.toml): started
  Building editable for sparsity-research (pyproject.toml): finished with status 'done'
  Created wheel for sparsity-research: filename=sparsity_research-0.1.0-0.editable-py3-none-any.whl size=2736 sha256=615401416702ed2cf25abf047982cd5dd2b45678e8145b3523af41cda618954c
  Stored in directory: /tmp/pip-ephem-wheel-cache-lqrfd8y2/wheels/2a/bb/55/504cbb662139ab73779e99311971a31cf0a0deab95cbcf333c
Successfully built sparsity-research
Installing collected packages: sparsity-research
  Attempting uninstall: sparsity-research
    Found existing installation: sparsity-research 0.1.0
    Uninstalling sparsity-research-0.1.0:
      Successfully uninstalled sparsity-research-0.1.0
Successfully installed sparsity-research-0.1.0

[notice] A new release of pip is available: 25.0.1 -> 26.2.1
[notice] To update, run: python -m pip install --upgrade pip
No broken requirements found.
