Using CPython 3.12.3 interpreter at: /usr/local/bin/python
Creating virtual environment at: /opt/run034-venv
Activate with: source /opt/run034-venv/bin/activate
Using Python 3.12.3 environment at: /opt/run034-venv
Resolved 79 packages in 9.36s
Downloading torch (782.3MiB)
Downloading networkx (2.0MiB)
Downloading pygments (1.2MiB)
Downloading pandas (10.5MiB)
Downloading hf-xet (4.3MiB)
Downloading kiwisolver (1.4MiB)
Downloading nvidia-nvshmem-cu12 (132.7MiB)
Downloading matplotlib (9.6MiB)
Downloading nvidia-cusolver-cu12 (255.1MiB)
Downloading aiohttp (1.7MiB)
Downloading nvidia-cufile-cu12 (1.1MiB)
Downloading nvidia-cusparse-cu12 (274.9MiB)
Downloading transformers (10.6MiB)
Downloading pyarrow (47.8MiB)
Downloading tokenizers (3.1MiB)
Downloading nvidia-cusparselt-cu12 (273.9MiB)
Downloading nvidia-cublas-cu12 (566.8MiB)
Downloading pillow (6.6MiB)
Downloading nvidia-cuda-cupti-cu12 (9.8MiB)
Downloading sympy (6.0MiB)
Downloading nvidia-nvjitlink-cu12 (37.4MiB)
Downloading nvidia-nccl-cu12 (283.0MiB)
Downloading cuda-bindings (7.3MiB)
Downloading fonttools (5.2MiB)
Downloading numpy (15.9MiB)
Downloading triton (179.5MiB)
Downloading nvidia-curand-cu12 (60.7MiB)
Downloading nvidia-cudnn-cu12 (627.4MiB)
Downloading nvidia-cuda-nvrtc-cu12 (84.0MiB)
Downloading nvidia-cufft-cu12 (184.2MiB)
 Downloaded torch
 Downloaded nvidia-cufile-cu12
 Downloaded pygments
 Downloaded kiwisolver
 Downloaded aiohttp
 Downloaded networkx
 Downloaded tokenizers
 Downloaded hf-xet
 Downloaded fonttools
 Downloaded sympy
 Downloaded pillow
 Downloaded cuda-bindings
 Downloaded matplotlib
 Downloaded nvidia-cuda-cupti-cu12
 Downloaded pandas
 Downloaded transformers
 Downloaded numpy
 Downloaded nvidia-nvjitlink-cu12
 Downloaded pyarrow
 Downloaded nvidia-curand-cu12
 Downloaded nvidia-cuda-nvrtc-cu12
